
794436 : 0x2dd58fb1cce213 : 1 : spill_jit_data :  Jit agent is not initialized
794436 : 0x2dd58fb1ec9937 : 2 : ittapi_config_mask_get :  --itt-config mask to be applied: 1
794436 : 0x2dd58fb1ecda78 : 2 : ittapi_config_apply_per_lib :  ITTAPI function instrumented: __itt_domain_create
794436 : 0x2dd58fb1ece698 : 2 : ittapi_config_apply_per_lib :  ITTAPI function instrumented: __itt_module_load_with_sections
794436 : 0x2dd58fb1ecf63e : 2 : ittapi_config_apply_per_lib :  ITTAPI function not implemented: __itt_module_unload_with_sections
794436 : 0x2dd58fb1ecfffc : 2 : ittapi_config_apply_per_lib :  ITTAPI function instrumented: __itt_string_handle_create
794436 : 0x2dd58fb1ed07b8 : 2 : ittapi_config_apply_per_lib :  ITTAPI function instrumented: __itt_counter_create
794436 : 0x2dd58fb1ed0f4b : 2 : ittapi_config_apply_per_lib :  ITTAPI function instrumented: __itt_counter_create_typed
794436 : 0x2dd58fb1ed16fa : 2 : ittapi_config_apply_per_lib :  ITTAPI function instrumented: __itt_pause
794436 : 0x2dd58fb1ed1f67 : 2 : ittapi_config_apply_per_lib :  ITTAPI function instrumented: __itt_resume
794436 : 0x2dd58fb1ee05ab : 2 : ittapi_config_apply_per_lib :  ITTAPI function instrumented: __itt_thread_set_name
794436 : 0x2dd58fb1ee11f1 : 2 : ittapi_config_apply_per_lib :  ITTAPI function instrumented: __itt_thread_ignore
794436 : 0x2dd58fb1ee1a38 : 2 : ittapi_config_apply_per_lib :  ITTAPI function instrumented: __itt_thr_name_set
794436 : 0x2dd58fb1ee2278 : 2 : ittapi_config_apply_per_lib :  ITTAPI function instrumented: __itt_thr_ignore
794436 : 0x2dd58fb1ee2f68 : 2 : ittapi_config_apply_per_lib :  ITTAPI function not implemented: __itt_enable_attach
794436 : 0x2dd58fb1ee3855 : 2 : ittapi_config_apply_per_lib :  ITTAPI function instrumented: __itt_detach
794436 : 0x2dd58fb1ee3f40 : 2 : ittapi_config_apply_per_lib :  ITTAPI function NOT instrumented (not matched by --itt-config option): __itt_sync_create

794436 : 0x2dd58fb1ee4743 : 2 : ittapi_config_apply_per_lib :  ITTAPI function NOT instrumented (not matched by --itt-config option): __itt_sync_rename

794436 : 0x2dd58fb1ee4db7 : 2 : ittapi_config_apply_per_lib :  ITTAPI function NOT instrumented (not matched by --itt-config option): __itt_sync_destroy

794436 : 0x2dd58fb1ee5414 : 2 : ittapi_config_apply_per_lib :  ITTAPI function NOT instrumented (not matched by --itt-config option): __itt_sync_prepare

794436 : 0x2dd58fb1ee7bb1 : 2 : ittapi_config_apply_per_lib :  ITTAPI function NOT instrumented (not matched by --itt-config option): __itt_sync_cancel

794436 : 0x2dd58fb1ee8360 : 2 : ittapi_config_apply_per_lib :  ITTAPI function NOT instrumented (not matched by --itt-config option): __itt_sync_acquired

794436 : 0x2dd58fb1ee89d2 : 2 : ittapi_config_apply_per_lib :  ITTAPI function NOT instrumented (not matched by --itt-config option): __itt_sync_releasing

794436 : 0x2dd58fb1ee936d : 2 : ittapi_config_apply_per_lib :  ITTAPI function not implemented: __itt_suppress_push
794436 : 0x2dd58fb1ee9db7 : 2 : ittapi_config_apply_per_lib :  ITTAPI function not implemented: __itt_suppress_pop
794436 : 0x2dd58fb1eea653 : 2 : ittapi_config_apply_per_lib :  ITTAPI function not implemented: __itt_suppress_mark_range
794436 : 0x2dd58fb1eeaec7 : 2 : ittapi_config_apply_per_lib :  ITTAPI function not implemented: __itt_suppress_clear_range
794436 : 0x2dd58fb1eeb513 : 2 : ittapi_config_apply_per_lib :  ITTAPI function NOT instrumented (not matched by --itt-config option): __itt_sync_prepare

794436 : 0x2dd58fb1eebbb1 : 2 : ittapi_config_apply_per_lib :  ITTAPI function NOT instrumented (not matched by --itt-config option): __itt_sync_cancel

794436 : 0x2dd58fb1eec20f : 2 : ittapi_config_apply_per_lib :  ITTAPI function NOT instrumented (not matched by --itt-config option): __itt_sync_acquired

794436 : 0x2dd58fb1eee0ce : 2 : ittapi_config_apply_per_lib :  ITTAPI function NOT instrumented (not matched by --itt-config option): __itt_sync_releasing

794436 : 0x2dd58fb1eee7f6 : 2 : ittapi_config_apply_per_lib :  ITTAPI function NOT instrumented (not matched by --itt-config option): __itt_model_site_begin

794436 : 0x2dd58fb1eeee97 : 2 : ittapi_config_apply_per_lib :  ITTAPI function NOT instrumented (not matched by --itt-config option): __itt_model_site_end

794436 : 0x2dd58fb1eef5ff : 2 : ittapi_config_apply_per_lib :  ITTAPI function NOT instrumented (not matched by --itt-config option): __itt_model_task_begin

794436 : 0x2dd58fb1eefc88 : 2 : ittapi_config_apply_per_lib :  ITTAPI function NOT instrumented (not matched by --itt-config option): __itt_model_task_end

794436 : 0x2dd58fb1ef0349 : 2 : ittapi_config_apply_per_lib :  ITTAPI function NOT instrumented (not matched by --itt-config option): __itt_model_lock_acquire

794436 : 0x2dd58fb1ef0a9a : 2 : ittapi_config_apply_per_lib :  ITTAPI function NOT instrumented (not matched by --itt-config option): __itt_model_lock_release

794436 : 0x2dd58fb1ef1128 : 2 : ittapi_config_apply_per_lib :  ITTAPI function NOT instrumented (not matched by --itt-config option): __itt_model_record_allocation

794436 : 0x2dd58fb1ef17bc : 2 : ittapi_config_apply_per_lib :  ITTAPI function NOT instrumented (not matched by --itt-config option): __itt_model_record_deallocation

794436 : 0x2dd58fb1ef1e8c : 2 : ittapi_config_apply_per_lib :  ITTAPI function NOT instrumented (not matched by --itt-config option): __itt_model_induction_uses

794436 : 0x2dd58fb1ef5ad4 : 2 : ittapi_config_apply_per_lib :  ITTAPI function NOT instrumented (not matched by --itt-config option): __itt_model_reduction_uses

794436 : 0x2dd58fb1ef633f : 2 : ittapi_config_apply_per_lib :  ITTAPI function NOT instrumented (not matched by --itt-config option): __itt_model_observe_uses

794436 : 0x2dd58fb1ef69dd : 2 : ittapi_config_apply_per_lib :  ITTAPI function NOT instrumented (not matched by --itt-config option): __itt_model_clear_uses

794436 : 0x2dd58fb1ef7061 : 2 : ittapi_config_apply_per_lib :  ITTAPI function NOT instrumented (not matched by --itt-config option): __itt_model_site_beginA

794436 : 0x2dd58fb1ef773b : 2 : ittapi_config_apply_per_lib :  ITTAPI function NOT instrumented (not matched by --itt-config option): __itt_model_site_beginAL

794436 : 0x2dd58fb1ef7dd7 : 2 : ittapi_config_apply_per_lib :  ITTAPI function NOT instrumented (not matched by --itt-config option): __itt_model_task_beginA

794436 : 0x2dd58fb1ef8421 : 2 : ittapi_config_apply_per_lib :  ITTAPI function NOT instrumented (not matched by --itt-config option): __itt_model_task_beginAL

794436 : 0x2dd58fb1ef8af1 : 2 : ittapi_config_apply_per_lib :  ITTAPI function NOT instrumented (not matched by --itt-config option): __itt_model_iteration_taskA

794436 : 0x2dd58fb1ef9181 : 2 : ittapi_config_apply_per_lib :  ITTAPI function NOT instrumented (not matched by --itt-config option): __itt_model_iteration_taskAL

794436 : 0x2dd58fb1ef985b : 2 : ittapi_config_apply_per_lib :  ITTAPI function NOT instrumented (not matched by --itt-config option): __itt_model_site_end_2

794436 : 0x2dd58fb1efb8a4 : 2 : ittapi_config_apply_per_lib :  ITTAPI function NOT instrumented (not matched by --itt-config option): __itt_model_task_end_2

794436 : 0x2dd58fb1efbf7a : 2 : ittapi_config_apply_per_lib :  ITTAPI function NOT instrumented (not matched by --itt-config option): __itt_model_lock_acquire_2

794436 : 0x2dd58fb1efc637 : 2 : ittapi_config_apply_per_lib :  ITTAPI function NOT instrumented (not matched by --itt-config option): __itt_model_lock_release_2

794436 : 0x2dd58fb1efccee : 2 : ittapi_config_apply_per_lib :  ITTAPI function NOT instrumented (not matched by --itt-config option): __itt_model_aggregate_task

794436 : 0x2dd58fb1efd34b : 2 : ittapi_config_apply_per_lib :  ITTAPI function NOT instrumented (not matched by --itt-config option): __itt_model_disable_push

794436 : 0x2dd58fb1efda03 : 2 : ittapi_config_apply_per_lib :  ITTAPI function NOT instrumented (not matched by --itt-config option): __itt_model_disable_pop

794436 : 0x2dd58fb1efe23f : 2 : ittapi_config_apply_per_lib :  ITTAPI function instrumented: __itt_heap_function_create
794436 : 0x2dd58fb1efea5a : 2 : ittapi_config_apply_per_lib :  ITTAPI function instrumented: __itt_heap_allocate_begin
794436 : 0x2dd58fb1eff26c : 2 : ittapi_config_apply_per_lib :  ITTAPI function instrumented: __itt_heap_allocate_end
794436 : 0x2dd58fb1eff9c6 : 2 : ittapi_config_apply_per_lib :  ITTAPI function instrumented: __itt_heap_free_begin
794436 : 0x2dd58fb1f0283e : 2 : ittapi_config_apply_per_lib :  ITTAPI function instrumented: __itt_heap_free_end
794436 : 0x2dd58fb1f0310b : 2 : ittapi_config_apply_per_lib :  ITTAPI function instrumented: __itt_heap_reallocate_begin
794436 : 0x2dd58fb1f0382e : 2 : ittapi_config_apply_per_lib :  ITTAPI function instrumented: __itt_heap_reallocate_end
794436 : 0x2dd58fb1f0411f : 2 : ittapi_config_apply_per_lib :  ITTAPI function not implemented: __itt_heap_internal_access_begin
794436 : 0x2dd58fb1f049fa : 2 : ittapi_config_apply_per_lib :  ITTAPI function not implemented: __itt_heap_internal_access_end
794436 : 0x2dd58fb1f05215 : 2 : ittapi_config_apply_per_lib :  ITTAPI function not implemented: __itt_heap_record_memory_growth_begin
794436 : 0x2dd58fb1f05a70 : 2 : ittapi_config_apply_per_lib :  ITTAPI function not implemented: __itt_heap_record_memory_growth_end
794436 : 0x2dd58fb1f06282 : 2 : ittapi_config_apply_per_lib :  ITTAPI function not implemented: __itt_heap_reset_detection
794436 : 0x2dd58fb1f06b63 : 2 : ittapi_config_apply_per_lib :  ITTAPI function not implemented: __itt_heap_record
794436 : 0x2dd58fb1f0740a : 2 : ittapi_config_apply_per_lib :  ITTAPI function not implemented: __itt_id_create
794436 : 0x2dd58fb1f097fd : 2 : ittapi_config_apply_per_lib :  ITTAPI function not implemented: __itt_id_destroy
794436 : 0x2dd58fb1f0a08e : 2 : ittapi_config_apply_per_lib :  ITTAPI function instrumented: __itt_get_timestamp
794436 : 0x2dd58fb1f0a8bf : 2 : ittapi_config_apply_per_lib :  ITTAPI function not implemented: __itt_region_begin
794436 : 0x2dd58fb1f0b0f7 : 2 : ittapi_config_apply_per_lib :  ITTAPI function not implemented: __itt_region_end
794436 : 0x2dd58fb1f0b947 : 2 : ittapi_config_apply_per_lib :  ITTAPI function instrumented: __itt_frame_begin_v3
794436 : 0x2dd58fb1f0c0fe : 2 : ittapi_config_apply_per_lib :  ITTAPI function instrumented: __itt_frame_end_v3
794436 : 0x2dd58fb1f0c8eb : 2 : ittapi_config_apply_per_lib :  ITTAPI function instrumented: __itt_frame_submit_v3
794436 : 0x2dd58fb1f0cf5b : 2 : ittapi_config_apply_per_lib :  ITTAPI function NOT instrumented (not matched by --itt-config option): __itt_task_group

794436 : 0x2dd58fb1f0d64e : 2 : ittapi_config_apply_per_lib :  ITTAPI function NOT instrumented (not matched by --itt-config option): __itt_task_begin

794436 : 0x2dd58fb1f0dca1 : 2 : ittapi_config_apply_per_lib :  ITTAPI function NOT instrumented (not matched by --itt-config option): __itt_task_begin_fn

794436 : 0x2dd58fb1f0fc94 : 2 : ittapi_config_apply_per_lib :  ITTAPI function NOT instrumented (not matched by --itt-config option): __itt_task_end

794436 : 0x2dd58fb1f103e3 : 2 : ittapi_config_apply_per_lib :  ITTAPI function NOT instrumented (not matched by --itt-config option): __itt_counter_inc_v3

794436 : 0x2dd58fb1f10aff : 2 : ittapi_config_apply_per_lib :  ITTAPI function NOT instrumented (not matched by --itt-config option): __itt_counter_inc_delta_v3

794436 : 0x2dd58fb1f11151 : 2 : ittapi_config_apply_per_lib :  ITTAPI function NOT instrumented (not matched by --itt-config option): __itt_counter_dec_v3

794436 : 0x2dd58fb1f117cf : 2 : ittapi_config_apply_per_lib :  ITTAPI function NOT instrumented (not matched by --itt-config option): __itt_counter_dec_delta_v3

794436 : 0x2dd58fb1f120ad : 2 : ittapi_config_apply_per_lib :  ITTAPI function not implemented: __itt_marker
794436 : 0x2dd58fb1f12884 : 2 : ittapi_config_apply_per_lib :  ITTAPI function instrumented: __itt_metadata_add
794436 : 0x2dd58fb1f13047 : 2 : ittapi_config_apply_per_lib :  ITTAPI function not implemented: __itt_metadata_str_add
794436 : 0x2dd58fb1f1388a : 2 : ittapi_config_apply_per_lib :  ITTAPI function not implemented: __itt_relation_add_to_current
794436 : 0x2dd58fb1f140a0 : 2 : ittapi_config_apply_per_lib :  ITTAPI function not implemented: __itt_relation_add
794436 : 0x2dd58fb1f15fcf : 2 : ittapi_config_apply_per_lib :  ITTAPI function instrumented: __itt_event_create
794436 : 0x2dd58fb1f166d2 : 2 : ittapi_config_apply_per_lib :  ITTAPI function NOT instrumented (not matched by --itt-config option): __itt_event_start

794436 : 0x2dd58fb1f16d73 : 2 : ittapi_config_apply_per_lib :  ITTAPI function NOT instrumented (not matched by --itt-config option): __itt_event_end

794436 : 0x2dd58fb1f173d5 : 2 : ittapi_config_apply_per_lib :  ITTAPI function NOT instrumented (not matched by --itt-config option): __itt_sync_set_name

794436 : 0x2dd58fb1f17b44 : 2 : ittapi_config_apply_per_lib :  ITTAPI function NOT instrumented (not matched by --itt-config option): __itt_notify_sync_name

794436 : 0x2dd58fb1f181f0 : 2 : ittapi_config_apply_per_lib :  ITTAPI function NOT instrumented (not matched by --itt-config option): __itt_notify_sync_prepare

794436 : 0x2dd58fb1f18827 : 2 : ittapi_config_apply_per_lib :  ITTAPI function NOT instrumented (not matched by --itt-config option): __itt_notify_sync_cancel

794436 : 0x2dd58fb1f18ef6 : 2 : ittapi_config_apply_per_lib :  ITTAPI function NOT instrumented (not matched by --itt-config option): __itt_notify_sync_acquired

794436 : 0x2dd58fb1f19562 : 2 : ittapi_config_apply_per_lib :  ITTAPI function NOT instrumented (not matched by --itt-config option): __itt_notify_sync_releasing

794436 : 0x2dd58fb1f19daf : 2 : ittapi_config_apply_per_lib :  ITTAPI function not implemented: __itt_memory_read
794436 : 0x2dd58fb1f1cb96 : 2 : ittapi_config_apply_per_lib :  ITTAPI function not implemented: __itt_memory_write
794436 : 0x2dd58fb1f1d4d8 : 2 : ittapi_config_apply_per_lib :  ITTAPI function not implemented: __itt_memory_update
794436 : 0x2dd58fb1f1dcf5 : 2 : ittapi_config_apply_per_lib :  ITTAPI function not implemented: __itt_state_get
794436 : 0x2dd58fb1f1e4a6 : 2 : ittapi_config_apply_per_lib :  ITTAPI function not implemented: __itt_state_set
794436 : 0x2dd58fb1f1ec38 : 2 : ittapi_config_apply_per_lib :  ITTAPI function not implemented: __itt_obj_mode_set
794436 : 0x2dd58fb1f1f41b : 2 : ittapi_config_apply_per_lib :  ITTAPI function not implemented: __itt_thr_mode_set
794436 : 0x2dd58fb1f1fb42 : 2 : ittapi_config_apply_per_lib :  ITTAPI function instrumented: __itt_frame_create
794436 : 0x2dd58fb1f20256 : 2 : ittapi_config_apply_per_lib :  ITTAPI function instrumented: __itt_pt_region_create
794436 : 0x2dd58fb1f209b3 : 2 : ittapi_config_apply_per_lib :  ITTAPI function instrumented: __itt_frame_begin
794436 : 0x2dd58fb1f211ea : 2 : ittapi_config_apply_per_lib :  ITTAPI function instrumented: __itt_frame_end
794436 : 0x2dd58fb1f23189 : 2 : ittapi_config_apply_per_lib :  ITTAPI function NOT instrumented (not matched by --itt-config option): __itt_counter_destroy

794436 : 0x2dd58fb1f238f2 : 2 : ittapi_config_apply_per_lib :  ITTAPI function NOT instrumented (not matched by --itt-config option): __itt_counter_inc

794436 : 0x2dd58fb1f23f58 : 2 : ittapi_config_apply_per_lib :  ITTAPI function NOT instrumented (not matched by --itt-config option): __itt_counter_inc_delta

794436 : 0x2dd58fb1f24607 : 2 : ittapi_config_apply_per_lib :  ITTAPI function NOT instrumented (not matched by --itt-config option): __itt_counter_dec

794436 : 0x2dd58fb1f24cb1 : 2 : ittapi_config_apply_per_lib :  ITTAPI function NOT instrumented (not matched by --itt-config option): __itt_counter_dec_delta

794436 : 0x2dd58fb1f252f7 : 2 : ittapi_config_apply_per_lib :  ITTAPI function NOT instrumented (not matched by --itt-config option): __itt_counter_set_value

794436 : 0x2dd58fb1f25987 : 2 : ittapi_config_apply_per_lib :  ITTAPI function NOT instrumented (not matched by --itt-config option): __itt_counter_set_value_ex

794436 : 0x2dd58fb1f261ee : 2 : ittapi_config_apply_per_lib :  ITTAPI function not implemented: __itt_mark_create
794436 : 0x2dd58fb1f26b5d : 2 : ittapi_config_apply_per_lib :  ITTAPI function not implemented: __itt_mark
794436 : 0x2dd58fb1f2741b : 2 : ittapi_config_apply_per_lib :  ITTAPI function not implemented: __itt_mark_off
794436 : 0x2dd58fb1f2944d : 2 : ittapi_config_apply_per_lib :  ITTAPI function not implemented: __itt_mark_global
794436 : 0x2dd58fb1f29c56 : 2 : ittapi_config_apply_per_lib :  ITTAPI function not implemented: __itt_mark_global_off
794436 : 0x2dd58fb1f2a3e7 : 2 : ittapi_config_apply_per_lib :  ITTAPI function NOT instrumented (not matched by --itt-config option): __itt_stack_caller_create

794436 : 0x2dd58fb1f2aa7e : 2 : ittapi_config_apply_per_lib :  ITTAPI function NOT instrumented (not matched by --itt-config option): __itt_stack_caller_destroy

794436 : 0x2dd58fb1f2b16b : 2 : ittapi_config_apply_per_lib :  ITTAPI function NOT instrumented (not matched by --itt-config option): __itt_stack_callee_enter

794436 : 0x2dd58fb1f2b7fd : 2 : ittapi_config_apply_per_lib :  ITTAPI function NOT instrumented (not matched by --itt-config option): __itt_stack_callee_leave

794436 : 0x2dd58fb1f2bfa3 : 2 : ittapi_config_apply_per_lib :  ITTAPI function not implemented: __itt_clock_domain_create
794436 : 0x2dd58fb1f2c810 : 2 : ittapi_config_apply_per_lib :  ITTAPI function not implemented: __itt_clock_domain_reset
794436 : 0x2dd58fb1f2d005 : 2 : ittapi_config_apply_per_lib :  ITTAPI function not implemented: __itt_id_create_ex
794436 : 0x2dd58fb1f2d797 : 2 : ittapi_config_apply_per_lib :  ITTAPI function not implemented: __itt_id_destroy_ex
794436 : 0x2dd58fb1f30366 : 2 : ittapi_config_apply_per_lib :  ITTAPI function NOT instrumented (not matched by --itt-config option): __itt_task_begin_ex

794436 : 0x2dd58fb1f30a74 : 2 : ittapi_config_apply_per_lib :  ITTAPI function NOT instrumented (not matched by --itt-config option): __itt_task_begin_fn_ex

794436 : 0x2dd58fb1f310f7 : 2 : ittapi_config_apply_per_lib :  ITTAPI function NOT instrumented (not matched by --itt-config option): __itt_task_end_ex

794436 : 0x2dd58fb1f3171e : 2 : ittapi_config_apply_per_lib :  ITTAPI function NOT instrumented (not matched by --itt-config option): __itt_task_begin_overlapped

794436 : 0x2dd58fb1f31d64 : 2 : ittapi_config_apply_per_lib :  ITTAPI function NOT instrumented (not matched by --itt-config option): __itt_task_begin_overlapped_ex

794436 : 0x2dd58fb1f32371 : 2 : ittapi_config_apply_per_lib :  ITTAPI function NOT instrumented (not matched by --itt-config option): __itt_task_end_overlapped

794436 : 0x2dd58fb1f32a41 : 2 : ittapi_config_apply_per_lib :  ITTAPI function NOT instrumented (not matched by --itt-config option): __itt_task_end_overlapped_ex

794436 : 0x2dd58fb1f332f0 : 2 : ittapi_config_apply_per_lib :  ITTAPI function not implemented: __itt_marker_ex
794436 : 0x2dd58fb1f33b49 : 2 : ittapi_config_apply_per_lib :  ITTAPI function not implemented: __itt_metadata_add_with_scope
794436 : 0x2dd58fb1f34371 : 2 : ittapi_config_apply_per_lib :  ITTAPI function not implemented: __itt_metadata_str_add_with_scope
794436 : 0x2dd58fb1f3649c : 2 : ittapi_config_apply_per_lib :  ITTAPI function not implemented: __itt_relation_add_to_current_ex
794436 : 0x2dd58fb1f36e08 : 2 : ittapi_config_apply_per_lib :  ITTAPI function not implemented: __itt_relation_add_ex
794436 : 0x2dd58fb1f375d8 : 2 : ittapi_config_apply_per_lib :  ITTAPI function not implemented: __itt_track_group_create
794436 : 0x2dd58fb1f37d06 : 2 : ittapi_config_apply_per_lib :  ITTAPI function not implemented: __itt_track_create
794436 : 0x2dd58fb1f38522 : 2 : ittapi_config_apply_per_lib :  ITTAPI function not implemented: __itt_set_track
794436 : 0x2dd58fb1f38c7d : 2 : ittapi_config_apply_per_lib :  ITTAPI function instrumented: __itt_api_version
794436 : 0x2dd58fb1f394a9 : 2 : ittapi_config_apply_per_lib :  ITTAPI function not implemented: __itt_av_save
794436 : 0x2dd58fb1f39c5e : 2 : ittapi_config_apply_per_lib :  ITTAPI function instrumented: __itt_module_load
794436 : 0x2dd58fb1f3a474 : 2 : ittapi_config_apply_per_lib :  ITTAPI function not implemented: __itt_module_unload