
782917 : 0x2dd46194bd612a : 1 : spill_jit_data :  Jit agent is not initialized
782917 : 0x2dd46194df1502 : 2 : ittapi_config_mask_get :  --itt-config mask to be applied: 1
782917 : 0x2dd46194df2cb2 : 2 : ittapi_config_apply_per_lib :  ITTAPI function instrumented: __itt_domain_create
782917 : 0x2dd46194df37b1 : 2 : ittapi_config_apply_per_lib :  ITTAPI function instrumented: __itt_module_load_with_sections
782917 : 0x2dd46194df469f : 2 : ittapi_config_apply_per_lib :  ITTAPI function not implemented: __itt_module_unload_with_sections
782917 : 0x2dd46194df50fc : 2 : ittapi_config_apply_per_lib :  ITTAPI function instrumented: __itt_string_handle_create
782917 : 0x2dd46194df5972 : 2 : ittapi_config_apply_per_lib :  ITTAPI function instrumented: __itt_counter_create
782917 : 0x2dd46194df6198 : 2 : ittapi_config_apply_per_lib :  ITTAPI function instrumented: __itt_counter_create_typed
782917 : 0x2dd46194df6a39 : 2 : ittapi_config_apply_per_lib :  ITTAPI function instrumented: __itt_pause
782917 : 0x2dd46194df72f0 : 2 : ittapi_config_apply_per_lib :  ITTAPI function instrumented: __itt_resume
782917 : 0x2dd46194e04383 : 2 : ittapi_config_apply_per_lib :  ITTAPI function instrumented: __itt_thread_set_name
782917 : 0x2dd46194e04ff5 : 2 : ittapi_config_apply_per_lib :  ITTAPI function instrumented: __itt_thread_ignore
782917 : 0x2dd46194e0598d : 2 : ittapi_config_apply_per_lib :  ITTAPI function instrumented: __itt_thr_name_set
782917 : 0x2dd46194e06312 : 2 : ittapi_config_apply_per_lib :  ITTAPI function instrumented: __itt_thr_ignore
782917 : 0x2dd46194e06e81 : 2 : ittapi_config_apply_per_lib :  ITTAPI function not implemented: __itt_enable_attach
782917 : 0x2dd46194e0784d : 2 : ittapi_config_apply_per_lib :  ITTAPI function instrumented: __itt_detach
782917 : 0x2dd46194e08000 : 2 : ittapi_config_apply_per_lib :  ITTAPI function NOT instrumented (not matched by --itt-config option): __itt_sync_create

782917 : 0x2dd46194e08813 : 2 : ittapi_config_apply_per_lib :  ITTAPI function NOT instrumented (not matched by --itt-config option): __itt_sync_rename

782917 : 0x2dd46194e08f17 : 2 : ittapi_config_apply_per_lib :  ITTAPI function NOT instrumented (not matched by --itt-config option): __itt_sync_destroy

782917 : 0x2dd46194e0965d : 2 : ittapi_config_apply_per_lib :  ITTAPI function NOT instrumented (not matched by --itt-config option): __itt_sync_prepare

782917 : 0x2dd46194e0c690 : 2 : ittapi_config_apply_per_lib :  ITTAPI function NOT instrumented (not matched by --itt-config option): __itt_sync_cancel

782917 : 0x2dd46194e0cf78 : 2 : ittapi_config_apply_per_lib :  ITTAPI function NOT instrumented (not matched by --itt-config option): __itt_sync_acquired

782917 : 0x2dd46194e0d6b0 : 2 : ittapi_config_apply_per_lib :  ITTAPI function NOT instrumented (not matched by --itt-config option): __itt_sync_releasing

782917 : 0x2dd46194e0e193 : 2 : ittapi_config_apply_per_lib :  ITTAPI function not implemented: __itt_suppress_push
782917 : 0x2dd46194e0ecca : 2 : ittapi_config_apply_per_lib :  ITTAPI function not implemented: __itt_suppress_pop
782917 : 0x2dd46194e0f691 : 2 : ittapi_config_apply_per_lib :  ITTAPI function not implemented: __itt_suppress_mark_range
782917 : 0x2dd46194e10051 : 2 : ittapi_config_apply_per_lib :  ITTAPI function not implemented: __itt_suppress_clear_range
782917 : 0x2dd46194e107a8 : 2 : ittapi_config_apply_per_lib :  ITTAPI function NOT instrumented (not matched by --itt-config option): __itt_sync_prepare

782917 : 0x2dd46194e10fbf : 2 : ittapi_config_apply_per_lib :  ITTAPI function NOT instrumented (not matched by --itt-config option): __itt_sync_cancel

782917 : 0x2dd46194e11732 : 2 : ittapi_config_apply_per_lib :  ITTAPI function NOT instrumented (not matched by --itt-config option): __itt_sync_acquired

782917 : 0x2dd46194e13fca : 2 : ittapi_config_apply_per_lib :  ITTAPI function NOT instrumented (not matched by --itt-config option): __itt_sync_releasing

782917 : 0x2dd46194e14956 : 2 : ittapi_config_apply_per_lib :  ITTAPI function NOT instrumented (not matched by --itt-config option): __itt_model_site_begin

782917 : 0x2dd46194e15053 : 2 : ittapi_config_apply_per_lib :  ITTAPI function NOT instrumented (not matched by --itt-config option): __itt_model_site_end

782917 : 0x2dd46194e159d6 : 2 : ittapi_config_apply_per_lib :  ITTAPI function NOT instrumented (not matched by --itt-config option): __itt_model_task_begin

782917 : 0x2dd46194e16185 : 2 : ittapi_config_apply_per_lib :  ITTAPI function NOT instrumented (not matched by --itt-config option): __itt_model_task_end

782917 : 0x2dd46194e168f6 : 2 : ittapi_config_apply_per_lib :  ITTAPI function NOT instrumented (not matched by --itt-config option): __itt_model_lock_acquire

782917 : 0x2dd46194e17103 : 2 : ittapi_config_apply_per_lib :  ITTAPI function NOT instrumented (not matched by --itt-config option): __itt_model_lock_release

782917 : 0x2dd46194e178dd : 2 : ittapi_config_apply_per_lib :  ITTAPI function NOT instrumented (not matched by --itt-config option): __itt_model_record_allocation

782917 : 0x2dd46194e18087 : 2 : ittapi_config_apply_per_lib :  ITTAPI function NOT instrumented (not matched by --itt-config option): __itt_model_record_deallocation

782917 : 0x2dd46194e1881b : 2 : ittapi_config_apply_per_lib :  ITTAPI function NOT instrumented (not matched by --itt-config option): __itt_model_induction_uses

782917 : 0x2dd46194e1c15f : 2 : ittapi_config_apply_per_lib :  ITTAPI function NOT instrumented (not matched by --itt-config option): __itt_model_reduction_uses

782917 : 0x2dd46194e1cabc : 2 : ittapi_config_apply_per_lib :  ITTAPI function NOT instrumented (not matched by --itt-config option): __itt_model_observe_uses

782917 : 0x2dd46194e1d2a9 : 2 : ittapi_config_apply_per_lib :  ITTAPI function NOT instrumented (not matched by --itt-config option): __itt_model_clear_uses

782917 : 0x2dd46194e1d9db : 2 : ittapi_config_apply_per_lib :  ITTAPI function NOT instrumented (not matched by --itt-config option): __itt_model_site_beginA

782917 : 0x2dd46194e1e11b : 2 : ittapi_config_apply_per_lib :  ITTAPI function NOT instrumented (not matched by --itt-config option): __itt_model_site_beginAL

782917 : 0x2dd46194e1e892 : 2 : ittapi_config_apply_per_lib :  ITTAPI function NOT instrumented (not matched by --itt-config option): __itt_model_task_beginA

782917 : 0x2dd46194e1efe2 : 2 : ittapi_config_apply_per_lib :  ITTAPI function NOT instrumented (not matched by --itt-config option): __itt_model_task_beginAL

782917 : 0x2dd46194e1f761 : 2 : ittapi_config_apply_per_lib :  ITTAPI function NOT instrumented (not matched by --itt-config option): __itt_model_iteration_taskA

782917 : 0x2dd46194e1fede : 2 : ittapi_config_apply_per_lib :  ITTAPI function NOT instrumented (not matched by --itt-config option): __itt_model_iteration_taskAL

782917 : 0x2dd46194e20639 : 2 : ittapi_config_apply_per_lib :  ITTAPI function NOT instrumented (not matched by --itt-config option): __itt_model_site_end_2

782917 : 0x2dd46194e229dd : 2 : ittapi_config_apply_per_lib :  ITTAPI function NOT instrumented (not matched by --itt-config option): __itt_model_task_end_2

782917 : 0x2dd46194e2312b : 2 : ittapi_config_apply_per_lib :  ITTAPI function NOT instrumented (not matched by --itt-config option): __itt_model_lock_acquire_2

782917 : 0x2dd46194e23875 : 2 : ittapi_config_apply_per_lib :  ITTAPI function NOT instrumented (not matched by --itt-config option): __itt_model_lock_release_2

782917 : 0x2dd46194e24019 : 2 : ittapi_config_apply_per_lib :  ITTAPI function NOT instrumented (not matched by --itt-config option): __itt_model_aggregate_task

782917 : 0x2dd46194e24719 : 2 : ittapi_config_apply_per_lib :  ITTAPI function NOT instrumented (not matched by --itt-config option): __itt_model_disable_push

782917 : 0x2dd46194e24e78 : 2 : ittapi_config_apply_per_lib :  ITTAPI function NOT instrumented (not matched by --itt-config option): __itt_model_disable_pop

782917 : 0x2dd46194e257d3 : 2 : ittapi_config_apply_per_lib :  ITTAPI function instrumented: __itt_heap_function_create
782917 : 0x2dd46194e26077 : 2 : ittapi_config_apply_per_lib :  ITTAPI function instrumented: __itt_heap_allocate_begin
782917 : 0x2dd46194e26950 : 2 : ittapi_config_apply_per_lib :  ITTAPI function instrumented: __itt_heap_allocate_end
782917 : 0x2dd46194e271d9 : 2 : ittapi_config_apply_per_lib :  ITTAPI function instrumented: __itt_heap_free_begin
782917 : 0x2dd46194e2ad91 : 2 : ittapi_config_apply_per_lib :  ITTAPI function instrumented: __itt_heap_free_end
782917 : 0x2dd46194e2b7d8 : 2 : ittapi_config_apply_per_lib :  ITTAPI function instrumented: __itt_heap_reallocate_begin
782917 : 0x2dd46194e2bfdf : 2 : ittapi_config_apply_per_lib :  ITTAPI function instrumented: __itt_heap_reallocate_end
782917 : 0x2dd46194e2ca4d : 2 : ittapi_config_apply_per_lib :  ITTAPI function not implemented: __itt_heap_internal_access_begin
782917 : 0x2dd46194e2d3eb : 2 : ittapi_config_apply_per_lib :  ITTAPI function not implemented: __itt_heap_internal_access_end
782917 : 0x2dd46194e2dce9 : 2 : ittapi_config_apply_per_lib :  ITTAPI function not implemented: __itt_heap_record_memory_growth_begin
782917 : 0x2dd46194e2e611 : 2 : ittapi_config_apply_per_lib :  ITTAPI function not implemented: __itt_heap_record_memory_growth_end
782917 : 0x2dd46194e2ef30 : 2 : ittapi_config_apply_per_lib :  ITTAPI function not implemented: __itt_heap_reset_detection
782917 : 0x2dd46194e2f9b5 : 2 : ittapi_config_apply_per_lib :  ITTAPI function not implemented: __itt_heap_record
782917 : 0x2dd46194e303d6 : 2 : ittapi_config_apply_per_lib :  ITTAPI function not implemented: __itt_id_create
782917 : 0x2dd46194e32a66 : 2 : ittapi_config_apply_per_lib :  ITTAPI function not implemented: __itt_id_destroy
782917 : 0x2dd46194e3333b : 2 : ittapi_config_apply_per_lib :  ITTAPI function instrumented: __itt_get_timestamp
782917 : 0x2dd46194e33c7a : 2 : ittapi_config_apply_per_lib :  ITTAPI function not implemented: __itt_region_begin
782917 : 0x2dd46194e34595 : 2 : ittapi_config_apply_per_lib :  ITTAPI function not implemented: __itt_region_end
782917 : 0x2dd46194e34e9a : 2 : ittapi_config_apply_per_lib :  ITTAPI function instrumented: __itt_frame_begin_v3
782917 : 0x2dd46194e356ec : 2 : ittapi_config_apply_per_lib :  ITTAPI function instrumented: __itt_frame_end_v3
782917 : 0x2dd46194e35f03 : 2 : ittapi_config_apply_per_lib :  ITTAPI function instrumented: __itt_frame_submit_v3
782917 : 0x2dd46194e365fb : 2 : ittapi_config_apply_per_lib :  ITTAPI function NOT instrumented (not matched by --itt-config option): __itt_task_group

782917 : 0x2dd46194e36dbe : 2 : ittapi_config_apply_per_lib :  ITTAPI function NOT instrumented (not matched by --itt-config option): __itt_task_begin

782917 : 0x2dd46194e374f1 : 2 : ittapi_config_apply_per_lib :  ITTAPI function NOT instrumented (not matched by --itt-config option): __itt_task_begin_fn

782917 : 0x2dd46194e39664 : 2 : ittapi_config_apply_per_lib :  ITTAPI function NOT instrumented (not matched by --itt-config option): __itt_task_end

782917 : 0x2dd46194e39eb4 : 2 : ittapi_config_apply_per_lib :  ITTAPI function NOT instrumented (not matched by --itt-config option): __itt_counter_inc_v3

782917 : 0x2dd46194e3a62e : 2 : ittapi_config_apply_per_lib :  ITTAPI function NOT instrumented (not matched by --itt-config option): __itt_counter_inc_delta_v3

782917 : 0x2dd46194e3ad5c : 2 : ittapi_config_apply_per_lib :  ITTAPI function NOT instrumented (not matched by --itt-config option): __itt_counter_dec_v3

782917 : 0x2dd46194e3b514 : 2 : ittapi_config_apply_per_lib :  ITTAPI function NOT instrumented (not matched by --itt-config option): __itt_counter_dec_delta_v3

782917 : 0x2dd46194e3bec7 : 2 : ittapi_config_apply_per_lib :  ITTAPI function not implemented: __itt_marker
782917 : 0x2dd46194e3c7a4 : 2 : ittapi_config_apply_per_lib :  ITTAPI function instrumented: __itt_metadata_add
782917 : 0x2dd46194e3d0e0 : 2 : ittapi_config_apply_per_lib :  ITTAPI function not implemented: __itt_metadata_str_add
782917 : 0x2dd46194e3da37 : 2 : ittapi_config_apply_per_lib :  ITTAPI function not implemented: __itt_relation_add_to_current
782917 : 0x2dd46194e3e2f1 : 2 : ittapi_config_apply_per_lib :  ITTAPI function not implemented: __itt_relation_add
782917 : 0x2dd46194e40563 : 2 : ittapi_config_apply_per_lib :  ITTAPI function instrumented: __itt_event_create
782917 : 0x2dd46194e40cf3 : 2 : ittapi_config_apply_per_lib :  ITTAPI function NOT instrumented (not matched by --itt-config option): __itt_event_start

782917 : 0x2dd46194e43e9f : 2 : ittapi_config_apply_per_lib :  ITTAPI function NOT instrumented (not matched by --itt-config option): __itt_event_end

782917 : 0x2dd46194e44618 : 2 : ittapi_config_apply_per_lib :  ITTAPI function NOT instrumented (not matched by --itt-config option): __itt_sync_set_name

782917 : 0x2dd46194e44c93 : 2 : ittapi_config_apply_per_lib :  ITTAPI function NOT instrumented (not matched by --itt-config option): __itt_notify_sync_name

782917 : 0x2dd46194e452dd : 2 : ittapi_config_apply_per_lib :  ITTAPI function NOT instrumented (not matched by --itt-config option): __itt_notify_sync_prepare

782917 : 0x2dd46194e45905 : 2 : ittapi_config_apply_per_lib :  ITTAPI function NOT instrumented (not matched by --itt-config option): __itt_notify_sync_cancel

782917 : 0x2dd46194e45f5f : 2 : ittapi_config_apply_per_lib :  ITTAPI function NOT instrumented (not matched by --itt-config option): __itt_notify_sync_acquired

782917 : 0x2dd46194e465f9 : 2 : ittapi_config_apply_per_lib :  ITTAPI function NOT instrumented (not matched by --itt-config option): __itt_notify_sync_releasing

782917 : 0x2dd46194e46eb5 : 2 : ittapi_config_apply_per_lib :  ITTAPI function not implemented: __itt_memory_read
782917 : 0x2dd46194e49ee2 : 2 : ittapi_config_apply_per_lib :  ITTAPI function not implemented: __itt_memory_write
782917 : 0x2dd46194e4a865 : 2 : ittapi_config_apply_per_lib :  ITTAPI function not implemented: __itt_memory_update
782917 : 0x2dd46194e4b0fe : 2 : ittapi_config_apply_per_lib :  ITTAPI function not implemented: __itt_state_get
782917 : 0x2dd46194e4b89f : 2 : ittapi_config_apply_per_lib :  ITTAPI function not implemented: __itt_state_set
782917 : 0x2dd46194e4c083 : 2 : ittapi_config_apply_per_lib :  ITTAPI function not implemented: __itt_obj_mode_set
782917 : 0x2dd46194e4c899 : 2 : ittapi_config_apply_per_lib :  ITTAPI function not implemented: __itt_thr_mode_set
782917 : 0x2dd46194e4d05d : 2 : ittapi_config_apply_per_lib :  ITTAPI function instrumented: __itt_frame_create
782917 : 0x2dd46194e4d7b4 : 2 : ittapi_config_apply_per_lib :  ITTAPI function instrumented: __itt_pt_region_create
782917 : 0x2dd46194e4df18 : 2 : ittapi_config_apply_per_lib :  ITTAPI function instrumented: __itt_frame_begin
782917 : 0x2dd46194e4e7aa : 2 : ittapi_config_apply_per_lib :  ITTAPI function instrumented: __itt_frame_end
782917 : 0x2dd46194e508a0 : 2 : ittapi_config_apply_per_lib :  ITTAPI function NOT instrumented (not matched by --itt-config option): __itt_counter_destroy

782917 : 0x2dd46194e51021 : 2 : ittapi_config_apply_per_lib :  ITTAPI function NOT instrumented (not matched by --itt-config option): __itt_counter_inc

782917 : 0x2dd46194e516b0 : 2 : ittapi_config_apply_per_lib :  ITTAPI function NOT instrumented (not matched by --itt-config option): __itt_counter_inc_delta

782917 : 0x2dd46194e51d92 : 2 : ittapi_config_apply_per_lib :  ITTAPI function NOT instrumented (not matched by --itt-config option): __itt_counter_dec

782917 : 0x2dd46194e52436 : 2 : ittapi_config_apply_per_lib :  ITTAPI function NOT instrumented (not matched by --itt-config option): __itt_counter_dec_delta

782917 : 0x2dd46194e52b06 : 2 : ittapi_config_apply_per_lib :  ITTAPI function NOT instrumented (not matched by --itt-config option): __itt_counter_set_value

782917 : 0x2dd46194e5319f : 2 : ittapi_config_apply_per_lib :  ITTAPI function NOT instrumented (not matched by --itt-config option): __itt_counter_set_value_ex

782917 : 0x2dd46194e53a20 : 2 : ittapi_config_apply_per_lib :  ITTAPI function not implemented: __itt_mark_create
782917 : 0x2dd46194e54503 : 2 : ittapi_config_apply_per_lib :  ITTAPI function not implemented: __itt_mark
782917 : 0x2dd46194e54e71 : 2 : ittapi_config_apply_per_lib :  ITTAPI function not implemented: __itt_mark_off
782917 : 0x2dd46194e572d0 : 2 : ittapi_config_apply_per_lib :  ITTAPI function not implemented: __itt_mark_global
782917 : 0x2dd46194e57b1e : 2 : ittapi_config_apply_per_lib :  ITTAPI function not implemented: __itt_mark_global_off
782917 : 0x2dd46194e58344 : 2 : ittapi_config_apply_per_lib :  ITTAPI function NOT instrumented (not matched by --itt-config option): __itt_stack_caller_create

782917 : 0x2dd46194e589ed : 2 : ittapi_config_apply_per_lib :  ITTAPI function NOT instrumented (not matched by --itt-config option): __itt_stack_caller_destroy

782917 : 0x2dd46194e59173 : 2 : ittapi_config_apply_per_lib :  ITTAPI function NOT instrumented (not matched by --itt-config option): __itt_stack_callee_enter

782917 : 0x2dd46194e59801 : 2 : ittapi_config_apply_per_lib :  ITTAPI function NOT instrumented (not matched by --itt-config option): __itt_stack_callee_leave

782917 : 0x2dd46194e59f92 : 2 : ittapi_config_apply_per_lib :  ITTAPI function not implemented: __itt_clock_domain_create
782917 : 0x2dd46194e5a862 : 2 : ittapi_config_apply_per_lib :  ITTAPI function not implemented: __itt_clock_domain_reset
782917 : 0x2dd46194e5b061 : 2 : ittapi_config_apply_per_lib :  ITTAPI function not implemented: __itt_id_create_ex
782917 : 0x2dd46194e5b81f : 2 : ittapi_config_apply_per_lib :  ITTAPI function not implemented: __itt_id_destroy_ex
782917 : 0x2dd46194e5e413 : 2 : ittapi_config_apply_per_lib :  ITTAPI function NOT instrumented (not matched by --itt-config option): __itt_task_begin_ex

782917 : 0x2dd46194e5eb50 : 2 : ittapi_config_apply_per_lib :  ITTAPI function NOT instrumented (not matched by --itt-config option): __itt_task_begin_fn_ex

782917 : 0x2dd46194e5f1e9 : 2 : ittapi_config_apply_per_lib :  ITTAPI function NOT instrumented (not matched by --itt-config option): __itt_task_end_ex

782917 : 0x2dd46194e5f81f : 2 : ittapi_config_apply_per_lib :  ITTAPI function NOT instrumented (not matched by --itt-config option): __itt_task_begin_overlapped

782917 : 0x2dd46194e5fe72 : 2 : ittapi_config_apply_per_lib :  ITTAPI function NOT instrumented (not matched by --itt-config option): __itt_task_begin_overlapped_ex

782917 : 0x2dd46194e604d7 : 2 : ittapi_config_apply_per_lib :  ITTAPI function NOT instrumented (not matched by --itt-config option): __itt_task_end_overlapped

782917 : 0x2dd46194e60ae5 : 2 : ittapi_config_apply_per_lib :  ITTAPI function NOT instrumented (not matched by --itt-config option): __itt_task_end_overlapped_ex

782917 : 0x2dd46194e61400 : 2 : ittapi_config_apply_per_lib :  ITTAPI function not implemented: __itt_marker_ex
782917 : 0x2dd46194e61c8d : 2 : ittapi_config_apply_per_lib :  ITTAPI function not implemented: __itt_metadata_add_with_scope
782917 : 0x2dd46194e624d1 : 2 : ittapi_config_apply_per_lib :  ITTAPI function not implemented: __itt_metadata_str_add_with_scope
782917 : 0x2dd46194e6469b : 2 : ittapi_config_apply_per_lib :  ITTAPI function not implemented: __itt_relation_add_to_current_ex
782917 : 0x2dd46194e64fb2 : 2 : ittapi_config_apply_per_lib :  ITTAPI function not implemented: __itt_relation_add_ex
782917 : 0x2dd46194e65799 : 2 : ittapi_config_apply_per_lib :  ITTAPI function not implemented: __itt_track_group_create
782917 : 0x2dd46194e65ee8 : 2 : ittapi_config_apply_per_lib :  ITTAPI function not implemented: __itt_track_create
782917 : 0x2dd46194e667a8 : 2 : ittapi_config_apply_per_lib :  ITTAPI function not implemented: __itt_set_track
782917 : 0x2dd46194e66f20 : 2 : ittapi_config_apply_per_lib :  ITTAPI function instrumented: __itt_api_version
782917 : 0x2dd46194e67756 : 2 : ittapi_config_apply_per_lib :  ITTAPI function not implemented: __itt_av_save
782917 : 0x2dd46194e68091 : 2 : ittapi_config_apply_per_lib :  ITTAPI function instrumented: __itt_module_load
782917 : 0x2dd46194e68865 : 2 : ittapi_config_apply_per_lib :  ITTAPI function not implemented: __itt_module_unload