
791344 : 0x2dd546324d9f1c : 1 : spill_jit_data :  Jit agent is not initialized
791344 : 0x2dd546326d74cf : 2 : ittapi_config_mask_get :  --itt-config mask to be applied: 1
791344 : 0x2dd546326d89ca : 2 : ittapi_config_apply_per_lib :  ITTAPI function instrumented: __itt_domain_create
791344 : 0x2dd546326d9380 : 2 : ittapi_config_apply_per_lib :  ITTAPI function instrumented: __itt_module_load_with_sections
791344 : 0x2dd546326da191 : 2 : ittapi_config_apply_per_lib :  ITTAPI function not implemented: __itt_module_unload_with_sections
791344 : 0x2dd546326dab9c : 2 : ittapi_config_apply_per_lib :  ITTAPI function instrumented: __itt_string_handle_create
791344 : 0x2dd546326db313 : 2 : ittapi_config_apply_per_lib :  ITTAPI function instrumented: __itt_counter_create
791344 : 0x2dd546326dba59 : 2 : ittapi_config_apply_per_lib :  ITTAPI function instrumented: __itt_counter_create_typed
791344 : 0x2dd546326dc203 : 2 : ittapi_config_apply_per_lib :  ITTAPI function instrumented: __itt_pause
791344 : 0x2dd546326dc9eb : 2 : ittapi_config_apply_per_lib :  ITTAPI function instrumented: __itt_resume
791344 : 0x2dd546326e8995 : 2 : ittapi_config_apply_per_lib :  ITTAPI function instrumented: __itt_thread_set_name
791344 : 0x2dd546326e949e : 2 : ittapi_config_apply_per_lib :  ITTAPI function instrumented: __itt_thread_ignore
791344 : 0x2dd546326e9ca6 : 2 : ittapi_config_apply_per_lib :  ITTAPI function instrumented: __itt_thr_name_set
791344 : 0x2dd546326ea568 : 2 : ittapi_config_apply_per_lib :  ITTAPI function instrumented: __itt_thr_ignore
791344 : 0x2dd546326eb07c : 2 : ittapi_config_apply_per_lib :  ITTAPI function not implemented: __itt_enable_attach
791344 : 0x2dd546326eb99a : 2 : ittapi_config_apply_per_lib :  ITTAPI function instrumented: __itt_detach
791344 : 0x2dd546326ec05c : 2 : ittapi_config_apply_per_lib :  ITTAPI function NOT instrumented (not matched by --itt-config option): __itt_sync_create

791344 : 0x2dd546326ec790 : 2 : ittapi_config_apply_per_lib :  ITTAPI function NOT instrumented (not matched by --itt-config option): __itt_sync_rename

791344 : 0x2dd546326ece10 : 2 : ittapi_config_apply_per_lib :  ITTAPI function NOT instrumented (not matched by --itt-config option): __itt_sync_destroy

791344 : 0x2dd546326ed470 : 2 : ittapi_config_apply_per_lib :  ITTAPI function NOT instrumented (not matched by --itt-config option): __itt_sync_prepare

791344 : 0x2dd546326efdcd : 2 : ittapi_config_apply_per_lib :  ITTAPI function NOT instrumented (not matched by --itt-config option): __itt_sync_cancel

791344 : 0x2dd546326f04d7 : 2 : ittapi_config_apply_per_lib :  ITTAPI function NOT instrumented (not matched by --itt-config option): __itt_sync_acquired

791344 : 0x2dd546326f0b46 : 2 : ittapi_config_apply_per_lib :  ITTAPI function NOT instrumented (not matched by --itt-config option): __itt_sync_releasing

791344 : 0x2dd546326f14c1 : 2 : ittapi_config_apply_per_lib :  ITTAPI function not implemented: __itt_suppress_push
791344 : 0x2dd546326f1e84 : 2 : ittapi_config_apply_per_lib :  ITTAPI function not implemented: __itt_suppress_pop
791344 : 0x2dd546326f2741 : 2 : ittapi_config_apply_per_lib :  ITTAPI function not implemented: __itt_suppress_mark_range
791344 : 0x2dd546326f2fc5 : 2 : ittapi_config_apply_per_lib :  ITTAPI function not implemented: __itt_suppress_clear_range
791344 : 0x2dd546326f3601 : 2 : ittapi_config_apply_per_lib :  ITTAPI function NOT instrumented (not matched by --itt-config option): __itt_sync_prepare

791344 : 0x2dd546326f3ca2 : 2 : ittapi_config_apply_per_lib :  ITTAPI function NOT instrumented (not matched by --itt-config option): __itt_sync_cancel

791344 : 0x2dd546326f42f5 : 2 : ittapi_config_apply_per_lib :  ITTAPI function NOT instrumented (not matched by --itt-config option): __itt_sync_acquired

791344 : 0x2dd546326f62b4 : 2 : ittapi_config_apply_per_lib :  ITTAPI function NOT instrumented (not matched by --itt-config option): __itt_sync_releasing

791344 : 0x2dd546326f6a71 : 2 : ittapi_config_apply_per_lib :  ITTAPI function NOT instrumented (not matched by --itt-config option): __itt_model_site_begin

791344 : 0x2dd546326f7108 : 2 : ittapi_config_apply_per_lib :  ITTAPI function NOT instrumented (not matched by --itt-config option): __itt_model_site_end

791344 : 0x2dd546326f786d : 2 : ittapi_config_apply_per_lib :  ITTAPI function NOT instrumented (not matched by --itt-config option): __itt_model_task_begin

791344 : 0x2dd546326f7f15 : 2 : ittapi_config_apply_per_lib :  ITTAPI function NOT instrumented (not matched by --itt-config option): __itt_model_task_end

791344 : 0x2dd546326f8576 : 2 : ittapi_config_apply_per_lib :  ITTAPI function NOT instrumented (not matched by --itt-config option): __itt_model_lock_acquire

791344 : 0x2dd546326f8c73 : 2 : ittapi_config_apply_per_lib :  ITTAPI function NOT instrumented (not matched by --itt-config option): __itt_model_lock_release

791344 : 0x2dd546326f9303 : 2 : ittapi_config_apply_per_lib :  ITTAPI function NOT instrumented (not matched by --itt-config option): __itt_model_record_allocation

791344 : 0x2dd546326f998d : 2 : ittapi_config_apply_per_lib :  ITTAPI function NOT instrumented (not matched by --itt-config option): __itt_model_record_deallocation

791344 : 0x2dd546326fa02a : 2 : ittapi_config_apply_per_lib :  ITTAPI function NOT instrumented (not matched by --itt-config option): __itt_model_induction_uses

791344 : 0x2dd546326fdc1c : 2 : ittapi_config_apply_per_lib :  ITTAPI function NOT instrumented (not matched by --itt-config option): __itt_model_reduction_uses

791344 : 0x2dd546326fe45a : 2 : ittapi_config_apply_per_lib :  ITTAPI function NOT instrumented (not matched by --itt-config option): __itt_model_observe_uses

791344 : 0x2dd546326feb95 : 2 : ittapi_config_apply_per_lib :  ITTAPI function NOT instrumented (not matched by --itt-config option): __itt_model_clear_uses

791344 : 0x2dd546326ff24b : 2 : ittapi_config_apply_per_lib :  ITTAPI function NOT instrumented (not matched by --itt-config option): __itt_model_site_beginA

791344 : 0x2dd546326ff904 : 2 : ittapi_config_apply_per_lib :  ITTAPI function NOT instrumented (not matched by --itt-config option): __itt_model_site_beginAL

791344 : 0x2dd546326fffae : 2 : ittapi_config_apply_per_lib :  ITTAPI function NOT instrumented (not matched by --itt-config option): __itt_model_task_beginA

791344 : 0x2dd54632700601 : 2 : ittapi_config_apply_per_lib :  ITTAPI function NOT instrumented (not matched by --itt-config option): __itt_model_task_beginAL

791344 : 0x2dd54632700cb5 : 2 : ittapi_config_apply_per_lib :  ITTAPI function NOT instrumented (not matched by --itt-config option): __itt_model_iteration_taskA

791344 : 0x2dd54632701324 : 2 : ittapi_config_apply_per_lib :  ITTAPI function NOT instrumented (not matched by --itt-config option): __itt_model_iteration_taskAL

791344 : 0x2dd546327019d6 : 2 : ittapi_config_apply_per_lib :  ITTAPI function NOT instrumented (not matched by --itt-config option): __itt_model_site_end_2

791344 : 0x2dd54632703952 : 2 : ittapi_config_apply_per_lib :  ITTAPI function NOT instrumented (not matched by --itt-config option): __itt_model_task_end_2

791344 : 0x2dd54632703fdd : 2 : ittapi_config_apply_per_lib :  ITTAPI function NOT instrumented (not matched by --itt-config option): __itt_model_lock_acquire_2

791344 : 0x2dd54632704772 : 2 : ittapi_config_apply_per_lib :  ITTAPI function NOT instrumented (not matched by --itt-config option): __itt_model_lock_release_2

791344 : 0x2dd54632704e1d : 2 : ittapi_config_apply_per_lib :  ITTAPI function NOT instrumented (not matched by --itt-config option): __itt_model_aggregate_task

791344 : 0x2dd5463270546e : 2 : ittapi_config_apply_per_lib :  ITTAPI function NOT instrumented (not matched by --itt-config option): __itt_model_disable_push

791344 : 0x2dd54632705b2f : 2 : ittapi_config_apply_per_lib :  ITTAPI function NOT instrumented (not matched by --itt-config option): __itt_model_disable_pop

791344 : 0x2dd546327062fe : 2 : ittapi_config_apply_per_lib :  ITTAPI function instrumented: __itt_heap_function_create
791344 : 0x2dd54632706b8d : 2 : ittapi_config_apply_per_lib :  ITTAPI function instrumented: __itt_heap_allocate_begin
791344 : 0x2dd54632707355 : 2 : ittapi_config_apply_per_lib :  ITTAPI function instrumented: __itt_heap_allocate_end
791344 : 0x2dd54632707aba : 2 : ittapi_config_apply_per_lib :  ITTAPI function instrumented: __itt_heap_free_begin
791344 : 0x2dd5463270ab16 : 2 : ittapi_config_apply_per_lib :  ITTAPI function instrumented: __itt_heap_free_end
791344 : 0x2dd5463270b3f2 : 2 : ittapi_config_apply_per_lib :  ITTAPI function instrumented: __itt_heap_reallocate_begin
791344 : 0x2dd5463270bb2d : 2 : ittapi_config_apply_per_lib :  ITTAPI function instrumented: __itt_heap_reallocate_end
791344 : 0x2dd5463270c409 : 2 : ittapi_config_apply_per_lib :  ITTAPI function not implemented: __itt_heap_internal_access_begin
791344 : 0x2dd5463270ccb1 : 2 : ittapi_config_apply_per_lib :  ITTAPI function not implemented: __itt_heap_internal_access_end
791344 : 0x2dd5463270d491 : 2 : ittapi_config_apply_per_lib :  ITTAPI function not implemented: __itt_heap_record_memory_growth_begin
791344 : 0x2dd5463270dcd6 : 2 : ittapi_config_apply_per_lib :  ITTAPI function not implemented: __itt_heap_record_memory_growth_end
791344 : 0x2dd5463270e51c : 2 : ittapi_config_apply_per_lib :  ITTAPI function not implemented: __itt_heap_reset_detection
791344 : 0x2dd5463270edd1 : 2 : ittapi_config_apply_per_lib :  ITTAPI function not implemented: __itt_heap_record
791344 : 0x2dd5463270f68f : 2 : ittapi_config_apply_per_lib :  ITTAPI function not implemented: __itt_id_create
791344 : 0x2dd546327119a0 : 2 : ittapi_config_apply_per_lib :  ITTAPI function not implemented: __itt_id_destroy
791344 : 0x2dd546327121b1 : 2 : ittapi_config_apply_per_lib :  ITTAPI function instrumented: __itt_get_timestamp
791344 : 0x2dd546327129eb : 2 : ittapi_config_apply_per_lib :  ITTAPI function not implemented: __itt_region_begin
791344 : 0x2dd54632713241 : 2 : ittapi_config_apply_per_lib :  ITTAPI function not implemented: __itt_region_end
791344 : 0x2dd54632713ab0 : 2 : ittapi_config_apply_per_lib :  ITTAPI function instrumented: __itt_frame_begin_v3
791344 : 0x2dd54632714273 : 2 : ittapi_config_apply_per_lib :  ITTAPI function instrumented: __itt_frame_end_v3
791344 : 0x2dd54632714a1d : 2 : ittapi_config_apply_per_lib :  ITTAPI function instrumented: __itt_frame_submit_v3
791344 : 0x2dd54632715099 : 2 : ittapi_config_apply_per_lib :  ITTAPI function NOT instrumented (not matched by --itt-config option): __itt_task_group

791344 : 0x2dd546327157a8 : 2 : ittapi_config_apply_per_lib :  ITTAPI function NOT instrumented (not matched by --itt-config option): __itt_task_begin

791344 : 0x2dd54632715dd9 : 2 : ittapi_config_apply_per_lib :  ITTAPI function NOT instrumented (not matched by --itt-config option): __itt_task_begin_fn

791344 : 0x2dd54632717dbf : 2 : ittapi_config_apply_per_lib :  ITTAPI function NOT instrumented (not matched by --itt-config option): __itt_task_end

791344 : 0x2dd5463271854f : 2 : ittapi_config_apply_per_lib :  ITTAPI function NOT instrumented (not matched by --itt-config option): __itt_counter_inc_v3

791344 : 0x2dd54632718bf8 : 2 : ittapi_config_apply_per_lib :  ITTAPI function NOT instrumented (not matched by --itt-config option): __itt_counter_inc_delta_v3

791344 : 0x2dd54632719246 : 2 : ittapi_config_apply_per_lib :  ITTAPI function NOT instrumented (not matched by --itt-config option): __itt_counter_dec_v3

791344 : 0x2dd54632719909 : 2 : ittapi_config_apply_per_lib :  ITTAPI function NOT instrumented (not matched by --itt-config option): __itt_counter_dec_delta_v3

791344 : 0x2dd5463271a1a3 : 2 : ittapi_config_apply_per_lib :  ITTAPI function not implemented: __itt_marker
791344 : 0x2dd5463271a942 : 2 : ittapi_config_apply_per_lib :  ITTAPI function instrumented: __itt_metadata_add
791344 : 0x2dd5463271b185 : 2 : ittapi_config_apply_per_lib :  ITTAPI function not implemented: __itt_metadata_str_add
791344 : 0x2dd5463271ba92 : 2 : ittapi_config_apply_per_lib :  ITTAPI function not implemented: __itt_relation_add_to_current
791344 : 0x2dd5463271c2a5 : 2 : ittapi_config_apply_per_lib :  ITTAPI function not implemented: __itt_relation_add
791344 : 0x2dd5463271e33a : 2 : ittapi_config_apply_per_lib :  ITTAPI function instrumented: __itt_event_create
791344 : 0x2dd5463271e9fc : 2 : ittapi_config_apply_per_lib :  ITTAPI function NOT instrumented (not matched by --itt-config option): __itt_event_start

791344 : 0x2dd5463271f0a8 : 2 : ittapi_config_apply_per_lib :  ITTAPI function NOT instrumented (not matched by --itt-config option): __itt_event_end

791344 : 0x2dd5463271f70b : 2 : ittapi_config_apply_per_lib :  ITTAPI function NOT instrumented (not matched by --itt-config option): __itt_sync_set_name

791344 : 0x2dd5463271fd6a : 2 : ittapi_config_apply_per_lib :  ITTAPI function NOT instrumented (not matched by --itt-config option): __itt_notify_sync_name

791344 : 0x2dd546327204a9 : 2 : ittapi_config_apply_per_lib :  ITTAPI function NOT instrumented (not matched by --itt-config option): __itt_notify_sync_prepare

791344 : 0x2dd54632720adf : 2 : ittapi_config_apply_per_lib :  ITTAPI function NOT instrumented (not matched by --itt-config option): __itt_notify_sync_cancel

791344 : 0x2dd546327211d6 : 2 : ittapi_config_apply_per_lib :  ITTAPI function NOT instrumented (not matched by --itt-config option): __itt_notify_sync_acquired

791344 : 0x2dd5463272186d : 2 : ittapi_config_apply_per_lib :  ITTAPI function NOT instrumented (not matched by --itt-config option): __itt_notify_sync_releasing

791344 : 0x2dd546327220f4 : 2 : ittapi_config_apply_per_lib :  ITTAPI function not implemented: __itt_memory_read
791344 : 0x2dd54632724e7c : 2 : ittapi_config_apply_per_lib :  ITTAPI function not implemented: __itt_memory_write
791344 : 0x2dd5463272580b : 2 : ittapi_config_apply_per_lib :  ITTAPI function not implemented: __itt_memory_update
791344 : 0x2dd54632726077 : 2 : ittapi_config_apply_per_lib :  ITTAPI function not implemented: __itt_state_get
791344 : 0x2dd54632726825 : 2 : ittapi_config_apply_per_lib :  ITTAPI function not implemented: __itt_state_set
791344 : 0x2dd54632727015 : 2 : ittapi_config_apply_per_lib :  ITTAPI function not implemented: __itt_obj_mode_set
791344 : 0x2dd546327277f9 : 2 : ittapi_config_apply_per_lib :  ITTAPI function not implemented: __itt_thr_mode_set
791344 : 0x2dd54632727f95 : 2 : ittapi_config_apply_per_lib :  ITTAPI function instrumented: __itt_frame_create
791344 : 0x2dd5463272869b : 2 : ittapi_config_apply_per_lib :  ITTAPI function instrumented: __itt_pt_region_create
791344 : 0x2dd54632728e8e : 2 : ittapi_config_apply_per_lib :  ITTAPI function instrumented: __itt_frame_begin
791344 : 0x2dd546327297cc : 2 : ittapi_config_apply_per_lib :  ITTAPI function instrumented: __itt_frame_end
791344 : 0x2dd5463272b72e : 2 : ittapi_config_apply_per_lib :  ITTAPI function NOT instrumented (not matched by --itt-config option): __itt_counter_destroy

791344 : 0x2dd5463272be6c : 2 : ittapi_config_apply_per_lib :  ITTAPI function NOT instrumented (not matched by --itt-config option): __itt_counter_inc

791344 : 0x2dd5463272c4e8 : 2 : ittapi_config_apply_per_lib :  ITTAPI function NOT instrumented (not matched by --itt-config option): __itt_counter_inc_delta

791344 : 0x2dd5463272cba1 : 2 : ittapi_config_apply_per_lib :  ITTAPI function NOT instrumented (not matched by --itt-config option): __itt_counter_dec

791344 : 0x2dd5463272d22e : 2 : ittapi_config_apply_per_lib :  ITTAPI function NOT instrumented (not matched by --itt-config option): __itt_counter_dec_delta

791344 : 0x2dd5463272d869 : 2 : ittapi_config_apply_per_lib :  ITTAPI function NOT instrumented (not matched by --itt-config option): __itt_counter_set_value

791344 : 0x2dd5463272df09 : 2 : ittapi_config_apply_per_lib :  ITTAPI function NOT instrumented (not matched by --itt-config option): __itt_counter_set_value_ex

791344 : 0x2dd5463272e710 : 2 : ittapi_config_apply_per_lib :  ITTAPI function not implemented: __itt_mark_create
791344 : 0x2dd5463272f0f5 : 2 : ittapi_config_apply_per_lib :  ITTAPI function not implemented: __itt_mark
791344 : 0x2dd5463272f967 : 2 : ittapi_config_apply_per_lib :  ITTAPI function not implemented: __itt_mark_off
791344 : 0x2dd546327319c6 : 2 : ittapi_config_apply_per_lib :  ITTAPI function not implemented: __itt_mark_global
791344 : 0x2dd546327321f5 : 2 : ittapi_config_apply_per_lib :  ITTAPI function not implemented: __itt_mark_global_off
791344 : 0x2dd54632732950 : 2 : ittapi_config_apply_per_lib :  ITTAPI function NOT instrumented (not matched by --itt-config option): __itt_stack_caller_create

791344 : 0x2dd54632732fad : 2 : ittapi_config_apply_per_lib :  ITTAPI function NOT instrumented (not matched by --itt-config option): __itt_stack_caller_destroy

791344 : 0x2dd546327336d1 : 2 : ittapi_config_apply_per_lib :  ITTAPI function NOT instrumented (not matched by --itt-config option): __itt_stack_callee_enter

791344 : 0x2dd54632733d63 : 2 : ittapi_config_apply_per_lib :  ITTAPI function NOT instrumented (not matched by --itt-config option): __itt_stack_callee_leave

791344 : 0x2dd54632734538 : 2 : ittapi_config_apply_per_lib :  ITTAPI function not implemented: __itt_clock_domain_create
791344 : 0x2dd54632734d74 : 2 : ittapi_config_apply_per_lib :  ITTAPI function not implemented: __itt_clock_domain_reset
791344 : 0x2dd54632735576 : 2 : ittapi_config_apply_per_lib :  ITTAPI function not implemented: __itt_id_create_ex
791344 : 0x2dd54632735d35 : 2 : ittapi_config_apply_per_lib :  ITTAPI function not implemented: __itt_id_destroy_ex
791344 : 0x2dd546327388f0 : 2 : ittapi_config_apply_per_lib :  ITTAPI function NOT instrumented (not matched by --itt-config option): __itt_task_begin_ex

791344 : 0x2dd54632738ff7 : 2 : ittapi_config_apply_per_lib :  ITTAPI function NOT instrumented (not matched by --itt-config option): __itt_task_begin_fn_ex

791344 : 0x2dd54632739604 : 2 : ittapi_config_apply_per_lib :  ITTAPI function NOT instrumented (not matched by --itt-config option): __itt_task_end_ex

791344 : 0x2dd54632739c1e : 2 : ittapi_config_apply_per_lib :  ITTAPI function NOT instrumented (not matched by --itt-config option): __itt_task_begin_overlapped

791344 : 0x2dd5463273a267 : 2 : ittapi_config_apply_per_lib :  ITTAPI function NOT instrumented (not matched by --itt-config option): __itt_task_begin_overlapped_ex

791344 : 0x2dd5463273a878 : 2 : ittapi_config_apply_per_lib :  ITTAPI function NOT instrumented (not matched by --itt-config option): __itt_task_end_overlapped

791344 : 0x2dd5463273ae70 : 2 : ittapi_config_apply_per_lib :  ITTAPI function NOT instrumented (not matched by --itt-config option): __itt_task_end_overlapped_ex

791344 : 0x2dd5463273b697 : 2 : ittapi_config_apply_per_lib :  ITTAPI function not implemented: __itt_marker_ex
791344 : 0x2dd5463273beef : 2 : ittapi_config_apply_per_lib :  ITTAPI function not implemented: __itt_metadata_add_with_scope
791344 : 0x2dd5463273c728 : 2 : ittapi_config_apply_per_lib :  ITTAPI function not implemented: __itt_metadata_str_add_with_scope
791344 : 0x2dd5463273e85b : 2 : ittapi_config_apply_per_lib :  ITTAPI function not implemented: __itt_relation_add_to_current_ex
791344 : 0x2dd5463273f17c : 2 : ittapi_config_apply_per_lib :  ITTAPI function not implemented: __itt_relation_add_ex
791344 : 0x2dd5463273f930 : 2 : ittapi_config_apply_per_lib :  ITTAPI function not implemented: __itt_track_group_create
791344 : 0x2dd54632740067 : 2 : ittapi_config_apply_per_lib :  ITTAPI function not implemented: __itt_track_create
791344 : 0x2dd5463274089c : 2 : ittapi_config_apply_per_lib :  ITTAPI function not implemented: __itt_set_track
791344 : 0x2dd54632741009 : 2 : ittapi_config_apply_per_lib :  ITTAPI function instrumented: __itt_api_version
791344 : 0x2dd54632741838 : 2 : ittapi_config_apply_per_lib :  ITTAPI function not implemented: __itt_av_save
791344 : 0x2dd54632741fd0 : 2 : ittapi_config_apply_per_lib :  ITTAPI function instrumented: __itt_module_load
791344 : 0x2dd546327427ee : 2 : ittapi_config_apply_per_lib :  ITTAPI function not implemented: __itt_module_unload