
786253 : 0x2dd4b16fa447e2 : 1 : spill_jit_data :  Jit agent is not initialized
786253 : 0x2dd4b16fc3e589 : 2 : ittapi_config_mask_get :  --itt-config mask to be applied: 1
786253 : 0x2dd4b16fc3f959 : 2 : ittapi_config_apply_per_lib :  ITTAPI function instrumented: __itt_domain_create
786253 : 0x2dd4b16fc40329 : 2 : ittapi_config_apply_per_lib :  ITTAPI function instrumented: __itt_module_load_with_sections
786253 : 0x2dd4b16fc411fb : 2 : ittapi_config_apply_per_lib :  ITTAPI function not implemented: __itt_module_unload_with_sections
786253 : 0x2dd4b16fc41b40 : 2 : ittapi_config_apply_per_lib :  ITTAPI function instrumented: __itt_string_handle_create
786253 : 0x2dd4b16fc42299 : 2 : ittapi_config_apply_per_lib :  ITTAPI function instrumented: __itt_counter_create
786253 : 0x2dd4b16fc42a07 : 2 : ittapi_config_apply_per_lib :  ITTAPI function instrumented: __itt_counter_create_typed
786253 : 0x2dd4b16fc43166 : 2 : ittapi_config_apply_per_lib :  ITTAPI function instrumented: __itt_pause
786253 : 0x2dd4b16fc4395d : 2 : ittapi_config_apply_per_lib :  ITTAPI function instrumented: __itt_resume
786253 : 0x2dd4b16fc4f206 : 2 : ittapi_config_apply_per_lib :  ITTAPI function instrumented: __itt_thread_set_name
786253 : 0x2dd4b16fc4fc20 : 2 : ittapi_config_apply_per_lib :  ITTAPI function instrumented: __itt_thread_ignore
786253 : 0x2dd4b16fc50455 : 2 : ittapi_config_apply_per_lib :  ITTAPI function instrumented: __itt_thr_name_set
786253 : 0x2dd4b16fc50cd2 : 2 : ittapi_config_apply_per_lib :  ITTAPI function instrumented: __itt_thr_ignore
786253 : 0x2dd4b16fc51739 : 2 : ittapi_config_apply_per_lib :  ITTAPI function not implemented: __itt_enable_attach
786253 : 0x2dd4b16fc5202e : 2 : ittapi_config_apply_per_lib :  ITTAPI function instrumented: __itt_detach
786253 : 0x2dd4b16fc526ef : 2 : ittapi_config_apply_per_lib :  ITTAPI function NOT instrumented (not matched by --itt-config option): __itt_sync_create

786253 : 0x2dd4b16fc52eb5 : 2 : ittapi_config_apply_per_lib :  ITTAPI function NOT instrumented (not matched by --itt-config option): __itt_sync_rename

786253 : 0x2dd4b16fc53522 : 2 : ittapi_config_apply_per_lib :  ITTAPI function NOT instrumented (not matched by --itt-config option): __itt_sync_destroy

786253 : 0x2dd4b16fc53b7d : 2 : ittapi_config_apply_per_lib :  ITTAPI function NOT instrumented (not matched by --itt-config option): __itt_sync_prepare

786253 : 0x2dd4b16fc56285 : 2 : ittapi_config_apply_per_lib :  ITTAPI function NOT instrumented (not matched by --itt-config option): __itt_sync_cancel

786253 : 0x2dd4b16fc569b4 : 2 : ittapi_config_apply_per_lib :  ITTAPI function NOT instrumented (not matched by --itt-config option): __itt_sync_acquired

786253 : 0x2dd4b16fc5701d : 2 : ittapi_config_apply_per_lib :  ITTAPI function NOT instrumented (not matched by --itt-config option): __itt_sync_releasing

786253 : 0x2dd4b16fc579ca : 2 : ittapi_config_apply_per_lib :  ITTAPI function not implemented: __itt_suppress_push
786253 : 0x2dd4b16fc583a0 : 2 : ittapi_config_apply_per_lib :  ITTAPI function not implemented: __itt_suppress_pop
786253 : 0x2dd4b16fc58c11 : 2 : ittapi_config_apply_per_lib :  ITTAPI function not implemented: __itt_suppress_mark_range
786253 : 0x2dd4b16fc594c5 : 2 : ittapi_config_apply_per_lib :  ITTAPI function not implemented: __itt_suppress_clear_range
786253 : 0x2dd4b16fc59b07 : 2 : ittapi_config_apply_per_lib :  ITTAPI function NOT instrumented (not matched by --itt-config option): __itt_sync_prepare

786253 : 0x2dd4b16fc5a1a1 : 2 : ittapi_config_apply_per_lib :  ITTAPI function NOT instrumented (not matched by --itt-config option): __itt_sync_cancel

786253 : 0x2dd4b16fc5a7cb : 2 : ittapi_config_apply_per_lib :  ITTAPI function NOT instrumented (not matched by --itt-config option): __itt_sync_acquired

786253 : 0x2dd4b16fc5c652 : 2 : ittapi_config_apply_per_lib :  ITTAPI function NOT instrumented (not matched by --itt-config option): __itt_sync_releasing

786253 : 0x2dd4b16fc5cde5 : 2 : ittapi_config_apply_per_lib :  ITTAPI function NOT instrumented (not matched by --itt-config option): __itt_model_site_begin

786253 : 0x2dd4b16fc5d49d : 2 : ittapi_config_apply_per_lib :  ITTAPI function NOT instrumented (not matched by --itt-config option): __itt_model_site_end

786253 : 0x2dd4b16fc5dc91 : 2 : ittapi_config_apply_per_lib :  ITTAPI function NOT instrumented (not matched by --itt-config option): __itt_model_task_begin

786253 : 0x2dd4b16fc5e33f : 2 : ittapi_config_apply_per_lib :  ITTAPI function NOT instrumented (not matched by --itt-config option): __itt_model_task_end

786253 : 0x2dd4b16fc5e9a4 : 2 : ittapi_config_apply_per_lib :  ITTAPI function NOT instrumented (not matched by --itt-config option): __itt_model_lock_acquire

786253 : 0x2dd4b16fc5f091 : 2 : ittapi_config_apply_per_lib :  ITTAPI function NOT instrumented (not matched by --itt-config option): __itt_model_lock_release

786253 : 0x2dd4b16fc5f733 : 2 : ittapi_config_apply_per_lib :  ITTAPI function NOT instrumented (not matched by --itt-config option): __itt_model_record_allocation

786253 : 0x2dd4b16fc5fd98 : 2 : ittapi_config_apply_per_lib :  ITTAPI function NOT instrumented (not matched by --itt-config option): __itt_model_record_deallocation

786253 : 0x2dd4b16fc60462 : 2 : ittapi_config_apply_per_lib :  ITTAPI function NOT instrumented (not matched by --itt-config option): __itt_model_induction_uses

786253 : 0x2dd4b16fc636ce : 2 : ittapi_config_apply_per_lib :  ITTAPI function NOT instrumented (not matched by --itt-config option): __itt_model_reduction_uses

786253 : 0x2dd4b16fc63f3a : 2 : ittapi_config_apply_per_lib :  ITTAPI function NOT instrumented (not matched by --itt-config option): __itt_model_observe_uses

786253 : 0x2dd4b16fc646da : 2 : ittapi_config_apply_per_lib :  ITTAPI function NOT instrumented (not matched by --itt-config option): __itt_model_clear_uses

786253 : 0x2dd4b16fc64d7c : 2 : ittapi_config_apply_per_lib :  ITTAPI function NOT instrumented (not matched by --itt-config option): __itt_model_site_beginA

786253 : 0x2dd4b16fc65472 : 2 : ittapi_config_apply_per_lib :  ITTAPI function NOT instrumented (not matched by --itt-config option): __itt_model_site_beginAL

786253 : 0x2dd4b16fc65b0c : 2 : ittapi_config_apply_per_lib :  ITTAPI function NOT instrumented (not matched by --itt-config option): __itt_model_task_beginA

786253 : 0x2dd4b16fc66162 : 2 : ittapi_config_apply_per_lib :  ITTAPI function NOT instrumented (not matched by --itt-config option): __itt_model_task_beginAL

786253 : 0x2dd4b16fc66818 : 2 : ittapi_config_apply_per_lib :  ITTAPI function NOT instrumented (not matched by --itt-config option): __itt_model_iteration_taskA

786253 : 0x2dd4b16fc66ea7 : 2 : ittapi_config_apply_per_lib :  ITTAPI function NOT instrumented (not matched by --itt-config option): __itt_model_iteration_taskAL

786253 : 0x2dd4b16fc6755d : 2 : ittapi_config_apply_per_lib :  ITTAPI function NOT instrumented (not matched by --itt-config option): __itt_model_site_end_2

786253 : 0x2dd4b16fc69420 : 2 : ittapi_config_apply_per_lib :  ITTAPI function NOT instrumented (not matched by --itt-config option): __itt_model_task_end_2

786253 : 0x2dd4b16fc69ab9 : 2 : ittapi_config_apply_per_lib :  ITTAPI function NOT instrumented (not matched by --itt-config option): __itt_model_lock_acquire_2

786253 : 0x2dd4b16fc6a171 : 2 : ittapi_config_apply_per_lib :  ITTAPI function NOT instrumented (not matched by --itt-config option): __itt_model_lock_release_2

786253 : 0x2dd4b16fc6a840 : 2 : ittapi_config_apply_per_lib :  ITTAPI function NOT instrumented (not matched by --itt-config option): __itt_model_aggregate_task

786253 : 0x2dd4b16fc6ae9c : 2 : ittapi_config_apply_per_lib :  ITTAPI function NOT instrumented (not matched by --itt-config option): __itt_model_disable_push

786253 : 0x2dd4b16fc6b549 : 2 : ittapi_config_apply_per_lib :  ITTAPI function NOT instrumented (not matched by --itt-config option): __itt_model_disable_pop

786253 : 0x2dd4b16fc6bd01 : 2 : ittapi_config_apply_per_lib :  ITTAPI function instrumented: __itt_heap_function_create
786253 : 0x2dd4b16fc6c591 : 2 : ittapi_config_apply_per_lib :  ITTAPI function instrumented: __itt_heap_allocate_begin
786253 : 0x2dd4b16fc6cd21 : 2 : ittapi_config_apply_per_lib :  ITTAPI function instrumented: __itt_heap_allocate_end
786253 : 0x2dd4b16fc6d436 : 2 : ittapi_config_apply_per_lib :  ITTAPI function instrumented: __itt_heap_free_begin
786253 : 0x2dd4b16fc709e2 : 2 : ittapi_config_apply_per_lib :  ITTAPI function instrumented: __itt_heap_free_end
786253 : 0x2dd4b16fc71292 : 2 : ittapi_config_apply_per_lib :  ITTAPI function instrumented: __itt_heap_reallocate_begin
786253 : 0x2dd4b16fc719ab : 2 : ittapi_config_apply_per_lib :  ITTAPI function instrumented: __itt_heap_reallocate_end
786253 : 0x2dd4b16fc722ac : 2 : ittapi_config_apply_per_lib :  ITTAPI function not implemented: __itt_heap_internal_access_begin
786253 : 0x2dd4b16fc72b45 : 2 : ittapi_config_apply_per_lib :  ITTAPI function not implemented: __itt_heap_internal_access_end
786253 : 0x2dd4b16fc7333e : 2 : ittapi_config_apply_per_lib :  ITTAPI function not implemented: __itt_heap_record_memory_growth_begin
786253 : 0x2dd4b16fc73b64 : 2 : ittapi_config_apply_per_lib :  ITTAPI function not implemented: __itt_heap_record_memory_growth_end
786253 : 0x2dd4b16fc743a5 : 2 : ittapi_config_apply_per_lib :  ITTAPI function not implemented: __itt_heap_reset_detection
786253 : 0x2dd4b16fc74c97 : 2 : ittapi_config_apply_per_lib :  ITTAPI function not implemented: __itt_heap_record
786253 : 0x2dd4b16fc7554f : 2 : ittapi_config_apply_per_lib :  ITTAPI function not implemented: __itt_id_create
786253 : 0x2dd4b16fc77966 : 2 : ittapi_config_apply_per_lib :  ITTAPI function not implemented: __itt_id_destroy
786253 : 0x2dd4b16fc781bb : 2 : ittapi_config_apply_per_lib :  ITTAPI function instrumented: __itt_get_timestamp
786253 : 0x2dd4b16fc78a0b : 2 : ittapi_config_apply_per_lib :  ITTAPI function not implemented: __itt_region_begin
786253 : 0x2dd4b16fc79241 : 2 : ittapi_config_apply_per_lib :  ITTAPI function not implemented: __itt_region_end
786253 : 0x2dd4b16fc79aad : 2 : ittapi_config_apply_per_lib :  ITTAPI function instrumented: __itt_frame_begin_v3
786253 : 0x2dd4b16fc7a28e : 2 : ittapi_config_apply_per_lib :  ITTAPI function instrumented: __itt_frame_end_v3
786253 : 0x2dd4b16fc7aa48 : 2 : ittapi_config_apply_per_lib :  ITTAPI function instrumented: __itt_frame_submit_v3
786253 : 0x2dd4b16fc7b0a9 : 2 : ittapi_config_apply_per_lib :  ITTAPI function NOT instrumented (not matched by --itt-config option): __itt_task_group

786253 : 0x2dd4b16fc7b79e : 2 : ittapi_config_apply_per_lib :  ITTAPI function NOT instrumented (not matched by --itt-config option): __itt_task_begin

786253 : 0x2dd4b16fc7bdea : 2 : ittapi_config_apply_per_lib :  ITTAPI function NOT instrumented (not matched by --itt-config option): __itt_task_begin_fn

786253 : 0x2dd4b16fc7dd20 : 2 : ittapi_config_apply_per_lib :  ITTAPI function NOT instrumented (not matched by --itt-config option): __itt_task_end

786253 : 0x2dd4b16fc7e40f : 2 : ittapi_config_apply_per_lib :  ITTAPI function NOT instrumented (not matched by --itt-config option): __itt_counter_inc_v3

786253 : 0x2dd4b16fc7eaf8 : 2 : ittapi_config_apply_per_lib :  ITTAPI function NOT instrumented (not matched by --itt-config option): __itt_counter_inc_delta_v3

786253 : 0x2dd4b16fc7f134 : 2 : ittapi_config_apply_per_lib :  ITTAPI function NOT instrumented (not matched by --itt-config option): __itt_counter_dec_v3

786253 : 0x2dd4b16fc7f7c2 : 2 : ittapi_config_apply_per_lib :  ITTAPI function NOT instrumented (not matched by --itt-config option): __itt_counter_dec_delta_v3

786253 : 0x2dd4b16fc80083 : 2 : ittapi_config_apply_per_lib :  ITTAPI function not implemented: __itt_marker
786253 : 0x2dd4b16fc8083a : 2 : ittapi_config_apply_per_lib :  ITTAPI function instrumented: __itt_metadata_add
786253 : 0x2dd4b16fc81007 : 2 : ittapi_config_apply_per_lib :  ITTAPI function not implemented: __itt_metadata_str_add
786253 : 0x2dd4b16fc81840 : 2 : ittapi_config_apply_per_lib :  ITTAPI function not implemented: __itt_relation_add_to_current
786253 : 0x2dd4b16fc82045 : 2 : ittapi_config_apply_per_lib :  ITTAPI function not implemented: __itt_relation_add
786253 : 0x2dd4b16fc83ff5 : 2 : ittapi_config_apply_per_lib :  ITTAPI function instrumented: __itt_event_create
786253 : 0x2dd4b16fc846b3 : 2 : ittapi_config_apply_per_lib :  ITTAPI function NOT instrumented (not matched by --itt-config option): __itt_event_start

786253 : 0x2dd4b16fc84d39 : 2 : ittapi_config_apply_per_lib :  ITTAPI function NOT instrumented (not matched by --itt-config option): __itt_event_end

786253 : 0x2dd4b16fc8538c : 2 : ittapi_config_apply_per_lib :  ITTAPI function NOT instrumented (not matched by --itt-config option): __itt_sync_set_name

786253 : 0x2dd4b16fc85a22 : 2 : ittapi_config_apply_per_lib :  ITTAPI function NOT instrumented (not matched by --itt-config option): __itt_notify_sync_name

786253 : 0x2dd4b16fc860bc : 2 : ittapi_config_apply_per_lib :  ITTAPI function NOT instrumented (not matched by --itt-config option): __itt_notify_sync_prepare

786253 : 0x2dd4b16fc866f4 : 2 : ittapi_config_apply_per_lib :  ITTAPI function NOT instrumented (not matched by --itt-config option): __itt_notify_sync_cancel

786253 : 0x2dd4b16fc86dd0 : 2 : ittapi_config_apply_per_lib :  ITTAPI function NOT instrumented (not matched by --itt-config option): __itt_notify_sync_acquired

786253 : 0x2dd4b16fc87442 : 2 : ittapi_config_apply_per_lib :  ITTAPI function NOT instrumented (not matched by --itt-config option): __itt_notify_sync_releasing

786253 : 0x2dd4b16fc87c97 : 2 : ittapi_config_apply_per_lib :  ITTAPI function not implemented: __itt_memory_read
786253 : 0x2dd4b16fc8a949 : 2 : ittapi_config_apply_per_lib :  ITTAPI function not implemented: __itt_memory_write
786253 : 0x2dd4b16fc8b2f3 : 2 : ittapi_config_apply_per_lib :  ITTAPI function not implemented: __itt_memory_update
786253 : 0x2dd4b16fc8baf4 : 2 : ittapi_config_apply_per_lib :  ITTAPI function not implemented: __itt_state_get
786253 : 0x2dd4b16fc8c261 : 2 : ittapi_config_apply_per_lib :  ITTAPI function not implemented: __itt_state_set
786253 : 0x2dd4b16fc8ca56 : 2 : ittapi_config_apply_per_lib :  ITTAPI function not implemented: __itt_obj_mode_set
786253 : 0x2dd4b16fc8d21d : 2 : ittapi_config_apply_per_lib :  ITTAPI function not implemented: __itt_thr_mode_set
786253 : 0x2dd4b16fc8d97b : 2 : ittapi_config_apply_per_lib :  ITTAPI function instrumented: __itt_frame_create
786253 : 0x2dd4b16fc8e096 : 2 : ittapi_config_apply_per_lib :  ITTAPI function instrumented: __itt_pt_region_create
786253 : 0x2dd4b16fc8e80a : 2 : ittapi_config_apply_per_lib :  ITTAPI function instrumented: __itt_frame_begin
786253 : 0x2dd4b16fc8f072 : 2 : ittapi_config_apply_per_lib :  ITTAPI function instrumented: __itt_frame_end
786253 : 0x2dd4b16fc90ef5 : 2 : ittapi_config_apply_per_lib :  ITTAPI function NOT instrumented (not matched by --itt-config option): __itt_counter_destroy

786253 : 0x2dd4b16fc91620 : 2 : ittapi_config_apply_per_lib :  ITTAPI function NOT instrumented (not matched by --itt-config option): __itt_counter_inc

786253 : 0x2dd4b16fc91c79 : 2 : ittapi_config_apply_per_lib :  ITTAPI function NOT instrumented (not matched by --itt-config option): __itt_counter_inc_delta

786253 : 0x2dd4b16fc9233d : 2 : ittapi_config_apply_per_lib :  ITTAPI function NOT instrumented (not matched by --itt-config option): __itt_counter_dec

786253 : 0x2dd4b16fc929d4 : 2 : ittapi_config_apply_per_lib :  ITTAPI function NOT instrumented (not matched by --itt-config option): __itt_counter_dec_delta

786253 : 0x2dd4b16fc92ffd : 2 : ittapi_config_apply_per_lib :  ITTAPI function NOT instrumented (not matched by --itt-config option): __itt_counter_set_value

786253 : 0x2dd4b16fc936bb : 2 : ittapi_config_apply_per_lib :  ITTAPI function NOT instrumented (not matched by --itt-config option): __itt_counter_set_value_ex

786253 : 0x2dd4b16fc93ebb : 2 : ittapi_config_apply_per_lib :  ITTAPI function not implemented: __itt_mark_create
786253 : 0x2dd4b16fc94876 : 2 : ittapi_config_apply_per_lib :  ITTAPI function not implemented: __itt_mark
786253 : 0x2dd4b16fc950d9 : 2 : ittapi_config_apply_per_lib :  ITTAPI function not implemented: __itt_mark_off
786253 : 0x2dd4b16fc97020 : 2 : ittapi_config_apply_per_lib :  ITTAPI function not implemented: __itt_mark_global
786253 : 0x2dd4b16fc97835 : 2 : ittapi_config_apply_per_lib :  ITTAPI function not implemented: __itt_mark_global_off
786253 : 0x2dd4b16fc97f56 : 2 : ittapi_config_apply_per_lib :  ITTAPI function NOT instrumented (not matched by --itt-config option): __itt_stack_caller_create

786253 : 0x2dd4b16fc985d5 : 2 : ittapi_config_apply_per_lib :  ITTAPI function NOT instrumented (not matched by --itt-config option): __itt_stack_caller_destroy

786253 : 0x2dd4b16fc98cd7 : 2 : ittapi_config_apply_per_lib :  ITTAPI function NOT instrumented (not matched by --itt-config option): __itt_stack_callee_enter

786253 : 0x2dd4b16fc99347 : 2 : ittapi_config_apply_per_lib :  ITTAPI function NOT instrumented (not matched by --itt-config option): __itt_stack_callee_leave

786253 : 0x2dd4b16fc99ad3 : 2 : ittapi_config_apply_per_lib :  ITTAPI function not implemented: __itt_clock_domain_create
786253 : 0x2dd4b16fc9a32b : 2 : ittapi_config_apply_per_lib :  ITTAPI function not implemented: __itt_clock_domain_reset
786253 : 0x2dd4b16fc9ab24 : 2 : ittapi_config_apply_per_lib :  ITTAPI function not implemented: __itt_id_create_ex
786253 : 0x2dd4b16fc9b2da : 2 : ittapi_config_apply_per_lib :  ITTAPI function not implemented: __itt_id_destroy_ex
786253 : 0x2dd4b16fd02154 : 2 : ittapi_config_apply_per_lib :  ITTAPI function NOT instrumented (not matched by --itt-config option): __itt_task_begin_ex

786253 : 0x2dd4b16fd02a35 : 2 : ittapi_config_apply_per_lib :  ITTAPI function NOT instrumented (not matched by --itt-config option): __itt_task_begin_fn_ex

786253 : 0x2dd4b16fd030cf : 2 : ittapi_config_apply_per_lib :  ITTAPI function NOT instrumented (not matched by --itt-config option): __itt_task_end_ex

786253 : 0x2dd4b16fd03716 : 2 : ittapi_config_apply_per_lib :  ITTAPI function NOT instrumented (not matched by --itt-config option): __itt_task_begin_overlapped

786253 : 0x2dd4b16fd03d74 : 2 : ittapi_config_apply_per_lib :  ITTAPI function NOT instrumented (not matched by --itt-config option): __itt_task_begin_overlapped_ex

786253 : 0x2dd4b16fd043f2 : 2 : ittapi_config_apply_per_lib :  ITTAPI function NOT instrumented (not matched by --itt-config option): __itt_task_end_overlapped

786253 : 0x2dd4b16fd049f4 : 2 : ittapi_config_apply_per_lib :  ITTAPI function NOT instrumented (not matched by --itt-config option): __itt_task_end_overlapped_ex

786253 : 0x2dd4b16fd05483 : 2 : ittapi_config_apply_per_lib :  ITTAPI function not implemented: __itt_marker_ex
786253 : 0x2dd4b16fd05cec : 2 : ittapi_config_apply_per_lib :  ITTAPI function not implemented: __itt_metadata_add_with_scope
786253 : 0x2dd4b16fd06547 : 2 : ittapi_config_apply_per_lib :  ITTAPI function not implemented: __itt_metadata_str_add_with_scope
786253 : 0x2dd4b16fd08f7e : 2 : ittapi_config_apply_per_lib :  ITTAPI function not implemented: __itt_relation_add_to_current_ex
786253 : 0x2dd4b16fd09876 : 2 : ittapi_config_apply_per_lib :  ITTAPI function not implemented: __itt_relation_add_ex
786253 : 0x2dd4b16fd0a06b : 2 : ittapi_config_apply_per_lib :  ITTAPI function not implemented: __itt_track_group_create
786253 : 0x2dd4b16fd0a79a : 2 : ittapi_config_apply_per_lib :  ITTAPI function not implemented: __itt_track_create
786253 : 0x2dd4b16fd0afcc : 2 : ittapi_config_apply_per_lib :  ITTAPI function not implemented: __itt_set_track
786253 : 0x2dd4b16fd0b74f : 2 : ittapi_config_apply_per_lib :  ITTAPI function instrumented: __itt_api_version
786253 : 0x2dd4b16fd0bf53 : 2 : ittapi_config_apply_per_lib :  ITTAPI function not implemented: __itt_av_save
786253 : 0x2dd4b16fd0c700 : 2 : ittapi_config_apply_per_lib :  ITTAPI function instrumented: __itt_module_load
786253 : 0x2dd4b16fd0cf45 : 2 : ittapi_config_apply_per_lib :  ITTAPI function not implemented: __itt_module_unload