
783294 : 0x2dd46a0853e075 : 1 : spill_jit_data :  Jit agent is not initialized
783294 : 0x2dd46a087556b7 : 2 : ittapi_config_mask_get :  --itt-config mask to be applied: 1
783294 : 0x2dd46a08756f94 : 2 : ittapi_config_apply_per_lib :  ITTAPI function instrumented: __itt_domain_create
783294 : 0x2dd46a08757a4f : 2 : ittapi_config_apply_per_lib :  ITTAPI function instrumented: __itt_module_load_with_sections
783294 : 0x2dd46a087587d3 : 2 : ittapi_config_apply_per_lib :  ITTAPI function not implemented: __itt_module_unload_with_sections
783294 : 0x2dd46a087590ee : 2 : ittapi_config_apply_per_lib :  ITTAPI function instrumented: __itt_string_handle_create
783294 : 0x2dd46a08759871 : 2 : ittapi_config_apply_per_lib :  ITTAPI function instrumented: __itt_counter_create
783294 : 0x2dd46a08759fc4 : 2 : ittapi_config_apply_per_lib :  ITTAPI function instrumented: __itt_counter_create_typed
783294 : 0x2dd46a0875a766 : 2 : ittapi_config_apply_per_lib :  ITTAPI function instrumented: __itt_pause
783294 : 0x2dd46a0875af1a : 2 : ittapi_config_apply_per_lib :  ITTAPI function instrumented: __itt_resume
783294 : 0x2dd46a08766ff4 : 2 : ittapi_config_apply_per_lib :  ITTAPI function instrumented: __itt_thread_set_name
783294 : 0x2dd46a08767b1b : 2 : ittapi_config_apply_per_lib :  ITTAPI function instrumented: __itt_thread_ignore
783294 : 0x2dd46a08768324 : 2 : ittapi_config_apply_per_lib :  ITTAPI function instrumented: __itt_thr_name_set
783294 : 0x2dd46a08768b69 : 2 : ittapi_config_apply_per_lib :  ITTAPI function instrumented: __itt_thr_ignore
783294 : 0x2dd46a0876968d : 2 : ittapi_config_apply_per_lib :  ITTAPI function not implemented: __itt_enable_attach
783294 : 0x2dd46a08769ee6 : 2 : ittapi_config_apply_per_lib :  ITTAPI function instrumented: __itt_detach
783294 : 0x2dd46a0876a5e0 : 2 : ittapi_config_apply_per_lib :  ITTAPI function NOT instrumented (not matched by --itt-config option): __itt_sync_create

783294 : 0x2dd46a0876acfb : 2 : ittapi_config_apply_per_lib :  ITTAPI function NOT instrumented (not matched by --itt-config option): __itt_sync_rename

783294 : 0x2dd46a0876b385 : 2 : ittapi_config_apply_per_lib :  ITTAPI function NOT instrumented (not matched by --itt-config option): __itt_sync_destroy

783294 : 0x2dd46a0876b9fe : 2 : ittapi_config_apply_per_lib :  ITTAPI function NOT instrumented (not matched by --itt-config option): __itt_sync_prepare

783294 : 0x2dd46a0876e154 : 2 : ittapi_config_apply_per_lib :  ITTAPI function NOT instrumented (not matched by --itt-config option): __itt_sync_cancel

783294 : 0x2dd46a0876e876 : 2 : ittapi_config_apply_per_lib :  ITTAPI function NOT instrumented (not matched by --itt-config option): __itt_sync_acquired

783294 : 0x2dd46a0876eed0 : 2 : ittapi_config_apply_per_lib :  ITTAPI function NOT instrumented (not matched by --itt-config option): __itt_sync_releasing

783294 : 0x2dd46a0876f821 : 2 : ittapi_config_apply_per_lib :  ITTAPI function not implemented: __itt_suppress_push
783294 : 0x2dd46a0877028c : 2 : ittapi_config_apply_per_lib :  ITTAPI function not implemented: __itt_suppress_pop
783294 : 0x2dd46a08770b2b : 2 : ittapi_config_apply_per_lib :  ITTAPI function not implemented: __itt_suppress_mark_range
783294 : 0x2dd46a087713e4 : 2 : ittapi_config_apply_per_lib :  ITTAPI function not implemented: __itt_suppress_clear_range
783294 : 0x2dd46a08771a56 : 2 : ittapi_config_apply_per_lib :  ITTAPI function NOT instrumented (not matched by --itt-config option): __itt_sync_prepare

783294 : 0x2dd46a0877208a : 2 : ittapi_config_apply_per_lib :  ITTAPI function NOT instrumented (not matched by --itt-config option): __itt_sync_cancel

783294 : 0x2dd46a08772705 : 2 : ittapi_config_apply_per_lib :  ITTAPI function NOT instrumented (not matched by --itt-config option): __itt_sync_acquired

783294 : 0x2dd46a08774536 : 2 : ittapi_config_apply_per_lib :  ITTAPI function NOT instrumented (not matched by --itt-config option): __itt_sync_releasing

783294 : 0x2dd46a08774c84 : 2 : ittapi_config_apply_per_lib :  ITTAPI function NOT instrumented (not matched by --itt-config option): __itt_model_site_begin

783294 : 0x2dd46a0877533b : 2 : ittapi_config_apply_per_lib :  ITTAPI function NOT instrumented (not matched by --itt-config option): __itt_model_site_end

783294 : 0x2dd46a08775a93 : 2 : ittapi_config_apply_per_lib :  ITTAPI function NOT instrumented (not matched by --itt-config option): __itt_model_task_begin

783294 : 0x2dd46a0877614e : 2 : ittapi_config_apply_per_lib :  ITTAPI function NOT instrumented (not matched by --itt-config option): __itt_model_task_end

783294 : 0x2dd46a087767cf : 2 : ittapi_config_apply_per_lib :  ITTAPI function NOT instrumented (not matched by --itt-config option): __itt_model_lock_acquire

783294 : 0x2dd46a08776e52 : 2 : ittapi_config_apply_per_lib :  ITTAPI function NOT instrumented (not matched by --itt-config option): __itt_model_lock_release

783294 : 0x2dd46a087774e5 : 2 : ittapi_config_apply_per_lib :  ITTAPI function NOT instrumented (not matched by --itt-config option): __itt_model_record_allocation

783294 : 0x2dd46a08777b67 : 2 : ittapi_config_apply_per_lib :  ITTAPI function NOT instrumented (not matched by --itt-config option): __itt_model_record_deallocation

783294 : 0x2dd46a08778263 : 2 : ittapi_config_apply_per_lib :  ITTAPI function NOT instrumented (not matched by --itt-config option): __itt_model_induction_uses

783294 : 0x2dd46a0877bfca : 2 : ittapi_config_apply_per_lib :  ITTAPI function NOT instrumented (not matched by --itt-config option): __itt_model_reduction_uses

783294 : 0x2dd46a0877c85a : 2 : ittapi_config_apply_per_lib :  ITTAPI function NOT instrumented (not matched by --itt-config option): __itt_model_observe_uses

783294 : 0x2dd46a0877cf61 : 2 : ittapi_config_apply_per_lib :  ITTAPI function NOT instrumented (not matched by --itt-config option): __itt_model_clear_uses

783294 : 0x2dd46a0877d5d3 : 2 : ittapi_config_apply_per_lib :  ITTAPI function NOT instrumented (not matched by --itt-config option): __itt_model_site_beginA

783294 : 0x2dd46a0877dc8d : 2 : ittapi_config_apply_per_lib :  ITTAPI function NOT instrumented (not matched by --itt-config option): __itt_model_site_beginAL

783294 : 0x2dd46a0877e319 : 2 : ittapi_config_apply_per_lib :  ITTAPI function NOT instrumented (not matched by --itt-config option): __itt_model_task_beginA

783294 : 0x2dd46a0877e95c : 2 : ittapi_config_apply_per_lib :  ITTAPI function NOT instrumented (not matched by --itt-config option): __itt_model_task_beginAL

783294 : 0x2dd46a0877f022 : 2 : ittapi_config_apply_per_lib :  ITTAPI function NOT instrumented (not matched by --itt-config option): __itt_model_iteration_taskA

783294 : 0x2dd46a0877f6a1 : 2 : ittapi_config_apply_per_lib :  ITTAPI function NOT instrumented (not matched by --itt-config option): __itt_model_iteration_taskAL

783294 : 0x2dd46a0877fd58 : 2 : ittapi_config_apply_per_lib :  ITTAPI function NOT instrumented (not matched by --itt-config option): __itt_model_site_end_2

783294 : 0x2dd46a08781de3 : 2 : ittapi_config_apply_per_lib :  ITTAPI function NOT instrumented (not matched by --itt-config option): __itt_model_task_end_2

783294 : 0x2dd46a087824a7 : 2 : ittapi_config_apply_per_lib :  ITTAPI function NOT instrumented (not matched by --itt-config option): __itt_model_lock_acquire_2

783294 : 0x2dd46a08782b79 : 2 : ittapi_config_apply_per_lib :  ITTAPI function NOT instrumented (not matched by --itt-config option): __itt_model_lock_release_2

783294 : 0x2dd46a08783267 : 2 : ittapi_config_apply_per_lib :  ITTAPI function NOT instrumented (not matched by --itt-config option): __itt_model_aggregate_task

783294 : 0x2dd46a08783899 : 2 : ittapi_config_apply_per_lib :  ITTAPI function NOT instrumented (not matched by --itt-config option): __itt_model_disable_push

783294 : 0x2dd46a08783f51 : 2 : ittapi_config_apply_per_lib :  ITTAPI function NOT instrumented (not matched by --itt-config option): __itt_model_disable_pop

783294 : 0x2dd46a0878477d : 2 : ittapi_config_apply_per_lib :  ITTAPI function instrumented: __itt_heap_function_create
783294 : 0x2dd46a0878501a : 2 : ittapi_config_apply_per_lib :  ITTAPI function instrumented: __itt_heap_allocate_begin
783294 : 0x2dd46a087857f7 : 2 : ittapi_config_apply_per_lib :  ITTAPI function instrumented: __itt_heap_allocate_end
783294 : 0x2dd46a08785f29 : 2 : ittapi_config_apply_per_lib :  ITTAPI function instrumented: __itt_heap_free_begin
783294 : 0x2dd46a08788ff2 : 2 : ittapi_config_apply_per_lib :  ITTAPI function instrumented: __itt_heap_free_end
783294 : 0x2dd46a0878989c : 2 : ittapi_config_apply_per_lib :  ITTAPI function instrumented: __itt_heap_reallocate_begin
783294 : 0x2dd46a08789fe9 : 2 : ittapi_config_apply_per_lib :  ITTAPI function instrumented: __itt_heap_reallocate_end
783294 : 0x2dd46a0878a922 : 2 : ittapi_config_apply_per_lib :  ITTAPI function not implemented: __itt_heap_internal_access_begin
783294 : 0x2dd46a0878b1fb : 2 : ittapi_config_apply_per_lib :  ITTAPI function not implemented: __itt_heap_internal_access_end
783294 : 0x2dd46a0878ba4e : 2 : ittapi_config_apply_per_lib :  ITTAPI function not implemented: __itt_heap_record_memory_growth_begin
783294 : 0x2dd46a0878c28d : 2 : ittapi_config_apply_per_lib :  ITTAPI function not implemented: __itt_heap_record_memory_growth_end
783294 : 0x2dd46a0878caf0 : 2 : ittapi_config_apply_per_lib :  ITTAPI function not implemented: __itt_heap_reset_detection
783294 : 0x2dd46a0878d3dc : 2 : ittapi_config_apply_per_lib :  ITTAPI function not implemented: __itt_heap_record
783294 : 0x2dd46a0878dc71 : 2 : ittapi_config_apply_per_lib :  ITTAPI function not implemented: __itt_id_create
783294 : 0x2dd46a0879003e : 2 : ittapi_config_apply_per_lib :  ITTAPI function not implemented: __itt_id_destroy
783294 : 0x2dd46a0879088b : 2 : ittapi_config_apply_per_lib :  ITTAPI function instrumented: __itt_get_timestamp
783294 : 0x2dd46a087910b9 : 2 : ittapi_config_apply_per_lib :  ITTAPI function not implemented: __itt_region_begin
783294 : 0x2dd46a08791918 : 2 : ittapi_config_apply_per_lib :  ITTAPI function not implemented: __itt_region_end
783294 : 0x2dd46a0879219a : 2 : ittapi_config_apply_per_lib :  ITTAPI function instrumented: __itt_frame_begin_v3
783294 : 0x2dd46a0879297d : 2 : ittapi_config_apply_per_lib :  ITTAPI function instrumented: __itt_frame_end_v3
783294 : 0x2dd46a08793139 : 2 : ittapi_config_apply_per_lib :  ITTAPI function instrumented: __itt_frame_submit_v3
783294 : 0x2dd46a087937cb : 2 : ittapi_config_apply_per_lib :  ITTAPI function NOT instrumented (not matched by --itt-config option): __itt_task_group

783294 : 0x2dd46a08793ed5 : 2 : ittapi_config_apply_per_lib :  ITTAPI function NOT instrumented (not matched by --itt-config option): __itt_task_begin

783294 : 0x2dd46a0879453d : 2 : ittapi_config_apply_per_lib :  ITTAPI function NOT instrumented (not matched by --itt-config option): __itt_task_begin_fn

783294 : 0x2dd46a0879647a : 2 : ittapi_config_apply_per_lib :  ITTAPI function NOT instrumented (not matched by --itt-config option): __itt_task_end

783294 : 0x2dd46a08796bea : 2 : ittapi_config_apply_per_lib :  ITTAPI function NOT instrumented (not matched by --itt-config option): __itt_counter_inc_v3

783294 : 0x2dd46a0879729c : 2 : ittapi_config_apply_per_lib :  ITTAPI function NOT instrumented (not matched by --itt-config option): __itt_counter_inc_delta_v3

783294 : 0x2dd46a087978e9 : 2 : ittapi_config_apply_per_lib :  ITTAPI function NOT instrumented (not matched by --itt-config option): __itt_counter_dec_v3

783294 : 0x2dd46a08797f8a : 2 : ittapi_config_apply_per_lib :  ITTAPI function NOT instrumented (not matched by --itt-config option): __itt_counter_dec_delta_v3

783294 : 0x2dd46a087987d8 : 2 : ittapi_config_apply_per_lib :  ITTAPI function not implemented: __itt_marker
783294 : 0x2dd46a08798fb5 : 2 : ittapi_config_apply_per_lib :  ITTAPI function instrumented: __itt_metadata_add
783294 : 0x2dd46a087997df : 2 : ittapi_config_apply_per_lib :  ITTAPI function not implemented: __itt_metadata_str_add
783294 : 0x2dd46a0879a048 : 2 : ittapi_config_apply_per_lib :  ITTAPI function not implemented: __itt_relation_add_to_current
783294 : 0x2dd46a0879a86c : 2 : ittapi_config_apply_per_lib :  ITTAPI function not implemented: __itt_relation_add
783294 : 0x2dd46a0879c774 : 2 : ittapi_config_apply_per_lib :  ITTAPI function instrumented: __itt_event_create
783294 : 0x2dd46a0879ce32 : 2 : ittapi_config_apply_per_lib :  ITTAPI function NOT instrumented (not matched by --itt-config option): __itt_event_start

783294 : 0x2dd46a0879d4f0 : 2 : ittapi_config_apply_per_lib :  ITTAPI function NOT instrumented (not matched by --itt-config option): __itt_event_end

783294 : 0x2dd46a0879db56 : 2 : ittapi_config_apply_per_lib :  ITTAPI function NOT instrumented (not matched by --itt-config option): __itt_sync_set_name

783294 : 0x2dd46a0879e1f5 : 2 : ittapi_config_apply_per_lib :  ITTAPI function NOT instrumented (not matched by --itt-config option): __itt_notify_sync_name

783294 : 0x2dd46a0879e886 : 2 : ittapi_config_apply_per_lib :  ITTAPI function NOT instrumented (not matched by --itt-config option): __itt_notify_sync_prepare

783294 : 0x2dd46a0879eeb4 : 2 : ittapi_config_apply_per_lib :  ITTAPI function NOT instrumented (not matched by --itt-config option): __itt_notify_sync_cancel

783294 : 0x2dd46a0879f577 : 2 : ittapi_config_apply_per_lib :  ITTAPI function NOT instrumented (not matched by --itt-config option): __itt_notify_sync_acquired

783294 : 0x2dd46a0879fc16 : 2 : ittapi_config_apply_per_lib :  ITTAPI function NOT instrumented (not matched by --itt-config option): __itt_notify_sync_releasing

783294 : 0x2dd46a087a0449 : 2 : ittapi_config_apply_per_lib :  ITTAPI function not implemented: __itt_memory_read
783294 : 0x2dd46a087a31cc : 2 : ittapi_config_apply_per_lib :  ITTAPI function not implemented: __itt_memory_write
783294 : 0x2dd46a087a3a76 : 2 : ittapi_config_apply_per_lib :  ITTAPI function not implemented: __itt_memory_update
783294 : 0x2dd46a087a42ce : 2 : ittapi_config_apply_per_lib :  ITTAPI function not implemented: __itt_state_get
783294 : 0x2dd46a087a4a9f : 2 : ittapi_config_apply_per_lib :  ITTAPI function not implemented: __itt_state_set
783294 : 0x2dd46a087a524d : 2 : ittapi_config_apply_per_lib :  ITTAPI function not implemented: __itt_obj_mode_set
783294 : 0x2dd46a087a5a65 : 2 : ittapi_config_apply_per_lib :  ITTAPI function not implemented: __itt_thr_mode_set
783294 : 0x2dd46a087a61f9 : 2 : ittapi_config_apply_per_lib :  ITTAPI function instrumented: __itt_frame_create
783294 : 0x2dd46a087a6933 : 2 : ittapi_config_apply_per_lib :  ITTAPI function instrumented: __itt_pt_region_create
783294 : 0x2dd46a087a7131 : 2 : ittapi_config_apply_per_lib :  ITTAPI function instrumented: __itt_frame_begin
783294 : 0x2dd46a087a7960 : 2 : ittapi_config_apply_per_lib :  ITTAPI function instrumented: __itt_frame_end
783294 : 0x2dd46a087a985f : 2 : ittapi_config_apply_per_lib :  ITTAPI function NOT instrumented (not matched by --itt-config option): __itt_counter_destroy

783294 : 0x2dd46a087a9fa7 : 2 : ittapi_config_apply_per_lib :  ITTAPI function NOT instrumented (not matched by --itt-config option): __itt_counter_inc

783294 : 0x2dd46a087aa619 : 2 : ittapi_config_apply_per_lib :  ITTAPI function NOT instrumented (not matched by --itt-config option): __itt_counter_inc_delta

783294 : 0x2dd46a087aace7 : 2 : ittapi_config_apply_per_lib :  ITTAPI function NOT instrumented (not matched by --itt-config option): __itt_counter_dec

783294 : 0x2dd46a087ab391 : 2 : ittapi_config_apply_per_lib :  ITTAPI function NOT instrumented (not matched by --itt-config option): __itt_counter_dec_delta

783294 : 0x2dd46a087ab9c4 : 2 : ittapi_config_apply_per_lib :  ITTAPI function NOT instrumented (not matched by --itt-config option): __itt_counter_set_value

783294 : 0x2dd46a087ac072 : 2 : ittapi_config_apply_per_lib :  ITTAPI function NOT instrumented (not matched by --itt-config option): __itt_counter_set_value_ex

783294 : 0x2dd46a087ac83c : 2 : ittapi_config_apply_per_lib :  ITTAPI function not implemented: __itt_mark_create
783294 : 0x2dd46a087ad280 : 2 : ittapi_config_apply_per_lib :  ITTAPI function not implemented: __itt_mark
783294 : 0x2dd46a087adb35 : 2 : ittapi_config_apply_per_lib :  ITTAPI function not implemented: __itt_mark_off
783294 : 0x2dd46a087afbb1 : 2 : ittapi_config_apply_per_lib :  ITTAPI function not implemented: __itt_mark_global
783294 : 0x2dd46a087b03f2 : 2 : ittapi_config_apply_per_lib :  ITTAPI function not implemented: __itt_mark_global_off
783294 : 0x2dd46a087b0b6b : 2 : ittapi_config_apply_per_lib :  ITTAPI function NOT instrumented (not matched by --itt-config option): __itt_stack_caller_create

783294 : 0x2dd46a087b11bd : 2 : ittapi_config_apply_per_lib :  ITTAPI function NOT instrumented (not matched by --itt-config option): __itt_stack_caller_destroy

783294 : 0x2dd46a087b18c3 : 2 : ittapi_config_apply_per_lib :  ITTAPI function NOT instrumented (not matched by --itt-config option): __itt_stack_callee_enter

783294 : 0x2dd46a087b1f59 : 2 : ittapi_config_apply_per_lib :  ITTAPI function NOT instrumented (not matched by --itt-config option): __itt_stack_callee_leave

783294 : 0x2dd46a087b26d1 : 2 : ittapi_config_apply_per_lib :  ITTAPI function not implemented: __itt_clock_domain_create
783294 : 0x2dd46a087b2f57 : 2 : ittapi_config_apply_per_lib :  ITTAPI function not implemented: __itt_clock_domain_reset
783294 : 0x2dd46a087b378d : 2 : ittapi_config_apply_per_lib :  ITTAPI function not implemented: __itt_id_create_ex
783294 : 0x2dd46a087b3f68 : 2 : ittapi_config_apply_per_lib :  ITTAPI function not implemented: __itt_id_destroy_ex
783294 : 0x2dd46a0880d5ea : 2 : ittapi_config_apply_per_lib :  ITTAPI function NOT instrumented (not matched by --itt-config option): __itt_task_begin_ex

783294 : 0x2dd46a0880de82 : 2 : ittapi_config_apply_per_lib :  ITTAPI function NOT instrumented (not matched by --itt-config option): __itt_task_begin_fn_ex

783294 : 0x2dd46a0880e540 : 2 : ittapi_config_apply_per_lib :  ITTAPI function NOT instrumented (not matched by --itt-config option): __itt_task_end_ex

783294 : 0x2dd46a0880ebab : 2 : ittapi_config_apply_per_lib :  ITTAPI function NOT instrumented (not matched by --itt-config option): __itt_task_begin_overlapped

783294 : 0x2dd46a0880f1da : 2 : ittapi_config_apply_per_lib :  ITTAPI function NOT instrumented (not matched by --itt-config option): __itt_task_begin_overlapped_ex

783294 : 0x2dd46a0880f85e : 2 : ittapi_config_apply_per_lib :  ITTAPI function NOT instrumented (not matched by --itt-config option): __itt_task_end_overlapped

783294 : 0x2dd46a0880fe65 : 2 : ittapi_config_apply_per_lib :  ITTAPI function NOT instrumented (not matched by --itt-config option): __itt_task_end_overlapped_ex

783294 : 0x2dd46a08810920 : 2 : ittapi_config_apply_per_lib :  ITTAPI function not implemented: __itt_marker_ex
783294 : 0x2dd46a08811182 : 2 : ittapi_config_apply_per_lib :  ITTAPI function not implemented: __itt_metadata_add_with_scope
783294 : 0x2dd46a08811a2a : 2 : ittapi_config_apply_per_lib :  ITTAPI function not implemented: __itt_metadata_str_add_with_scope
783294 : 0x2dd46a08814661 : 2 : ittapi_config_apply_per_lib :  ITTAPI function not implemented: __itt_relation_add_to_current_ex
783294 : 0x2dd46a08814f99 : 2 : ittapi_config_apply_per_lib :  ITTAPI function not implemented: __itt_relation_add_ex
783294 : 0x2dd46a088157b4 : 2 : ittapi_config_apply_per_lib :  ITTAPI function not implemented: __itt_track_group_create
783294 : 0x2dd46a08815f3c : 2 : ittapi_config_apply_per_lib :  ITTAPI function not implemented: __itt_track_create
783294 : 0x2dd46a08816781 : 2 : ittapi_config_apply_per_lib :  ITTAPI function not implemented: __itt_set_track
783294 : 0x2dd46a08816f66 : 2 : ittapi_config_apply_per_lib :  ITTAPI function instrumented: __itt_api_version
783294 : 0x2dd46a088177af : 2 : ittapi_config_apply_per_lib :  ITTAPI function not implemented: __itt_av_save
783294 : 0x2dd46a08817f95 : 2 : ittapi_config_apply_per_lib :  ITTAPI function instrumented: __itt_module_load
783294 : 0x2dd46a088187dc : 2 : ittapi_config_apply_per_lib :  ITTAPI function not implemented: __itt_module_unload