
791739 : 0x2dd54f5c6c0e79 : 1 : spill_jit_data :  Jit agent is not initialized
791739 : 0x2dd54f5cdc4c0c : 2 : ittapi_config_mask_get :  --itt-config mask to be applied: 1
791739 : 0x2dd54f5cdc64c3 : 2 : ittapi_config_apply_per_lib :  ITTAPI function instrumented: __itt_domain_create
791739 : 0x2dd54f5cdc6f3e : 2 : ittapi_config_apply_per_lib :  ITTAPI function instrumented: __itt_module_load_with_sections
791739 : 0x2dd54f5cdc7ceb : 2 : ittapi_config_apply_per_lib :  ITTAPI function not implemented: __itt_module_unload_with_sections
791739 : 0x2dd54f5cdc8730 : 2 : ittapi_config_apply_per_lib :  ITTAPI function instrumented: __itt_string_handle_create
791739 : 0x2dd54f5cdc8f3c : 2 : ittapi_config_apply_per_lib :  ITTAPI function instrumented: __itt_counter_create
791739 : 0x2dd54f5cdc9719 : 2 : ittapi_config_apply_per_lib :  ITTAPI function instrumented: __itt_counter_create_typed
791739 : 0x2dd54f5cdc9f47 : 2 : ittapi_config_apply_per_lib :  ITTAPI function instrumented: __itt_pause
791739 : 0x2dd54f5cdca7b6 : 2 : ittapi_config_apply_per_lib :  ITTAPI function instrumented: __itt_resume
791739 : 0x2dd54f5cdd8ea8 : 2 : ittapi_config_apply_per_lib :  ITTAPI function instrumented: __itt_thread_set_name
791739 : 0x2dd54f5cdd9ab2 : 2 : ittapi_config_apply_per_lib :  ITTAPI function instrumented: __itt_thread_ignore
791739 : 0x2dd54f5cdda373 : 2 : ittapi_config_apply_per_lib :  ITTAPI function instrumented: __itt_thr_name_set
791739 : 0x2dd54f5cddabd4 : 2 : ittapi_config_apply_per_lib :  ITTAPI function instrumented: __itt_thr_ignore
791739 : 0x2dd54f5cddb6ed : 2 : ittapi_config_apply_per_lib :  ITTAPI function not implemented: __itt_enable_attach
791739 : 0x2dd54f5cddc0db : 2 : ittapi_config_apply_per_lib :  ITTAPI function instrumented: __itt_detach
791739 : 0x2dd54f5cddc78b : 2 : ittapi_config_apply_per_lib :  ITTAPI function NOT instrumented (not matched by --itt-config option): __itt_sync_create

791739 : 0x2dd54f5cddcffe : 2 : ittapi_config_apply_per_lib :  ITTAPI function NOT instrumented (not matched by --itt-config option): __itt_sync_rename

791739 : 0x2dd54f5cddd674 : 2 : ittapi_config_apply_per_lib :  ITTAPI function NOT instrumented (not matched by --itt-config option): __itt_sync_destroy

791739 : 0x2dd54f5cdddce7 : 2 : ittapi_config_apply_per_lib :  ITTAPI function NOT instrumented (not matched by --itt-config option): __itt_sync_prepare

791739 : 0x2dd54f5cde0600 : 2 : ittapi_config_apply_per_lib :  ITTAPI function NOT instrumented (not matched by --itt-config option): __itt_sync_cancel

791739 : 0x2dd54f5cde0d58 : 2 : ittapi_config_apply_per_lib :  ITTAPI function NOT instrumented (not matched by --itt-config option): __itt_sync_acquired

791739 : 0x2dd54f5cde13bc : 2 : ittapi_config_apply_per_lib :  ITTAPI function NOT instrumented (not matched by --itt-config option): __itt_sync_releasing

791739 : 0x2dd54f5cde1cfe : 2 : ittapi_config_apply_per_lib :  ITTAPI function not implemented: __itt_suppress_push
791739 : 0x2dd54f5cde26ba : 2 : ittapi_config_apply_per_lib :  ITTAPI function not implemented: __itt_suppress_pop
791739 : 0x2dd54f5cde2f49 : 2 : ittapi_config_apply_per_lib :  ITTAPI function not implemented: __itt_suppress_mark_range
791739 : 0x2dd54f5cde3801 : 2 : ittapi_config_apply_per_lib :  ITTAPI function not implemented: __itt_suppress_clear_range
791739 : 0x2dd54f5cde3e60 : 2 : ittapi_config_apply_per_lib :  ITTAPI function NOT instrumented (not matched by --itt-config option): __itt_sync_prepare

791739 : 0x2dd54f5cde450f : 2 : ittapi_config_apply_per_lib :  ITTAPI function NOT instrumented (not matched by --itt-config option): __itt_sync_cancel

791739 : 0x2dd54f5cde4b61 : 2 : ittapi_config_apply_per_lib :  ITTAPI function NOT instrumented (not matched by --itt-config option): __itt_sync_acquired

791739 : 0x2dd54f5cde6bbc : 2 : ittapi_config_apply_per_lib :  ITTAPI function NOT instrumented (not matched by --itt-config option): __itt_sync_releasing

791739 : 0x2dd54f5cde72de : 2 : ittapi_config_apply_per_lib :  ITTAPI function NOT instrumented (not matched by --itt-config option): __itt_model_site_begin

791739 : 0x2dd54f5cde7974 : 2 : ittapi_config_apply_per_lib :  ITTAPI function NOT instrumented (not matched by --itt-config option): __itt_model_site_end

791739 : 0x2dd54f5cde8125 : 2 : ittapi_config_apply_per_lib :  ITTAPI function NOT instrumented (not matched by --itt-config option): __itt_model_task_begin

791739 : 0x2dd54f5cde87d7 : 2 : ittapi_config_apply_per_lib :  ITTAPI function NOT instrumented (not matched by --itt-config option): __itt_model_task_end

791739 : 0x2dd54f5cde8e43 : 2 : ittapi_config_apply_per_lib :  ITTAPI function NOT instrumented (not matched by --itt-config option): __itt_model_lock_acquire

791739 : 0x2dd54f5cde950b : 2 : ittapi_config_apply_per_lib :  ITTAPI function NOT instrumented (not matched by --itt-config option): __itt_model_lock_release

791739 : 0x2dd54f5cde9b9d : 2 : ittapi_config_apply_per_lib :  ITTAPI function NOT instrumented (not matched by --itt-config option): __itt_model_record_allocation

791739 : 0x2dd54f5cdea1fd : 2 : ittapi_config_apply_per_lib :  ITTAPI function NOT instrumented (not matched by --itt-config option): __itt_model_record_deallocation

791739 : 0x2dd54f5cdea836 : 2 : ittapi_config_apply_per_lib :  ITTAPI function NOT instrumented (not matched by --itt-config option): __itt_model_induction_uses

791739 : 0x2dd54f5cdee01a : 2 : ittapi_config_apply_per_lib :  ITTAPI function NOT instrumented (not matched by --itt-config option): __itt_model_reduction_uses

791739 : 0x2dd54f5cdee8a9 : 2 : ittapi_config_apply_per_lib :  ITTAPI function NOT instrumented (not matched by --itt-config option): __itt_model_observe_uses

791739 : 0x2dd54f5cdeefe8 : 2 : ittapi_config_apply_per_lib :  ITTAPI function NOT instrumented (not matched by --itt-config option): __itt_model_clear_uses

791739 : 0x2dd54f5cdef671 : 2 : ittapi_config_apply_per_lib :  ITTAPI function NOT instrumented (not matched by --itt-config option): __itt_model_site_beginA

791739 : 0x2dd54f5cdefd40 : 2 : ittapi_config_apply_per_lib :  ITTAPI function NOT instrumented (not matched by --itt-config option): __itt_model_site_beginAL

791739 : 0x2dd54f5cdf03c4 : 2 : ittapi_config_apply_per_lib :  ITTAPI function NOT instrumented (not matched by --itt-config option): __itt_model_task_beginA

791739 : 0x2dd54f5cdf0a37 : 2 : ittapi_config_apply_per_lib :  ITTAPI function NOT instrumented (not matched by --itt-config option): __itt_model_task_beginAL

791739 : 0x2dd54f5cdf10ee : 2 : ittapi_config_apply_per_lib :  ITTAPI function NOT instrumented (not matched by --itt-config option): __itt_model_iteration_taskA

791739 : 0x2dd54f5cdf1768 : 2 : ittapi_config_apply_per_lib :  ITTAPI function NOT instrumented (not matched by --itt-config option): __itt_model_iteration_taskAL

791739 : 0x2dd54f5cdf1e5b : 2 : ittapi_config_apply_per_lib :  ITTAPI function NOT instrumented (not matched by --itt-config option): __itt_model_site_end_2

791739 : 0x2dd54f5cdf3dee : 2 : ittapi_config_apply_per_lib :  ITTAPI function NOT instrumented (not matched by --itt-config option): __itt_model_task_end_2

791739 : 0x2dd54f5cdf4499 : 2 : ittapi_config_apply_per_lib :  ITTAPI function NOT instrumented (not matched by --itt-config option): __itt_model_lock_acquire_2

791739 : 0x2dd54f5cdf4b7a : 2 : ittapi_config_apply_per_lib :  ITTAPI function NOT instrumented (not matched by --itt-config option): __itt_model_lock_release_2

791739 : 0x2dd54f5cdf5235 : 2 : ittapi_config_apply_per_lib :  ITTAPI function NOT instrumented (not matched by --itt-config option): __itt_model_aggregate_task

791739 : 0x2dd54f5cdf5886 : 2 : ittapi_config_apply_per_lib :  ITTAPI function NOT instrumented (not matched by --itt-config option): __itt_model_disable_push

791739 : 0x2dd54f5cdf5f48 : 2 : ittapi_config_apply_per_lib :  ITTAPI function NOT instrumented (not matched by --itt-config option): __itt_model_disable_pop

791739 : 0x2dd54f5cdf67b1 : 2 : ittapi_config_apply_per_lib :  ITTAPI function instrumented: __itt_heap_function_create
791739 : 0x2dd54f5cdf701c : 2 : ittapi_config_apply_per_lib :  ITTAPI function instrumented: __itt_heap_allocate_begin
791739 : 0x2dd54f5cdf77e1 : 2 : ittapi_config_apply_per_lib :  ITTAPI function instrumented: __itt_heap_allocate_end
791739 : 0x2dd54f5cdf7efb : 2 : ittapi_config_apply_per_lib :  ITTAPI function instrumented: __itt_heap_free_begin
791739 : 0x2dd54f5cdfb7e4 : 2 : ittapi_config_apply_per_lib :  ITTAPI function instrumented: __itt_heap_free_end
791739 : 0x2dd54f5cdfc101 : 2 : ittapi_config_apply_per_lib :  ITTAPI function instrumented: __itt_heap_reallocate_begin
791739 : 0x2dd54f5cdfc807 : 2 : ittapi_config_apply_per_lib :  ITTAPI function instrumented: __itt_heap_reallocate_end
791739 : 0x2dd54f5cdfd13e : 2 : ittapi_config_apply_per_lib :  ITTAPI function not implemented: __itt_heap_internal_access_begin
791739 : 0x2dd54f5cdfda36 : 2 : ittapi_config_apply_per_lib :  ITTAPI function not implemented: __itt_heap_internal_access_end
791739 : 0x2dd54f5cdfe25d : 2 : ittapi_config_apply_per_lib :  ITTAPI function not implemented: __itt_heap_record_memory_growth_begin
791739 : 0x2dd54f5cdfea85 : 2 : ittapi_config_apply_per_lib :  ITTAPI function not implemented: __itt_heap_record_memory_growth_end
791739 : 0x2dd54f5cdff2b8 : 2 : ittapi_config_apply_per_lib :  ITTAPI function not implemented: __itt_heap_reset_detection
791739 : 0x2dd54f5cdffbc4 : 2 : ittapi_config_apply_per_lib :  ITTAPI function not implemented: __itt_heap_record
791739 : 0x2dd54f5ce004ac : 2 : ittapi_config_apply_per_lib :  ITTAPI function not implemented: __itt_id_create
791739 : 0x2dd54f5ce02888 : 2 : ittapi_config_apply_per_lib :  ITTAPI function not implemented: __itt_id_destroy
791739 : 0x2dd54f5ce030f6 : 2 : ittapi_config_apply_per_lib :  ITTAPI function instrumented: __itt_get_timestamp
791739 : 0x2dd54f5ce03953 : 2 : ittapi_config_apply_per_lib :  ITTAPI function not implemented: __itt_region_begin
791739 : 0x2dd54f5ce04190 : 2 : ittapi_config_apply_per_lib :  ITTAPI function not implemented: __itt_region_end
791739 : 0x2dd54f5ce04a6d : 2 : ittapi_config_apply_per_lib :  ITTAPI function instrumented: __itt_frame_begin_v3
791739 : 0x2dd54f5ce0520f : 2 : ittapi_config_apply_per_lib :  ITTAPI function instrumented: __itt_frame_end_v3
791739 : 0x2dd54f5ce059b8 : 2 : ittapi_config_apply_per_lib :  ITTAPI function instrumented: __itt_frame_submit_v3
791739 : 0x2dd54f5ce0601e : 2 : ittapi_config_apply_per_lib :  ITTAPI function NOT instrumented (not matched by --itt-config option): __itt_task_group

791739 : 0x2dd54f5ce0671a : 2 : ittapi_config_apply_per_lib :  ITTAPI function NOT instrumented (not matched by --itt-config option): __itt_task_begin

791739 : 0x2dd54f5ce06d6f : 2 : ittapi_config_apply_per_lib :  ITTAPI function NOT instrumented (not matched by --itt-config option): __itt_task_begin_fn

791739 : 0x2dd54f5ce08c68 : 2 : ittapi_config_apply_per_lib :  ITTAPI function NOT instrumented (not matched by --itt-config option): __itt_task_end

791739 : 0x2dd54f5ce093e2 : 2 : ittapi_config_apply_per_lib :  ITTAPI function NOT instrumented (not matched by --itt-config option): __itt_counter_inc_v3

791739 : 0x2dd54f5ce09a91 : 2 : ittapi_config_apply_per_lib :  ITTAPI function NOT instrumented (not matched by --itt-config option): __itt_counter_inc_delta_v3

791739 : 0x2dd54f5ce0a0ff : 2 : ittapi_config_apply_per_lib :  ITTAPI function NOT instrumented (not matched by --itt-config option): __itt_counter_dec_v3

791739 : 0x2dd54f5ce0a7e0 : 2 : ittapi_config_apply_per_lib :  ITTAPI function NOT instrumented (not matched by --itt-config option): __itt_counter_dec_delta_v3

791739 : 0x2dd54f5ce0b098 : 2 : ittapi_config_apply_per_lib :  ITTAPI function not implemented: __itt_marker
791739 : 0x2dd54f5ce0b89d : 2 : ittapi_config_apply_per_lib :  ITTAPI function instrumented: __itt_metadata_add
791739 : 0x2dd54f5ce0c151 : 2 : ittapi_config_apply_per_lib :  ITTAPI function not implemented: __itt_metadata_str_add
791739 : 0x2dd54f5ce0c981 : 2 : ittapi_config_apply_per_lib :  ITTAPI function not implemented: __itt_relation_add_to_current
791739 : 0x2dd54f5ce0d1a7 : 2 : ittapi_config_apply_per_lib :  ITTAPI function not implemented: __itt_relation_add
791739 : 0x2dd54f5ce0f22a : 2 : ittapi_config_apply_per_lib :  ITTAPI function instrumented: __itt_event_create
791739 : 0x2dd54f5ce0f8e7 : 2 : ittapi_config_apply_per_lib :  ITTAPI function NOT instrumented (not matched by --itt-config option): __itt_event_start

791739 : 0x2dd54f5ce0ffa1 : 2 : ittapi_config_apply_per_lib :  ITTAPI function NOT instrumented (not matched by --itt-config option): __itt_event_end

791739 : 0x2dd54f5ce10628 : 2 : ittapi_config_apply_per_lib :  ITTAPI function NOT instrumented (not matched by --itt-config option): __itt_sync_set_name

791739 : 0x2dd54f5ce10cab : 2 : ittapi_config_apply_per_lib :  ITTAPI function NOT instrumented (not matched by --itt-config option): __itt_notify_sync_name

791739 : 0x2dd54f5ce11347 : 2 : ittapi_config_apply_per_lib :  ITTAPI function NOT instrumented (not matched by --itt-config option): __itt_notify_sync_prepare

791739 : 0x2dd54f5ce1198d : 2 : ittapi_config_apply_per_lib :  ITTAPI function NOT instrumented (not matched by --itt-config option): __itt_notify_sync_cancel

791739 : 0x2dd54f5ce1203d : 2 : ittapi_config_apply_per_lib :  ITTAPI function NOT instrumented (not matched by --itt-config option): __itt_notify_sync_acquired

791739 : 0x2dd54f5ce126bf : 2 : ittapi_config_apply_per_lib :  ITTAPI function NOT instrumented (not matched by --itt-config option): __itt_notify_sync_releasing

791739 : 0x2dd54f5ce12f38 : 2 : ittapi_config_apply_per_lib :  ITTAPI function not implemented: __itt_memory_read
791739 : 0x2dd54f5ce15f3d : 2 : ittapi_config_apply_per_lib :  ITTAPI function not implemented: __itt_memory_write
791739 : 0x2dd54f5ce168f0 : 2 : ittapi_config_apply_per_lib :  ITTAPI function not implemented: __itt_memory_update
791739 : 0x2dd54f5ce17112 : 2 : ittapi_config_apply_per_lib :  ITTAPI function not implemented: __itt_state_get
791739 : 0x2dd54f5ce1789d : 2 : ittapi_config_apply_per_lib :  ITTAPI function not implemented: __itt_state_set
791739 : 0x2dd54f5ce18088 : 2 : ittapi_config_apply_per_lib :  ITTAPI function not implemented: __itt_obj_mode_set
791739 : 0x2dd54f5ce18875 : 2 : ittapi_config_apply_per_lib :  ITTAPI function not implemented: __itt_thr_mode_set
791739 : 0x2dd54f5ce19010 : 2 : ittapi_config_apply_per_lib :  ITTAPI function instrumented: __itt_frame_create
791739 : 0x2dd54f5ce19750 : 2 : ittapi_config_apply_per_lib :  ITTAPI function instrumented: __itt_pt_region_create
791739 : 0x2dd54f5ce19f15 : 2 : ittapi_config_apply_per_lib :  ITTAPI function instrumented: __itt_frame_begin
791739 : 0x2dd54f5ce1a775 : 2 : ittapi_config_apply_per_lib :  ITTAPI function instrumented: __itt_frame_end
791739 : 0x2dd54f5ce1c794 : 2 : ittapi_config_apply_per_lib :  ITTAPI function NOT instrumented (not matched by --itt-config option): __itt_counter_destroy

791739 : 0x2dd54f5ce1cedf : 2 : ittapi_config_apply_per_lib :  ITTAPI function NOT instrumented (not matched by --itt-config option): __itt_counter_inc

791739 : 0x2dd54f5ce1d558 : 2 : ittapi_config_apply_per_lib :  ITTAPI function NOT instrumented (not matched by --itt-config option): __itt_counter_inc_delta

791739 : 0x2dd54f5ce1dcf2 : 2 : ittapi_config_apply_per_lib :  ITTAPI function NOT instrumented (not matched by --itt-config option): __itt_counter_dec

791739 : 0x2dd54f5ce1e38f : 2 : ittapi_config_apply_per_lib :  ITTAPI function NOT instrumented (not matched by --itt-config option): __itt_counter_dec_delta

791739 : 0x2dd54f5ce1e9b3 : 2 : ittapi_config_apply_per_lib :  ITTAPI function NOT instrumented (not matched by --itt-config option): __itt_counter_set_value

791739 : 0x2dd54f5ce1f07c : 2 : ittapi_config_apply_per_lib :  ITTAPI function NOT instrumented (not matched by --itt-config option): __itt_counter_set_value_ex

791739 : 0x2dd54f5ce1f8f5 : 2 : ittapi_config_apply_per_lib :  ITTAPI function not implemented: __itt_mark_create
791739 : 0x2dd54f5ce20300 : 2 : ittapi_config_apply_per_lib :  ITTAPI function not implemented: __itt_mark
791739 : 0x2dd54f5ce20c22 : 2 : ittapi_config_apply_per_lib :  ITTAPI function not implemented: __itt_mark_off
791739 : 0x2dd54f5ce22ccd : 2 : ittapi_config_apply_per_lib :  ITTAPI function not implemented: __itt_mark_global
791739 : 0x2dd54f5ce23527 : 2 : ittapi_config_apply_per_lib :  ITTAPI function not implemented: __itt_mark_global_off
791739 : 0x2dd54f5ce23c87 : 2 : ittapi_config_apply_per_lib :  ITTAPI function NOT instrumented (not matched by --itt-config option): __itt_stack_caller_create

791739 : 0x2dd54f5ce242f6 : 2 : ittapi_config_apply_per_lib :  ITTAPI function NOT instrumented (not matched by --itt-config option): __itt_stack_caller_destroy

791739 : 0x2dd54f5ce24a98 : 2 : ittapi_config_apply_per_lib :  ITTAPI function NOT instrumented (not matched by --itt-config option): __itt_stack_callee_enter

791739 : 0x2dd54f5ce2512a : 2 : ittapi_config_apply_per_lib :  ITTAPI function NOT instrumented (not matched by --itt-config option): __itt_stack_callee_leave

791739 : 0x2dd54f5ce2589e : 2 : ittapi_config_apply_per_lib :  ITTAPI function not implemented: __itt_clock_domain_create
791739 : 0x2dd54f5ce260ed : 2 : ittapi_config_apply_per_lib :  ITTAPI function not implemented: __itt_clock_domain_reset
791739 : 0x2dd54f5ce26905 : 2 : ittapi_config_apply_per_lib :  ITTAPI function not implemented: __itt_id_create_ex
791739 : 0x2dd54f5ce270b9 : 2 : ittapi_config_apply_per_lib :  ITTAPI function not implemented: __itt_id_destroy_ex
791739 : 0x2dd54f5ce29ea8 : 2 : ittapi_config_apply_per_lib :  ITTAPI function NOT instrumented (not matched by --itt-config option): __itt_task_begin_ex

791739 : 0x2dd54f5ce2a5f9 : 2 : ittapi_config_apply_per_lib :  ITTAPI function NOT instrumented (not matched by --itt-config option): __itt_task_begin_fn_ex

791739 : 0x2dd54f5ce2ac26 : 2 : ittapi_config_apply_per_lib :  ITTAPI function NOT instrumented (not matched by --itt-config option): __itt_task_end_ex

791739 : 0x2dd54f5ce2b272 : 2 : ittapi_config_apply_per_lib :  ITTAPI function NOT instrumented (not matched by --itt-config option): __itt_task_begin_overlapped

791739 : 0x2dd54f5ce2b8c5 : 2 : ittapi_config_apply_per_lib :  ITTAPI function NOT instrumented (not matched by --itt-config option): __itt_task_begin_overlapped_ex

791739 : 0x2dd54f5ce2bed4 : 2 : ittapi_config_apply_per_lib :  ITTAPI function NOT instrumented (not matched by --itt-config option): __itt_task_end_overlapped

791739 : 0x2dd54f5ce2c4c3 : 2 : ittapi_config_apply_per_lib :  ITTAPI function NOT instrumented (not matched by --itt-config option): __itt_task_end_overlapped_ex

791739 : 0x2dd54f5ce2cd8a : 2 : ittapi_config_apply_per_lib :  ITTAPI function not implemented: __itt_marker_ex
791739 : 0x2dd54f5ce2d657 : 2 : ittapi_config_apply_per_lib :  ITTAPI function not implemented: __itt_metadata_add_with_scope
791739 : 0x2dd54f5ce2de81 : 2 : ittapi_config_apply_per_lib :  ITTAPI function not implemented: __itt_metadata_str_add_with_scope
791739 : 0x2dd54f5ce2ff88 : 2 : ittapi_config_apply_per_lib :  ITTAPI function not implemented: __itt_relation_add_to_current_ex
791739 : 0x2dd54f5ce3090d : 2 : ittapi_config_apply_per_lib :  ITTAPI function not implemented: __itt_relation_add_ex
791739 : 0x2dd54f5ce31111 : 2 : ittapi_config_apply_per_lib :  ITTAPI function not implemented: __itt_track_group_create
791739 : 0x2dd54f5ce3187c : 2 : ittapi_config_apply_per_lib :  ITTAPI function not implemented: __itt_track_create
791739 : 0x2dd54f5ce320b0 : 2 : ittapi_config_apply_per_lib :  ITTAPI function not implemented: __itt_set_track
791739 : 0x2dd54f5ce3283a : 2 : ittapi_config_apply_per_lib :  ITTAPI function instrumented: __itt_api_version
791739 : 0x2dd54f5ce3302c : 2 : ittapi_config_apply_per_lib :  ITTAPI function not implemented: __itt_av_save
791739 : 0x2dd54f5ce337e8 : 2 : ittapi_config_apply_per_lib :  ITTAPI function instrumented: __itt_module_load
791739 : 0x2dd54f5ce34015 : 2 : ittapi_config_apply_per_lib :  ITTAPI function not implemented: __itt_module_unload