mkdir -p build/off
g++ -I577262-FPI-Relatorio2 -DBENCHMARK_SIMD_BUILD=\"off\" '-DBENCHMARK_BUILD_FLAGS="-O3 -Wall -Wextra -std=c++17 -fopenmp -ffp-contract=off -DOMP_EXPLICIT_SIMD=0 -fno-tree-vectorize"' -O3 -Wall -Wextra -std=c++17 -fopenmp -ffp-contract=off -DOMP_EXPLICIT_SIMD=0 -fno-tree-vectorize -MMD -MP -c 577262-FPI-Relatorio2/generate_images.cpp -o build/off/generate_images.o
g++ -fopenmp build/off/generate_images.o  -o build/off/generate_controls
Gerando controles determinísticos em 6000x6000
Criado: "images/controls/control_smooth_6000x6000.png"
Criado: "images/controls/control_noise_6000x6000.png"
Criado: "images/controls/control_half_noise_6000x6000.png"
Criado: "images/controls/control_bands_256_6000x6000.png"
Executando controle sem VTune...
Controle sem VTune concluído.
Elapsed Time: 6.750s
    CPU Time: 65.692s
        Effective Time: 65.692s
            Idle: 0.010s
            Poor: 65.682s
            Ok: 0s
            Ideal: 0s
            Over: 0s
        Spin Time: 0s
        Overhead Time: 0s
    Instructions Retired: 359,881,000,000
    Microarchitecture Usage: 61.4% of Pipeline Slots
        CPI Rate: 0.477
    Total Thread Count: 20
    Paused Time: 0s

Top Hotspots
Function                                           Module           CPU Time
-------------------------------------------------  ---------------  --------
apply_varying_window_gaussian_denoising._omp_fn.0  image_benchmark   35.853s
compute_sobel_detail_map._omp_fn.0                 image_benchmark   23.595s
roundf                                             libm.so.6          1.664s
clear_page_erms                                    vmlinux            1.143s
_Z10hash_imageB5cxx11RK10ImageState                image_benchmark    0.827s
[Others]                                           N/A                2.611s
Effective Physical Core Utilization: 47.5% (9.496 out of 20)
 | The metric value is low, which may signal a poor physical CPU cores
 | utilization caused by:
 |     - load imbalance
 |     - threading runtime overhead
 |     - contended synchronization
 |     - thread/process underutilization
 |     - incorrect affinity that utilizes logical cores instead of physical
 |       cores
 | Explore sub-metrics to estimate the efficiency of MPI and OpenMP parallelism
 | or run the Locks and Waits analysis to identify parallel bottlenecks for
 | other parallel runtimes.
 |
    Effective Logical Core Utilization: 24.3% (9.732 out of 40)
     | The metric value is low, which may signal a poor logical CPU cores
     | utilization. Consider improving physical core utilization as the first
     | step and then look at opportunities to utilize logical cores, which in
     | some cases can improve processor throughput and overall performance of
     | multi-threaded applications.
     |
Collection and Platform Info
    Application Command Line: build/omp-avx2/image_benchmark "--image" "images/rain_paisage.jpg" "/tmp/vtune_benchmark.csv" "--operations" "adaptive" "--run-id" "vtune-hotspots-omp-avx2" "--repeat" "0" "--warmup" 
    Operating System: 6.1.0-45-amd64 12.15
    Computer Name: hype5
    Result Size: 31.0 MB 
    Collection start time: 15:47:47 21/09/2026 UTC
    Collection stop time: 15:47:54 21/09/2026 UTC
    Collector Type: Driverless Perf per-process sampling
    CPU
        Name: Intel(R) Xeon(R) E5/E7 v3 Processor code named Haswell
        Frequency: 2.295 GHz 
        Logical CPU Count: 40
        Cache Allocation Technology
            Level 2 capability: not detected
            Level 3 capability: not detected

If you want to skip descriptions of detected performance issues in the report,
enter: vtune -report summary -report-knob show-issues=false -r <my_result_dir>.
Alternatively, you may view the report in the csv format: vtune -report
<report_name> -format=csv.
Coleta salva em resultados_vtune/00_adaptive_dynamic4_hotspots
Elapsed Time: 8.492s
    CPU Time: 69.029s
        Effective Time: 69.029s
            Idle: 0.050s
            Poor: 68.979s
            Ok: 0s
            Ideal: 0s
            Over: 0s
        Spin Time: 0s
        Overhead Time: 0s
    Instructions Retired: 359,766,000,000
    Microarchitecture Usage: 63.4% of Pipeline Slots
        CPI Rate: 0.505
    Total Thread Count: 20
    Paused Time: 0s

Top Hotspots
Function                                           Module           CPU Time
-------------------------------------------------  ---------------  --------
apply_varying_window_gaussian_denoising._omp_fn.0  image_benchmark   35.988s
compute_sobel_detail_map._omp_fn.0                 image_benchmark   27.012s
roundf                                             libm.so.6          1.659s
clear_page_erms                                    vmlinux            0.942s
_Z10hash_imageB5cxx11RK10ImageState                image_benchmark    0.827s
[Others]                                           N/A                2.601s
Effective Physical Core Utilization: 36.3% (7.264 out of 20)
 | The metric value is low, which may signal a poor physical CPU cores
 | utilization caused by:
 |     - load imbalance
 |     - threading runtime overhead
 |     - contended synchronization
 |     - thread/process underutilization
 |     - incorrect affinity that utilizes logical cores instead of physical
 |       cores
 | Explore sub-metrics to estimate the efficiency of MPI and OpenMP parallelism
 | or run the Locks and Waits analysis to identify parallel bottlenecks for
 | other parallel runtimes.
 |
    Effective Logical Core Utilization: 20.3% (8.129 out of 40)
     | The metric value is low, which may signal a poor logical CPU cores
     | utilization. Consider improving physical core utilization as the first
     | step and then look at opportunities to utilize logical cores, which in
     | some cases can improve processor throughput and overall performance of
     | multi-threaded applications.
     |
Collection and Platform Info
    Application Command Line: build/omp-avx2/image_benchmark "--image" "images/rain_paisage.jpg" "/tmp/vtune_benchmark.csv" "--operations" "adaptive" "--run-id" "vtune-hotspots-omp-avx2" "--repeat" "0" "--warmup" 
    Operating System: 6.1.0-45-amd64 12.15
    Computer Name: hype5
    Result Size: 30.8 MB 
    Collection start time: 15:48:00 21/09/2026 UTC
    Collection stop time: 15:48:09 21/09/2026 UTC
    Collector Type: Driverless Perf per-process sampling
    CPU
        Name: Intel(R) Xeon(R) E5/E7 v3 Processor code named Haswell
        Frequency: 2.295 GHz 
        Logical CPU Count: 40
        Cache Allocation Technology
            Level 2 capability: not detected
            Level 3 capability: not detected

If you want to skip descriptions of detected performance issues in the report,
enter: vtune -report summary -report-knob show-issues=false -r <my_result_dir>.
Alternatively, you may view the report in the csv format: vtune -report
<report_name> -format=csv.
Coleta salva em resultados_vtune/01_adaptive_static_hotspots
Elapsed Time: 7.115s
    CPU Time: 64.329s
        Effective Time: 64.329s
            Idle: 0.045s
            Poor: 64.284s
            Ok: 0s
            Ideal: 0s
            Over: 0s
        Spin Time: 0s
        Overhead Time: 0s
    Instructions Retired: 359,777,500,000
    Microarchitecture Usage: 61.6% of Pipeline Slots
        CPI Rate: 0.469
    Total Thread Count: 20
    Paused Time: 0s

Top Hotspots
Function                                           Module           CPU Time
-------------------------------------------------  ---------------  --------
apply_varying_window_gaussian_denoising._omp_fn.0  image_benchmark   35.307s
compute_sobel_detail_map._omp_fn.0                 image_benchmark   23.003s
roundf                                             libm.so.6          1.468s
clear_page_erms                                    vmlinux            0.917s
_Z10hash_imageB5cxx11RK10ImageState                image_benchmark    0.802s
[Others]                                           N/A                2.832s
Effective Physical Core Utilization: 44.8% (8.959 out of 20)
 | The metric value is low, which may signal a poor physical CPU cores
 | utilization caused by:
 |     - load imbalance
 |     - threading runtime overhead
 |     - contended synchronization
 |     - thread/process underutilization
 |     - incorrect affinity that utilizes logical cores instead of physical
 |       cores
 | Explore sub-metrics to estimate the efficiency of MPI and OpenMP parallelism
 | or run the Locks and Waits analysis to identify parallel bottlenecks for
 | other parallel runtimes.
 |
    Effective Logical Core Utilization: 22.6% (9.042 out of 40)
     | The metric value is low, which may signal a poor logical CPU cores
     | utilization. Consider improving physical core utilization as the first
     | step and then look at opportunities to utilize logical cores, which in
     | some cases can improve processor throughput and overall performance of
     | multi-threaded applications.
     |
Collection and Platform Info
    Application Command Line: build/omp-avx2/image_benchmark "--image" "images/rain_paisage.jpg" "/tmp/vtune_benchmark.csv" "--operations" "adaptive" "--run-id" "vtune-hotspots-omp-avx2" "--repeat" "0" "--warmup" 
    Operating System: 6.1.0-45-amd64 12.15
    Computer Name: hype5
    Result Size: 30.6 MB 
    Collection start time: 15:48:15 21/09/2026 UTC
    Collection stop time: 15:48:22 21/09/2026 UTC
    Collector Type: Driverless Perf per-process sampling
    CPU
        Name: Intel(R) Xeon(R) E5/E7 v3 Processor code named Haswell
        Frequency: 2.295 GHz 
        Logical CPU Count: 40
        Cache Allocation Technology
            Level 2 capability: not detected
            Level 3 capability: not detected

If you want to skip descriptions of detected performance issues in the report,
enter: vtune -report summary -report-knob show-issues=false -r <my_result_dir>.
Alternatively, you may view the report in the csv format: vtune -report
<report_name> -format=csv.
Coleta salva em resultados_vtune/02_adaptive_dynamic256_hotspots
mkdir -p build/off-avx2
g++ -I577262-FPI-Relatorio2 -DBENCHMARK_SIMD_BUILD=\"off-avx2\" '-DBENCHMARK_BUILD_FLAGS="-O3 -Wall -Wextra -std=c++17 -fopenmp -ffp-contract=off -g -DOMP_EXPLICIT_SIMD=0 -fno-tree-vectorize -march=haswell"' -O3 -Wall -Wextra -std=c++17 -fopenmp -ffp-contract=off -g -DOMP_EXPLICIT_SIMD=0 -fno-tree-vectorize -march=haswell  -MMD -MP -c 577262-FPI-Relatorio2/image_manipulation.cpp -o build/off-avx2/image_manipulation.o
g++ -I577262-FPI-Relatorio2 -DBENCHMARK_SIMD_BUILD=\"off-avx2\" '-DBENCHMARK_BUILD_FLAGS="-O3 -Wall -Wextra -std=c++17 -fopenmp -ffp-contract=off -g -DOMP_EXPLICIT_SIMD=0 -fno-tree-vectorize -march=haswell"' -O3 -Wall -Wextra -std=c++17 -fopenmp -ffp-contract=off -g -DOMP_EXPLICIT_SIMD=0 -fno-tree-vectorize -march=haswell  -MMD -MP -c 577262-FPI-Relatorio2/layout_benchmark.cpp -o build/off-avx2/layout_benchmark.o
g++ -fopenmp build/off-avx2/image_manipulation.o build/off-avx2/layout_benchmark.o  -o build/off-avx2/layout_benchmark
Elapsed Time: 4.407s
    CPU Time: 41.746s
        Effective Time: 41.741s
            Idle: 0.010s
            Poor: 41.731s
            Ok: 0s
            Ideal: 0s
            Over: 0s
        Spin Time: 0.005s
        Overhead Time: 0s
    Instructions Retired: 200,008,000,000
    Microarchitecture Usage: 55.6% of Pipeline Slots
        CPI Rate: 0.546
    Total Thread Count: 20
    Paused Time: 0s

Top Hotspots
Function                                             Module            CPU Time
---------------------------------------------------  ----------------  --------
apply_gray_scale_inplace._omp_fn.0                   layout_benchmark   18.347s
grayscale_planar._omp_fn.0                           layout_benchmark   14.534s
func@0x1f784                                         libgomp.so.1.0.0    6.049s
stbi__parse_zlib                                     layout_benchmark    0.917s
_Z24apply_gray_scale_inplaceR10ImageState._omp_fn.0  layout_benchmark    0.356s
[Others]                                             N/A                 1.544s
Effective Physical Core Utilization: 44.4% (8.877 out of 20)
 | The metric value is low, which may signal a poor physical CPU cores
 | utilization caused by:
 |     - load imbalance
 |     - threading runtime overhead
 |     - contended synchronization
 |     - thread/process underutilization
 |     - incorrect affinity that utilizes logical cores instead of physical
 |       cores
 | Explore sub-metrics to estimate the efficiency of MPI and OpenMP parallelism
 | or run the Locks and Waits analysis to identify parallel bottlenecks for
 | other parallel runtimes.
 |
    Effective Logical Core Utilization: 23.7% (9.471 out of 40)
     | The metric value is low, which may signal a poor logical CPU cores
     | utilization. Consider improving physical core utilization as the first
     | step and then look at opportunities to utilize logical cores, which in
     | some cases can improve processor throughput and overall performance of
     | multi-threaded applications.
     |
Collection and Platform Info
    Application Command Line: build/off-avx2/layout_benchmark "--image" "images/6000x6000.png" "/tmp/vtune_layout.csv" "--operation" "Grayscale" "--run-id" "vtune-layout-Grayscale-off-avx2" "--repeat" "0" "--profile-iterations" "100" "--warmup" 
    Operating System: 6.1.0-45-amd64 12.15
    Computer Name: hype5
    Result Size: 17.7 MB 
    Collection start time: 15:48:39 21/09/2026 UTC
    Collection stop time: 15:48:44 21/09/2026 UTC
    Collector Type: Driverless Perf per-process sampling
    CPU
        Name: Intel(R) Xeon(R) E5/E7 v3 Processor code named Haswell
        Frequency: 2.295 GHz 
        Logical CPU Count: 40
        Cache Allocation Technology
            Level 2 capability: not detected
            Level 3 capability: not detected

If you want to skip descriptions of detected performance issues in the report,
enter: vtune -report summary -report-knob show-issues=false -r <my_result_dir>.
Alternatively, you may view the report in the csv format: vtune -report
<report_name> -format=csv.
Coleta salva em resultados_vtune/03_grayscale_off_avx2_hotspots
g++ -I577262-FPI-Relatorio2 -DBENCHMARK_SIMD_BUILD=\"omp-avx2\" '-DBENCHMARK_BUILD_FLAGS="-O3 -Wall -Wextra -std=c++17 -fopenmp -ffp-contract=off -g -DOMP_EXPLICIT_SIMD=1 -march=haswell"' -O3 -Wall -Wextra -std=c++17 -fopenmp -ffp-contract=off -g -DOMP_EXPLICIT_SIMD=1 -march=haswell -fopt-info-vec-optimized=build/omp-avx2/vectorization-core.log -MMD -MP -c 577262-FPI-Relatorio2/layout_benchmark.cpp -o build/omp-avx2/layout_benchmark.o
g++ -fopenmp build/omp-avx2/image_manipulation.o build/omp-avx2/layout_benchmark.o  -o build/omp-avx2/layout_benchmark
Elapsed Time: 4.528s
    CPU Time: 46.843s
        Effective Time: 46.843s
            Idle: 0.005s
            Poor: 46.838s
            Ok: 0s
            Ideal: 0s
            Over: 0s
        Spin Time: 0s
        Overhead Time: 0s
    Instructions Retired: 197,225,000,000
    Microarchitecture Usage: 61.2% of Pipeline Slots
        CPI Rate: 0.621
    Total Thread Count: 20
    Paused Time: 0s

Top Hotspots
Function                                             Module            CPU Time
---------------------------------------------------  ----------------  --------
apply_gray_scale_inplace._omp_fn.0                   layout_benchmark   22.392s
grayscale_planar._omp_fn.0                           layout_benchmark   17.510s
func@0x1f784                                         libgomp.so.1.0.0    4.155s
stbi__parse_zlib                                     layout_benchmark    0.912s
_Z24apply_gray_scale_inplaceR10ImageState._omp_fn.0  layout_benchmark    0.381s
[Others]                                             N/A                 1.493s
Effective Physical Core Utilization: 38.4% (7.680 out of 20)
 | The metric value is low, which may signal a poor physical CPU cores
 | utilization caused by:
 |     - load imbalance
 |     - threading runtime overhead
 |     - contended synchronization
 |     - thread/process underutilization
 |     - incorrect affinity that utilizes logical cores instead of physical
 |       cores
 | Explore sub-metrics to estimate the efficiency of MPI and OpenMP parallelism
 | or run the Locks and Waits analysis to identify parallel bottlenecks for
 | other parallel runtimes.
 |
    Effective Logical Core Utilization: 25.9% (10.346 out of 40)
     | The metric value is low, which may signal a poor logical CPU cores
     | utilization. Consider improving physical core utilization as the first
     | step and then look at opportunities to utilize logical cores, which in
     | some cases can improve processor throughput and overall performance of
     | multi-threaded applications.
     |
Collection and Platform Info
    Application Command Line: build/omp-avx2/layout_benchmark "--image" "images/6000x6000.png" "/tmp/vtune_layout.csv" "--operation" "Grayscale" "--run-id" "vtune-layout-Grayscale-omp-avx2" "--repeat" "0" "--profile-iterations" "100" "--warmup" 
    Operating System: 6.1.0-45-amd64 12.15
    Computer Name: hype5
    Result Size: 17.5 MB 
    Collection start time: 15:48:53 21/09/2026 UTC
    Collection stop time: 15:48:57 21/09/2026 UTC
    Collector Type: Driverless Perf per-process sampling
    CPU
        Name: Intel(R) Xeon(R) E5/E7 v3 Processor code named Haswell
        Frequency: 2.295 GHz 
        Logical CPU Count: 40
        Cache Allocation Technology
            Level 2 capability: not detected
            Level 3 capability: not detected

If you want to skip descriptions of detected performance issues in the report,
enter: vtune -report summary -report-knob show-issues=false -r <my_result_dir>.
Alternatively, you may view the report in the csv format: vtune -report
<report_name> -format=csv.
Coleta salva em resultados_vtune/04_grayscale_omp_avx2_hotspots
Elapsed Time: 7.288s
    CPU Time: 87.277s
        Effective Time: 87.277s
            Idle: 0.005s
            Poor: 87.272s
            Ok: 0s
            Ideal: 0s
            Over: 0s
        Spin Time: 0s
        Overhead Time: 0s
    Instructions Retired: 475,042,000,000
    Microarchitecture Usage: 67.6% of Pipeline Slots
        CPI Rate: 0.480
    Total Thread Count: 20
    Paused Time: 0s

Top Hotspots
Function                              Module            CPU Time
------------------------------------  ----------------  --------
gaussian_11_aos._omp_fn.0             layout_benchmark   33.076s
gaussian_11_planar._omp_fn.0          layout_benchmark   31.137s
apply_11_by_11_convolution._omp_fn.0  layout_benchmark   14.498s
roundf                                libm.so.6           1.834s
gaussian_11_vertical_pass._omp_fn.0   layout_benchmark    1.498s
[Others]                              N/A                 5.232s
Effective Physical Core Utilization: 55.1% (11.012 out of 20)
 | The metric value is low, which may signal a poor physical CPU cores
 | utilization caused by:
 |     - load imbalance
 |     - threading runtime overhead
 |     - contended synchronization
 |     - thread/process underutilization
 |     - incorrect affinity that utilizes logical cores instead of physical
 |       cores
 | Explore sub-metrics to estimate the efficiency of MPI and OpenMP parallelism
 | or run the Locks and Waits analysis to identify parallel bottlenecks for
 | other parallel runtimes.
 |
    Effective Logical Core Utilization: 29.9% (11.976 out of 40)
     | The metric value is low, which may signal a poor logical CPU cores
     | utilization. Consider improving physical core utilization as the first
     | step and then look at opportunities to utilize logical cores, which in
     | some cases can improve processor throughput and overall performance of
     | multi-threaded applications.
     |
Collection and Platform Info
    Application Command Line: build/off-avx2/layout_benchmark "--image" "images/6000x6000.png" "/tmp/vtune_layout.csv" "--operation" "Gaussian_11x11" "--run-id" "vtune-layout-Gaussian_11x11-off-avx2" "--repeat" "0" "--profile-iterations" "3" "--warmup" 
    Operating System: 6.1.0-45-amd64 12.15
    Computer Name: hype5
    Result Size: 39.6 MB 
    Collection start time: 15:49:03 21/09/2026 UTC
    Collection stop time: 15:49:10 21/09/2026 UTC
    Collector Type: Driverless Perf per-process sampling
    CPU
        Name: Intel(R) Xeon(R) E5/E7 v3 Processor code named Haswell
        Frequency: 2.295 GHz 
        Logical CPU Count: 40
        Cache Allocation Technology
            Level 2 capability: not detected
            Level 3 capability: not detected

If you want to skip descriptions of detected performance issues in the report,
enter: vtune -report summary -report-knob show-issues=false -r <my_result_dir>.
Alternatively, you may view the report in the csv format: vtune -report
<report_name> -format=csv.
Coleta salva em resultados_vtune/05_gaussian_off_avx2_hotspots
Elapsed Time: 8.841s
    CPU Time: 117.461s
        Effective Time: 117.461s
            Idle: 0.040s
            Poor: 117.421s
            Ok: 0s
            Ideal: 0s
            Over: 0s
        Spin Time: 0s
        Overhead Time: 0s
    Instructions Retired: 583,326,000,000
    Microarchitecture Usage: 56.2% of Pipeline Slots
        CPI Rate: 0.525
    Total Thread Count: 20
    Paused Time: 0s

Top Hotspots
Function                              Module            CPU Time
------------------------------------  ----------------  --------
gaussian_11_planar._omp_fn.0          layout_benchmark   63.046s
gaussian_11_aos._omp_fn.0             layout_benchmark   32.701s
apply_11_by_11_convolution._omp_fn.0  layout_benchmark   14.323s
roundf                                libm.so.6           1.659s
stbi__parse_zlib                      layout_benchmark    0.932s
[Others]                              N/A                 4.801s
Effective Physical Core Utilization: 62.5% (12.497 out of 20)
 | The metric value is low, which may signal a poor physical CPU cores
 | utilization caused by:
 |     - load imbalance
 |     - threading runtime overhead
 |     - contended synchronization
 |     - thread/process underutilization
 |     - incorrect affinity that utilizes logical cores instead of physical
 |       cores
 | Explore sub-metrics to estimate the efficiency of MPI and OpenMP parallelism
 | or run the Locks and Waits analysis to identify parallel bottlenecks for
 | other parallel runtimes.
 |
    Effective Logical Core Utilization: 33.2% (13.286 out of 40)
     | The metric value is low, which may signal a poor logical CPU cores
     | utilization. Consider improving physical core utilization as the first
     | step and then look at opportunities to utilize logical cores, which in
     | some cases can improve processor throughput and overall performance of
     | multi-threaded applications.
     |
Collection and Platform Info
    Application Command Line: build/omp-avx2/layout_benchmark "--image" "images/6000x6000.png" "/tmp/vtune_layout.csv" "--operation" "Gaussian_11x11" "--run-id" "vtune-layout-Gaussian_11x11-omp-avx2" "--repeat" "0" "--profile-iterations" "3" "--warmup" 
    Operating System: 6.1.0-45-amd64 12.15
    Computer Name: hype5
    Result Size: 53.2 MB 
    Collection start time: 15:49:17 21/09/2026 UTC
    Collection stop time: 15:49:26 21/09/2026 UTC
    Collector Type: Driverless Perf per-process sampling
    CPU
        Name: Intel(R) Xeon(R) E5/E7 v3 Processor code named Haswell
        Frequency: 2.295 GHz 
        Logical CPU Count: 40
        Cache Allocation Technology
            Level 2 capability: not detected
            Level 3 capability: not detected

If you want to skip descriptions of detected performance issues in the report,
enter: vtune -report summary -report-knob show-issues=false -r <my_result_dir>.
Alternatively, you may view the report in the csv format: vtune -report
<report_name> -format=csv.
Coleta salva em resultados_vtune/06_gaussian_omp_avx2_hotspots
g++ -I577262-FPI-Relatorio2 -DBENCHMARK_SIMD_BUILD=\"off-avx2\" '-DBENCHMARK_BUILD_FLAGS="-O3 -Wall -Wextra -std=c++17 -fopenmp -ffp-contract=off -g -DOMP_EXPLICIT_SIMD=0 -fno-tree-vectorize -march=haswell"' -O3 -Wall -Wextra -std=c++17 -fopenmp -ffp-contract=off -g -DOMP_EXPLICIT_SIMD=0 -fno-tree-vectorize -march=haswell -MMD -MP -c 577262-FPI-Relatorio2/benchmark_runner.cpp -o build/off-avx2/benchmark_runner.o
g++ -fopenmp build/off-avx2/image_manipulation.o build/off-avx2/benchmark_runner.o  -o build/off-avx2/image_benchmark
Elapsed Time: 4.026s
    CPU Time: 34.770s
        Effective Time: 34.770s
            Idle: 0.010s
            Poor: 34.760s
            Ok: 0s
            Ideal: 0s
            Over: 0s
        Spin Time: 0s
        Overhead Time: 0s
    Instructions Retired: 142,818,500,000
    Microarchitecture Usage: 48.4% of Pipeline Slots
     | You code efficiency on this platform is too low.
     | 
     | Possible cause: memory stalls, instruction starvation, branch
     | misprediction or long latency instructions.
     | 
     | Next steps: Run Microarchitecture Exploration analysis to identify the
     | cause of the low microarchitecture usage efficiency.
     |
        CPI Rate: 0.639
    Total Thread Count: 20
    Paused Time: 0s

Top Hotspots
Function                           Module            CPU Time
---------------------------------  ----------------  --------
zoom_in_image_to_buffer._omp_fn.2  image_benchmark    12.394s
zoom_in_image_to_buffer._omp_fn.0  image_benchmark     8.966s
zoom_in_image_to_buffer._omp_fn.1  image_benchmark     8.019s
func@0x1f784                       libgomp.so.1.0.0    2.626s
stbi__parse_zlib                   image_benchmark     0.937s
[Others]                           N/A                 1.829s
Effective Physical Core Utilization: 33.7% (6.731 out of 20)
 | The metric value is low, which may signal a poor physical CPU cores
 | utilization caused by:
 |     - load imbalance
 |     - threading runtime overhead
 |     - contended synchronization
 |     - thread/process underutilization
 |     - incorrect affinity that utilizes logical cores instead of physical
 |       cores
 | Explore sub-metrics to estimate the efficiency of MPI and OpenMP parallelism
 | or run the Locks and Waits analysis to identify parallel bottlenecks for
 | other parallel runtimes.
 |
    Effective Logical Core Utilization: 21.6% (8.636 out of 40)
     | The metric value is low, which may signal a poor logical CPU cores
     | utilization. Consider improving physical core utilization as the first
     | step and then look at opportunities to utilize logical cores, which in
     | some cases can improve processor throughput and overall performance of
     | multi-threaded applications.
     |
Collection and Platform Info
    Application Command Line: build/off-avx2/image_benchmark "--image" "images/6000x6000.png" "/tmp/vtune_benchmark.csv" "--operations" "Zoom_In" "--run-id" "vtune-hotspots-off-avx2" "--repeat" "0" "--warmup" "--profile-iterations" "50" 
    Operating System: 6.1.0-45-amd64 12.15
    Computer Name: hype5
    Result Size: 13.7 MB 
    Collection start time: 15:49:37 21/09/2026 UTC
    Collection stop time: 15:49:41 21/09/2026 UTC
    Collector Type: Driverless Perf per-process sampling
    CPU
        Name: Intel(R) Xeon(R) E5/E7 v3 Processor code named Haswell
        Frequency: 2.295 GHz 
        Logical CPU Count: 40
        Cache Allocation Technology
            Level 2 capability: not detected
            Level 3 capability: not detected

If you want to skip descriptions of detected performance issues in the report,
enter: vtune -report summary -report-knob show-issues=false -r <my_result_dir>.
Alternatively, you may view the report in the csv format: vtune -report
<report_name> -format=csv.
Coleta salva em resultados_vtune/07_zoom_off_avx2_hotspots
Elapsed Time: 3.874s
    CPU Time: 33.477s
        Effective Time: 33.472s
            Idle: 0.005s
            Poor: 33.467s
            Ok: 0s
            Ideal: 0s
            Over: 0s
        Spin Time: 0.005s
        Overhead Time: 0s
    Instructions Retired: 77,855,000,000
    Microarchitecture Usage: 22.4% of Pipeline Slots
     | You code efficiency on this platform is too low.
     | 
     | Possible cause: memory stalls, instruction starvation, branch
     | misprediction or long latency instructions.
     | 
     | Next steps: Run Microarchitecture Exploration analysis to identify the
     | cause of the low microarchitecture usage efficiency.
     |
        CPI Rate: 1.126
         | The CPI may be too high. This could be caused by issues such as
         | memory stalls, instruction starvation, branch misprediction or long
         | latency instructions. Explore the other hardware-related metrics to
         | identify what is causing high CPI.
         |
    Total Thread Count: 20
    Paused Time: 0s

Top Hotspots
Function                           Module            CPU Time
---------------------------------  ----------------  --------
zoom_in_image_to_buffer._omp_fn.2  image_benchmark    11.216s
zoom_in_image_to_buffer._omp_fn.0  image_benchmark     8.700s
zoom_in_image_to_buffer._omp_fn.1  image_benchmark     7.367s
func@0x1f784                       libgomp.so.1.0.0    3.488s
stbi__parse_zlib                   image_benchmark     0.962s
[Others]                           N/A                 1.744s
Effective Physical Core Utilization: 42.2% (8.445 out of 20)
 | The metric value is low, which may signal a poor physical CPU cores
 | utilization caused by:
 |     - load imbalance
 |     - threading runtime overhead
 |     - contended synchronization
 |     - thread/process underutilization
 |     - incorrect affinity that utilizes logical cores instead of physical
 |       cores
 | Explore sub-metrics to estimate the efficiency of MPI and OpenMP parallelism
 | or run the Locks and Waits analysis to identify parallel bottlenecks for
 | other parallel runtimes.
 |
    Effective Logical Core Utilization: 21.6% (8.639 out of 40)
     | The metric value is low, which may signal a poor logical CPU cores
     | utilization. Consider improving physical core utilization as the first
     | step and then look at opportunities to utilize logical cores, which in
     | some cases can improve processor throughput and overall performance of
     | multi-threaded applications.
     |
Collection and Platform Info
    Application Command Line: build/omp-avx2/image_benchmark "--image" "images/6000x6000.png" "/tmp/vtune_benchmark.csv" "--operations" "Zoom_In" "--run-id" "vtune-hotspots-omp-avx2" "--repeat" "0" "--warmup" "--profile-iterations" "50" 
    Operating System: 6.1.0-45-amd64 12.15
    Computer Name: hype5
    Result Size: 11.9 MB 
    Collection start time: 15:49:46 21/09/2026 UTC
    Collection stop time: 15:49:50 21/09/2026 UTC
    Collector Type: Driverless Perf per-process sampling
    CPU
        Name: Intel(R) Xeon(R) E5/E7 v3 Processor code named Haswell
        Frequency: 2.295 GHz 
        Logical CPU Count: 40
        Cache Allocation Technology
            Level 2 capability: not detected
            Level 3 capability: not detected

If you want to skip descriptions of detected performance issues in the report,
enter: vtune -report summary -report-knob show-issues=false -r <my_result_dir>.
Alternatively, you may view the report in the csv format: vtune -report
<report_name> -format=csv.
Coleta salva em resultados_vtune/08_zoom_omp_avx2_hotspots
Resultados VTune copiados para /home/users/efsilva/teste/INF01077/resultados_pcad_hype_vtune_823234
