mkdir -p build/off-avx2
g++ -I577262-FPI-Relatorio2 -DBENCHMARK_SIMD_BUILD=\"off-avx2\" '-DBENCHMARK_BUILD_FLAGS="-O3 -Wall -Wextra -std=c++17 -fopenmp -ffp-contract=off -DOMP_EXPLICIT_SIMD=0 -fno-tree-vectorize -march=haswell"' -O3 -Wall -Wextra -std=c++17 -fopenmp -ffp-contract=off -DOMP_EXPLICIT_SIMD=0 -fno-tree-vectorize -march=haswell   -MMD -MP -c 577262-FPI-Relatorio2/image_manipulation.cpp -o build/off-avx2/image_manipulation.o
g++ -I577262-FPI-Relatorio2 -DBENCHMARK_SIMD_BUILD=\"off-avx2\" '-DBENCHMARK_BUILD_FLAGS="-O3 -Wall -Wextra -std=c++17 -fopenmp -ffp-contract=off -DOMP_EXPLICIT_SIMD=0 -fno-tree-vectorize -march=haswell"' -O3 -Wall -Wextra -std=c++17 -fopenmp -ffp-contract=off -DOMP_EXPLICIT_SIMD=0 -fno-tree-vectorize -march=haswell -MMD -MP -c 577262-FPI-Relatorio2/benchmark_runner.cpp -o build/off-avx2/benchmark_runner.o
g++ -fopenmp build/off-avx2/image_manipulation.o build/off-avx2/benchmark_runner.o  -o build/off-avx2/image_benchmark
g++ -I577262-FPI-Relatorio2 -DBENCHMARK_SIMD_BUILD=\"off-avx2\" '-DBENCHMARK_BUILD_FLAGS="-O3 -Wall -Wextra -std=c++17 -fopenmp -ffp-contract=off -DOMP_EXPLICIT_SIMD=0 -fno-tree-vectorize -march=haswell"' -O3 -Wall -Wextra -std=c++17 -fopenmp -ffp-contract=off -DOMP_EXPLICIT_SIMD=0 -fno-tree-vectorize -march=haswell -MMD -MP -c 577262-FPI-Relatorio2/diagnostic_runner.cpp -o build/off-avx2/diagnostic_runner.o
g++ -fopenmp build/off-avx2/image_manipulation.o build/off-avx2/diagnostic_runner.o  -o build/off-avx2/diagnostic_runner
mkdir -p build/omp-avx2
g++ -I577262-FPI-Relatorio2 -DBENCHMARK_SIMD_BUILD=\"omp-avx2\" '-DBENCHMARK_BUILD_FLAGS="-O3 -Wall -Wextra -std=c++17 -fopenmp -ffp-contract=off -DOMP_EXPLICIT_SIMD=1 -march=haswell"' -O3 -Wall -Wextra -std=c++17 -fopenmp -ffp-contract=off -DOMP_EXPLICIT_SIMD=1 -march=haswell -fopt-info-vec-optimized=build/omp-avx2/vectorization-core.log  -MMD -MP -c 577262-FPI-Relatorio2/image_manipulation.cpp -o build/omp-avx2/image_manipulation.o
g++ -I577262-FPI-Relatorio2 -DBENCHMARK_SIMD_BUILD=\"omp-avx2\" '-DBENCHMARK_BUILD_FLAGS="-O3 -Wall -Wextra -std=c++17 -fopenmp -ffp-contract=off -DOMP_EXPLICIT_SIMD=1 -march=haswell"' -O3 -Wall -Wextra -std=c++17 -fopenmp -ffp-contract=off -DOMP_EXPLICIT_SIMD=1 -march=haswell -MMD -MP -c 577262-FPI-Relatorio2/benchmark_runner.cpp -o build/omp-avx2/benchmark_runner.o
g++ -fopenmp build/omp-avx2/image_manipulation.o build/omp-avx2/benchmark_runner.o  -o build/omp-avx2/image_benchmark
g++ -I577262-FPI-Relatorio2 -DBENCHMARK_SIMD_BUILD=\"omp-avx2\" '-DBENCHMARK_BUILD_FLAGS="-O3 -Wall -Wextra -std=c++17 -fopenmp -ffp-contract=off -DOMP_EXPLICIT_SIMD=1 -march=haswell"' -O3 -Wall -Wextra -std=c++17 -fopenmp -ffp-contract=off -DOMP_EXPLICIT_SIMD=1 -march=haswell -MMD -MP -c 577262-FPI-Relatorio2/diagnostic_runner.cpp -o build/omp-avx2/diagnostic_runner.o
g++ -fopenmp build/omp-avx2/image_manipulation.o build/omp-avx2/diagnostic_runner.o  -o build/omp-avx2/diagnostic_runner
make -B DEBUG=1 SIMD=off-avx2 COMPILER_DIAGNOSTICS=1 layout
make[1]: Entering directory '/home/users/efsilva/teste/INF01077'
mkdir -p build/off-avx2
g++ -I577262-FPI-Relatorio2 -DBENCHMARK_SIMD_BUILD=\"off-avx2\" '-DBENCHMARK_BUILD_FLAGS="-O3 -Wall -Wextra -std=c++17 -fopenmp -ffp-contract=off -g -DOMP_EXPLICIT_SIMD=0 -fno-tree-vectorize -march=haswell"' -O3 -Wall -Wextra -std=c++17 -fopenmp -ffp-contract=off -g -DOMP_EXPLICIT_SIMD=0 -fno-tree-vectorize -march=haswell  -fopt-info-vec-all=build/off-avx2/vectorization-core-all.log -MMD -MP -c 577262-FPI-Relatorio2/image_manipulation.cpp -o build/off-avx2/image_manipulation.o
g++ -I577262-FPI-Relatorio2 -DBENCHMARK_SIMD_BUILD=\"off-avx2\" '-DBENCHMARK_BUILD_FLAGS="-O3 -Wall -Wextra -std=c++17 -fopenmp -ffp-contract=off -g -DOMP_EXPLICIT_SIMD=0 -fno-tree-vectorize -march=haswell"' -O3 -Wall -Wextra -std=c++17 -fopenmp -ffp-contract=off -g -DOMP_EXPLICIT_SIMD=0 -fno-tree-vectorize -march=haswell  -fopt-info-vec-all=build/off-avx2/vectorization-layout-all.log -MMD -MP -c 577262-FPI-Relatorio2/layout_benchmark.cpp -o build/off-avx2/layout_benchmark.o
g++ -fopenmp build/off-avx2/image_manipulation.o build/off-avx2/layout_benchmark.o  -o build/off-avx2/layout_benchmark
make[1]: Leaving directory '/home/users/efsilva/teste/INF01077'
objdump -d -C --no-show-raw-insn build/off-avx2/layout_benchmark > build/off-avx2/layout_benchmark.asm
make -B DEBUG=1 SIMD=omp-avx2 COMPILER_DIAGNOSTICS=1 layout
make[1]: Entering directory '/home/users/efsilva/teste/INF01077'
mkdir -p build/omp-avx2
g++ -I577262-FPI-Relatorio2 -DBENCHMARK_SIMD_BUILD=\"omp-avx2\" '-DBENCHMARK_BUILD_FLAGS="-O3 -Wall -Wextra -std=c++17 -fopenmp -ffp-contract=off -g -DOMP_EXPLICIT_SIMD=1 -march=haswell"' -O3 -Wall -Wextra -std=c++17 -fopenmp -ffp-contract=off -g -DOMP_EXPLICIT_SIMD=1 -march=haswell -fopt-info-vec-optimized=build/omp-avx2/vectorization-core.log -fopt-info-vec-all=build/omp-avx2/vectorization-core-all.log -MMD -MP -c 577262-FPI-Relatorio2/image_manipulation.cpp -o build/omp-avx2/image_manipulation.o
g++ -I577262-FPI-Relatorio2 -DBENCHMARK_SIMD_BUILD=\"omp-avx2\" '-DBENCHMARK_BUILD_FLAGS="-O3 -Wall -Wextra -std=c++17 -fopenmp -ffp-contract=off -g -DOMP_EXPLICIT_SIMD=1 -march=haswell"' -O3 -Wall -Wextra -std=c++17 -fopenmp -ffp-contract=off -g -DOMP_EXPLICIT_SIMD=1 -march=haswell -fopt-info-vec-optimized=build/omp-avx2/vectorization-core.log -fopt-info-vec-all=build/omp-avx2/vectorization-layout-all.log -MMD -MP -c 577262-FPI-Relatorio2/layout_benchmark.cpp -o build/omp-avx2/layout_benchmark.o
g++ -fopenmp build/omp-avx2/image_manipulation.o build/omp-avx2/layout_benchmark.o  -o build/omp-avx2/layout_benchmark
make[1]: Leaving directory '/home/users/efsilva/teste/INF01077'
objdump -d -C --no-show-raw-insn build/omp-avx2/layout_benchmark > build/omp-avx2/layout_benchmark.asm
