hype2
Architecture:                            x86_64
CPU op-mode(s):                          32-bit, 64-bit
Address sizes:                           46 bits physical, 48 bits virtual
Byte Order:                              Little Endian
CPU(s):                                  40
On-line CPU(s) list:                     0-39
Vendor ID:                               GenuineIntel
Model name:                              Intel(R) Xeon(R) CPU E5-2650 v3 @ 2.30GHz
CPU family:                              6
Model:                                   63
Thread(s) per core:                      2
Core(s) per socket:                      10
Socket(s):                               2
Stepping:                                2
Frequency boost:                         enabled
CPU(s) scaling MHz:                      94%
CPU max MHz:                             2301.0000
CPU min MHz:                             1200.0000
BogoMIPS:                                4589.31
Flags:                                   fpu vme de pse tsc msr pae mce cx8 apic sep mtrr pge mca cmov pat pse36 clflush dts acpi mmx fxsr sse sse2 ss ht tm pbe syscall nx pdpe1gb rdtscp lm constant_tsc arch_perfmon pebs bts rep_good nopl xtopology nonstop_tsc cpuid aperfmperf pni pclmulqdq dtes64 monitor ds_cpl vmx smx est tm2 ssse3 sdbg fma cx16 xtpr pdcm pcid dca sse4_1 sse4_2 x2apic movbe popcnt tsc_deadline_timer aes xsave avx f16c rdrand lahf_lm abm cpuid_fault epb invpcid_single pti intel_ppin ssbd ibrs ibpb stibp tpr_shadow vnmi flexpriority ept vpid ept_ad fsgsbase tsc_adjust bmi1 avx2 smep bmi2 erms invpcid cqm xsaveopt cqm_llc cqm_occup_llc dtherm ida arat pln pts md_clear flush_l1d ibpb_exit_to_user
Virtualization:                          VT-x
L1d cache:                               640 KiB (20 instances)
L1i cache:                               640 KiB (20 instances)
L2 cache:                                5 MiB (20 instances)
L3 cache:                                50 MiB (2 instances)
NUMA node(s):                            2
NUMA node0 CPU(s):                       0-9,20-29
NUMA node1 CPU(s):                       10-19,30-39
Vulnerability Gather data sampling:      Not affected
Vulnerability Indirect target selection: Not affected
Vulnerability Itlb multihit:             KVM: Mitigation: VMX disabled
Vulnerability L1tf:                      Mitigation; PTE Inversion; VMX conditional cache flushes, SMT vulnerable
Vulnerability Mds:                       Mitigation; Clear CPU buffers; SMT vulnerable
Vulnerability Meltdown:                  Mitigation; PTI
Vulnerability Mmio stale data:           Mitigation; Clear CPU buffers; SMT vulnerable
Vulnerability Reg file data sampling:    Not affected
Vulnerability Retbleed:                  Not affected
Vulnerability Spec rstack overflow:      Not affected
Vulnerability Spec store bypass:         Mitigation; Speculative Store Bypass disabled via prctl
Vulnerability Spectre v1:                Mitigation; usercopy/swapgs barriers and __user pointer sanitization
Vulnerability Spectre v2:                Mitigation; Retpolines; IBPB conditional; IBRS_FW; STIBP conditional; RSB filling; PBRSB-eIBRS Not affected; BHI Not affected
Vulnerability Srbds:                     Not affected
Vulnerability Tsa:                       Not affected
Vulnerability Tsx async abort:           Not affected
Vulnerability Vmscape:                   Mitigation; IBPB before exit to userspace
VTune no PATH:
Módulo VTune selecionado: nenhum
Análises HPC e Memory Access disponíveis:
Permissão de contadores:
-1
Eventos de CPU disponíveis:
  branch-instructions OR branches                    [Hardware event]
  branch-misses                                      [Hardware event]
  bus-cycles                                         [Hardware event]
  cache-misses                                       [Hardware event]
  cache-references                                   [Hardware event]
  cpu-cycles OR cycles                               [Hardware event]
  instructions                                       [Hardware event]
  ref-cycles                                         [Hardware event]
  alignment-faults                                   [Software event]
  bpf-output                                         [Software event]
  cgroup-switches                                    [Software event]
  context-switches OR cs                             [Software event]
  cpu-clock                                          [Software event]
  cpu-migrations OR migrations                       [Software event]
  dummy                                              [Software event]
  emulation-faults                                   [Software event]
  major-faults                                       [Software event]
  minor-faults                                       [Software event]
  page-faults OR faults                              [Software event]
  task-clock                                         [Software event]
  duration_time                                      [Tool event]
  user_time                                          [Tool event]
  system_time                                        [Tool event]
  L1-dcache-load-misses                              [Hardware cache event]
  L1-dcache-loads                                    [Hardware cache event]
  L1-dcache-stores                                   [Hardware cache event]
  L1-icache-load-misses                              [Hardware cache event]
  LLC-load-misses                                    [Hardware cache event]
  LLC-loads                                          [Hardware cache event]
  LLC-store-misses                                   [Hardware cache event]
  LLC-stores                                         [Hardware cache event]
  branch-load-misses                                 [Hardware cache event]
  branch-loads                                       [Hardware cache event]
  dTLB-load-misses                                   [Hardware cache event]
  dTLB-loads                                         [Hardware cache event]
  dTLB-store-misses                                  [Hardware cache event]
  dTLB-stores                                        [Hardware cache event]
  iTLB-load-misses                                   [Hardware cache event]
  iTLB-loads                                         [Hardware cache event]
  node-load-misses                                   [Hardware cache event]
  node-loads                                         [Hardware cache event]
  node-store-misses                                  [Hardware cache event]
  node-stores                                        [Hardware cache event]
  branch-instructions OR cpu/branch-instructions/    [Kernel PMU event]
  branch-misses OR cpu/branch-misses/                [Kernel PMU event]
  bus-cycles OR cpu/bus-cycles/                      [Kernel PMU event]
  cache-misses OR cpu/cache-misses/                  [Kernel PMU event]
  cache-references OR cpu/cache-references/          [Kernel PMU event]
  cpu-cycles OR cpu/cpu-cycles/                      [Kernel PMU event]
  instructions OR cpu/instructions/                  [Kernel PMU event]
  mem-loads OR cpu/mem-loads/                        [Kernel PMU event]
  mem-stores OR cpu/mem-stores/                      [Kernel PMU event]
  ref-cycles OR cpu/ref-cycles/                      [Kernel PMU event]
  topdown-fetch-bubbles OR cpu/topdown-fetch-bubbles/ [Kernel PMU event]
  topdown-recovery-bubbles OR cpu/topdown-recovery-bubbles/ [Kernel PMU event]
  topdown-slots-issued OR cpu/topdown-slots-issued/  [Kernel PMU event]
  topdown-slots-retired OR cpu/topdown-slots-retired/ [Kernel PMU event]
  topdown-total-slots OR cpu/topdown-total-slots/    [Kernel PMU event]
  cstate_core/c3-residency/                          [Kernel PMU event]
  cstate_core/c6-residency/                          [Kernel PMU event]
  cstate_core/c7-residency/                          [Kernel PMU event]
  cstate_pkg/c2-residency/                           [Kernel PMU event]
  cstate_pkg/c3-residency/                           [Kernel PMU event]
  cstate_pkg/c6-residency/                           [Kernel PMU event]
  cstate_pkg/c7-residency/                           [Kernel PMU event]
  msr/aperf/                                         [Kernel PMU event]
  msr/cpu_thermal_margin/                            [Kernel PMU event]
  msr/mperf/                                         [Kernel PMU event]
  msr/smi/                                           [Kernel PMU event]
  msr/tsc/                                           [Kernel PMU event]
  power/energy-pkg/                                  [Kernel PMU event]
  power/energy-ram/                                  [Kernel PMU event]
  uncore_imc_0/cas_count_read/                       [Kernel PMU event]
  uncore_imc_0/cas_count_write/                      [Kernel PMU event]
  uncore_imc_0/clockticks/                           [Kernel PMU event]
  uncore_imc_1/cas_count_read/                       [Kernel PMU event]
  uncore_imc_1/cas_count_write/                      [Kernel PMU event]
  uncore_imc_1/clockticks/                           [Kernel PMU event]
  uncore_imc_4/cas_count_read/                       [Kernel PMU event]
  uncore_imc_4/cas_count_write/                      [Kernel PMU event]
