hype5
mkdir -p build/off-avx2
g++ -I577262-FPI-Relatorio2 -DBENCHMARK_SIMD_BUILD=\"off-avx2\" '-DBENCHMARK_BUILD_FLAGS="-O3 -Wall -Wextra -std=c++17 -fopenmp -ffp-contract=off -g -DOMP_EXPLICIT_SIMD=0 -fno-tree-vectorize -march=haswell"' -O3 -Wall -Wextra -std=c++17 -fopenmp -ffp-contract=off -g -DOMP_EXPLICIT_SIMD=0 -fno-tree-vectorize -march=haswell  -fopt-info-vec-all=build/off-avx2/vectorization-core-all.log -MMD -MP -c 577262-FPI-Relatorio2/image_manipulation.cpp -o build/off-avx2/image_manipulation.o
g++ -I577262-FPI-Relatorio2 -DBENCHMARK_SIMD_BUILD=\"off-avx2\" '-DBENCHMARK_BUILD_FLAGS="-O3 -Wall -Wextra -std=c++17 -fopenmp -ffp-contract=off -g -DOMP_EXPLICIT_SIMD=0 -fno-tree-vectorize -march=haswell"' -O3 -Wall -Wextra -std=c++17 -fopenmp -ffp-contract=off -g -DOMP_EXPLICIT_SIMD=0 -fno-tree-vectorize -march=haswell -MMD -MP -c 577262-FPI-Relatorio2/benchmark_runner.cpp -o build/off-avx2/benchmark_runner.o
g++ -fopenmp build/off-avx2/image_manipulation.o build/off-avx2/benchmark_runner.o  -o build/off-avx2/image_benchmark
g++ -I577262-FPI-Relatorio2 -DBENCHMARK_SIMD_BUILD=\"off-avx2\" '-DBENCHMARK_BUILD_FLAGS="-O3 -Wall -Wextra -std=c++17 -fopenmp -ffp-contract=off -g -DOMP_EXPLICIT_SIMD=0 -fno-tree-vectorize -march=haswell"' -O3 -Wall -Wextra -std=c++17 -fopenmp -ffp-contract=off -g -DOMP_EXPLICIT_SIMD=0 -fno-tree-vectorize -march=haswell -fopt-info-vec-all=build/off-avx2/vectorization-experiment-all.log -MMD -MP -c 577262-FPI-Relatorio2/vectorization_benchmark.cpp -o build/off-avx2/vectorization_benchmark.o
g++ -fopenmp build/off-avx2/image_manipulation.o build/off-avx2/vectorization_benchmark.o  -o build/off-avx2/vectorization_benchmark
mkdir -p build/auto-avx2
g++ -I577262-FPI-Relatorio2 -DBENCHMARK_SIMD_BUILD=\"auto-avx2\" '-DBENCHMARK_BUILD_FLAGS="-O3 -Wall -Wextra -std=c++17 -fopenmp -ffp-contract=off -g -DOMP_EXPLICIT_SIMD=0 -march=haswell"' -O3 -Wall -Wextra -std=c++17 -fopenmp -ffp-contract=off -g -DOMP_EXPLICIT_SIMD=0 -march=haswell  -fopt-info-vec-all=build/auto-avx2/vectorization-core-all.log -MMD -MP -c 577262-FPI-Relatorio2/image_manipulation.cpp -o build/auto-avx2/image_manipulation.o
g++ -I577262-FPI-Relatorio2 -DBENCHMARK_SIMD_BUILD=\"auto-avx2\" '-DBENCHMARK_BUILD_FLAGS="-O3 -Wall -Wextra -std=c++17 -fopenmp -ffp-contract=off -g -DOMP_EXPLICIT_SIMD=0 -march=haswell"' -O3 -Wall -Wextra -std=c++17 -fopenmp -ffp-contract=off -g -DOMP_EXPLICIT_SIMD=0 -march=haswell -MMD -MP -c 577262-FPI-Relatorio2/benchmark_runner.cpp -o build/auto-avx2/benchmark_runner.o
g++ -fopenmp build/auto-avx2/image_manipulation.o build/auto-avx2/benchmark_runner.o  -o build/auto-avx2/image_benchmark
g++ -I577262-FPI-Relatorio2 -DBENCHMARK_SIMD_BUILD=\"auto-avx2\" '-DBENCHMARK_BUILD_FLAGS="-O3 -Wall -Wextra -std=c++17 -fopenmp -ffp-contract=off -g -DOMP_EXPLICIT_SIMD=0 -march=haswell"' -O3 -Wall -Wextra -std=c++17 -fopenmp -ffp-contract=off -g -DOMP_EXPLICIT_SIMD=0 -march=haswell -fopt-info-vec-all=build/auto-avx2/vectorization-experiment-all.log -MMD -MP -c 577262-FPI-Relatorio2/vectorization_benchmark.cpp -o build/auto-avx2/vectorization_benchmark.o
g++ -fopenmp build/auto-avx2/image_manipulation.o build/auto-avx2/vectorization_benchmark.o  -o build/auto-avx2/vectorization_benchmark
mkdir -p build/omp-avx2
g++ -I577262-FPI-Relatorio2 -DBENCHMARK_SIMD_BUILD=\"omp-avx2\" '-DBENCHMARK_BUILD_FLAGS="-O3 -Wall -Wextra -std=c++17 -fopenmp -ffp-contract=off -g -DOMP_EXPLICIT_SIMD=1 -march=haswell"' -O3 -Wall -Wextra -std=c++17 -fopenmp -ffp-contract=off -g -DOMP_EXPLICIT_SIMD=1 -march=haswell  -fopt-info-vec-all=build/omp-avx2/vectorization-core-all.log -MMD -MP -c 577262-FPI-Relatorio2/image_manipulation.cpp -o build/omp-avx2/image_manipulation.o
g++ -I577262-FPI-Relatorio2 -DBENCHMARK_SIMD_BUILD=\"omp-avx2\" '-DBENCHMARK_BUILD_FLAGS="-O3 -Wall -Wextra -std=c++17 -fopenmp -ffp-contract=off -g -DOMP_EXPLICIT_SIMD=1 -march=haswell"' -O3 -Wall -Wextra -std=c++17 -fopenmp -ffp-contract=off -g -DOMP_EXPLICIT_SIMD=1 -march=haswell -MMD -MP -c 577262-FPI-Relatorio2/benchmark_runner.cpp -o build/omp-avx2/benchmark_runner.o
g++ -fopenmp build/omp-avx2/image_manipulation.o build/omp-avx2/benchmark_runner.o  -o build/omp-avx2/image_benchmark
g++ -I577262-FPI-Relatorio2 -DBENCHMARK_SIMD_BUILD=\"omp-avx2\" '-DBENCHMARK_BUILD_FLAGS="-O3 -Wall -Wextra -std=c++17 -fopenmp -ffp-contract=off -g -DOMP_EXPLICIT_SIMD=1 -march=haswell"' -O3 -Wall -Wextra -std=c++17 -fopenmp -ffp-contract=off -g -DOMP_EXPLICIT_SIMD=1 -march=haswell -fopt-info-vec-all=build/omp-avx2/vectorization-experiment-all.log -MMD -MP -c 577262-FPI-Relatorio2/vectorization_benchmark.cpp -o build/omp-avx2/vectorization_benchmark.o
g++ -fopenmp build/omp-avx2/image_manipulation.o build/omp-avx2/vectorization_benchmark.o  -o build/omp-avx2/vectorization_benchmark
Validação de todas as operações/builds e variantes float concluída.
Resumo: /home/users/efsilva/teste/INF01077/resultados_pcad_hype_simd_followup_825196/simd_followup_summary.csv (252 configurações)
Gráficos: /home/users/efsilva/teste/INF01077/resultados_pcad_hype_simd_followup_825196/visualizacoes
Campanha concluída: /home/users/efsilva/teste/INF01077/resultados_pcad_hype_simd_followup_825196
Resultados: /home/users/efsilva/teste/INF01077/resultados_pcad_hype_simd_followup_825196
