In file included from 577262-FPI-Relatorio2/image_manipulation.cpp:4:
577262-FPI-Relatorio2/stb_image_write.h: In function ‘int stbi_write_bmp_to_func(void (*)(void*, void*, int), void*, int, int, int, const void*)’:
577262-FPI-Relatorio2/stb_image_write.h:514:32: warning: missing initializer for member ‘stbi__write_context::context’ [-Wmissing-field-initializers]
  514 |    stbi__write_context s = { 0 };
      |                                ^
577262-FPI-Relatorio2/stb_image_write.h:514:32: warning: missing initializer for member ‘stbi__write_context::buffer’ [-Wmissing-field-initializers]
577262-FPI-Relatorio2/stb_image_write.h:514:32: warning: missing initializer for member ‘stbi__write_context::buf_used’ [-Wmissing-field-initializers]
577262-FPI-Relatorio2/stb_image_write.h: In function ‘int stbi_write_bmp(const char*, int, int, int, const void*)’:
577262-FPI-Relatorio2/stb_image_write.h:522:32: warning: missing initializer for member ‘stbi__write_context::context’ [-Wmissing-field-initializers]
  522 |    stbi__write_context s = { 0 };
      |                                ^
577262-FPI-Relatorio2/stb_image_write.h:522:32: warning: missing initializer for member ‘stbi__write_context::buffer’ [-Wmissing-field-initializers]
577262-FPI-Relatorio2/stb_image_write.h:522:32: warning: missing initializer for member ‘stbi__write_context::buf_used’ [-Wmissing-field-initializers]
577262-FPI-Relatorio2/stb_image_write.h: In function ‘int stbi_write_tga_to_func(void (*)(void*, void*, int), void*, int, int, int, const void*)’:
577262-FPI-Relatorio2/stb_image_write.h:613:32: warning: missing initializer for member ‘stbi__write_context::context’ [-Wmissing-field-initializers]
  613 |    stbi__write_context s = { 0 };
      |                                ^
577262-FPI-Relatorio2/stb_image_write.h:613:32: warning: missing initializer for member ‘stbi__write_context::buffer’ [-Wmissing-field-initializers]
577262-FPI-Relatorio2/stb_image_write.h:613:32: warning: missing initializer for member ‘stbi__write_context::buf_used’ [-Wmissing-field-initializers]
577262-FPI-Relatorio2/stb_image_write.h: In function ‘int stbi_write_tga(const char*, int, int, int, const void*)’:
577262-FPI-Relatorio2/stb_image_write.h:621:32: warning: missing initializer for member ‘stbi__write_context::context’ [-Wmissing-field-initializers]
  621 |    stbi__write_context s = { 0 };
      |                                ^
577262-FPI-Relatorio2/stb_image_write.h:621:32: warning: missing initializer for member ‘stbi__write_context::buffer’ [-Wmissing-field-initializers]
577262-FPI-Relatorio2/stb_image_write.h:621:32: warning: missing initializer for member ‘stbi__write_context::buf_used’ [-Wmissing-field-initializers]
577262-FPI-Relatorio2/stb_image_write.h: In function ‘int stbi_write_hdr_to_func(void (*)(void*, void*, int), void*, int, int, int, const float*)’:
577262-FPI-Relatorio2/stb_image_write.h:789:32: warning: missing initializer for member ‘stbi__write_context::context’ [-Wmissing-field-initializers]
  789 |    stbi__write_context s = { 0 };
      |                                ^
577262-FPI-Relatorio2/stb_image_write.h:789:32: warning: missing initializer for member ‘stbi__write_context::buffer’ [-Wmissing-field-initializers]
577262-FPI-Relatorio2/stb_image_write.h:789:32: warning: missing initializer for member ‘stbi__write_context::buf_used’ [-Wmissing-field-initializers]
577262-FPI-Relatorio2/stb_image_write.h: In function ‘int stbi_write_hdr(const char*, int, int, int, const float*)’:
577262-FPI-Relatorio2/stb_image_write.h:796:32: warning: missing initializer for member ‘stbi__write_context::context’ [-Wmissing-field-initializers]
  796 |    stbi__write_context s = { 0 };
      |                                ^
577262-FPI-Relatorio2/stb_image_write.h:796:32: warning: missing initializer for member ‘stbi__write_context::buffer’ [-Wmissing-field-initializers]
577262-FPI-Relatorio2/stb_image_write.h:796:32: warning: missing initializer for member ‘stbi__write_context::buf_used’ [-Wmissing-field-initializers]
577262-FPI-Relatorio2/stb_image_write.h: In function ‘int stbi_write_jpg_to_func(void (*)(void*, void*, int), void*, int, int, int, const void*, int)’:
577262-FPI-Relatorio2/stb_image_write.h:1609:32: warning: missing initializer for member ‘stbi__write_context::context’ [-Wmissing-field-initializers]
 1609 |    stbi__write_context s = { 0 };
      |                                ^
577262-FPI-Relatorio2/stb_image_write.h:1609:32: warning: missing initializer for member ‘stbi__write_context::buffer’ [-Wmissing-field-initializers]
577262-FPI-Relatorio2/stb_image_write.h:1609:32: warning: missing initializer for member ‘stbi__write_context::buf_used’ [-Wmissing-field-initializers]
577262-FPI-Relatorio2/stb_image_write.h: In function ‘int stbi_write_jpg(const char*, int, int, int, const void*, int)’:
577262-FPI-Relatorio2/stb_image_write.h:1618:32: warning: missing initializer for member ‘stbi__write_context::context’ [-Wmissing-field-initializers]
 1618 |    stbi__write_context s = { 0 };
      |                                ^
577262-FPI-Relatorio2/stb_image_write.h:1618:32: warning: missing initializer for member ‘stbi__write_context::buffer’ [-Wmissing-field-initializers]
577262-FPI-Relatorio2/stb_image_write.h:1618:32: warning: missing initializer for member ‘stbi__write_context::buf_used’ [-Wmissing-field-initializers]
In file included from 577262-FPI-Relatorio2/image_manipulation.cpp:4:
577262-FPI-Relatorio2/stb_image_write.h: In function ‘int stbi_write_bmp_to_func(void (*)(void*, void*, int), void*, int, int, int, const void*)’:
577262-FPI-Relatorio2/stb_image_write.h:514:32: warning: missing initializer for member ‘stbi__write_context::context’ [-Wmissing-field-initializers]
  514 |    stbi__write_context s = { 0 };
      |                                ^
577262-FPI-Relatorio2/stb_image_write.h:514:32: warning: missing initializer for member ‘stbi__write_context::buffer’ [-Wmissing-field-initializers]
577262-FPI-Relatorio2/stb_image_write.h:514:32: warning: missing initializer for member ‘stbi__write_context::buf_used’ [-Wmissing-field-initializers]
577262-FPI-Relatorio2/stb_image_write.h: In function ‘int stbi_write_bmp(const char*, int, int, int, const void*)’:
577262-FPI-Relatorio2/stb_image_write.h:522:32: warning: missing initializer for member ‘stbi__write_context::context’ [-Wmissing-field-initializers]
  522 |    stbi__write_context s = { 0 };
      |                                ^
577262-FPI-Relatorio2/stb_image_write.h:522:32: warning: missing initializer for member ‘stbi__write_context::buffer’ [-Wmissing-field-initializers]
577262-FPI-Relatorio2/stb_image_write.h:522:32: warning: missing initializer for member ‘stbi__write_context::buf_used’ [-Wmissing-field-initializers]
577262-FPI-Relatorio2/stb_image_write.h: In function ‘int stbi_write_tga_to_func(void (*)(void*, void*, int), void*, int, int, int, const void*)’:
577262-FPI-Relatorio2/stb_image_write.h:613:32: warning: missing initializer for member ‘stbi__write_context::context’ [-Wmissing-field-initializers]
  613 |    stbi__write_context s = { 0 };
      |                                ^
577262-FPI-Relatorio2/stb_image_write.h:613:32: warning: missing initializer for member ‘stbi__write_context::buffer’ [-Wmissing-field-initializers]
577262-FPI-Relatorio2/stb_image_write.h:613:32: warning: missing initializer for member ‘stbi__write_context::buf_used’ [-Wmissing-field-initializers]
577262-FPI-Relatorio2/stb_image_write.h: In function ‘int stbi_write_tga(const char*, int, int, int, const void*)’:
577262-FPI-Relatorio2/stb_image_write.h:621:32: warning: missing initializer for member ‘stbi__write_context::context’ [-Wmissing-field-initializers]
  621 |    stbi__write_context s = { 0 };
      |                                ^
577262-FPI-Relatorio2/stb_image_write.h:621:32: warning: missing initializer for member ‘stbi__write_context::buffer’ [-Wmissing-field-initializers]
577262-FPI-Relatorio2/stb_image_write.h:621:32: warning: missing initializer for member ‘stbi__write_context::buf_used’ [-Wmissing-field-initializers]
577262-FPI-Relatorio2/stb_image_write.h: In function ‘int stbi_write_hdr_to_func(void (*)(void*, void*, int), void*, int, int, int, const float*)’:
577262-FPI-Relatorio2/stb_image_write.h:789:32: warning: missing initializer for member ‘stbi__write_context::context’ [-Wmissing-field-initializers]
  789 |    stbi__write_context s = { 0 };
      |                                ^
577262-FPI-Relatorio2/stb_image_write.h:789:32: warning: missing initializer for member ‘stbi__write_context::buffer’ [-Wmissing-field-initializers]
577262-FPI-Relatorio2/stb_image_write.h:789:32: warning: missing initializer for member ‘stbi__write_context::buf_used’ [-Wmissing-field-initializers]
577262-FPI-Relatorio2/stb_image_write.h: In function ‘int stbi_write_hdr(const char*, int, int, int, const float*)’:
577262-FPI-Relatorio2/stb_image_write.h:796:32: warning: missing initializer for member ‘stbi__write_context::context’ [-Wmissing-field-initializers]
  796 |    stbi__write_context s = { 0 };
      |                                ^
577262-FPI-Relatorio2/stb_image_write.h:796:32: warning: missing initializer for member ‘stbi__write_context::buffer’ [-Wmissing-field-initializers]
577262-FPI-Relatorio2/stb_image_write.h:796:32: warning: missing initializer for member ‘stbi__write_context::buf_used’ [-Wmissing-field-initializers]
577262-FPI-Relatorio2/stb_image_write.h: In function ‘int stbi_write_jpg_to_func(void (*)(void*, void*, int), void*, int, int, int, const void*, int)’:
577262-FPI-Relatorio2/stb_image_write.h:1609:32: warning: missing initializer for member ‘stbi__write_context::context’ [-Wmissing-field-initializers]
 1609 |    stbi__write_context s = { 0 };
      |                                ^
577262-FPI-Relatorio2/stb_image_write.h:1609:32: warning: missing initializer for member ‘stbi__write_context::buffer’ [-Wmissing-field-initializers]
577262-FPI-Relatorio2/stb_image_write.h:1609:32: warning: missing initializer for member ‘stbi__write_context::buf_used’ [-Wmissing-field-initializers]
577262-FPI-Relatorio2/stb_image_write.h: In function ‘int stbi_write_jpg(const char*, int, int, int, const void*, int)’:
577262-FPI-Relatorio2/stb_image_write.h:1618:32: warning: missing initializer for member ‘stbi__write_context::context’ [-Wmissing-field-initializers]
 1618 |    stbi__write_context s = { 0 };
      |                                ^
577262-FPI-Relatorio2/stb_image_write.h:1618:32: warning: missing initializer for member ‘stbi__write_context::buffer’ [-Wmissing-field-initializers]
577262-FPI-Relatorio2/stb_image_write.h:1618:32: warning: missing initializer for member ‘stbi__write_context::buf_used’ [-Wmissing-field-initializers]
In file included from 577262-FPI-Relatorio2/image_manipulation.cpp:4:
577262-FPI-Relatorio2/stb_image_write.h: In function ‘int stbi_write_bmp_to_func(void (*)(void*, void*, int), void*, int, int, int, const void*)’:
577262-FPI-Relatorio2/stb_image_write.h:514:32: warning: missing initializer for member ‘stbi__write_context::context’ [-Wmissing-field-initializers]
  514 |    stbi__write_context s = { 0 };
      |                                ^
577262-FPI-Relatorio2/stb_image_write.h:514:32: warning: missing initializer for member ‘stbi__write_context::buffer’ [-Wmissing-field-initializers]
577262-FPI-Relatorio2/stb_image_write.h:514:32: warning: missing initializer for member ‘stbi__write_context::buf_used’ [-Wmissing-field-initializers]
577262-FPI-Relatorio2/stb_image_write.h: In function ‘int stbi_write_bmp(const char*, int, int, int, const void*)’:
577262-FPI-Relatorio2/stb_image_write.h:522:32: warning: missing initializer for member ‘stbi__write_context::context’ [-Wmissing-field-initializers]
  522 |    stbi__write_context s = { 0 };
      |                                ^
577262-FPI-Relatorio2/stb_image_write.h:522:32: warning: missing initializer for member ‘stbi__write_context::buffer’ [-Wmissing-field-initializers]
577262-FPI-Relatorio2/stb_image_write.h:522:32: warning: missing initializer for member ‘stbi__write_context::buf_used’ [-Wmissing-field-initializers]
577262-FPI-Relatorio2/stb_image_write.h: In function ‘int stbi_write_tga_to_func(void (*)(void*, void*, int), void*, int, int, int, const void*)’:
577262-FPI-Relatorio2/stb_image_write.h:613:32: warning: missing initializer for member ‘stbi__write_context::context’ [-Wmissing-field-initializers]
  613 |    stbi__write_context s = { 0 };
      |                                ^
577262-FPI-Relatorio2/stb_image_write.h:613:32: warning: missing initializer for member ‘stbi__write_context::buffer’ [-Wmissing-field-initializers]
577262-FPI-Relatorio2/stb_image_write.h:613:32: warning: missing initializer for member ‘stbi__write_context::buf_used’ [-Wmissing-field-initializers]
577262-FPI-Relatorio2/stb_image_write.h: In function ‘int stbi_write_tga(const char*, int, int, int, const void*)’:
577262-FPI-Relatorio2/stb_image_write.h:621:32: warning: missing initializer for member ‘stbi__write_context::context’ [-Wmissing-field-initializers]
  621 |    stbi__write_context s = { 0 };
      |                                ^
577262-FPI-Relatorio2/stb_image_write.h:621:32: warning: missing initializer for member ‘stbi__write_context::buffer’ [-Wmissing-field-initializers]
577262-FPI-Relatorio2/stb_image_write.h:621:32: warning: missing initializer for member ‘stbi__write_context::buf_used’ [-Wmissing-field-initializers]
577262-FPI-Relatorio2/stb_image_write.h: In function ‘int stbi_write_hdr_to_func(void (*)(void*, void*, int), void*, int, int, int, const float*)’:
577262-FPI-Relatorio2/stb_image_write.h:789:32: warning: missing initializer for member ‘stbi__write_context::context’ [-Wmissing-field-initializers]
  789 |    stbi__write_context s = { 0 };
      |                                ^
577262-FPI-Relatorio2/stb_image_write.h:789:32: warning: missing initializer for member ‘stbi__write_context::buffer’ [-Wmissing-field-initializers]
577262-FPI-Relatorio2/stb_image_write.h:789:32: warning: missing initializer for member ‘stbi__write_context::buf_used’ [-Wmissing-field-initializers]
577262-FPI-Relatorio2/stb_image_write.h: In function ‘int stbi_write_hdr(const char*, int, int, int, const float*)’:
577262-FPI-Relatorio2/stb_image_write.h:796:32: warning: missing initializer for member ‘stbi__write_context::context’ [-Wmissing-field-initializers]
  796 |    stbi__write_context s = { 0 };
      |                                ^
577262-FPI-Relatorio2/stb_image_write.h:796:32: warning: missing initializer for member ‘stbi__write_context::buffer’ [-Wmissing-field-initializers]
577262-FPI-Relatorio2/stb_image_write.h:796:32: warning: missing initializer for member ‘stbi__write_context::buf_used’ [-Wmissing-field-initializers]
577262-FPI-Relatorio2/stb_image_write.h: In function ‘int stbi_write_jpg_to_func(void (*)(void*, void*, int), void*, int, int, int, const void*, int)’:
577262-FPI-Relatorio2/stb_image_write.h:1609:32: warning: missing initializer for member ‘stbi__write_context::context’ [-Wmissing-field-initializers]
 1609 |    stbi__write_context s = { 0 };
      |                                ^
577262-FPI-Relatorio2/stb_image_write.h:1609:32: warning: missing initializer for member ‘stbi__write_context::buffer’ [-Wmissing-field-initializers]
577262-FPI-Relatorio2/stb_image_write.h:1609:32: warning: missing initializer for member ‘stbi__write_context::buf_used’ [-Wmissing-field-initializers]
577262-FPI-Relatorio2/stb_image_write.h: In function ‘int stbi_write_jpg(const char*, int, int, int, const void*, int)’:
577262-FPI-Relatorio2/stb_image_write.h:1618:32: warning: missing initializer for member ‘stbi__write_context::context’ [-Wmissing-field-initializers]
 1618 |    stbi__write_context s = { 0 };
      |                                ^
577262-FPI-Relatorio2/stb_image_write.h:1618:32: warning: missing initializer for member ‘stbi__write_context::buffer’ [-Wmissing-field-initializers]
577262-FPI-Relatorio2/stb_image_write.h:1618:32: warning: missing initializer for member ‘stbi__write_context::buf_used’ [-Wmissing-field-initializers]
In file included from 577262-FPI-Relatorio2/image_manipulation.cpp:4:
577262-FPI-Relatorio2/stb_image_write.h: In function ‘int stbi_write_bmp_to_func(void (*)(void*, void*, int), void*, int, int, int, const void*)’:
577262-FPI-Relatorio2/stb_image_write.h:514:32: warning: missing initializer for member ‘stbi__write_context::context’ [-Wmissing-field-initializers]
  514 |    stbi__write_context s = { 0 };
      |                                ^
577262-FPI-Relatorio2/stb_image_write.h:514:32: warning: missing initializer for member ‘stbi__write_context::buffer’ [-Wmissing-field-initializers]
577262-FPI-Relatorio2/stb_image_write.h:514:32: warning: missing initializer for member ‘stbi__write_context::buf_used’ [-Wmissing-field-initializers]
577262-FPI-Relatorio2/stb_image_write.h: In function ‘int stbi_write_bmp(const char*, int, int, int, const void*)’:
577262-FPI-Relatorio2/stb_image_write.h:522:32: warning: missing initializer for member ‘stbi__write_context::context’ [-Wmissing-field-initializers]
  522 |    stbi__write_context s = { 0 };
      |                                ^
577262-FPI-Relatorio2/stb_image_write.h:522:32: warning: missing initializer for member ‘stbi__write_context::buffer’ [-Wmissing-field-initializers]
577262-FPI-Relatorio2/stb_image_write.h:522:32: warning: missing initializer for member ‘stbi__write_context::buf_used’ [-Wmissing-field-initializers]
577262-FPI-Relatorio2/stb_image_write.h: In function ‘int stbi_write_tga_to_func(void (*)(void*, void*, int), void*, int, int, int, const void*)’:
577262-FPI-Relatorio2/stb_image_write.h:613:32: warning: missing initializer for member ‘stbi__write_context::context’ [-Wmissing-field-initializers]
  613 |    stbi__write_context s = { 0 };
      |                                ^
577262-FPI-Relatorio2/stb_image_write.h:613:32: warning: missing initializer for member ‘stbi__write_context::buffer’ [-Wmissing-field-initializers]
577262-FPI-Relatorio2/stb_image_write.h:613:32: warning: missing initializer for member ‘stbi__write_context::buf_used’ [-Wmissing-field-initializers]
577262-FPI-Relatorio2/stb_image_write.h: In function ‘int stbi_write_tga(const char*, int, int, int, const void*)’:
577262-FPI-Relatorio2/stb_image_write.h:621:32: warning: missing initializer for member ‘stbi__write_context::context’ [-Wmissing-field-initializers]
  621 |    stbi__write_context s = { 0 };
      |                                ^
577262-FPI-Relatorio2/stb_image_write.h:621:32: warning: missing initializer for member ‘stbi__write_context::buffer’ [-Wmissing-field-initializers]
577262-FPI-Relatorio2/stb_image_write.h:621:32: warning: missing initializer for member ‘stbi__write_context::buf_used’ [-Wmissing-field-initializers]
577262-FPI-Relatorio2/stb_image_write.h: In function ‘int stbi_write_hdr_to_func(void (*)(void*, void*, int), void*, int, int, int, const float*)’:
577262-FPI-Relatorio2/stb_image_write.h:789:32: warning: missing initializer for member ‘stbi__write_context::context’ [-Wmissing-field-initializers]
  789 |    stbi__write_context s = { 0 };
      |                                ^
577262-FPI-Relatorio2/stb_image_write.h:789:32: warning: missing initializer for member ‘stbi__write_context::buffer’ [-Wmissing-field-initializers]
577262-FPI-Relatorio2/stb_image_write.h:789:32: warning: missing initializer for member ‘stbi__write_context::buf_used’ [-Wmissing-field-initializers]
577262-FPI-Relatorio2/stb_image_write.h: In function ‘int stbi_write_hdr(const char*, int, int, int, const float*)’:
577262-FPI-Relatorio2/stb_image_write.h:796:32: warning: missing initializer for member ‘stbi__write_context::context’ [-Wmissing-field-initializers]
  796 |    stbi__write_context s = { 0 };
      |                                ^
577262-FPI-Relatorio2/stb_image_write.h:796:32: warning: missing initializer for member ‘stbi__write_context::buffer’ [-Wmissing-field-initializers]
577262-FPI-Relatorio2/stb_image_write.h:796:32: warning: missing initializer for member ‘stbi__write_context::buf_used’ [-Wmissing-field-initializers]
577262-FPI-Relatorio2/stb_image_write.h: In function ‘int stbi_write_jpg_to_func(void (*)(void*, void*, int), void*, int, int, int, const void*, int)’:
577262-FPI-Relatorio2/stb_image_write.h:1609:32: warning: missing initializer for member ‘stbi__write_context::context’ [-Wmissing-field-initializers]
 1609 |    stbi__write_context s = { 0 };
      |                                ^
577262-FPI-Relatorio2/stb_image_write.h:1609:32: warning: missing initializer for member ‘stbi__write_context::buffer’ [-Wmissing-field-initializers]
577262-FPI-Relatorio2/stb_image_write.h:1609:32: warning: missing initializer for member ‘stbi__write_context::buf_used’ [-Wmissing-field-initializers]
577262-FPI-Relatorio2/stb_image_write.h: In function ‘int stbi_write_jpg(const char*, int, int, int, const void*, int)’:
577262-FPI-Relatorio2/stb_image_write.h:1618:32: warning: missing initializer for member ‘stbi__write_context::context’ [-Wmissing-field-initializers]
 1618 |    stbi__write_context s = { 0 };
      |                                ^
577262-FPI-Relatorio2/stb_image_write.h:1618:32: warning: missing initializer for member ‘stbi__write_context::buffer’ [-Wmissing-field-initializers]
577262-FPI-Relatorio2/stb_image_write.h:1618:32: warning: missing initializer for member ‘stbi__write_context::buf_used’ [-Wmissing-field-initializers]
In file included from 577262-FPI-Relatorio2/generate_images.cpp:2:
577262-FPI-Relatorio2/stb_image_write.h: In function ‘int stbi_write_bmp_to_func(void (*)(void*, void*, int), void*, int, int, int, const void*)’:
577262-FPI-Relatorio2/stb_image_write.h:514:32: warning: missing initializer for member ‘stbi__write_context::context’ [-Wmissing-field-initializers]
  514 |    stbi__write_context s = { 0 };
      |                                ^
577262-FPI-Relatorio2/stb_image_write.h:514:32: warning: missing initializer for member ‘stbi__write_context::buffer’ [-Wmissing-field-initializers]
577262-FPI-Relatorio2/stb_image_write.h:514:32: warning: missing initializer for member ‘stbi__write_context::buf_used’ [-Wmissing-field-initializers]
577262-FPI-Relatorio2/stb_image_write.h: In function ‘int stbi_write_bmp(const char*, int, int, int, const void*)’:
577262-FPI-Relatorio2/stb_image_write.h:522:32: warning: missing initializer for member ‘stbi__write_context::context’ [-Wmissing-field-initializers]
  522 |    stbi__write_context s = { 0 };
      |                                ^
577262-FPI-Relatorio2/stb_image_write.h:522:32: warning: missing initializer for member ‘stbi__write_context::buffer’ [-Wmissing-field-initializers]
577262-FPI-Relatorio2/stb_image_write.h:522:32: warning: missing initializer for member ‘stbi__write_context::buf_used’ [-Wmissing-field-initializers]
577262-FPI-Relatorio2/stb_image_write.h: In function ‘int stbi_write_tga_to_func(void (*)(void*, void*, int), void*, int, int, int, const void*)’:
577262-FPI-Relatorio2/stb_image_write.h:613:32: warning: missing initializer for member ‘stbi__write_context::context’ [-Wmissing-field-initializers]
  613 |    stbi__write_context s = { 0 };
      |                                ^
577262-FPI-Relatorio2/stb_image_write.h:613:32: warning: missing initializer for member ‘stbi__write_context::buffer’ [-Wmissing-field-initializers]
577262-FPI-Relatorio2/stb_image_write.h:613:32: warning: missing initializer for member ‘stbi__write_context::buf_used’ [-Wmissing-field-initializers]
577262-FPI-Relatorio2/stb_image_write.h: In function ‘int stbi_write_tga(const char*, int, int, int, const void*)’:
577262-FPI-Relatorio2/stb_image_write.h:621:32: warning: missing initializer for member ‘stbi__write_context::context’ [-Wmissing-field-initializers]
  621 |    stbi__write_context s = { 0 };
      |                                ^
577262-FPI-Relatorio2/stb_image_write.h:621:32: warning: missing initializer for member ‘stbi__write_context::buffer’ [-Wmissing-field-initializers]
577262-FPI-Relatorio2/stb_image_write.h:621:32: warning: missing initializer for member ‘stbi__write_context::buf_used’ [-Wmissing-field-initializers]
577262-FPI-Relatorio2/stb_image_write.h: In function ‘int stbi_write_hdr_to_func(void (*)(void*, void*, int), void*, int, int, int, const float*)’:
577262-FPI-Relatorio2/stb_image_write.h:789:32: warning: missing initializer for member ‘stbi__write_context::context’ [-Wmissing-field-initializers]
  789 |    stbi__write_context s = { 0 };
      |                                ^
577262-FPI-Relatorio2/stb_image_write.h:789:32: warning: missing initializer for member ‘stbi__write_context::buffer’ [-Wmissing-field-initializers]
577262-FPI-Relatorio2/stb_image_write.h:789:32: warning: missing initializer for member ‘stbi__write_context::buf_used’ [-Wmissing-field-initializers]
577262-FPI-Relatorio2/stb_image_write.h: In function ‘int stbi_write_hdr(const char*, int, int, int, const float*)’:
577262-FPI-Relatorio2/stb_image_write.h:796:32: warning: missing initializer for member ‘stbi__write_context::context’ [-Wmissing-field-initializers]
  796 |    stbi__write_context s = { 0 };
      |                                ^
577262-FPI-Relatorio2/stb_image_write.h:796:32: warning: missing initializer for member ‘stbi__write_context::buffer’ [-Wmissing-field-initializers]
577262-FPI-Relatorio2/stb_image_write.h:796:32: warning: missing initializer for member ‘stbi__write_context::buf_used’ [-Wmissing-field-initializers]
577262-FPI-Relatorio2/stb_image_write.h: In function ‘int stbi_write_jpg_to_func(void (*)(void*, void*, int), void*, int, int, int, const void*, int)’:
577262-FPI-Relatorio2/stb_image_write.h:1609:32: warning: missing initializer for member ‘stbi__write_context::context’ [-Wmissing-field-initializers]
 1609 |    stbi__write_context s = { 0 };
      |                                ^
577262-FPI-Relatorio2/stb_image_write.h:1609:32: warning: missing initializer for member ‘stbi__write_context::buffer’ [-Wmissing-field-initializers]
577262-FPI-Relatorio2/stb_image_write.h:1609:32: warning: missing initializer for member ‘stbi__write_context::buf_used’ [-Wmissing-field-initializers]
577262-FPI-Relatorio2/stb_image_write.h: In function ‘int stbi_write_jpg(const char*, int, int, int, const void*, int)’:
577262-FPI-Relatorio2/stb_image_write.h:1618:32: warning: missing initializer for member ‘stbi__write_context::context’ [-Wmissing-field-initializers]
 1618 |    stbi__write_context s = { 0 };
      |                                ^
577262-FPI-Relatorio2/stb_image_write.h:1618:32: warning: missing initializer for member ‘stbi__write_context::buffer’ [-Wmissing-field-initializers]
577262-FPI-Relatorio2/stb_image_write.h:1618:32: warning: missing initializer for member ‘stbi__write_context::buf_used’ [-Wmissing-field-initializers]
Hash divergente: 6000x6000.png / Grayscale
