mkdir -p build/off-avx2
g++ -I577262-FPI-Relatorio2 -DBENCHMARK_SIMD_BUILD=\"off-avx2\" '-DBENCHMARK_BUILD_FLAGS="-O3 -Wall -Wextra -std=c++17 -fopenmp -ffp-contract=off -g -DOMP_EXPLICIT_SIMD=0 -fno-tree-vectorize -march=haswell"' -O3 -Wall -Wextra -std=c++17 -fopenmp -ffp-contract=off -g -DOMP_EXPLICIT_SIMD=0 -fno-tree-vectorize -march=haswell  -MMD -MP -c 577262-FPI-Relatorio2/image_manipulation.cpp -o build/off-avx2/image_manipulation.o
g++ -I577262-FPI-Relatorio2 -DBENCHMARK_SIMD_BUILD=\"off-avx2\" '-DBENCHMARK_BUILD_FLAGS="-O3 -Wall -Wextra -std=c++17 -fopenmp -ffp-contract=off -g -DOMP_EXPLICIT_SIMD=0 -fno-tree-vectorize -march=haswell"' -O3 -Wall -Wextra -std=c++17 -fopenmp -ffp-contract=off -g -DOMP_EXPLICIT_SIMD=0 -fno-tree-vectorize -march=haswell -MMD -MP -c 577262-FPI-Relatorio2/benchmark_runner.cpp -o build/off-avx2/benchmark_runner.o
g++ -fopenmp build/off-avx2/image_manipulation.o build/off-avx2/benchmark_runner.o  -o build/off-avx2/image_benchmark
mkdir -p build/omp-avx2
g++ -I577262-FPI-Relatorio2 -DBENCHMARK_SIMD_BUILD=\"omp-avx2\" '-DBENCHMARK_BUILD_FLAGS="-O3 -Wall -Wextra -std=c++17 -fopenmp -ffp-contract=off -g -DOMP_EXPLICIT_SIMD=1 -march=haswell"' -O3 -Wall -Wextra -std=c++17 -fopenmp -ffp-contract=off -g -DOMP_EXPLICIT_SIMD=1 -march=haswell -fopt-info-vec-optimized=build/omp-avx2/vectorization-core.log -MMD -MP -c 577262-FPI-Relatorio2/image_manipulation.cpp -o build/omp-avx2/image_manipulation.o
g++ -I577262-FPI-Relatorio2 -DBENCHMARK_SIMD_BUILD=\"omp-avx2\" '-DBENCHMARK_BUILD_FLAGS="-O3 -Wall -Wextra -std=c++17 -fopenmp -ffp-contract=off -g -DOMP_EXPLICIT_SIMD=1 -march=haswell"' -O3 -Wall -Wextra -std=c++17 -fopenmp -ffp-contract=off -g -DOMP_EXPLICIT_SIMD=1 -march=haswell -MMD -MP -c 577262-FPI-Relatorio2/benchmark_runner.cpp -o build/omp-avx2/benchmark_runner.o
g++ -fopenmp build/omp-avx2/image_manipulation.o build/omp-avx2/benchmark_runner.o  -o build/omp-avx2/image_benchmark
[00_Zoom_In_off-avx2_t1] controle sem VTune
[00_Zoom_In_off-avx2_t1] HPC Performance (12 repetições internas do kernel)
[01_Zoom_In_off-avx2_t20] controle sem VTune
[01_Zoom_In_off-avx2_t20] HPC Performance (120 repetições internas do kernel)
[02_Zoom_In_omp-avx2_t1] controle sem VTune
[02_Zoom_In_omp-avx2_t1] HPC Performance (12 repetições internas do kernel)
[03_Zoom_In_omp-avx2_t20] controle sem VTune
[03_Zoom_In_omp-avx2_t20] HPC Performance (120 repetições internas do kernel)
[04_Grayscale_off-avx2_t1] controle sem VTune
[04_Grayscale_off-avx2_t1] HPC Performance (25 repetições internas do kernel)
[05_Grayscale_off-avx2_t20] controle sem VTune
[05_Grayscale_off-avx2_t20] HPC Performance (350 repetições internas do kernel)
[06_Grayscale_omp-avx2_t1] controle sem VTune
[06_Grayscale_omp-avx2_t1] HPC Performance (25 repetições internas do kernel)
[07_Grayscale_omp-avx2_t20] controle sem VTune
[07_Grayscale_omp-avx2_t20] HPC Performance (350 repetições internas do kernel)
Coletas HPC concluídas: /home/users/efsilva/teste/INF01077/resultados_pcad_hype_hpc_simd_823348
