hype2
mkdir -p build/off-avx2
g++ -I577262-FPI-Relatorio2 -DBENCHMARK_SIMD_BUILD=\"off-avx2\" '-DBENCHMARK_BUILD_FLAGS="-O3 -Wall -Wextra -std=c++17 -fopenmp -ffp-contract=off -g -DOMP_EXPLICIT_SIMD=0 -fno-tree-vectorize -march=haswell"' -O3 -Wall -Wextra -std=c++17 -fopenmp -ffp-contract=off -g -DOMP_EXPLICIT_SIMD=0 -fno-tree-vectorize -march=haswell  -fopt-info-vec-all=build/off-avx2/vectorization-core-all.log -MMD -MP -c 577262-FPI-Relatorio2/image_manipulation.cpp -o build/off-avx2/image_manipulation.o
g++ -I577262-FPI-Relatorio2 -DBENCHMARK_SIMD_BUILD=\"off-avx2\" '-DBENCHMARK_BUILD_FLAGS="-O3 -Wall -Wextra -std=c++17 -fopenmp -ffp-contract=off -g -DOMP_EXPLICIT_SIMD=0 -fno-tree-vectorize -march=haswell"' -O3 -Wall -Wextra -std=c++17 -fopenmp -ffp-contract=off -g -DOMP_EXPLICIT_SIMD=0 -fno-tree-vectorize -march=haswell -MMD -MP -c 577262-FPI-Relatorio2/benchmark_runner.cpp -o build/off-avx2/benchmark_runner.o
g++ -fopenmp build/off-avx2/image_manipulation.o build/off-avx2/benchmark_runner.o  -o build/off-avx2/image_benchmark
g++ -I577262-FPI-Relatorio2 -DBENCHMARK_SIMD_BUILD=\"off-avx2\" '-DBENCHMARK_BUILD_FLAGS="-O3 -Wall -Wextra -std=c++17 -fopenmp -ffp-contract=off -g -DOMP_EXPLICIT_SIMD=0 -fno-tree-vectorize -march=haswell"' -O3 -Wall -Wextra -std=c++17 -fopenmp -ffp-contract=off -g -DOMP_EXPLICIT_SIMD=0 -fno-tree-vectorize -march=haswell -fopt-info-vec-all=build/off-avx2/vectorization-experiment-all.log -MMD -MP -c 577262-FPI-Relatorio2/vectorization_benchmark.cpp -o build/off-avx2/vectorization_benchmark.o
g++ -fopenmp build/off-avx2/image_manipulation.o build/off-avx2/vectorization_benchmark.o  -o build/off-avx2/vectorization_benchmark
g++ -I577262-FPI-Relatorio2 -DBENCHMARK_SIMD_BUILD=\"off-avx2\" '-DBENCHMARK_BUILD_FLAGS="-O3 -Wall -Wextra -std=c++17 -fopenmp -ffp-contract=off -g -DOMP_EXPLICIT_SIMD=0 -fno-tree-vectorize -march=haswell"' -O3 -Wall -Wextra -std=c++17 -fopenmp -ffp-contract=off -g -DOMP_EXPLICIT_SIMD=0 -fno-tree-vectorize -march=haswell -fopt-info-vec-all=build/off-avx2/vectorization-simd-phases-all.log -MMD -MP -c 577262-FPI-Relatorio2/simd_phase_benchmark.cpp -o build/off-avx2/simd_phase_benchmark.o
g++ -fopenmp build/off-avx2/image_manipulation.o build/off-avx2/simd_phase_benchmark.o  -o build/off-avx2/simd_phase_benchmark
mkdir -p build/auto-avx2
g++ -I577262-FPI-Relatorio2 -DBENCHMARK_SIMD_BUILD=\"auto-avx2\" '-DBENCHMARK_BUILD_FLAGS="-O3 -Wall -Wextra -std=c++17 -fopenmp -ffp-contract=off -g -DOMP_EXPLICIT_SIMD=0 -march=haswell"' -O3 -Wall -Wextra -std=c++17 -fopenmp -ffp-contract=off -g -DOMP_EXPLICIT_SIMD=0 -march=haswell  -fopt-info-vec-all=build/auto-avx2/vectorization-core-all.log -MMD -MP -c 577262-FPI-Relatorio2/image_manipulation.cpp -o build/auto-avx2/image_manipulation.o
g++ -I577262-FPI-Relatorio2 -DBENCHMARK_SIMD_BUILD=\"auto-avx2\" '-DBENCHMARK_BUILD_FLAGS="-O3 -Wall -Wextra -std=c++17 -fopenmp -ffp-contract=off -g -DOMP_EXPLICIT_SIMD=0 -march=haswell"' -O3 -Wall -Wextra -std=c++17 -fopenmp -ffp-contract=off -g -DOMP_EXPLICIT_SIMD=0 -march=haswell -MMD -MP -c 577262-FPI-Relatorio2/benchmark_runner.cpp -o build/auto-avx2/benchmark_runner.o
g++ -fopenmp build/auto-avx2/image_manipulation.o build/auto-avx2/benchmark_runner.o  -o build/auto-avx2/image_benchmark
g++ -I577262-FPI-Relatorio2 -DBENCHMARK_SIMD_BUILD=\"auto-avx2\" '-DBENCHMARK_BUILD_FLAGS="-O3 -Wall -Wextra -std=c++17 -fopenmp -ffp-contract=off -g -DOMP_EXPLICIT_SIMD=0 -march=haswell"' -O3 -Wall -Wextra -std=c++17 -fopenmp -ffp-contract=off -g -DOMP_EXPLICIT_SIMD=0 -march=haswell -fopt-info-vec-all=build/auto-avx2/vectorization-experiment-all.log -MMD -MP -c 577262-FPI-Relatorio2/vectorization_benchmark.cpp -o build/auto-avx2/vectorization_benchmark.o
g++ -fopenmp build/auto-avx2/image_manipulation.o build/auto-avx2/vectorization_benchmark.o  -o build/auto-avx2/vectorization_benchmark
g++ -I577262-FPI-Relatorio2 -DBENCHMARK_SIMD_BUILD=\"auto-avx2\" '-DBENCHMARK_BUILD_FLAGS="-O3 -Wall -Wextra -std=c++17 -fopenmp -ffp-contract=off -g -DOMP_EXPLICIT_SIMD=0 -march=haswell"' -O3 -Wall -Wextra -std=c++17 -fopenmp -ffp-contract=off -g -DOMP_EXPLICIT_SIMD=0 -march=haswell -fopt-info-vec-all=build/auto-avx2/vectorization-simd-phases-all.log -MMD -MP -c 577262-FPI-Relatorio2/simd_phase_benchmark.cpp -o build/auto-avx2/simd_phase_benchmark.o
g++ -fopenmp build/auto-avx2/image_manipulation.o build/auto-avx2/simd_phase_benchmark.o  -o build/auto-avx2/simd_phase_benchmark
mkdir -p build/omp-avx2
g++ -I577262-FPI-Relatorio2 -DBENCHMARK_SIMD_BUILD=\"omp-avx2\" '-DBENCHMARK_BUILD_FLAGS="-O3 -Wall -Wextra -std=c++17 -fopenmp -ffp-contract=off -g -DOMP_EXPLICIT_SIMD=1 -march=haswell"' -O3 -Wall -Wextra -std=c++17 -fopenmp -ffp-contract=off -g -DOMP_EXPLICIT_SIMD=1 -march=haswell  -fopt-info-vec-all=build/omp-avx2/vectorization-core-all.log -MMD -MP -c 577262-FPI-Relatorio2/image_manipulation.cpp -o build/omp-avx2/image_manipulation.o
g++ -I577262-FPI-Relatorio2 -DBENCHMARK_SIMD_BUILD=\"omp-avx2\" '-DBENCHMARK_BUILD_FLAGS="-O3 -Wall -Wextra -std=c++17 -fopenmp -ffp-contract=off -g -DOMP_EXPLICIT_SIMD=1 -march=haswell"' -O3 -Wall -Wextra -std=c++17 -fopenmp -ffp-contract=off -g -DOMP_EXPLICIT_SIMD=1 -march=haswell -MMD -MP -c 577262-FPI-Relatorio2/benchmark_runner.cpp -o build/omp-avx2/benchmark_runner.o
g++ -fopenmp build/omp-avx2/image_manipulation.o build/omp-avx2/benchmark_runner.o  -o build/omp-avx2/image_benchmark
g++ -I577262-FPI-Relatorio2 -DBENCHMARK_SIMD_BUILD=\"omp-avx2\" '-DBENCHMARK_BUILD_FLAGS="-O3 -Wall -Wextra -std=c++17 -fopenmp -ffp-contract=off -g -DOMP_EXPLICIT_SIMD=1 -march=haswell"' -O3 -Wall -Wextra -std=c++17 -fopenmp -ffp-contract=off -g -DOMP_EXPLICIT_SIMD=1 -march=haswell -fopt-info-vec-all=build/omp-avx2/vectorization-experiment-all.log -MMD -MP -c 577262-FPI-Relatorio2/vectorization_benchmark.cpp -o build/omp-avx2/vectorization_benchmark.o
g++ -fopenmp build/omp-avx2/image_manipulation.o build/omp-avx2/vectorization_benchmark.o  -o build/omp-avx2/vectorization_benchmark
g++ -I577262-FPI-Relatorio2 -DBENCHMARK_SIMD_BUILD=\"omp-avx2\" '-DBENCHMARK_BUILD_FLAGS="-O3 -Wall -Wextra -std=c++17 -fopenmp -ffp-contract=off -g -DOMP_EXPLICIT_SIMD=1 -march=haswell"' -O3 -Wall -Wextra -std=c++17 -fopenmp -ffp-contract=off -g -DOMP_EXPLICIT_SIMD=1 -march=haswell -fopt-info-vec-all=build/omp-avx2/vectorization-simd-phases-all.log -MMD -MP -c 577262-FPI-Relatorio2/simd_phase_benchmark.cpp -o build/omp-avx2/simd_phase_benchmark.o
g++ -fopenmp build/omp-avx2/image_manipulation.o build/omp-avx2/simd_phase_benchmark.o  -o build/omp-avx2/simd_phase_benchmark
Pré-voo de hashes e fases concluído.
Validadas 12 configurações e 2 saídas; resumo: /home/users/efsilva/teste/INF01077/resultados_pcad_hype_simd_phase_zoom_825290/zoom_control_summary.csv
Validados: 30 grupos Zoom e 54 grupos de fases
Gráficos: /home/users/efsilva/teste/INF01077/resultados_pcad_hype_simd_phase_zoom_825290/figures
Campanha concluída: /home/users/efsilva/teste/INF01077/resultados_pcad_hype_simd_phase_zoom_825290
Resultados: /home/users/efsilva/teste/INF01077/resultados_pcad_hype_simd_phase_zoom_825290
