mkdir -p build/off
g++ -I577262-FPI-Relatorio2 -DBENCHMARK_SIMD_BUILD=\"off\" '-DBENCHMARK_BUILD_FLAGS="-O3 -Wall -Wextra -std=c++17 -fopenmp -ffp-contract=off -DOMP_EXPLICIT_SIMD=0 -fno-tree-vectorize"' -O3 -Wall -Wextra -std=c++17 -fopenmp -ffp-contract=off -DOMP_EXPLICIT_SIMD=0 -fno-tree-vectorize -MMD -MP -c 577262-FPI-Relatorio2/generate_images.cpp -o build/off/generate_images.o
g++ -fopenmp build/off/generate_images.o  -o build/off/generate_controls
Gerando controles determinísticos em 6000x6000
Criado: "images/controls/control_smooth_6000x6000.png"
Criado: "images/controls/control_noise_6000x6000.png"
Criado: "images/controls/control_half_noise_6000x6000.png"
Criado: "images/controls/control_bands_256_6000x6000.png"
mkdir -p build/omp-avx2
g++ -I577262-FPI-Relatorio2 -DBENCHMARK_SIMD_BUILD=\"omp-avx2\" '-DBENCHMARK_BUILD_FLAGS="-O3 -Wall -Wextra -std=c++17 -fopenmp -ffp-contract=off -DOMP_EXPLICIT_SIMD=1 -march=haswell"' -O3 -Wall -Wextra -std=c++17 -fopenmp -ffp-contract=off -DOMP_EXPLICIT_SIMD=1 -march=haswell -fopt-info-vec-optimized=build/omp-avx2/vectorization-core.log -MMD -MP -c 577262-FPI-Relatorio2/image_manipulation.cpp -o build/omp-avx2/image_manipulation.o
g++ -I577262-FPI-Relatorio2 -DBENCHMARK_SIMD_BUILD=\"omp-avx2\" '-DBENCHMARK_BUILD_FLAGS="-O3 -Wall -Wextra -std=c++17 -fopenmp -ffp-contract=off -DOMP_EXPLICIT_SIMD=1 -march=haswell"' -O3 -Wall -Wextra -std=c++17 -fopenmp -ffp-contract=off -DOMP_EXPLICIT_SIMD=1 -march=haswell -MMD -MP -c 577262-FPI-Relatorio2/benchmark_runner.cpp -o build/omp-avx2/benchmark_runner.o
g++ -fopenmp build/omp-avx2/image_manipulation.o build/omp-avx2/benchmark_runner.o  -o build/omp-avx2/image_benchmark
Intel(R) oneAPI VTune(TM) Profiler 2021.1.1 (build 613804) feedback tool
Copyright (C) 2009-2020 Intel Corporation. All rights reserved.

Intel(R) oneAPI VTune(TM) Profiler 2021.1.1 Gold; 613804 experienced an unexpected error.

Please send a problem report: 
amplxe-feedback --send-crash-report "/tmp/amplxe-log-efsilva/2026-09-21-09-58-23-519846.amplxe-runss/crash_info.txt"

Report data may be used to improve product stability. Our apologies for the inconvenience and thank you for your assistance.

Exception: 0x6, Aborted
Module: libc.so.6
Collecting modules information...
Collecting system information...
