mkdir -p build/omp-avx2
g++ -I577262-FPI-Relatorio2 -DBENCHMARK_SIMD_BUILD=\"omp-avx2\" '-DBENCHMARK_BUILD_FLAGS="-O3 -Wall -Wextra -std=c++17 -fopenmp -ffp-contract=off -g -DOMP_EXPLICIT_SIMD=1 -march=haswell"' -O3 -Wall -Wextra -std=c++17 -fopenmp -ffp-contract=off -g -DOMP_EXPLICIT_SIMD=1 -march=haswell -fopt-info-vec-optimized=build/omp-avx2/vectorization-core.log -MMD -MP -c 577262-FPI-Relatorio2/image_manipulation.cpp -o build/omp-avx2/image_manipulation.o
g++ -I577262-FPI-Relatorio2 -DBENCHMARK_SIMD_BUILD=\"omp-avx2\" '-DBENCHMARK_BUILD_FLAGS="-O3 -Wall -Wextra -std=c++17 -fopenmp -ffp-contract=off -g -DOMP_EXPLICIT_SIMD=1 -march=haswell"' -O3 -Wall -Wextra -std=c++17 -fopenmp -ffp-contract=off -g -DOMP_EXPLICIT_SIMD=1 -march=haswell -MMD -MP -c 577262-FPI-Relatorio2/benchmark_runner.cpp -o build/omp-avx2/benchmark_runner.o
g++ -fopenmp build/omp-avx2/image_manipulation.o build/omp-avx2/benchmark_runner.o  -o build/omp-avx2/image_benchmark
Controle sem VTune: imagem=images/rain_paisage.jpg operações=adaptive threads=20 schedule=dynamic,4
HPC Performance sem knobs adicionais:
Elapsed Time: 6.917s
    CPI Rate: 0.490
    Average CPU Frequency: 2.616 GHz 
    Total Thread Count: 20
Effective Physical Core Utilization: 46.3% (9.268 out of 20)
 | The metric value is low, which may signal a poor physical CPU cores
 | utilization caused by:
 |     - load imbalance
 |     - threading runtime overhead
 |     - contended synchronization
 |     - thread/process underutilization
 |     - incorrect affinity that utilizes logical cores instead of physical
 |       cores
 | Explore sub-metrics to estimate the efficiency of MPI and OpenMP parallelism
 | or run the Locks and Waits analysis to identify parallel bottlenecks for
 | other parallel runtimes.
 |
    Effective Logical Core Utilization: 24.3% (9.732 out of 40)
     | The metric value is low, which may signal a poor logical CPU cores
     | utilization. Consider improving physical core utilization as the first
     | step and then look at opportunities to utilize logical cores, which in
     | some cases can improve processor throughput and overall performance of
     | multi-threaded applications.
     |
Memory Bound: 6.3% of Pipeline Slots
    Cache Bound: 5.8% of Clockticks
    DRAM Bound: N/A with HT on
        DRAM Bandwidth Bound: 0.0% of Elapsed Time
    NUMA: % of Remote Accesses: 0.0%

    Bandwidth Utilization
    Bandwidth Domain             Platform Maximum  Observed Maximum  Average  % of Elapsed Time with High BW Utilization(%)
    ---------------------------  ----------------  ----------------  -------  ---------------------------------------------
    DRAM, GB/sec                 118                          7.700    0.954                                           0.0%
    DRAM Single-Package, GB/sec  59                           7.700    0.995                                           0.0%
Collection and Platform Info
    Application Command Line: build/omp-avx2/image_benchmark "--image" "images/rain_paisage.jpg" "/home/users/efsilva/teste/INF01077/resultados_pcad_hype_hpc_probe_823333/benchmark_hpc.csv" "--operations" "adaptive" "--run-id" "hpc-probe" "--repeat" "0" 
    Operating System: 6.1.0-45-amd64 12.15
    Computer Name: hype5
    Result Size: 32.8 MB 
    Collection start time: 16:51:09 21/09/2026 UTC
    Collection stop time: 16:51:16 21/09/2026 UTC
    Collector Type: Driverless Perf per-process sampling
    CPU
        Name: Intel(R) Xeon(R) E5/E7 v3 Processor code named Haswell
        Frequency: 2.295 GHz 
        Logical CPU Count: 40
        Max DRAM Single-Package Bandwidth: 59.000 GB/s

If you want to skip descriptions of detected performance issues in the report,
enter: vtune -report summary -report-knob show-issues=false -r <my_result_dir>.
Alternatively, you may view the report in the csv format: vtune -report
<report_name> -format=csv.
Sonda concluída. Resultado: /home/users/efsilva/teste/INF01077/resultados_pcad_hype_hpc_probe_823333/hpc_performance
