
790245 : 0x2dd52c18d5edf8 : 1 : spill_jit_data :  Jit agent is not initialized
790245 : 0x2dd52c18f507df : 2 : ittapi_config_mask_get :  --itt-config mask to be applied: 1
790245 : 0x2dd52c18f51ce8 : 2 : ittapi_config_apply_per_lib :  ITTAPI function instrumented: __itt_domain_create
790245 : 0x2dd52c18f52767 : 2 : ittapi_config_apply_per_lib :  ITTAPI function instrumented: __itt_module_load_with_sections
790245 : 0x2dd52c18f53510 : 2 : ittapi_config_apply_per_lib :  ITTAPI function not implemented: __itt_module_unload_with_sections
790245 : 0x2dd52c18f53e8c : 2 : ittapi_config_apply_per_lib :  ITTAPI function instrumented: __itt_string_handle_create
790245 : 0x2dd52c18f545e0 : 2 : ittapi_config_apply_per_lib :  ITTAPI function instrumented: __itt_counter_create
790245 : 0x2dd52c18f54ce7 : 2 : ittapi_config_apply_per_lib :  ITTAPI function instrumented: __itt_counter_create_typed
790245 : 0x2dd52c18f55476 : 2 : ittapi_config_apply_per_lib :  ITTAPI function instrumented: __itt_pause
790245 : 0x2dd52c18f55c6d : 2 : ittapi_config_apply_per_lib :  ITTAPI function instrumented: __itt_resume
790245 : 0x2dd52c18f61dd0 : 2 : ittapi_config_apply_per_lib :  ITTAPI function instrumented: __itt_thread_set_name
790245 : 0x2dd52c18f628f6 : 2 : ittapi_config_apply_per_lib :  ITTAPI function instrumented: __itt_thread_ignore
790245 : 0x2dd52c18f6314c : 2 : ittapi_config_apply_per_lib :  ITTAPI function instrumented: __itt_thr_name_set
790245 : 0x2dd52c18f639a4 : 2 : ittapi_config_apply_per_lib :  ITTAPI function instrumented: __itt_thr_ignore
790245 : 0x2dd52c18f64467 : 2 : ittapi_config_apply_per_lib :  ITTAPI function not implemented: __itt_enable_attach
790245 : 0x2dd52c18f64d4b : 2 : ittapi_config_apply_per_lib :  ITTAPI function instrumented: __itt_detach
790245 : 0x2dd52c18f65413 : 2 : ittapi_config_apply_per_lib :  ITTAPI function NOT instrumented (not matched by --itt-config option): __itt_sync_create

790245 : 0x2dd52c18f65be4 : 2 : ittapi_config_apply_per_lib :  ITTAPI function NOT instrumented (not matched by --itt-config option): __itt_sync_rename

790245 : 0x2dd52c18f6627c : 2 : ittapi_config_apply_per_lib :  ITTAPI function NOT instrumented (not matched by --itt-config option): __itt_sync_destroy

790245 : 0x2dd52c18f668ef : 2 : ittapi_config_apply_per_lib :  ITTAPI function NOT instrumented (not matched by --itt-config option): __itt_sync_prepare

790245 : 0x2dd52c18f69094 : 2 : ittapi_config_apply_per_lib :  ITTAPI function NOT instrumented (not matched by --itt-config option): __itt_sync_cancel

790245 : 0x2dd52c18f697d8 : 2 : ittapi_config_apply_per_lib :  ITTAPI function NOT instrumented (not matched by --itt-config option): __itt_sync_acquired

790245 : 0x2dd52c18f69e4b : 2 : ittapi_config_apply_per_lib :  ITTAPI function NOT instrumented (not matched by --itt-config option): __itt_sync_releasing

790245 : 0x2dd52c18f6a7a2 : 2 : ittapi_config_apply_per_lib :  ITTAPI function not implemented: __itt_suppress_push
790245 : 0x2dd52c18f6b17e : 2 : ittapi_config_apply_per_lib :  ITTAPI function not implemented: __itt_suppress_pop
790245 : 0x2dd52c18f6ba2b : 2 : ittapi_config_apply_per_lib :  ITTAPI function not implemented: __itt_suppress_mark_range
790245 : 0x2dd52c18f6c2e4 : 2 : ittapi_config_apply_per_lib :  ITTAPI function not implemented: __itt_suppress_clear_range
790245 : 0x2dd52c18f6c92d : 2 : ittapi_config_apply_per_lib :  ITTAPI function NOT instrumented (not matched by --itt-config option): __itt_sync_prepare

790245 : 0x2dd52c18f6cfb6 : 2 : ittapi_config_apply_per_lib :  ITTAPI function NOT instrumented (not matched by --itt-config option): __itt_sync_cancel

790245 : 0x2dd52c18f6d60a : 2 : ittapi_config_apply_per_lib :  ITTAPI function NOT instrumented (not matched by --itt-config option): __itt_sync_acquired

790245 : 0x2dd52c18f6f4a6 : 2 : ittapi_config_apply_per_lib :  ITTAPI function NOT instrumented (not matched by --itt-config option): __itt_sync_releasing

790245 : 0x2dd52c18f6fbf3 : 2 : ittapi_config_apply_per_lib :  ITTAPI function NOT instrumented (not matched by --itt-config option): __itt_model_site_begin

790245 : 0x2dd52c18f702a3 : 2 : ittapi_config_apply_per_lib :  ITTAPI function NOT instrumented (not matched by --itt-config option): __itt_model_site_end

790245 : 0x2dd52c18f70a03 : 2 : ittapi_config_apply_per_lib :  ITTAPI function NOT instrumented (not matched by --itt-config option): __itt_model_task_begin

790245 : 0x2dd52c18f71098 : 2 : ittapi_config_apply_per_lib :  ITTAPI function NOT instrumented (not matched by --itt-config option): __itt_model_task_end

790245 : 0x2dd52c18f7170a : 2 : ittapi_config_apply_per_lib :  ITTAPI function NOT instrumented (not matched by --itt-config option): __itt_model_lock_acquire

790245 : 0x2dd52c18f71de8 : 2 : ittapi_config_apply_per_lib :  ITTAPI function NOT instrumented (not matched by --itt-config option): __itt_model_lock_release

790245 : 0x2dd52c18f7246d : 2 : ittapi_config_apply_per_lib :  ITTAPI function NOT instrumented (not matched by --itt-config option): __itt_model_record_allocation

790245 : 0x2dd52c18f72b37 : 2 : ittapi_config_apply_per_lib :  ITTAPI function NOT instrumented (not matched by --itt-config option): __itt_model_record_deallocation

790245 : 0x2dd52c18f731eb : 2 : ittapi_config_apply_per_lib :  ITTAPI function NOT instrumented (not matched by --itt-config option): __itt_model_induction_uses

790245 : 0x2dd52c18f7666e : 2 : ittapi_config_apply_per_lib :  ITTAPI function NOT instrumented (not matched by --itt-config option): __itt_model_reduction_uses

790245 : 0x2dd52c18f76f59 : 2 : ittapi_config_apply_per_lib :  ITTAPI function NOT instrumented (not matched by --itt-config option): __itt_model_observe_uses

790245 : 0x2dd52c18f7768e : 2 : ittapi_config_apply_per_lib :  ITTAPI function NOT instrumented (not matched by --itt-config option): __itt_model_clear_uses

790245 : 0x2dd52c18f77d09 : 2 : ittapi_config_apply_per_lib :  ITTAPI function NOT instrumented (not matched by --itt-config option): __itt_model_site_beginA

790245 : 0x2dd52c18f783cf : 2 : ittapi_config_apply_per_lib :  ITTAPI function NOT instrumented (not matched by --itt-config option): __itt_model_site_beginAL

790245 : 0x2dd52c18f78a6d : 2 : ittapi_config_apply_per_lib :  ITTAPI function NOT instrumented (not matched by --itt-config option): __itt_model_task_beginA

790245 : 0x2dd52c18f790b7 : 2 : ittapi_config_apply_per_lib :  ITTAPI function NOT instrumented (not matched by --itt-config option): __itt_model_task_beginAL

790245 : 0x2dd52c18f79790 : 2 : ittapi_config_apply_per_lib :  ITTAPI function NOT instrumented (not matched by --itt-config option): __itt_model_iteration_taskA

790245 : 0x2dd52c18f79e17 : 2 : ittapi_config_apply_per_lib :  ITTAPI function NOT instrumented (not matched by --itt-config option): __itt_model_iteration_taskAL

790245 : 0x2dd52c18f7a4e5 : 2 : ittapi_config_apply_per_lib :  ITTAPI function NOT instrumented (not matched by --itt-config option): __itt_model_site_end_2

790245 : 0x2dd52c18f7c4b3 : 2 : ittapi_config_apply_per_lib :  ITTAPI function NOT instrumented (not matched by --itt-config option): __itt_model_task_end_2

790245 : 0x2dd52c18f7cb53 : 2 : ittapi_config_apply_per_lib :  ITTAPI function NOT instrumented (not matched by --itt-config option): __itt_model_lock_acquire_2

790245 : 0x2dd52c18f7d217 : 2 : ittapi_config_apply_per_lib :  ITTAPI function NOT instrumented (not matched by --itt-config option): __itt_model_lock_release_2

790245 : 0x2dd52c18f7d8d2 : 2 : ittapi_config_apply_per_lib :  ITTAPI function NOT instrumented (not matched by --itt-config option): __itt_model_aggregate_task

790245 : 0x2dd52c18f7df33 : 2 : ittapi_config_apply_per_lib :  ITTAPI function NOT instrumented (not matched by --itt-config option): __itt_model_disable_push

790245 : 0x2dd52c18f7e6bd : 2 : ittapi_config_apply_per_lib :  ITTAPI function NOT instrumented (not matched by --itt-config option): __itt_model_disable_pop

790245 : 0x2dd52c18f7eebe : 2 : ittapi_config_apply_per_lib :  ITTAPI function instrumented: __itt_heap_function_create
790245 : 0x2dd52c18f7f793 : 2 : ittapi_config_apply_per_lib :  ITTAPI function instrumented: __itt_heap_allocate_begin
790245 : 0x2dd52c18f7ff6c : 2 : ittapi_config_apply_per_lib :  ITTAPI function instrumented: __itt_heap_allocate_end
790245 : 0x2dd52c18f806b9 : 2 : ittapi_config_apply_per_lib :  ITTAPI function instrumented: __itt_heap_free_begin
790245 : 0x2dd52c18f83b54 : 2 : ittapi_config_apply_per_lib :  ITTAPI function instrumented: __itt_heap_free_end
790245 : 0x2dd52c18f84429 : 2 : ittapi_config_apply_per_lib :  ITTAPI function instrumented: __itt_heap_reallocate_begin
790245 : 0x2dd52c18f84b3e : 2 : ittapi_config_apply_per_lib :  ITTAPI function instrumented: __itt_heap_reallocate_end
790245 : 0x2dd52c18f853fa : 2 : ittapi_config_apply_per_lib :  ITTAPI function not implemented: __itt_heap_internal_access_begin
790245 : 0x2dd52c18f85d07 : 2 : ittapi_config_apply_per_lib :  ITTAPI function not implemented: __itt_heap_internal_access_end
790245 : 0x2dd52c18f864f9 : 2 : ittapi_config_apply_per_lib :  ITTAPI function not implemented: __itt_heap_record_memory_growth_begin
790245 : 0x2dd52c18f86d46 : 2 : ittapi_config_apply_per_lib :  ITTAPI function not implemented: __itt_heap_record_memory_growth_end
790245 : 0x2dd52c18f87598 : 2 : ittapi_config_apply_per_lib :  ITTAPI function not implemented: __itt_heap_reset_detection
790245 : 0x2dd52c18f87e63 : 2 : ittapi_config_apply_per_lib :  ITTAPI function not implemented: __itt_heap_record
790245 : 0x2dd52c18f8868e : 2 : ittapi_config_apply_per_lib :  ITTAPI function not implemented: __itt_id_create
790245 : 0x2dd52c18f8ab0b : 2 : ittapi_config_apply_per_lib :  ITTAPI function not implemented: __itt_id_destroy
790245 : 0x2dd52c18f8b362 : 2 : ittapi_config_apply_per_lib :  ITTAPI function instrumented: __itt_get_timestamp
790245 : 0x2dd52c18f8bba0 : 2 : ittapi_config_apply_per_lib :  ITTAPI function not implemented: __itt_region_begin
790245 : 0x2dd52c18f8c3c6 : 2 : ittapi_config_apply_per_lib :  ITTAPI function not implemented: __itt_region_end
790245 : 0x2dd52c18f8ccea : 2 : ittapi_config_apply_per_lib :  ITTAPI function instrumented: __itt_frame_begin_v3
790245 : 0x2dd52c18f8d49f : 2 : ittapi_config_apply_per_lib :  ITTAPI function instrumented: __itt_frame_end_v3
790245 : 0x2dd52c18f8dc87 : 2 : ittapi_config_apply_per_lib :  ITTAPI function instrumented: __itt_frame_submit_v3
790245 : 0x2dd52c18f8e306 : 2 : ittapi_config_apply_per_lib :  ITTAPI function NOT instrumented (not matched by --itt-config option): __itt_task_group

790245 : 0x2dd52c18f8ea0b : 2 : ittapi_config_apply_per_lib :  ITTAPI function NOT instrumented (not matched by --itt-config option): __itt_task_begin

790245 : 0x2dd52c18f8f05f : 2 : ittapi_config_apply_per_lib :  ITTAPI function NOT instrumented (not matched by --itt-config option): __itt_task_begin_fn

790245 : 0x2dd52c18f9100e : 2 : ittapi_config_apply_per_lib :  ITTAPI function NOT instrumented (not matched by --itt-config option): __itt_task_end

790245 : 0x2dd52c18f917d3 : 2 : ittapi_config_apply_per_lib :  ITTAPI function NOT instrumented (not matched by --itt-config option): __itt_counter_inc_v3

790245 : 0x2dd52c18f91e67 : 2 : ittapi_config_apply_per_lib :  ITTAPI function NOT instrumented (not matched by --itt-config option): __itt_counter_inc_delta_v3

790245 : 0x2dd52c18f924b5 : 2 : ittapi_config_apply_per_lib :  ITTAPI function NOT instrumented (not matched by --itt-config option): __itt_counter_dec_v3

790245 : 0x2dd52c18f92b4d : 2 : ittapi_config_apply_per_lib :  ITTAPI function NOT instrumented (not matched by --itt-config option): __itt_counter_dec_delta_v3

790245 : 0x2dd52c18f933d7 : 2 : ittapi_config_apply_per_lib :  ITTAPI function not implemented: __itt_marker
790245 : 0x2dd52c18f93b93 : 2 : ittapi_config_apply_per_lib :  ITTAPI function instrumented: __itt_metadata_add
790245 : 0x2dd52c18f943e7 : 2 : ittapi_config_apply_per_lib :  ITTAPI function not implemented: __itt_metadata_str_add
790245 : 0x2dd52c18f94c12 : 2 : ittapi_config_apply_per_lib :  ITTAPI function not implemented: __itt_relation_add_to_current
790245 : 0x2dd52c18f95428 : 2 : ittapi_config_apply_per_lib :  ITTAPI function not implemented: __itt_relation_add
790245 : 0x2dd52c18f97399 : 2 : ittapi_config_apply_per_lib :  ITTAPI function instrumented: __itt_event_create
790245 : 0x2dd52c18f97a57 : 2 : ittapi_config_apply_per_lib :  ITTAPI function NOT instrumented (not matched by --itt-config option): __itt_event_start

790245 : 0x2dd52c18f98107 : 2 : ittapi_config_apply_per_lib :  ITTAPI function NOT instrumented (not matched by --itt-config option): __itt_event_end

790245 : 0x2dd52c18f9876f : 2 : ittapi_config_apply_per_lib :  ITTAPI function NOT instrumented (not matched by --itt-config option): __itt_sync_set_name

790245 : 0x2dd52c18f98e14 : 2 : ittapi_config_apply_per_lib :  ITTAPI function NOT instrumented (not matched by --itt-config option): __itt_notify_sync_name

790245 : 0x2dd52c18f994b4 : 2 : ittapi_config_apply_per_lib :  ITTAPI function NOT instrumented (not matched by --itt-config option): __itt_notify_sync_prepare

790245 : 0x2dd52c18f99b17 : 2 : ittapi_config_apply_per_lib :  ITTAPI function NOT instrumented (not matched by --itt-config option): __itt_notify_sync_cancel

790245 : 0x2dd52c18f9a1da : 2 : ittapi_config_apply_per_lib :  ITTAPI function NOT instrumented (not matched by --itt-config option): __itt_notify_sync_acquired

790245 : 0x2dd52c18f9a852 : 2 : ittapi_config_apply_per_lib :  ITTAPI function NOT instrumented (not matched by --itt-config option): __itt_notify_sync_releasing

790245 : 0x2dd52c18f9b083 : 2 : ittapi_config_apply_per_lib :  ITTAPI function not implemented: __itt_memory_read
790245 : 0x2dd52c18f9de96 : 2 : ittapi_config_apply_per_lib :  ITTAPI function not implemented: __itt_memory_write
790245 : 0x2dd52c18f9e83e : 2 : ittapi_config_apply_per_lib :  ITTAPI function not implemented: __itt_memory_update
790245 : 0x2dd52c18f9f06b : 2 : ittapi_config_apply_per_lib :  ITTAPI function not implemented: __itt_state_get
790245 : 0x2dd52c18f9f80b : 2 : ittapi_config_apply_per_lib :  ITTAPI function not implemented: __itt_state_set
790245 : 0x2dd52c18f9ffde : 2 : ittapi_config_apply_per_lib :  ITTAPI function not implemented: __itt_obj_mode_set
790245 : 0x2dd52c18fa07b8 : 2 : ittapi_config_apply_per_lib :  ITTAPI function not implemented: __itt_thr_mode_set
790245 : 0x2dd52c18fa0f63 : 2 : ittapi_config_apply_per_lib :  ITTAPI function instrumented: __itt_frame_create
790245 : 0x2dd52c18fa1670 : 2 : ittapi_config_apply_per_lib :  ITTAPI function instrumented: __itt_pt_region_create
790245 : 0x2dd52c18fa1e56 : 2 : ittapi_config_apply_per_lib :  ITTAPI function instrumented: __itt_frame_begin
790245 : 0x2dd52c18fa26ac : 2 : ittapi_config_apply_per_lib :  ITTAPI function instrumented: __itt_frame_end
790245 : 0x2dd52c18fa458b : 2 : ittapi_config_apply_per_lib :  ITTAPI function NOT instrumented (not matched by --itt-config option): __itt_counter_destroy

790245 : 0x2dd52c18fa4cb0 : 2 : ittapi_config_apply_per_lib :  ITTAPI function NOT instrumented (not matched by --itt-config option): __itt_counter_inc

790245 : 0x2dd52c18fa5324 : 2 : ittapi_config_apply_per_lib :  ITTAPI function NOT instrumented (not matched by --itt-config option): __itt_counter_inc_delta

790245 : 0x2dd52c18fa59d7 : 2 : ittapi_config_apply_per_lib :  ITTAPI function NOT instrumented (not matched by --itt-config option): __itt_counter_dec

790245 : 0x2dd52c18fa6057 : 2 : ittapi_config_apply_per_lib :  ITTAPI function NOT instrumented (not matched by --itt-config option): __itt_counter_dec_delta

790245 : 0x2dd52c18fa667e : 2 : ittapi_config_apply_per_lib :  ITTAPI function NOT instrumented (not matched by --itt-config option): __itt_counter_set_value

790245 : 0x2dd52c18fa6d1b : 2 : ittapi_config_apply_per_lib :  ITTAPI function NOT instrumented (not matched by --itt-config option): __itt_counter_set_value_ex

790245 : 0x2dd52c18fa753f : 2 : ittapi_config_apply_per_lib :  ITTAPI function not implemented: __itt_mark_create
790245 : 0x2dd52c18fa7f6f : 2 : ittapi_config_apply_per_lib :  ITTAPI function not implemented: __itt_mark
790245 : 0x2dd52c18fa87c2 : 2 : ittapi_config_apply_per_lib :  ITTAPI function not implemented: __itt_mark_off
790245 : 0x2dd52c18faa7c2 : 2 : ittapi_config_apply_per_lib :  ITTAPI function not implemented: __itt_mark_global
790245 : 0x2dd52c18faafd0 : 2 : ittapi_config_apply_per_lib :  ITTAPI function not implemented: __itt_mark_global_off
790245 : 0x2dd52c18fab6db : 2 : ittapi_config_apply_per_lib :  ITTAPI function NOT instrumented (not matched by --itt-config option): __itt_stack_caller_create

790245 : 0x2dd52c18fabd49 : 2 : ittapi_config_apply_per_lib :  ITTAPI function NOT instrumented (not matched by --itt-config option): __itt_stack_caller_destroy

790245 : 0x2dd52c18fac434 : 2 : ittapi_config_apply_per_lib :  ITTAPI function NOT instrumented (not matched by --itt-config option): __itt_stack_callee_enter

790245 : 0x2dd52c18facaa5 : 2 : ittapi_config_apply_per_lib :  ITTAPI function NOT instrumented (not matched by --itt-config option): __itt_stack_callee_leave

790245 : 0x2dd52c18fad226 : 2 : ittapi_config_apply_per_lib :  ITTAPI function not implemented: __itt_clock_domain_create
790245 : 0x2dd52c18fada8e : 2 : ittapi_config_apply_per_lib :  ITTAPI function not implemented: __itt_clock_domain_reset
790245 : 0x2dd52c18fae282 : 2 : ittapi_config_apply_per_lib :  ITTAPI function not implemented: __itt_id_create_ex
790245 : 0x2dd52c18faea40 : 2 : ittapi_config_apply_per_lib :  ITTAPI function not implemented: __itt_id_destroy_ex
790245 : 0x2dd52c19013f8a : 2 : ittapi_config_apply_per_lib :  ITTAPI function NOT instrumented (not matched by --itt-config option): __itt_task_begin_ex

790245 : 0x2dd52c19014c1e : 2 : ittapi_config_apply_per_lib :  ITTAPI function NOT instrumented (not matched by --itt-config option): __itt_task_begin_fn_ex

790245 : 0x2dd52c19015368 : 2 : ittapi_config_apply_per_lib :  ITTAPI function NOT instrumented (not matched by --itt-config option): __itt_task_end_ex

790245 : 0x2dd52c19015a49 : 2 : ittapi_config_apply_per_lib :  ITTAPI function NOT instrumented (not matched by --itt-config option): __itt_task_begin_overlapped

790245 : 0x2dd52c1901619a : 2 : ittapi_config_apply_per_lib :  ITTAPI function NOT instrumented (not matched by --itt-config option): __itt_task_begin_overlapped_ex

790245 : 0x2dd52c19016877 : 2 : ittapi_config_apply_per_lib :  ITTAPI function NOT instrumented (not matched by --itt-config option): __itt_task_end_overlapped

790245 : 0x2dd52c19016f0f : 2 : ittapi_config_apply_per_lib :  ITTAPI function NOT instrumented (not matched by --itt-config option): __itt_task_end_overlapped_ex

790245 : 0x2dd52c19017c98 : 2 : ittapi_config_apply_per_lib :  ITTAPI function not implemented: __itt_marker_ex
790245 : 0x2dd52c190185e9 : 2 : ittapi_config_apply_per_lib :  ITTAPI function not implemented: __itt_metadata_add_with_scope
790245 : 0x2dd52c19018f2c : 2 : ittapi_config_apply_per_lib :  ITTAPI function not implemented: __itt_metadata_str_add_with_scope
790245 : 0x2dd52c1901c840 : 2 : ittapi_config_apply_per_lib :  ITTAPI function not implemented: __itt_relation_add_to_current_ex
790245 : 0x2dd52c1901d3de : 2 : ittapi_config_apply_per_lib :  ITTAPI function not implemented: __itt_relation_add_ex
790245 : 0x2dd52c1901dc79 : 2 : ittapi_config_apply_per_lib :  ITTAPI function not implemented: __itt_track_group_create
790245 : 0x2dd52c1901e487 : 2 : ittapi_config_apply_per_lib :  ITTAPI function not implemented: __itt_track_create
790245 : 0x2dd52c1901ed3d : 2 : ittapi_config_apply_per_lib :  ITTAPI function not implemented: __itt_set_track
790245 : 0x2dd52c1901f5e1 : 2 : ittapi_config_apply_per_lib :  ITTAPI function instrumented: __itt_api_version
790245 : 0x2dd52c1901fedc : 2 : ittapi_config_apply_per_lib :  ITTAPI function not implemented: __itt_av_save
790245 : 0x2dd52c19020731 : 2 : ittapi_config_apply_per_lib :  ITTAPI function instrumented: __itt_module_load
790245 : 0x2dd52c190210f5 : 2 : ittapi_config_apply_per_lib :  ITTAPI function not implemented: __itt_module_unload