
795124 : 0x2dd5a24af4a669 : 1 : spill_jit_data :  Jit agent is not initialized
795124 : 0x2dd5a24b1482f2 : 2 : ittapi_config_mask_get :  --itt-config mask to be applied: 1
795124 : 0x2dd5a24b1499a4 : 2 : ittapi_config_apply_per_lib :  ITTAPI function instrumented: __itt_domain_create
795124 : 0x2dd5a24b14a3ca : 2 : ittapi_config_apply_per_lib :  ITTAPI function instrumented: __itt_module_load_with_sections
795124 : 0x2dd5a24b14b2f2 : 2 : ittapi_config_apply_per_lib :  ITTAPI function not implemented: __itt_module_unload_with_sections
795124 : 0x2dd5a24b14bcb0 : 2 : ittapi_config_apply_per_lib :  ITTAPI function instrumented: __itt_string_handle_create
795124 : 0x2dd5a24b14c415 : 2 : ittapi_config_apply_per_lib :  ITTAPI function instrumented: __itt_counter_create
795124 : 0x2dd5a24b14cb5c : 2 : ittapi_config_apply_per_lib :  ITTAPI function instrumented: __itt_counter_create_typed
795124 : 0x2dd5a24b14d2f0 : 2 : ittapi_config_apply_per_lib :  ITTAPI function instrumented: __itt_pause
795124 : 0x2dd5a24b14db25 : 2 : ittapi_config_apply_per_lib :  ITTAPI function instrumented: __itt_resume
795124 : 0x2dd5a24b159969 : 2 : ittapi_config_apply_per_lib :  ITTAPI function instrumented: __itt_thread_set_name
795124 : 0x2dd5a24b15a49b : 2 : ittapi_config_apply_per_lib :  ITTAPI function instrumented: __itt_thread_ignore
795124 : 0x2dd5a24b15aceb : 2 : ittapi_config_apply_per_lib :  ITTAPI function instrumented: __itt_thr_name_set
795124 : 0x2dd5a24b15b571 : 2 : ittapi_config_apply_per_lib :  ITTAPI function instrumented: __itt_thr_ignore
795124 : 0x2dd5a24b15c03b : 2 : ittapi_config_apply_per_lib :  ITTAPI function not implemented: __itt_enable_attach
795124 : 0x2dd5a24b15c951 : 2 : ittapi_config_apply_per_lib :  ITTAPI function instrumented: __itt_detach
795124 : 0x2dd5a24b15d04d : 2 : ittapi_config_apply_per_lib :  ITTAPI function NOT instrumented (not matched by --itt-config option): __itt_sync_create

795124 : 0x2dd5a24b15d789 : 2 : ittapi_config_apply_per_lib :  ITTAPI function NOT instrumented (not matched by --itt-config option): __itt_sync_rename

795124 : 0x2dd5a24b15de02 : 2 : ittapi_config_apply_per_lib :  ITTAPI function NOT instrumented (not matched by --itt-config option): __itt_sync_destroy

795124 : 0x2dd5a24b15e482 : 2 : ittapi_config_apply_per_lib :  ITTAPI function NOT instrumented (not matched by --itt-config option): __itt_sync_prepare

795124 : 0x2dd5a24b160ddb : 2 : ittapi_config_apply_per_lib :  ITTAPI function NOT instrumented (not matched by --itt-config option): __itt_sync_cancel

795124 : 0x2dd5a24b161511 : 2 : ittapi_config_apply_per_lib :  ITTAPI function NOT instrumented (not matched by --itt-config option): __itt_sync_acquired

795124 : 0x2dd5a24b161b85 : 2 : ittapi_config_apply_per_lib :  ITTAPI function NOT instrumented (not matched by --itt-config option): __itt_sync_releasing

795124 : 0x2dd5a24b16256b : 2 : ittapi_config_apply_per_lib :  ITTAPI function not implemented: __itt_suppress_push
795124 : 0x2dd5a24b163079 : 2 : ittapi_config_apply_per_lib :  ITTAPI function not implemented: __itt_suppress_pop
795124 : 0x2dd5a24b16395f : 2 : ittapi_config_apply_per_lib :  ITTAPI function not implemented: __itt_suppress_mark_range
795124 : 0x2dd5a24b164287 : 2 : ittapi_config_apply_per_lib :  ITTAPI function not implemented: __itt_suppress_clear_range
795124 : 0x2dd5a24b164912 : 2 : ittapi_config_apply_per_lib :  ITTAPI function NOT instrumented (not matched by --itt-config option): __itt_sync_prepare

795124 : 0x2dd5a24b164fc7 : 2 : ittapi_config_apply_per_lib :  ITTAPI function NOT instrumented (not matched by --itt-config option): __itt_sync_cancel

795124 : 0x2dd5a24b165638 : 2 : ittapi_config_apply_per_lib :  ITTAPI function NOT instrumented (not matched by --itt-config option): __itt_sync_acquired

795124 : 0x2dd5a24b1675eb : 2 : ittapi_config_apply_per_lib :  ITTAPI function NOT instrumented (not matched by --itt-config option): __itt_sync_releasing

795124 : 0x2dd5a24b167d6b : 2 : ittapi_config_apply_per_lib :  ITTAPI function NOT instrumented (not matched by --itt-config option): __itt_model_site_begin

795124 : 0x2dd5a24b168420 : 2 : ittapi_config_apply_per_lib :  ITTAPI function NOT instrumented (not matched by --itt-config option): __itt_model_site_end

795124 : 0x2dd5a24b168bac : 2 : ittapi_config_apply_per_lib :  ITTAPI function NOT instrumented (not matched by --itt-config option): __itt_model_task_begin

795124 : 0x2dd5a24b169264 : 2 : ittapi_config_apply_per_lib :  ITTAPI function NOT instrumented (not matched by --itt-config option): __itt_model_task_end

795124 : 0x2dd5a24b1698e7 : 2 : ittapi_config_apply_per_lib :  ITTAPI function NOT instrumented (not matched by --itt-config option): __itt_model_lock_acquire

795124 : 0x2dd5a24b169fe3 : 2 : ittapi_config_apply_per_lib :  ITTAPI function NOT instrumented (not matched by --itt-config option): __itt_model_lock_release

795124 : 0x2dd5a24b16a66e : 2 : ittapi_config_apply_per_lib :  ITTAPI function NOT instrumented (not matched by --itt-config option): __itt_model_record_allocation

795124 : 0x2dd5a24b16ad22 : 2 : ittapi_config_apply_per_lib :  ITTAPI function NOT instrumented (not matched by --itt-config option): __itt_model_record_deallocation

795124 : 0x2dd5a24b16b430 : 2 : ittapi_config_apply_per_lib :  ITTAPI function NOT instrumented (not matched by --itt-config option): __itt_model_induction_uses

795124 : 0x2dd5a24b16ead7 : 2 : ittapi_config_apply_per_lib :  ITTAPI function NOT instrumented (not matched by --itt-config option): __itt_model_reduction_uses

795124 : 0x2dd5a24b16f39e : 2 : ittapi_config_apply_per_lib :  ITTAPI function NOT instrumented (not matched by --itt-config option): __itt_model_observe_uses

795124 : 0x2dd5a24b16fabf : 2 : ittapi_config_apply_per_lib :  ITTAPI function NOT instrumented (not matched by --itt-config option): __itt_model_clear_uses

795124 : 0x2dd5a24b170141 : 2 : ittapi_config_apply_per_lib :  ITTAPI function NOT instrumented (not matched by --itt-config option): __itt_model_site_beginA

795124 : 0x2dd5a24b1708f1 : 2 : ittapi_config_apply_per_lib :  ITTAPI function NOT instrumented (not matched by --itt-config option): __itt_model_site_beginAL

795124 : 0x2dd5a24b170f63 : 2 : ittapi_config_apply_per_lib :  ITTAPI function NOT instrumented (not matched by --itt-config option): __itt_model_task_beginA

795124 : 0x2dd5a24b1715b3 : 2 : ittapi_config_apply_per_lib :  ITTAPI function NOT instrumented (not matched by --itt-config option): __itt_model_task_beginAL

795124 : 0x2dd5a24b171c80 : 2 : ittapi_config_apply_per_lib :  ITTAPI function NOT instrumented (not matched by --itt-config option): __itt_model_iteration_taskA

795124 : 0x2dd5a24b172316 : 2 : ittapi_config_apply_per_lib :  ITTAPI function NOT instrumented (not matched by --itt-config option): __itt_model_iteration_taskAL

795124 : 0x2dd5a24b1729da : 2 : ittapi_config_apply_per_lib :  ITTAPI function NOT instrumented (not matched by --itt-config option): __itt_model_site_end_2

795124 : 0x2dd5a24b1749d8 : 2 : ittapi_config_apply_per_lib :  ITTAPI function NOT instrumented (not matched by --itt-config option): __itt_model_task_end_2

795124 : 0x2dd5a24b1750b2 : 2 : ittapi_config_apply_per_lib :  ITTAPI function NOT instrumented (not matched by --itt-config option): __itt_model_lock_acquire_2

795124 : 0x2dd5a24b175779 : 2 : ittapi_config_apply_per_lib :  ITTAPI function NOT instrumented (not matched by --itt-config option): __itt_model_lock_release_2

795124 : 0x2dd5a24b175e51 : 2 : ittapi_config_apply_per_lib :  ITTAPI function NOT instrumented (not matched by --itt-config option): __itt_model_aggregate_task

795124 : 0x2dd5a24b1764aa : 2 : ittapi_config_apply_per_lib :  ITTAPI function NOT instrumented (not matched by --itt-config option): __itt_model_disable_push

795124 : 0x2dd5a24b176b5e : 2 : ittapi_config_apply_per_lib :  ITTAPI function NOT instrumented (not matched by --itt-config option): __itt_model_disable_pop

795124 : 0x2dd5a24b177388 : 2 : ittapi_config_apply_per_lib :  ITTAPI function instrumented: __itt_heap_function_create
795124 : 0x2dd5a24b177c5b : 2 : ittapi_config_apply_per_lib :  ITTAPI function instrumented: __itt_heap_allocate_begin
795124 : 0x2dd5a24b178445 : 2 : ittapi_config_apply_per_lib :  ITTAPI function instrumented: __itt_heap_allocate_end
795124 : 0x2dd5a24b178c48 : 2 : ittapi_config_apply_per_lib :  ITTAPI function instrumented: __itt_heap_free_begin
795124 : 0x2dd5a24b17c491 : 2 : ittapi_config_apply_per_lib :  ITTAPI function instrumented: __itt_heap_free_end
795124 : 0x2dd5a24b17cf43 : 2 : ittapi_config_apply_per_lib :  ITTAPI function instrumented: __itt_heap_reallocate_begin
795124 : 0x2dd5a24b17d68b : 2 : ittapi_config_apply_per_lib :  ITTAPI function instrumented: __itt_heap_reallocate_end
795124 : 0x2dd5a24b17dffe : 2 : ittapi_config_apply_per_lib :  ITTAPI function not implemented: __itt_heap_internal_access_begin
795124 : 0x2dd5a24b17e8db : 2 : ittapi_config_apply_per_lib :  ITTAPI function not implemented: __itt_heap_internal_access_end
795124 : 0x2dd5a24b17f12c : 2 : ittapi_config_apply_per_lib :  ITTAPI function not implemented: __itt_heap_record_memory_growth_begin
795124 : 0x2dd5a24b17f9a1 : 2 : ittapi_config_apply_per_lib :  ITTAPI function not implemented: __itt_heap_record_memory_growth_end
795124 : 0x2dd5a24b18022b : 2 : ittapi_config_apply_per_lib :  ITTAPI function not implemented: __itt_heap_reset_detection
795124 : 0x2dd5a24b180b7f : 2 : ittapi_config_apply_per_lib :  ITTAPI function not implemented: __itt_heap_record
795124 : 0x2dd5a24b181429 : 2 : ittapi_config_apply_per_lib :  ITTAPI function not implemented: __itt_id_create
795124 : 0x2dd5a24b183973 : 2 : ittapi_config_apply_per_lib :  ITTAPI function not implemented: __itt_id_destroy
795124 : 0x2dd5a24b1841ed : 2 : ittapi_config_apply_per_lib :  ITTAPI function instrumented: __itt_get_timestamp
795124 : 0x2dd5a24b184a23 : 2 : ittapi_config_apply_per_lib :  ITTAPI function not implemented: __itt_region_begin
795124 : 0x2dd5a24b185292 : 2 : ittapi_config_apply_per_lib :  ITTAPI function not implemented: __itt_region_end
795124 : 0x2dd5a24b185b46 : 2 : ittapi_config_apply_per_lib :  ITTAPI function instrumented: __itt_frame_begin_v3
795124 : 0x2dd5a24b186335 : 2 : ittapi_config_apply_per_lib :  ITTAPI function instrumented: __itt_frame_end_v3
795124 : 0x2dd5a24b186b2f : 2 : ittapi_config_apply_per_lib :  ITTAPI function instrumented: __itt_frame_submit_v3
795124 : 0x2dd5a24b1871e2 : 2 : ittapi_config_apply_per_lib :  ITTAPI function NOT instrumented (not matched by --itt-config option): __itt_task_group

795124 : 0x2dd5a24b1878e1 : 2 : ittapi_config_apply_per_lib :  ITTAPI function NOT instrumented (not matched by --itt-config option): __itt_task_begin

795124 : 0x2dd5a24b187f41 : 2 : ittapi_config_apply_per_lib :  ITTAPI function NOT instrumented (not matched by --itt-config option): __itt_task_begin_fn

795124 : 0x2dd5a24b189e26 : 2 : ittapi_config_apply_per_lib :  ITTAPI function NOT instrumented (not matched by --itt-config option): __itt_task_end

795124 : 0x2dd5a24b18a508 : 2 : ittapi_config_apply_per_lib :  ITTAPI function NOT instrumented (not matched by --itt-config option): __itt_counter_inc_v3

795124 : 0x2dd5a24b18ac21 : 2 : ittapi_config_apply_per_lib :  ITTAPI function NOT instrumented (not matched by --itt-config option): __itt_counter_inc_delta_v3

795124 : 0x2dd5a24b18b259 : 2 : ittapi_config_apply_per_lib :  ITTAPI function NOT instrumented (not matched by --itt-config option): __itt_counter_dec_v3

795124 : 0x2dd5a24b18b8de : 2 : ittapi_config_apply_per_lib :  ITTAPI function NOT instrumented (not matched by --itt-config option): __itt_counter_dec_delta_v3

795124 : 0x2dd5a24b18c186 : 2 : ittapi_config_apply_per_lib :  ITTAPI function not implemented: __itt_marker
795124 : 0x2dd5a24b18c9c3 : 2 : ittapi_config_apply_per_lib :  ITTAPI function instrumented: __itt_metadata_add
795124 : 0x2dd5a24b18d204 : 2 : ittapi_config_apply_per_lib :  ITTAPI function not implemented: __itt_metadata_str_add
795124 : 0x2dd5a24b18da78 : 2 : ittapi_config_apply_per_lib :  ITTAPI function not implemented: __itt_relation_add_to_current
795124 : 0x2dd5a24b18e2b8 : 2 : ittapi_config_apply_per_lib :  ITTAPI function not implemented: __itt_relation_add
795124 : 0x2dd5a24b190251 : 2 : ittapi_config_apply_per_lib :  ITTAPI function instrumented: __itt_event_create
795124 : 0x2dd5a24b1908f6 : 2 : ittapi_config_apply_per_lib :  ITTAPI function NOT instrumented (not matched by --itt-config option): __itt_event_start

795124 : 0x2dd5a24b190f9e : 2 : ittapi_config_apply_per_lib :  ITTAPI function NOT instrumented (not matched by --itt-config option): __itt_event_end

795124 : 0x2dd5a24b1915fa : 2 : ittapi_config_apply_per_lib :  ITTAPI function NOT instrumented (not matched by --itt-config option): __itt_sync_set_name

795124 : 0x2dd5a24b191c7d : 2 : ittapi_config_apply_per_lib :  ITTAPI function NOT instrumented (not matched by --itt-config option): __itt_notify_sync_name

795124 : 0x2dd5a24b19231b : 2 : ittapi_config_apply_per_lib :  ITTAPI function NOT instrumented (not matched by --itt-config option): __itt_notify_sync_prepare

795124 : 0x2dd5a24b192964 : 2 : ittapi_config_apply_per_lib :  ITTAPI function NOT instrumented (not matched by --itt-config option): __itt_notify_sync_cancel

795124 : 0x2dd5a24b193068 : 2 : ittapi_config_apply_per_lib :  ITTAPI function NOT instrumented (not matched by --itt-config option): __itt_notify_sync_acquired

795124 : 0x2dd5a24b1936f0 : 2 : ittapi_config_apply_per_lib :  ITTAPI function NOT instrumented (not matched by --itt-config option): __itt_notify_sync_releasing

795124 : 0x2dd5a24b193f32 : 2 : ittapi_config_apply_per_lib :  ITTAPI function not implemented: __itt_memory_read
795124 : 0x2dd5a24b196e46 : 2 : ittapi_config_apply_per_lib :  ITTAPI function not implemented: __itt_memory_write
795124 : 0x2dd5a24b19784f : 2 : ittapi_config_apply_per_lib :  ITTAPI function not implemented: __itt_memory_update
795124 : 0x2dd5a24b1980e6 : 2 : ittapi_config_apply_per_lib :  ITTAPI function not implemented: __itt_state_get
795124 : 0x2dd5a24b1988ea : 2 : ittapi_config_apply_per_lib :  ITTAPI function not implemented: __itt_state_set
795124 : 0x2dd5a24b199116 : 2 : ittapi_config_apply_per_lib :  ITTAPI function not implemented: __itt_obj_mode_set
795124 : 0x2dd5a24b19993c : 2 : ittapi_config_apply_per_lib :  ITTAPI function not implemented: __itt_thr_mode_set
795124 : 0x2dd5a24b19a11d : 2 : ittapi_config_apply_per_lib :  ITTAPI function instrumented: __itt_frame_create
795124 : 0x2dd5a24b19a821 : 2 : ittapi_config_apply_per_lib :  ITTAPI function instrumented: __itt_pt_region_create
795124 : 0x2dd5a24b19b027 : 2 : ittapi_config_apply_per_lib :  ITTAPI function instrumented: __itt_frame_begin
795124 : 0x2dd5a24b19b876 : 2 : ittapi_config_apply_per_lib :  ITTAPI function instrumented: __itt_frame_end
795124 : 0x2dd5a24b19d8d2 : 2 : ittapi_config_apply_per_lib :  ITTAPI function NOT instrumented (not matched by --itt-config option): __itt_counter_destroy

795124 : 0x2dd5a24b19e007 : 2 : ittapi_config_apply_per_lib :  ITTAPI function NOT instrumented (not matched by --itt-config option): __itt_counter_inc

795124 : 0x2dd5a24b19e66a : 2 : ittapi_config_apply_per_lib :  ITTAPI function NOT instrumented (not matched by --itt-config option): __itt_counter_inc_delta

795124 : 0x2dd5a24b19ed68 : 2 : ittapi_config_apply_per_lib :  ITTAPI function NOT instrumented (not matched by --itt-config option): __itt_counter_dec

795124 : 0x2dd5a24b19f3ea : 2 : ittapi_config_apply_per_lib :  ITTAPI function NOT instrumented (not matched by --itt-config option): __itt_counter_dec_delta

795124 : 0x2dd5a24b19fa31 : 2 : ittapi_config_apply_per_lib :  ITTAPI function NOT instrumented (not matched by --itt-config option): __itt_counter_set_value

795124 : 0x2dd5a24b1a010e : 2 : ittapi_config_apply_per_lib :  ITTAPI function NOT instrumented (not matched by --itt-config option): __itt_counter_set_value_ex

795124 : 0x2dd5a24b1a0947 : 2 : ittapi_config_apply_per_lib :  ITTAPI function not implemented: __itt_mark_create
795124 : 0x2dd5a24b1a13ef : 2 : ittapi_config_apply_per_lib :  ITTAPI function not implemented: __itt_mark
795124 : 0x2dd5a24b1a1cb1 : 2 : ittapi_config_apply_per_lib :  ITTAPI function not implemented: __itt_mark_off
795124 : 0x2dd5a24b1a3e3c : 2 : ittapi_config_apply_per_lib :  ITTAPI function not implemented: __itt_mark_global
795124 : 0x2dd5a24b1a46cd : 2 : ittapi_config_apply_per_lib :  ITTAPI function not implemented: __itt_mark_global_off
795124 : 0x2dd5a24b1a4e56 : 2 : ittapi_config_apply_per_lib :  ITTAPI function NOT instrumented (not matched by --itt-config option): __itt_stack_caller_create

795124 : 0x2dd5a24b1a54a8 : 2 : ittapi_config_apply_per_lib :  ITTAPI function NOT instrumented (not matched by --itt-config option): __itt_stack_caller_destroy

795124 : 0x2dd5a24b1a5bd1 : 2 : ittapi_config_apply_per_lib :  ITTAPI function NOT instrumented (not matched by --itt-config option): __itt_stack_callee_enter

795124 : 0x2dd5a24b1a6282 : 2 : ittapi_config_apply_per_lib :  ITTAPI function NOT instrumented (not matched by --itt-config option): __itt_stack_callee_leave

795124 : 0x2dd5a24b1a6a50 : 2 : ittapi_config_apply_per_lib :  ITTAPI function not implemented: __itt_clock_domain_create
795124 : 0x2dd5a24b1a72ec : 2 : ittapi_config_apply_per_lib :  ITTAPI function not implemented: __itt_clock_domain_reset
795124 : 0x2dd5a24b1a7b36 : 2 : ittapi_config_apply_per_lib :  ITTAPI function not implemented: __itt_id_create_ex
795124 : 0x2dd5a24b1a8333 : 2 : ittapi_config_apply_per_lib :  ITTAPI function not implemented: __itt_id_destroy_ex
795124 : 0x2dd5a24b1ace8c : 2 : ittapi_config_apply_per_lib :  ITTAPI function NOT instrumented (not matched by --itt-config option): __itt_task_begin_ex

795124 : 0x2dd5a24b1ad625 : 2 : ittapi_config_apply_per_lib :  ITTAPI function NOT instrumented (not matched by --itt-config option): __itt_task_begin_fn_ex

795124 : 0x2dd5a24b1adcfd : 2 : ittapi_config_apply_per_lib :  ITTAPI function NOT instrumented (not matched by --itt-config option): __itt_task_end_ex

795124 : 0x2dd5a24b1ae340 : 2 : ittapi_config_apply_per_lib :  ITTAPI function NOT instrumented (not matched by --itt-config option): __itt_task_begin_overlapped

795124 : 0x2dd5a24b1ae965 : 2 : ittapi_config_apply_per_lib :  ITTAPI function NOT instrumented (not matched by --itt-config option): __itt_task_begin_overlapped_ex

795124 : 0x2dd5a24b1af03c : 2 : ittapi_config_apply_per_lib :  ITTAPI function NOT instrumented (not matched by --itt-config option): __itt_task_end_overlapped

795124 : 0x2dd5a24b1af633 : 2 : ittapi_config_apply_per_lib :  ITTAPI function NOT instrumented (not matched by --itt-config option): __itt_task_end_overlapped_ex

795124 : 0x2dd5a24b1aff51 : 2 : ittapi_config_apply_per_lib :  ITTAPI function not implemented: __itt_marker_ex
795124 : 0x2dd5a24b1b0809 : 2 : ittapi_config_apply_per_lib :  ITTAPI function not implemented: __itt_metadata_add_with_scope
795124 : 0x2dd5a24b1b10a8 : 2 : ittapi_config_apply_per_lib :  ITTAPI function not implemented: __itt_metadata_str_add_with_scope
795124 : 0x2dd5a24b1b33e9 : 2 : ittapi_config_apply_per_lib :  ITTAPI function not implemented: __itt_relation_add_to_current_ex
795124 : 0x2dd5a24b1b3d32 : 2 : ittapi_config_apply_per_lib :  ITTAPI function not implemented: __itt_relation_add_ex
795124 : 0x2dd5a24b1b4527 : 2 : ittapi_config_apply_per_lib :  ITTAPI function not implemented: __itt_track_group_create
795124 : 0x2dd5a24b1b4caf : 2 : ittapi_config_apply_per_lib :  ITTAPI function not implemented: __itt_track_create
795124 : 0x2dd5a24b1b552c : 2 : ittapi_config_apply_per_lib :  ITTAPI function not implemented: __itt_set_track
795124 : 0x2dd5a24b1b5cf8 : 2 : ittapi_config_apply_per_lib :  ITTAPI function instrumented: __itt_api_version
795124 : 0x2dd5a24b1b6562 : 2 : ittapi_config_apply_per_lib :  ITTAPI function not implemented: __itt_av_save
795124 : 0x2dd5a24b1b6d3a : 2 : ittapi_config_apply_per_lib :  ITTAPI function instrumented: __itt_module_load
795124 : 0x2dd5a24b1b7573 : 2 : ittapi_config_apply_per_lib :  ITTAPI function not implemented: __itt_module_unload