
789235 : 0x2dd507647233ea : 1 : spill_jit_data :  Jit agent is not initialized
789235 : 0x2dd5076491f731 : 2 : ittapi_config_mask_get :  --itt-config mask to be applied: 1
789235 : 0x2dd50764920b12 : 2 : ittapi_config_apply_per_lib :  ITTAPI function instrumented: __itt_domain_create
789235 : 0x2dd5076492154a : 2 : ittapi_config_apply_per_lib :  ITTAPI function instrumented: __itt_module_load_with_sections
789235 : 0x2dd507649223c5 : 2 : ittapi_config_apply_per_lib :  ITTAPI function not implemented: __itt_module_unload_with_sections
789235 : 0x2dd50764922d48 : 2 : ittapi_config_apply_per_lib :  ITTAPI function instrumented: __itt_string_handle_create
789235 : 0x2dd50764923519 : 2 : ittapi_config_apply_per_lib :  ITTAPI function instrumented: __itt_counter_create
789235 : 0x2dd50764923cc7 : 2 : ittapi_config_apply_per_lib :  ITTAPI function instrumented: __itt_counter_create_typed
789235 : 0x2dd507649244e5 : 2 : ittapi_config_apply_per_lib :  ITTAPI function instrumented: __itt_pause
789235 : 0x2dd50764924d01 : 2 : ittapi_config_apply_per_lib :  ITTAPI function instrumented: __itt_resume
789235 : 0x2dd5076493080e : 2 : ittapi_config_apply_per_lib :  ITTAPI function instrumented: __itt_thread_set_name
789235 : 0x2dd507649312ef : 2 : ittapi_config_apply_per_lib :  ITTAPI function instrumented: __itt_thread_ignore
789235 : 0x2dd50764931c0e : 2 : ittapi_config_apply_per_lib :  ITTAPI function instrumented: __itt_thr_name_set
789235 : 0x2dd507649324e6 : 2 : ittapi_config_apply_per_lib :  ITTAPI function instrumented: __itt_thr_ignore
789235 : 0x2dd50764932f9d : 2 : ittapi_config_apply_per_lib :  ITTAPI function not implemented: __itt_enable_attach
789235 : 0x2dd50764933912 : 2 : ittapi_config_apply_per_lib :  ITTAPI function instrumented: __itt_detach
789235 : 0x2dd5076493407c : 2 : ittapi_config_apply_per_lib :  ITTAPI function NOT instrumented (not matched by --itt-config option): __itt_sync_create

789235 : 0x2dd507649349ed : 2 : ittapi_config_apply_per_lib :  ITTAPI function NOT instrumented (not matched by --itt-config option): __itt_sync_rename

789235 : 0x2dd50764935061 : 2 : ittapi_config_apply_per_lib :  ITTAPI function NOT instrumented (not matched by --itt-config option): __itt_sync_destroy

789235 : 0x2dd5076493571d : 2 : ittapi_config_apply_per_lib :  ITTAPI function NOT instrumented (not matched by --itt-config option): __itt_sync_prepare

789235 : 0x2dd50764937fc1 : 2 : ittapi_config_apply_per_lib :  ITTAPI function NOT instrumented (not matched by --itt-config option): __itt_sync_cancel

789235 : 0x2dd50764938770 : 2 : ittapi_config_apply_per_lib :  ITTAPI function NOT instrumented (not matched by --itt-config option): __itt_sync_acquired

789235 : 0x2dd50764938e17 : 2 : ittapi_config_apply_per_lib :  ITTAPI function NOT instrumented (not matched by --itt-config option): __itt_sync_releasing

789235 : 0x2dd5076493980a : 2 : ittapi_config_apply_per_lib :  ITTAPI function not implemented: __itt_suppress_push
789235 : 0x2dd5076493a1e9 : 2 : ittapi_config_apply_per_lib :  ITTAPI function not implemented: __itt_suppress_pop
789235 : 0x2dd5076493aaf1 : 2 : ittapi_config_apply_per_lib :  ITTAPI function not implemented: __itt_suppress_mark_range
789235 : 0x2dd5076493b3f6 : 2 : ittapi_config_apply_per_lib :  ITTAPI function not implemented: __itt_suppress_clear_range
789235 : 0x2dd5076493baa8 : 2 : ittapi_config_apply_per_lib :  ITTAPI function NOT instrumented (not matched by --itt-config option): __itt_sync_prepare

789235 : 0x2dd5076493c1c2 : 2 : ittapi_config_apply_per_lib :  ITTAPI function NOT instrumented (not matched by --itt-config option): __itt_sync_cancel

789235 : 0x2dd5076493c81c : 2 : ittapi_config_apply_per_lib :  ITTAPI function NOT instrumented (not matched by --itt-config option): __itt_sync_acquired

789235 : 0x2dd5076493e80b : 2 : ittapi_config_apply_per_lib :  ITTAPI function NOT instrumented (not matched by --itt-config option): __itt_sync_releasing

789235 : 0x2dd5076493ef7c : 2 : ittapi_config_apply_per_lib :  ITTAPI function NOT instrumented (not matched by --itt-config option): __itt_model_site_begin

789235 : 0x2dd5076493f682 : 2 : ittapi_config_apply_per_lib :  ITTAPI function NOT instrumented (not matched by --itt-config option): __itt_model_site_end

789235 : 0x2dd5076493fe87 : 2 : ittapi_config_apply_per_lib :  ITTAPI function NOT instrumented (not matched by --itt-config option): __itt_model_task_begin

789235 : 0x2dd50764940599 : 2 : ittapi_config_apply_per_lib :  ITTAPI function NOT instrumented (not matched by --itt-config option): __itt_model_task_end

789235 : 0x2dd50764940c96 : 2 : ittapi_config_apply_per_lib :  ITTAPI function NOT instrumented (not matched by --itt-config option): __itt_model_lock_acquire

789235 : 0x2dd507649413b0 : 2 : ittapi_config_apply_per_lib :  ITTAPI function NOT instrumented (not matched by --itt-config option): __itt_model_lock_release

789235 : 0x2dd50764941aea : 2 : ittapi_config_apply_per_lib :  ITTAPI function NOT instrumented (not matched by --itt-config option): __itt_model_record_allocation

789235 : 0x2dd5076494222b : 2 : ittapi_config_apply_per_lib :  ITTAPI function NOT instrumented (not matched by --itt-config option): __itt_model_record_deallocation

789235 : 0x2dd50764942968 : 2 : ittapi_config_apply_per_lib :  ITTAPI function NOT instrumented (not matched by --itt-config option): __itt_model_induction_uses

789235 : 0x2dd50764946738 : 2 : ittapi_config_apply_per_lib :  ITTAPI function NOT instrumented (not matched by --itt-config option): __itt_model_reduction_uses

789235 : 0x2dd50764946ff3 : 2 : ittapi_config_apply_per_lib :  ITTAPI function NOT instrumented (not matched by --itt-config option): __itt_model_observe_uses

789235 : 0x2dd50764947789 : 2 : ittapi_config_apply_per_lib :  ITTAPI function NOT instrumented (not matched by --itt-config option): __itt_model_clear_uses

789235 : 0x2dd50764947e3a : 2 : ittapi_config_apply_per_lib :  ITTAPI function NOT instrumented (not matched by --itt-config option): __itt_model_site_beginA

789235 : 0x2dd50764948551 : 2 : ittapi_config_apply_per_lib :  ITTAPI function NOT instrumented (not matched by --itt-config option): __itt_model_site_beginAL

789235 : 0x2dd50764948c0b : 2 : ittapi_config_apply_per_lib :  ITTAPI function NOT instrumented (not matched by --itt-config option): __itt_model_task_beginA

789235 : 0x2dd50764949303 : 2 : ittapi_config_apply_per_lib :  ITTAPI function NOT instrumented (not matched by --itt-config option): __itt_model_task_beginAL

789235 : 0x2dd50764949a01 : 2 : ittapi_config_apply_per_lib :  ITTAPI function NOT instrumented (not matched by --itt-config option): __itt_model_iteration_taskA

789235 : 0x2dd5076494a103 : 2 : ittapi_config_apply_per_lib :  ITTAPI function NOT instrumented (not matched by --itt-config option): __itt_model_iteration_taskAL

789235 : 0x2dd5076494a816 : 2 : ittapi_config_apply_per_lib :  ITTAPI function NOT instrumented (not matched by --itt-config option): __itt_model_site_end_2

789235 : 0x2dd5076494ca3d : 2 : ittapi_config_apply_per_lib :  ITTAPI function NOT instrumented (not matched by --itt-config option): __itt_model_task_end_2

789235 : 0x2dd5076494d119 : 2 : ittapi_config_apply_per_lib :  ITTAPI function NOT instrumented (not matched by --itt-config option): __itt_model_lock_acquire_2

789235 : 0x2dd5076494d80c : 2 : ittapi_config_apply_per_lib :  ITTAPI function NOT instrumented (not matched by --itt-config option): __itt_model_lock_release_2

789235 : 0x2dd5076494df1f : 2 : ittapi_config_apply_per_lib :  ITTAPI function NOT instrumented (not matched by --itt-config option): __itt_model_aggregate_task

789235 : 0x2dd5076494e5d2 : 2 : ittapi_config_apply_per_lib :  ITTAPI function NOT instrumented (not matched by --itt-config option): __itt_model_disable_push

789235 : 0x2dd5076494ecf3 : 2 : ittapi_config_apply_per_lib :  ITTAPI function NOT instrumented (not matched by --itt-config option): __itt_model_disable_pop

789235 : 0x2dd5076494f57d : 2 : ittapi_config_apply_per_lib :  ITTAPI function instrumented: __itt_heap_function_create
789235 : 0x2dd5076494fe1c : 2 : ittapi_config_apply_per_lib :  ITTAPI function instrumented: __itt_heap_allocate_begin
789235 : 0x2dd50764950646 : 2 : ittapi_config_apply_per_lib :  ITTAPI function instrumented: __itt_heap_allocate_end
789235 : 0x2dd50764950dc0 : 2 : ittapi_config_apply_per_lib :  ITTAPI function instrumented: __itt_heap_free_begin
789235 : 0x2dd50764954083 : 2 : ittapi_config_apply_per_lib :  ITTAPI function instrumented: __itt_heap_free_end
789235 : 0x2dd507649549a5 : 2 : ittapi_config_apply_per_lib :  ITTAPI function instrumented: __itt_heap_reallocate_begin
789235 : 0x2dd50764955142 : 2 : ittapi_config_apply_per_lib :  ITTAPI function instrumented: __itt_heap_reallocate_end
789235 : 0x2dd50764955b09 : 2 : ittapi_config_apply_per_lib :  ITTAPI function not implemented: __itt_heap_internal_access_begin
789235 : 0x2dd5076495644a : 2 : ittapi_config_apply_per_lib :  ITTAPI function not implemented: __itt_heap_internal_access_end
789235 : 0x2dd50764956cba : 2 : ittapi_config_apply_per_lib :  ITTAPI function not implemented: __itt_heap_record_memory_growth_begin
789235 : 0x2dd507649575b8 : 2 : ittapi_config_apply_per_lib :  ITTAPI function not implemented: __itt_heap_record_memory_growth_end
789235 : 0x2dd50764957e6d : 2 : ittapi_config_apply_per_lib :  ITTAPI function not implemented: __itt_heap_reset_detection
789235 : 0x2dd507649587b2 : 2 : ittapi_config_apply_per_lib :  ITTAPI function not implemented: __itt_heap_record
789235 : 0x2dd50764959105 : 2 : ittapi_config_apply_per_lib :  ITTAPI function not implemented: __itt_id_create
789235 : 0x2dd5076495b67e : 2 : ittapi_config_apply_per_lib :  ITTAPI function not implemented: __itt_id_destroy
789235 : 0x2dd5076495bec6 : 2 : ittapi_config_apply_per_lib :  ITTAPI function instrumented: __itt_get_timestamp
789235 : 0x2dd5076495c777 : 2 : ittapi_config_apply_per_lib :  ITTAPI function not implemented: __itt_region_begin
789235 : 0x2dd5076495cfcd : 2 : ittapi_config_apply_per_lib :  ITTAPI function not implemented: __itt_region_end
789235 : 0x2dd5076495d8b1 : 2 : ittapi_config_apply_per_lib :  ITTAPI function instrumented: __itt_frame_begin_v3
789235 : 0x2dd5076495e107 : 2 : ittapi_config_apply_per_lib :  ITTAPI function instrumented: __itt_frame_end_v3
789235 : 0x2dd5076495e874 : 2 : ittapi_config_apply_per_lib :  ITTAPI function instrumented: __itt_frame_submit_v3
789235 : 0x2dd5076495ef6e : 2 : ittapi_config_apply_per_lib :  ITTAPI function NOT instrumented (not matched by --itt-config option): __itt_task_group

789235 : 0x2dd5076495f6cf : 2 : ittapi_config_apply_per_lib :  ITTAPI function NOT instrumented (not matched by --itt-config option): __itt_task_begin

789235 : 0x2dd5076495fda1 : 2 : ittapi_config_apply_per_lib :  ITTAPI function NOT instrumented (not matched by --itt-config option): __itt_task_begin_fn

789235 : 0x2dd50764961cd7 : 2 : ittapi_config_apply_per_lib :  ITTAPI function NOT instrumented (not matched by --itt-config option): __itt_task_end

789235 : 0x2dd50764962411 : 2 : ittapi_config_apply_per_lib :  ITTAPI function NOT instrumented (not matched by --itt-config option): __itt_counter_inc_v3

789235 : 0x2dd50764962b66 : 2 : ittapi_config_apply_per_lib :  ITTAPI function NOT instrumented (not matched by --itt-config option): __itt_counter_inc_delta_v3

789235 : 0x2dd50764963224 : 2 : ittapi_config_apply_per_lib :  ITTAPI function NOT instrumented (not matched by --itt-config option): __itt_counter_dec_v3

789235 : 0x2dd50764963947 : 2 : ittapi_config_apply_per_lib :  ITTAPI function NOT instrumented (not matched by --itt-config option): __itt_counter_dec_delta_v3

789235 : 0x2dd507649641e0 : 2 : ittapi_config_apply_per_lib :  ITTAPI function not implemented: __itt_marker
789235 : 0x2dd50764964a01 : 2 : ittapi_config_apply_per_lib :  ITTAPI function instrumented: __itt_metadata_add
789235 : 0x2dd507649652ea : 2 : ittapi_config_apply_per_lib :  ITTAPI function not implemented: __itt_metadata_str_add
789235 : 0x2dd50764965bab : 2 : ittapi_config_apply_per_lib :  ITTAPI function not implemented: __itt_relation_add_to_current
789235 : 0x2dd507649663b4 : 2 : ittapi_config_apply_per_lib :  ITTAPI function not implemented: __itt_relation_add
789235 : 0x2dd50764968261 : 2 : ittapi_config_apply_per_lib :  ITTAPI function instrumented: __itt_event_create
789235 : 0x2dd50764968955 : 2 : ittapi_config_apply_per_lib :  ITTAPI function NOT instrumented (not matched by --itt-config option): __itt_event_start

789235 : 0x2dd507649690fb : 2 : ittapi_config_apply_per_lib :  ITTAPI function NOT instrumented (not matched by --itt-config option): __itt_event_end

789235 : 0x2dd507649697d9 : 2 : ittapi_config_apply_per_lib :  ITTAPI function NOT instrumented (not matched by --itt-config option): __itt_sync_set_name

789235 : 0x2dd50764969ea6 : 2 : ittapi_config_apply_per_lib :  ITTAPI function NOT instrumented (not matched by --itt-config option): __itt_notify_sync_name

789235 : 0x2dd5076496a5fb : 2 : ittapi_config_apply_per_lib :  ITTAPI function NOT instrumented (not matched by --itt-config option): __itt_notify_sync_prepare

789235 : 0x2dd5076496ac99 : 2 : ittapi_config_apply_per_lib :  ITTAPI function NOT instrumented (not matched by --itt-config option): __itt_notify_sync_cancel

789235 : 0x2dd5076496b400 : 2 : ittapi_config_apply_per_lib :  ITTAPI function NOT instrumented (not matched by --itt-config option): __itt_notify_sync_acquired

789235 : 0x2dd5076496bb31 : 2 : ittapi_config_apply_per_lib :  ITTAPI function NOT instrumented (not matched by --itt-config option): __itt_notify_sync_releasing

789235 : 0x2dd5076496c419 : 2 : ittapi_config_apply_per_lib :  ITTAPI function not implemented: __itt_memory_read
789235 : 0x2dd5076496f35b : 2 : ittapi_config_apply_per_lib :  ITTAPI function not implemented: __itt_memory_write
789235 : 0x2dd5076496fd89 : 2 : ittapi_config_apply_per_lib :  ITTAPI function not implemented: __itt_memory_update
789235 : 0x2dd5076497063a : 2 : ittapi_config_apply_per_lib :  ITTAPI function not implemented: __itt_state_get
789235 : 0x2dd50764970e5b : 2 : ittapi_config_apply_per_lib :  ITTAPI function not implemented: __itt_state_set
789235 : 0x2dd507649716a2 : 2 : ittapi_config_apply_per_lib :  ITTAPI function not implemented: __itt_obj_mode_set
789235 : 0x2dd50764971f13 : 2 : ittapi_config_apply_per_lib :  ITTAPI function not implemented: __itt_thr_mode_set
789235 : 0x2dd5076497272c : 2 : ittapi_config_apply_per_lib :  ITTAPI function instrumented: __itt_frame_create
789235 : 0x2dd50764972e86 : 2 : ittapi_config_apply_per_lib :  ITTAPI function instrumented: __itt_pt_region_create
789235 : 0x2dd50764973645 : 2 : ittapi_config_apply_per_lib :  ITTAPI function instrumented: __itt_frame_begin
789235 : 0x2dd50764973ef3 : 2 : ittapi_config_apply_per_lib :  ITTAPI function instrumented: __itt_frame_end
789235 : 0x2dd50764975f44 : 2 : ittapi_config_apply_per_lib :  ITTAPI function NOT instrumented (not matched by --itt-config option): __itt_counter_destroy

789235 : 0x2dd5076497664e : 2 : ittapi_config_apply_per_lib :  ITTAPI function NOT instrumented (not matched by --itt-config option): __itt_counter_inc

789235 : 0x2dd50764976d39 : 2 : ittapi_config_apply_per_lib :  ITTAPI function NOT instrumented (not matched by --itt-config option): __itt_counter_inc_delta

789235 : 0x2dd50764977460 : 2 : ittapi_config_apply_per_lib :  ITTAPI function NOT instrumented (not matched by --itt-config option): __itt_counter_dec

789235 : 0x2dd50764977b3f : 2 : ittapi_config_apply_per_lib :  ITTAPI function NOT instrumented (not matched by --itt-config option): __itt_counter_dec_delta

789235 : 0x2dd5076497817c : 2 : ittapi_config_apply_per_lib :  ITTAPI function NOT instrumented (not matched by --itt-config option): __itt_counter_set_value

789235 : 0x2dd50764978876 : 2 : ittapi_config_apply_per_lib :  ITTAPI function NOT instrumented (not matched by --itt-config option): __itt_counter_set_value_ex

789235 : 0x2dd50764979102 : 2 : ittapi_config_apply_per_lib :  ITTAPI function not implemented: __itt_mark_create
789235 : 0x2dd50764979af1 : 2 : ittapi_config_apply_per_lib :  ITTAPI function not implemented: __itt_mark
789235 : 0x2dd5076497a453 : 2 : ittapi_config_apply_per_lib :  ITTAPI function not implemented: __itt_mark_off
789235 : 0x2dd5076497c4bf : 2 : ittapi_config_apply_per_lib :  ITTAPI function not implemented: __itt_mark_global
789235 : 0x2dd5076497cd0e : 2 : ittapi_config_apply_per_lib :  ITTAPI function not implemented: __itt_mark_global_off
789235 : 0x2dd5076497d452 : 2 : ittapi_config_apply_per_lib :  ITTAPI function NOT instrumented (not matched by --itt-config option): __itt_stack_caller_create

789235 : 0x2dd5076497dafe : 2 : ittapi_config_apply_per_lib :  ITTAPI function NOT instrumented (not matched by --itt-config option): __itt_stack_caller_destroy

789235 : 0x2dd5076497e178 : 2 : ittapi_config_apply_per_lib :  ITTAPI function NOT instrumented (not matched by --itt-config option): __itt_stack_callee_enter

789235 : 0x2dd5076497e898 : 2 : ittapi_config_apply_per_lib :  ITTAPI function NOT instrumented (not matched by --itt-config option): __itt_stack_callee_leave

789235 : 0x2dd5076497f0ca : 2 : ittapi_config_apply_per_lib :  ITTAPI function not implemented: __itt_clock_domain_create
789235 : 0x2dd5076497f943 : 2 : ittapi_config_apply_per_lib :  ITTAPI function not implemented: __itt_clock_domain_reset
789235 : 0x2dd50764980162 : 2 : ittapi_config_apply_per_lib :  ITTAPI function not implemented: __itt_id_create_ex
789235 : 0x2dd50764980963 : 2 : ittapi_config_apply_per_lib :  ITTAPI function not implemented: __itt_id_destroy_ex
789235 : 0x2dd50764983607 : 2 : ittapi_config_apply_per_lib :  ITTAPI function NOT instrumented (not matched by --itt-config option): __itt_task_begin_ex

789235 : 0x2dd50764983dbc : 2 : ittapi_config_apply_per_lib :  ITTAPI function NOT instrumented (not matched by --itt-config option): __itt_task_begin_fn_ex

789235 : 0x2dd507649844a2 : 2 : ittapi_config_apply_per_lib :  ITTAPI function NOT instrumented (not matched by --itt-config option): __itt_task_end_ex

789235 : 0x2dd50764984af8 : 2 : ittapi_config_apply_per_lib :  ITTAPI function NOT instrumented (not matched by --itt-config option): __itt_task_begin_overlapped

789235 : 0x2dd50764985177 : 2 : ittapi_config_apply_per_lib :  ITTAPI function NOT instrumented (not matched by --itt-config option): __itt_task_begin_overlapped_ex

789235 : 0x2dd50764985873 : 2 : ittapi_config_apply_per_lib :  ITTAPI function NOT instrumented (not matched by --itt-config option): __itt_task_end_overlapped

789235 : 0x2dd50764985ee3 : 2 : ittapi_config_apply_per_lib :  ITTAPI function NOT instrumented (not matched by --itt-config option): __itt_task_end_overlapped_ex

789235 : 0x2dd5076498680c : 2 : ittapi_config_apply_per_lib :  ITTAPI function not implemented: __itt_marker_ex
789235 : 0x2dd507649870b8 : 2 : ittapi_config_apply_per_lib :  ITTAPI function not implemented: __itt_metadata_add_with_scope
789235 : 0x2dd50764987976 : 2 : ittapi_config_apply_per_lib :  ITTAPI function not implemented: __itt_metadata_str_add_with_scope
789235 : 0x2dd50764989ada : 2 : ittapi_config_apply_per_lib :  ITTAPI function not implemented: __itt_relation_add_to_current_ex
789235 : 0x2dd5076498a556 : 2 : ittapi_config_apply_per_lib :  ITTAPI function not implemented: __itt_relation_add_ex
789235 : 0x2dd5076498ad85 : 2 : ittapi_config_apply_per_lib :  ITTAPI function not implemented: __itt_track_group_create
789235 : 0x2dd5076498b4f3 : 2 : ittapi_config_apply_per_lib :  ITTAPI function not implemented: __itt_track_create
789235 : 0x2dd5076498bda3 : 2 : ittapi_config_apply_per_lib :  ITTAPI function not implemented: __itt_set_track
789235 : 0x2dd5076498c546 : 2 : ittapi_config_apply_per_lib :  ITTAPI function instrumented: __itt_api_version
789235 : 0x2dd5076498cdaa : 2 : ittapi_config_apply_per_lib :  ITTAPI function not implemented: __itt_av_save
789235 : 0x2dd5076498d584 : 2 : ittapi_config_apply_per_lib :  ITTAPI function instrumented: __itt_module_load
789235 : 0x2dd5076498dddb : 2 : ittapi_config_apply_per_lib :  ITTAPI function not implemented: __itt_module_unload