
789745 : 0x2dd51d18ac7781 : 1 : spill_jit_data :  Jit agent is not initialized
789745 : 0x2dd51d18cb9355 : 2 : ittapi_config_mask_get :  --itt-config mask to be applied: 1
789745 : 0x2dd51d18cba764 : 2 : ittapi_config_apply_per_lib :  ITTAPI function instrumented: __itt_domain_create
789745 : 0x2dd51d18cbb181 : 2 : ittapi_config_apply_per_lib :  ITTAPI function instrumented: __itt_module_load_with_sections
789745 : 0x2dd51d18cbbfa2 : 2 : ittapi_config_apply_per_lib :  ITTAPI function not implemented: __itt_module_unload_with_sections
789745 : 0x2dd51d18cbc95c : 2 : ittapi_config_apply_per_lib :  ITTAPI function instrumented: __itt_string_handle_create
789745 : 0x2dd51d18cbd08f : 2 : ittapi_config_apply_per_lib :  ITTAPI function instrumented: __itt_counter_create
789745 : 0x2dd51d18cbd7c9 : 2 : ittapi_config_apply_per_lib :  ITTAPI function instrumented: __itt_counter_create_typed
789745 : 0x2dd51d18cbdf13 : 2 : ittapi_config_apply_per_lib :  ITTAPI function instrumented: __itt_pause
789745 : 0x2dd51d18cbe73a : 2 : ittapi_config_apply_per_lib :  ITTAPI function instrumented: __itt_resume
789745 : 0x2dd51d18ce2896 : 2 : ittapi_config_apply_per_lib :  ITTAPI function instrumented: __itt_thread_set_name
789745 : 0x2dd51d18ce365b : 2 : ittapi_config_apply_per_lib :  ITTAPI function instrumented: __itt_thread_ignore
789745 : 0x2dd51d18ce3ea5 : 2 : ittapi_config_apply_per_lib :  ITTAPI function instrumented: __itt_thr_name_set
789745 : 0x2dd51d18ce46e9 : 2 : ittapi_config_apply_per_lib :  ITTAPI function instrumented: __itt_thr_ignore
789745 : 0x2dd51d18ce5255 : 2 : ittapi_config_apply_per_lib :  ITTAPI function not implemented: __itt_enable_attach
789745 : 0x2dd51d18ce5c35 : 2 : ittapi_config_apply_per_lib :  ITTAPI function instrumented: __itt_detach
789745 : 0x2dd51d18ce634a : 2 : ittapi_config_apply_per_lib :  ITTAPI function NOT instrumented (not matched by --itt-config option): __itt_sync_create

789745 : 0x2dd51d18ce6a9a : 2 : ittapi_config_apply_per_lib :  ITTAPI function NOT instrumented (not matched by --itt-config option): __itt_sync_rename

789745 : 0x2dd51d18ce7122 : 2 : ittapi_config_apply_per_lib :  ITTAPI function NOT instrumented (not matched by --itt-config option): __itt_sync_destroy

789745 : 0x2dd51d18ce7783 : 2 : ittapi_config_apply_per_lib :  ITTAPI function NOT instrumented (not matched by --itt-config option): __itt_sync_prepare

789745 : 0x2dd51d18cea1dc : 2 : ittapi_config_apply_per_lib :  ITTAPI function NOT instrumented (not matched by --itt-config option): __itt_sync_cancel

789745 : 0x2dd51d18cea90b : 2 : ittapi_config_apply_per_lib :  ITTAPI function NOT instrumented (not matched by --itt-config option): __itt_sync_acquired

789745 : 0x2dd51d18ceaf89 : 2 : ittapi_config_apply_per_lib :  ITTAPI function NOT instrumented (not matched by --itt-config option): __itt_sync_releasing

789745 : 0x2dd51d18ceb8f1 : 2 : ittapi_config_apply_per_lib :  ITTAPI function not implemented: __itt_suppress_push
789745 : 0x2dd51d18cec2aa : 2 : ittapi_config_apply_per_lib :  ITTAPI function not implemented: __itt_suppress_pop
789745 : 0x2dd51d18cecb27 : 2 : ittapi_config_apply_per_lib :  ITTAPI function not implemented: __itt_suppress_mark_range
789745 : 0x2dd51d18ced3e0 : 2 : ittapi_config_apply_per_lib :  ITTAPI function not implemented: __itt_suppress_clear_range
789745 : 0x2dd51d18ceda1c : 2 : ittapi_config_apply_per_lib :  ITTAPI function NOT instrumented (not matched by --itt-config option): __itt_sync_prepare

789745 : 0x2dd51d18cee0ad : 2 : ittapi_config_apply_per_lib :  ITTAPI function NOT instrumented (not matched by --itt-config option): __itt_sync_cancel

789745 : 0x2dd51d18cee701 : 2 : ittapi_config_apply_per_lib :  ITTAPI function NOT instrumented (not matched by --itt-config option): __itt_sync_acquired

789745 : 0x2dd51d18cf0731 : 2 : ittapi_config_apply_per_lib :  ITTAPI function NOT instrumented (not matched by --itt-config option): __itt_sync_releasing

789745 : 0x2dd51d18cf0ed6 : 2 : ittapi_config_apply_per_lib :  ITTAPI function NOT instrumented (not matched by --itt-config option): __itt_model_site_begin

789745 : 0x2dd51d18cf1568 : 2 : ittapi_config_apply_per_lib :  ITTAPI function NOT instrumented (not matched by --itt-config option): __itt_model_site_end

789745 : 0x2dd51d18cf1cd4 : 2 : ittapi_config_apply_per_lib :  ITTAPI function NOT instrumented (not matched by --itt-config option): __itt_model_task_begin

789745 : 0x2dd51d18cf23a7 : 2 : ittapi_config_apply_per_lib :  ITTAPI function NOT instrumented (not matched by --itt-config option): __itt_model_task_end

789745 : 0x2dd51d18cf2a26 : 2 : ittapi_config_apply_per_lib :  ITTAPI function NOT instrumented (not matched by --itt-config option): __itt_model_lock_acquire

789745 : 0x2dd51d18cf3105 : 2 : ittapi_config_apply_per_lib :  ITTAPI function NOT instrumented (not matched by --itt-config option): __itt_model_lock_release

789745 : 0x2dd51d18cf3790 : 2 : ittapi_config_apply_per_lib :  ITTAPI function NOT instrumented (not matched by --itt-config option): __itt_model_record_allocation

789745 : 0x2dd51d18cf3e47 : 2 : ittapi_config_apply_per_lib :  ITTAPI function NOT instrumented (not matched by --itt-config option): __itt_model_record_deallocation

789745 : 0x2dd51d18cf448e : 2 : ittapi_config_apply_per_lib :  ITTAPI function NOT instrumented (not matched by --itt-config option): __itt_model_induction_uses

789745 : 0x2dd51d18cf860b : 2 : ittapi_config_apply_per_lib :  ITTAPI function NOT instrumented (not matched by --itt-config option): __itt_model_reduction_uses

789745 : 0x2dd51d18cf8f0a : 2 : ittapi_config_apply_per_lib :  ITTAPI function NOT instrumented (not matched by --itt-config option): __itt_model_observe_uses

789745 : 0x2dd51d18cf969d : 2 : ittapi_config_apply_per_lib :  ITTAPI function NOT instrumented (not matched by --itt-config option): __itt_model_clear_uses

789745 : 0x2dd51d18cf9cfa : 2 : ittapi_config_apply_per_lib :  ITTAPI function NOT instrumented (not matched by --itt-config option): __itt_model_site_beginA

789745 : 0x2dd51d18cfa3bb : 2 : ittapi_config_apply_per_lib :  ITTAPI function NOT instrumented (not matched by --itt-config option): __itt_model_site_beginAL

789745 : 0x2dd51d18cfaa3e : 2 : ittapi_config_apply_per_lib :  ITTAPI function NOT instrumented (not matched by --itt-config option): __itt_model_task_beginA

789745 : 0x2dd51d18cfb0b5 : 2 : ittapi_config_apply_per_lib :  ITTAPI function NOT instrumented (not matched by --itt-config option): __itt_model_task_beginAL

789745 : 0x2dd51d18cfb7fe : 2 : ittapi_config_apply_per_lib :  ITTAPI function NOT instrumented (not matched by --itt-config option): __itt_model_iteration_taskA

789745 : 0x2dd51d18cfbea7 : 2 : ittapi_config_apply_per_lib :  ITTAPI function NOT instrumented (not matched by --itt-config option): __itt_model_iteration_taskAL

789745 : 0x2dd51d18cfc53a : 2 : ittapi_config_apply_per_lib :  ITTAPI function NOT instrumented (not matched by --itt-config option): __itt_model_site_end_2

789745 : 0x2dd51d18cfe535 : 2 : ittapi_config_apply_per_lib :  ITTAPI function NOT instrumented (not matched by --itt-config option): __itt_model_task_end_2

789745 : 0x2dd51d18cfebc1 : 2 : ittapi_config_apply_per_lib :  ITTAPI function NOT instrumented (not matched by --itt-config option): __itt_model_lock_acquire_2

789745 : 0x2dd51d18cff285 : 2 : ittapi_config_apply_per_lib :  ITTAPI function NOT instrumented (not matched by --itt-config option): __itt_model_lock_release_2

789745 : 0x2dd51d18cff951 : 2 : ittapi_config_apply_per_lib :  ITTAPI function NOT instrumented (not matched by --itt-config option): __itt_model_aggregate_task

789745 : 0x2dd51d18cfffaf : 2 : ittapi_config_apply_per_lib :  ITTAPI function NOT instrumented (not matched by --itt-config option): __itt_model_disable_push

789745 : 0x2dd51d18d00664 : 2 : ittapi_config_apply_per_lib :  ITTAPI function NOT instrumented (not matched by --itt-config option): __itt_model_disable_pop

789745 : 0x2dd51d18d00eb2 : 2 : ittapi_config_apply_per_lib :  ITTAPI function instrumented: __itt_heap_function_create
789745 : 0x2dd51d18d01741 : 2 : ittapi_config_apply_per_lib :  ITTAPI function instrumented: __itt_heap_allocate_begin
789745 : 0x2dd51d18d01f11 : 2 : ittapi_config_apply_per_lib :  ITTAPI function instrumented: __itt_heap_allocate_end
789745 : 0x2dd51d18d02668 : 2 : ittapi_config_apply_per_lib :  ITTAPI function instrumented: __itt_heap_free_begin
789745 : 0x2dd51d18d054b3 : 2 : ittapi_config_apply_per_lib :  ITTAPI function instrumented: __itt_heap_free_end
789745 : 0x2dd51d18d05da8 : 2 : ittapi_config_apply_per_lib :  ITTAPI function instrumented: __itt_heap_reallocate_begin
789745 : 0x2dd51d18d064f0 : 2 : ittapi_config_apply_per_lib :  ITTAPI function instrumented: __itt_heap_reallocate_end
789745 : 0x2dd51d18d06e39 : 2 : ittapi_config_apply_per_lib :  ITTAPI function not implemented: __itt_heap_internal_access_begin
789745 : 0x2dd51d18d076f1 : 2 : ittapi_config_apply_per_lib :  ITTAPI function not implemented: __itt_heap_internal_access_end
789745 : 0x2dd51d18d07f13 : 2 : ittapi_config_apply_per_lib :  ITTAPI function not implemented: __itt_heap_record_memory_growth_begin
789745 : 0x2dd51d18d0879f : 2 : ittapi_config_apply_per_lib :  ITTAPI function not implemented: __itt_heap_record_memory_growth_end
789745 : 0x2dd51d18d08fdf : 2 : ittapi_config_apply_per_lib :  ITTAPI function not implemented: __itt_heap_reset_detection
789745 : 0x2dd51d18d098d6 : 2 : ittapi_config_apply_per_lib :  ITTAPI function not implemented: __itt_heap_record
789745 : 0x2dd51d18d0a19d : 2 : ittapi_config_apply_per_lib :  ITTAPI function not implemented: __itt_id_create
789745 : 0x2dd51d18d0c3b2 : 2 : ittapi_config_apply_per_lib :  ITTAPI function not implemented: __itt_id_destroy
789745 : 0x2dd51d18d0cbe7 : 2 : ittapi_config_apply_per_lib :  ITTAPI function instrumented: __itt_get_timestamp
789745 : 0x2dd51d18d0d467 : 2 : ittapi_config_apply_per_lib :  ITTAPI function not implemented: __itt_region_begin
789745 : 0x2dd51d18d0dc9e : 2 : ittapi_config_apply_per_lib :  ITTAPI function not implemented: __itt_region_end
789745 : 0x2dd51d18d0e4d3 : 2 : ittapi_config_apply_per_lib :  ITTAPI function instrumented: __itt_frame_begin_v3
789745 : 0x2dd51d18d0ec91 : 2 : ittapi_config_apply_per_lib :  ITTAPI function instrumented: __itt_frame_end_v3
789745 : 0x2dd51d18d0f45e : 2 : ittapi_config_apply_per_lib :  ITTAPI function instrumented: __itt_frame_submit_v3
789745 : 0x2dd51d18d0fac6 : 2 : ittapi_config_apply_per_lib :  ITTAPI function NOT instrumented (not matched by --itt-config option): __itt_task_group

789745 : 0x2dd51d18d101c0 : 2 : ittapi_config_apply_per_lib :  ITTAPI function NOT instrumented (not matched by --itt-config option): __itt_task_begin

789745 : 0x2dd51d18d1081d : 2 : ittapi_config_apply_per_lib :  ITTAPI function NOT instrumented (not matched by --itt-config option): __itt_task_begin_fn

789745 : 0x2dd51d18d1258e : 2 : ittapi_config_apply_per_lib :  ITTAPI function NOT instrumented (not matched by --itt-config option): __itt_task_end

789745 : 0x2dd51d18d12cfd : 2 : ittapi_config_apply_per_lib :  ITTAPI function NOT instrumented (not matched by --itt-config option): __itt_counter_inc_v3

789745 : 0x2dd51d18d133a6 : 2 : ittapi_config_apply_per_lib :  ITTAPI function NOT instrumented (not matched by --itt-config option): __itt_counter_inc_delta_v3

789745 : 0x2dd51d18d139fa : 2 : ittapi_config_apply_per_lib :  ITTAPI function NOT instrumented (not matched by --itt-config option): __itt_counter_dec_v3

789745 : 0x2dd51d18d14085 : 2 : ittapi_config_apply_per_lib :  ITTAPI function NOT instrumented (not matched by --itt-config option): __itt_counter_dec_delta_v3

789745 : 0x2dd51d18d14950 : 2 : ittapi_config_apply_per_lib :  ITTAPI function not implemented: __itt_marker
789745 : 0x2dd51d18d15125 : 2 : ittapi_config_apply_per_lib :  ITTAPI function instrumented: __itt_metadata_add
789745 : 0x2dd51d18d1594d : 2 : ittapi_config_apply_per_lib :  ITTAPI function not implemented: __itt_metadata_str_add
789745 : 0x2dd51d18d1618d : 2 : ittapi_config_apply_per_lib :  ITTAPI function not implemented: __itt_relation_add_to_current
789745 : 0x2dd51d18d169a9 : 2 : ittapi_config_apply_per_lib :  ITTAPI function not implemented: __itt_relation_add
789745 : 0x2dd51d18d18885 : 2 : ittapi_config_apply_per_lib :  ITTAPI function instrumented: __itt_event_create
789745 : 0x2dd51d18d18f23 : 2 : ittapi_config_apply_per_lib :  ITTAPI function NOT instrumented (not matched by --itt-config option): __itt_event_start

789745 : 0x2dd51d18d1956b : 2 : ittapi_config_apply_per_lib :  ITTAPI function NOT instrumented (not matched by --itt-config option): __itt_event_end

789745 : 0x2dd51d18d19ba8 : 2 : ittapi_config_apply_per_lib :  ITTAPI function NOT instrumented (not matched by --itt-config option): __itt_sync_set_name

789745 : 0x2dd51d18d1a22d : 2 : ittapi_config_apply_per_lib :  ITTAPI function NOT instrumented (not matched by --itt-config option): __itt_notify_sync_name

789745 : 0x2dd51d18d1a85e : 2 : ittapi_config_apply_per_lib :  ITTAPI function NOT instrumented (not matched by --itt-config option): __itt_notify_sync_prepare

789745 : 0x2dd51d18d1ae9c : 2 : ittapi_config_apply_per_lib :  ITTAPI function NOT instrumented (not matched by --itt-config option): __itt_notify_sync_cancel

789745 : 0x2dd51d18d1b50f : 2 : ittapi_config_apply_per_lib :  ITTAPI function NOT instrumented (not matched by --itt-config option): __itt_notify_sync_acquired

789745 : 0x2dd51d18d1bb8b : 2 : ittapi_config_apply_per_lib :  ITTAPI function NOT instrumented (not matched by --itt-config option): __itt_notify_sync_releasing

789745 : 0x2dd51d18d1c3b1 : 2 : ittapi_config_apply_per_lib :  ITTAPI function not implemented: __itt_memory_read
789745 : 0x2dd51d18d1f0a5 : 2 : ittapi_config_apply_per_lib :  ITTAPI function not implemented: __itt_memory_write
789745 : 0x2dd51d18d1f966 : 2 : ittapi_config_apply_per_lib :  ITTAPI function not implemented: __itt_memory_update
789745 : 0x2dd51d18d20172 : 2 : ittapi_config_apply_per_lib :  ITTAPI function not implemented: __itt_state_get
789745 : 0x2dd51d18d208fd : 2 : ittapi_config_apply_per_lib :  ITTAPI function not implemented: __itt_state_set
789745 : 0x2dd51d18d21075 : 2 : ittapi_config_apply_per_lib :  ITTAPI function not implemented: __itt_obj_mode_set
789745 : 0x2dd51d18d21852 : 2 : ittapi_config_apply_per_lib :  ITTAPI function not implemented: __itt_thr_mode_set
789745 : 0x2dd51d18d21f88 : 2 : ittapi_config_apply_per_lib :  ITTAPI function instrumented: __itt_frame_create
789745 : 0x2dd51d18d2269d : 2 : ittapi_config_apply_per_lib :  ITTAPI function instrumented: __itt_pt_region_create
789745 : 0x2dd51d18d22e17 : 2 : ittapi_config_apply_per_lib :  ITTAPI function instrumented: __itt_frame_begin
789745 : 0x2dd51d18d235ff : 2 : ittapi_config_apply_per_lib :  ITTAPI function instrumented: __itt_frame_end
789745 : 0x2dd51d18d254d1 : 2 : ittapi_config_apply_per_lib :  ITTAPI function NOT instrumented (not matched by --itt-config option): __itt_counter_destroy

789745 : 0x2dd51d18d25baa : 2 : ittapi_config_apply_per_lib :  ITTAPI function NOT instrumented (not matched by --itt-config option): __itt_counter_inc

789745 : 0x2dd51d18d26216 : 2 : ittapi_config_apply_per_lib :  ITTAPI function NOT instrumented (not matched by --itt-config option): __itt_counter_inc_delta

789745 : 0x2dd51d18d26873 : 2 : ittapi_config_apply_per_lib :  ITTAPI function NOT instrumented (not matched by --itt-config option): __itt_counter_dec

789745 : 0x2dd51d18d26ef6 : 2 : ittapi_config_apply_per_lib :  ITTAPI function NOT instrumented (not matched by --itt-config option): __itt_counter_dec_delta

789745 : 0x2dd51d18d27538 : 2 : ittapi_config_apply_per_lib :  ITTAPI function NOT instrumented (not matched by --itt-config option): __itt_counter_set_value

789745 : 0x2dd51d18d27b8a : 2 : ittapi_config_apply_per_lib :  ITTAPI function NOT instrumented (not matched by --itt-config option): __itt_counter_set_value_ex

789745 : 0x2dd51d18d283c1 : 2 : ittapi_config_apply_per_lib :  ITTAPI function not implemented: __itt_mark_create
789745 : 0x2dd51d18d28db4 : 2 : ittapi_config_apply_per_lib :  ITTAPI function not implemented: __itt_mark
789745 : 0x2dd51d18d296e2 : 2 : ittapi_config_apply_per_lib :  ITTAPI function not implemented: __itt_mark_off
789745 : 0x2dd51d18d2b705 : 2 : ittapi_config_apply_per_lib :  ITTAPI function not implemented: __itt_mark_global
789745 : 0x2dd51d18d2bf0c : 2 : ittapi_config_apply_per_lib :  ITTAPI function not implemented: __itt_mark_global_off
789745 : 0x2dd51d18d2c670 : 2 : ittapi_config_apply_per_lib :  ITTAPI function NOT instrumented (not matched by --itt-config option): __itt_stack_caller_create

789745 : 0x2dd51d18d2ccc9 : 2 : ittapi_config_apply_per_lib :  ITTAPI function NOT instrumented (not matched by --itt-config option): __itt_stack_caller_destroy

789745 : 0x2dd51d18d2d3e3 : 2 : ittapi_config_apply_per_lib :  ITTAPI function NOT instrumented (not matched by --itt-config option): __itt_stack_callee_enter

789745 : 0x2dd51d18d2da3a : 2 : ittapi_config_apply_per_lib :  ITTAPI function NOT instrumented (not matched by --itt-config option): __itt_stack_callee_leave

789745 : 0x2dd51d18d2e1c8 : 2 : ittapi_config_apply_per_lib :  ITTAPI function not implemented: __itt_clock_domain_create
789745 : 0x2dd51d18d2ea3c : 2 : ittapi_config_apply_per_lib :  ITTAPI function not implemented: __itt_clock_domain_reset
789745 : 0x2dd51d18d2f247 : 2 : ittapi_config_apply_per_lib :  ITTAPI function not implemented: __itt_id_create_ex
789745 : 0x2dd51d18d2f9e7 : 2 : ittapi_config_apply_per_lib :  ITTAPI function not implemented: __itt_id_destroy_ex
789745 : 0x2dd51d18d3248c : 2 : ittapi_config_apply_per_lib :  ITTAPI function NOT instrumented (not matched by --itt-config option): __itt_task_begin_ex

789745 : 0x2dd51d18d32bb0 : 2 : ittapi_config_apply_per_lib :  ITTAPI function NOT instrumented (not matched by --itt-config option): __itt_task_begin_fn_ex

789745 : 0x2dd51d18d3324a : 2 : ittapi_config_apply_per_lib :  ITTAPI function NOT instrumented (not matched by --itt-config option): __itt_task_end_ex

789745 : 0x2dd51d18d33876 : 2 : ittapi_config_apply_per_lib :  ITTAPI function NOT instrumented (not matched by --itt-config option): __itt_task_begin_overlapped

789745 : 0x2dd51d18d33ec1 : 2 : ittapi_config_apply_per_lib :  ITTAPI function NOT instrumented (not matched by --itt-config option): __itt_task_begin_overlapped_ex

789745 : 0x2dd51d18d34531 : 2 : ittapi_config_apply_per_lib :  ITTAPI function NOT instrumented (not matched by --itt-config option): __itt_task_end_overlapped

789745 : 0x2dd51d18d34b22 : 2 : ittapi_config_apply_per_lib :  ITTAPI function NOT instrumented (not matched by --itt-config option): __itt_task_end_overlapped_ex

789745 : 0x2dd51d18d35402 : 2 : ittapi_config_apply_per_lib :  ITTAPI function not implemented: __itt_marker_ex
789745 : 0x2dd51d18d35c65 : 2 : ittapi_config_apply_per_lib :  ITTAPI function not implemented: __itt_metadata_add_with_scope
789745 : 0x2dd51d18d36497 : 2 : ittapi_config_apply_per_lib :  ITTAPI function not implemented: __itt_metadata_str_add_with_scope
789745 : 0x2dd51d18d38622 : 2 : ittapi_config_apply_per_lib :  ITTAPI function not implemented: __itt_relation_add_to_current_ex
789745 : 0x2dd51d18d38fa0 : 2 : ittapi_config_apply_per_lib :  ITTAPI function not implemented: __itt_relation_add_ex
789745 : 0x2dd51d18d39779 : 2 : ittapi_config_apply_per_lib :  ITTAPI function not implemented: __itt_track_group_create
789745 : 0x2dd51d18d39f2a : 2 : ittapi_config_apply_per_lib :  ITTAPI function not implemented: __itt_track_create
789745 : 0x2dd51d18d3a73e : 2 : ittapi_config_apply_per_lib :  ITTAPI function not implemented: __itt_set_track
789745 : 0x2dd51d18d3aeca : 2 : ittapi_config_apply_per_lib :  ITTAPI function instrumented: __itt_api_version
789745 : 0x2dd51d18d3b710 : 2 : ittapi_config_apply_per_lib :  ITTAPI function not implemented: __itt_av_save
789745 : 0x2dd51d18d3bee1 : 2 : ittapi_config_apply_per_lib :  ITTAPI function instrumented: __itt_module_load
789745 : 0x2dd51d18d3c6f4 : 2 : ittapi_config_apply_per_lib :  ITTAPI function not implemented: __itt_module_unload