
790650 : 0x2dd5351face672 : 1 : spill_jit_data :  Jit agent is not initialized
790650 : 0x2dd5351fcd15c7 : 2 : ittapi_config_mask_get :  --itt-config mask to be applied: 1
790650 : 0x2dd5351fcd2ded : 2 : ittapi_config_apply_per_lib :  ITTAPI function instrumented: __itt_domain_create
790650 : 0x2dd5351fcd3819 : 2 : ittapi_config_apply_per_lib :  ITTAPI function instrumented: __itt_module_load_with_sections
790650 : 0x2dd5351fcd461b : 2 : ittapi_config_apply_per_lib :  ITTAPI function not implemented: __itt_module_unload_with_sections
790650 : 0x2dd5351fcd4f9b : 2 : ittapi_config_apply_per_lib :  ITTAPI function instrumented: __itt_string_handle_create
790650 : 0x2dd5351fcd56f0 : 2 : ittapi_config_apply_per_lib :  ITTAPI function instrumented: __itt_counter_create
790650 : 0x2dd5351fcd5e39 : 2 : ittapi_config_apply_per_lib :  ITTAPI function instrumented: __itt_counter_create_typed
790650 : 0x2dd5351fcd65d3 : 2 : ittapi_config_apply_per_lib :  ITTAPI function instrumented: __itt_pause
790650 : 0x2dd5351fcd6e27 : 2 : ittapi_config_apply_per_lib :  ITTAPI function instrumented: __itt_resume
790650 : 0x2dd5351fce3758 : 2 : ittapi_config_apply_per_lib :  ITTAPI function instrumented: __itt_thread_set_name
790650 : 0x2dd5351fce4244 : 2 : ittapi_config_apply_per_lib :  ITTAPI function instrumented: __itt_thread_ignore
790650 : 0x2dd5351fce4abb : 2 : ittapi_config_apply_per_lib :  ITTAPI function instrumented: __itt_thr_name_set
790650 : 0x2dd5351fce5327 : 2 : ittapi_config_apply_per_lib :  ITTAPI function instrumented: __itt_thr_ignore
790650 : 0x2dd5351fce5e03 : 2 : ittapi_config_apply_per_lib :  ITTAPI function not implemented: __itt_enable_attach
790650 : 0x2dd5351fce66ce : 2 : ittapi_config_apply_per_lib :  ITTAPI function instrumented: __itt_detach
790650 : 0x2dd5351fce6dc0 : 2 : ittapi_config_apply_per_lib :  ITTAPI function NOT instrumented (not matched by --itt-config option): __itt_sync_create

790650 : 0x2dd5351fce75b2 : 2 : ittapi_config_apply_per_lib :  ITTAPI function NOT instrumented (not matched by --itt-config option): __itt_sync_rename

790650 : 0x2dd5351fce7c3b : 2 : ittapi_config_apply_per_lib :  ITTAPI function NOT instrumented (not matched by --itt-config option): __itt_sync_destroy

790650 : 0x2dd5351fce82d9 : 2 : ittapi_config_apply_per_lib :  ITTAPI function NOT instrumented (not matched by --itt-config option): __itt_sync_prepare

790650 : 0x2dd5351fceab65 : 2 : ittapi_config_apply_per_lib :  ITTAPI function NOT instrumented (not matched by --itt-config option): __itt_sync_cancel

790650 : 0x2dd5351fceb27c : 2 : ittapi_config_apply_per_lib :  ITTAPI function NOT instrumented (not matched by --itt-config option): __itt_sync_acquired

790650 : 0x2dd5351fceb981 : 2 : ittapi_config_apply_per_lib :  ITTAPI function NOT instrumented (not matched by --itt-config option): __itt_sync_releasing

790650 : 0x2dd5351fcec2a2 : 2 : ittapi_config_apply_per_lib :  ITTAPI function not implemented: __itt_suppress_push
790650 : 0x2dd5351fcecc5c : 2 : ittapi_config_apply_per_lib :  ITTAPI function not implemented: __itt_suppress_pop
790650 : 0x2dd5351fced4f3 : 2 : ittapi_config_apply_per_lib :  ITTAPI function not implemented: __itt_suppress_mark_range
790650 : 0x2dd5351fcedd84 : 2 : ittapi_config_apply_per_lib :  ITTAPI function not implemented: __itt_suppress_clear_range
790650 : 0x2dd5351fcee3fe : 2 : ittapi_config_apply_per_lib :  ITTAPI function NOT instrumented (not matched by --itt-config option): __itt_sync_prepare

790650 : 0x2dd5351fceead1 : 2 : ittapi_config_apply_per_lib :  ITTAPI function NOT instrumented (not matched by --itt-config option): __itt_sync_cancel

790650 : 0x2dd5351fcef129 : 2 : ittapi_config_apply_per_lib :  ITTAPI function NOT instrumented (not matched by --itt-config option): __itt_sync_acquired

790650 : 0x2dd5351fcf0fd4 : 2 : ittapi_config_apply_per_lib :  ITTAPI function NOT instrumented (not matched by --itt-config option): __itt_sync_releasing

790650 : 0x2dd5351fcf16e1 : 2 : ittapi_config_apply_per_lib :  ITTAPI function NOT instrumented (not matched by --itt-config option): __itt_model_site_begin

790650 : 0x2dd5351fcf1d67 : 2 : ittapi_config_apply_per_lib :  ITTAPI function NOT instrumented (not matched by --itt-config option): __itt_model_site_end

790650 : 0x2dd5351fcf24ca : 2 : ittapi_config_apply_per_lib :  ITTAPI function NOT instrumented (not matched by --itt-config option): __itt_model_task_begin

790650 : 0x2dd5351fcf2b77 : 2 : ittapi_config_apply_per_lib :  ITTAPI function NOT instrumented (not matched by --itt-config option): __itt_model_task_end

790650 : 0x2dd5351fcf31e6 : 2 : ittapi_config_apply_per_lib :  ITTAPI function NOT instrumented (not matched by --itt-config option): __itt_model_lock_acquire

790650 : 0x2dd5351fcf38c2 : 2 : ittapi_config_apply_per_lib :  ITTAPI function NOT instrumented (not matched by --itt-config option): __itt_model_lock_release

790650 : 0x2dd5351fcf3f61 : 2 : ittapi_config_apply_per_lib :  ITTAPI function NOT instrumented (not matched by --itt-config option): __itt_model_record_allocation

790650 : 0x2dd5351fcf45db : 2 : ittapi_config_apply_per_lib :  ITTAPI function NOT instrumented (not matched by --itt-config option): __itt_model_record_deallocation

790650 : 0x2dd5351fcf4cba : 2 : ittapi_config_apply_per_lib :  ITTAPI function NOT instrumented (not matched by --itt-config option): __itt_model_induction_uses

790650 : 0x2dd5351fcf84ac : 2 : ittapi_config_apply_per_lib :  ITTAPI function NOT instrumented (not matched by --itt-config option): __itt_model_reduction_uses

790650 : 0x2dd5351fcf8cde : 2 : ittapi_config_apply_per_lib :  ITTAPI function NOT instrumented (not matched by --itt-config option): __itt_model_observe_uses

790650 : 0x2dd5351fcf93f6 : 2 : ittapi_config_apply_per_lib :  ITTAPI function NOT instrumented (not matched by --itt-config option): __itt_model_clear_uses

790650 : 0x2dd5351fcf9a6d : 2 : ittapi_config_apply_per_lib :  ITTAPI function NOT instrumented (not matched by --itt-config option): __itt_model_site_beginA

790650 : 0x2dd5351fcfa157 : 2 : ittapi_config_apply_per_lib :  ITTAPI function NOT instrumented (not matched by --itt-config option): __itt_model_site_beginAL

790650 : 0x2dd5351fcfa7de : 2 : ittapi_config_apply_per_lib :  ITTAPI function NOT instrumented (not matched by --itt-config option): __itt_model_task_beginA

790650 : 0x2dd5351fcfaec3 : 2 : ittapi_config_apply_per_lib :  ITTAPI function NOT instrumented (not matched by --itt-config option): __itt_model_task_beginAL

790650 : 0x2dd5351fcfb581 : 2 : ittapi_config_apply_per_lib :  ITTAPI function NOT instrumented (not matched by --itt-config option): __itt_model_iteration_taskA

790650 : 0x2dd5351fcfbc0c : 2 : ittapi_config_apply_per_lib :  ITTAPI function NOT instrumented (not matched by --itt-config option): __itt_model_iteration_taskAL

790650 : 0x2dd5351fcfc2e3 : 2 : ittapi_config_apply_per_lib :  ITTAPI function NOT instrumented (not matched by --itt-config option): __itt_model_site_end_2

790650 : 0x2dd5351fcfe377 : 2 : ittapi_config_apply_per_lib :  ITTAPI function NOT instrumented (not matched by --itt-config option): __itt_model_task_end_2

790650 : 0x2dd5351fcfea09 : 2 : ittapi_config_apply_per_lib :  ITTAPI function NOT instrumented (not matched by --itt-config option): __itt_model_lock_acquire_2

790650 : 0x2dd5351fcff0cd : 2 : ittapi_config_apply_per_lib :  ITTAPI function NOT instrumented (not matched by --itt-config option): __itt_model_lock_release_2

790650 : 0x2dd5351fcff79d : 2 : ittapi_config_apply_per_lib :  ITTAPI function NOT instrumented (not matched by --itt-config option): __itt_model_aggregate_task

790650 : 0x2dd5351fcffdf3 : 2 : ittapi_config_apply_per_lib :  ITTAPI function NOT instrumented (not matched by --itt-config option): __itt_model_disable_push

790650 : 0x2dd5351fd00501 : 2 : ittapi_config_apply_per_lib :  ITTAPI function NOT instrumented (not matched by --itt-config option): __itt_model_disable_pop

790650 : 0x2dd5351fd00cc2 : 2 : ittapi_config_apply_per_lib :  ITTAPI function instrumented: __itt_heap_function_create
790650 : 0x2dd5351fd0155f : 2 : ittapi_config_apply_per_lib :  ITTAPI function instrumented: __itt_heap_allocate_begin
790650 : 0x2dd5351fd01d63 : 2 : ittapi_config_apply_per_lib :  ITTAPI function instrumented: __itt_heap_allocate_end
790650 : 0x2dd5351fd024b1 : 2 : ittapi_config_apply_per_lib :  ITTAPI function instrumented: __itt_heap_free_begin
790650 : 0x2dd5351fd05bd1 : 2 : ittapi_config_apply_per_lib :  ITTAPI function instrumented: __itt_heap_free_end
790650 : 0x2dd5351fd0650d : 2 : ittapi_config_apply_per_lib :  ITTAPI function instrumented: __itt_heap_reallocate_begin
790650 : 0x2dd5351fd06ca5 : 2 : ittapi_config_apply_per_lib :  ITTAPI function instrumented: __itt_heap_reallocate_end
790650 : 0x2dd5351fd0768c : 2 : ittapi_config_apply_per_lib :  ITTAPI function not implemented: __itt_heap_internal_access_begin
790650 : 0x2dd5351fd07f37 : 2 : ittapi_config_apply_per_lib :  ITTAPI function not implemented: __itt_heap_internal_access_end
790650 : 0x2dd5351fd0877e : 2 : ittapi_config_apply_per_lib :  ITTAPI function not implemented: __itt_heap_record_memory_growth_begin
790650 : 0x2dd5351fd08fba : 2 : ittapi_config_apply_per_lib :  ITTAPI function not implemented: __itt_heap_record_memory_growth_end
790650 : 0x2dd5351fd097f7 : 2 : ittapi_config_apply_per_lib :  ITTAPI function not implemented: __itt_heap_reset_detection
790650 : 0x2dd5351fd0a0b6 : 2 : ittapi_config_apply_per_lib :  ITTAPI function not implemented: __itt_heap_record
790650 : 0x2dd5351fd0a97c : 2 : ittapi_config_apply_per_lib :  ITTAPI function not implemented: __itt_id_create
790650 : 0x2dd5351fd0ce4b : 2 : ittapi_config_apply_per_lib :  ITTAPI function not implemented: __itt_id_destroy
790650 : 0x2dd5351fd0d64c : 2 : ittapi_config_apply_per_lib :  ITTAPI function instrumented: __itt_get_timestamp
790650 : 0x2dd5351fd0de8a : 2 : ittapi_config_apply_per_lib :  ITTAPI function not implemented: __itt_region_begin
790650 : 0x2dd5351fd0e6a8 : 2 : ittapi_config_apply_per_lib :  ITTAPI function not implemented: __itt_region_end
790650 : 0x2dd5351fd0efa1 : 2 : ittapi_config_apply_per_lib :  ITTAPI function instrumented: __itt_frame_begin_v3
790650 : 0x2dd5351fd0f76b : 2 : ittapi_config_apply_per_lib :  ITTAPI function instrumented: __itt_frame_end_v3
790650 : 0x2dd5351fd0ff5b : 2 : ittapi_config_apply_per_lib :  ITTAPI function instrumented: __itt_frame_submit_v3
790650 : 0x2dd5351fd10602 : 2 : ittapi_config_apply_per_lib :  ITTAPI function NOT instrumented (not matched by --itt-config option): __itt_task_group

790650 : 0x2dd5351fd10ddf : 2 : ittapi_config_apply_per_lib :  ITTAPI function NOT instrumented (not matched by --itt-config option): __itt_task_begin

790650 : 0x2dd5351fd11430 : 2 : ittapi_config_apply_per_lib :  ITTAPI function NOT instrumented (not matched by --itt-config option): __itt_task_begin_fn

790650 : 0x2dd5351fd133dc : 2 : ittapi_config_apply_per_lib :  ITTAPI function NOT instrumented (not matched by --itt-config option): __itt_task_end

790650 : 0x2dd5351fd13b2f : 2 : ittapi_config_apply_per_lib :  ITTAPI function NOT instrumented (not matched by --itt-config option): __itt_counter_inc_v3

790650 : 0x2dd5351fd141e0 : 2 : ittapi_config_apply_per_lib :  ITTAPI function NOT instrumented (not matched by --itt-config option): __itt_counter_inc_delta_v3

790650 : 0x2dd5351fd1483b : 2 : ittapi_config_apply_per_lib :  ITTAPI function NOT instrumented (not matched by --itt-config option): __itt_counter_dec_v3

790650 : 0x2dd5351fd14ec5 : 2 : ittapi_config_apply_per_lib :  ITTAPI function NOT instrumented (not matched by --itt-config option): __itt_counter_dec_delta_v3

790650 : 0x2dd5351fd15781 : 2 : ittapi_config_apply_per_lib :  ITTAPI function not implemented: __itt_marker
790650 : 0x2dd5351fd15f4e : 2 : ittapi_config_apply_per_lib :  ITTAPI function instrumented: __itt_metadata_add
790650 : 0x2dd5351fd167a6 : 2 : ittapi_config_apply_per_lib :  ITTAPI function not implemented: __itt_metadata_str_add
790650 : 0x2dd5351fd16fbe : 2 : ittapi_config_apply_per_lib :  ITTAPI function not implemented: __itt_relation_add_to_current
790650 : 0x2dd5351fd177b2 : 2 : ittapi_config_apply_per_lib :  ITTAPI function not implemented: __itt_relation_add
790650 : 0x2dd5351fd19809 : 2 : ittapi_config_apply_per_lib :  ITTAPI function instrumented: __itt_event_create
790650 : 0x2dd5351fd19ec2 : 2 : ittapi_config_apply_per_lib :  ITTAPI function NOT instrumented (not matched by --itt-config option): __itt_event_start

790650 : 0x2dd5351fd1a657 : 2 : ittapi_config_apply_per_lib :  ITTAPI function NOT instrumented (not matched by --itt-config option): __itt_event_end

790650 : 0x2dd5351fd1aca7 : 2 : ittapi_config_apply_per_lib :  ITTAPI function NOT instrumented (not matched by --itt-config option): __itt_sync_set_name

790650 : 0x2dd5351fd1b31f : 2 : ittapi_config_apply_per_lib :  ITTAPI function NOT instrumented (not matched by --itt-config option): __itt_notify_sync_name

790650 : 0x2dd5351fd1b9bd : 2 : ittapi_config_apply_per_lib :  ITTAPI function NOT instrumented (not matched by --itt-config option): __itt_notify_sync_prepare

790650 : 0x2dd5351fd1bfec : 2 : ittapi_config_apply_per_lib :  ITTAPI function NOT instrumented (not matched by --itt-config option): __itt_notify_sync_cancel

790650 : 0x2dd5351fd1c6ca : 2 : ittapi_config_apply_per_lib :  ITTAPI function NOT instrumented (not matched by --itt-config option): __itt_notify_sync_acquired

790650 : 0x2dd5351fd1cd4d : 2 : ittapi_config_apply_per_lib :  ITTAPI function NOT instrumented (not matched by --itt-config option): __itt_notify_sync_releasing

790650 : 0x2dd5351fd1d5ad : 2 : ittapi_config_apply_per_lib :  ITTAPI function not implemented: __itt_memory_read
790650 : 0x2dd5351fd203d4 : 2 : ittapi_config_apply_per_lib :  ITTAPI function not implemented: __itt_memory_write
790650 : 0x2dd5351fd20d77 : 2 : ittapi_config_apply_per_lib :  ITTAPI function not implemented: __itt_memory_update
790650 : 0x2dd5351fd215b0 : 2 : ittapi_config_apply_per_lib :  ITTAPI function not implemented: __itt_state_get
790650 : 0x2dd5351fd21d64 : 2 : ittapi_config_apply_per_lib :  ITTAPI function not implemented: __itt_state_set
790650 : 0x2dd5351fd2258a : 2 : ittapi_config_apply_per_lib :  ITTAPI function not implemented: __itt_obj_mode_set
790650 : 0x2dd5351fd22d6a : 2 : ittapi_config_apply_per_lib :  ITTAPI function not implemented: __itt_thr_mode_set
790650 : 0x2dd5351fd234fd : 2 : ittapi_config_apply_per_lib :  ITTAPI function instrumented: __itt_frame_create
790650 : 0x2dd5351fd23c0b : 2 : ittapi_config_apply_per_lib :  ITTAPI function instrumented: __itt_pt_region_create
790650 : 0x2dd5351fd243e4 : 2 : ittapi_config_apply_per_lib :  ITTAPI function instrumented: __itt_frame_begin
790650 : 0x2dd5351fd24c43 : 2 : ittapi_config_apply_per_lib :  ITTAPI function instrumented: __itt_frame_end
790650 : 0x2dd5351fd26bab : 2 : ittapi_config_apply_per_lib :  ITTAPI function NOT instrumented (not matched by --itt-config option): __itt_counter_destroy

790650 : 0x2dd5351fd272cd : 2 : ittapi_config_apply_per_lib :  ITTAPI function NOT instrumented (not matched by --itt-config option): __itt_counter_inc

790650 : 0x2dd5351fd27931 : 2 : ittapi_config_apply_per_lib :  ITTAPI function NOT instrumented (not matched by --itt-config option): __itt_counter_inc_delta

790650 : 0x2dd5351fd27ffe : 2 : ittapi_config_apply_per_lib :  ITTAPI function NOT instrumented (not matched by --itt-config option): __itt_counter_dec

790650 : 0x2dd5351fd286fa : 2 : ittapi_config_apply_per_lib :  ITTAPI function NOT instrumented (not matched by --itt-config option): __itt_counter_dec_delta

790650 : 0x2dd5351fd28d4b : 2 : ittapi_config_apply_per_lib :  ITTAPI function NOT instrumented (not matched by --itt-config option): __itt_counter_set_value

790650 : 0x2dd5351fd293e5 : 2 : ittapi_config_apply_per_lib :  ITTAPI function NOT instrumented (not matched by --itt-config option): __itt_counter_set_value_ex

790650 : 0x2dd5351fd29bdb : 2 : ittapi_config_apply_per_lib :  ITTAPI function not implemented: __itt_mark_create
790650 : 0x2dd5351fd2a5a1 : 2 : ittapi_config_apply_per_lib :  ITTAPI function not implemented: __itt_mark
790650 : 0x2dd5351fd2ae4f : 2 : ittapi_config_apply_per_lib :  ITTAPI function not implemented: __itt_mark_off
790650 : 0x2dd5351fd2cecf : 2 : ittapi_config_apply_per_lib :  ITTAPI function not implemented: __itt_mark_global
790650 : 0x2dd5351fd2d704 : 2 : ittapi_config_apply_per_lib :  ITTAPI function not implemented: __itt_mark_global_off
790650 : 0x2dd5351fd2de62 : 2 : ittapi_config_apply_per_lib :  ITTAPI function NOT instrumented (not matched by --itt-config option): __itt_stack_caller_create

790650 : 0x2dd5351fd2e4d8 : 2 : ittapi_config_apply_per_lib :  ITTAPI function NOT instrumented (not matched by --itt-config option): __itt_stack_caller_destroy

790650 : 0x2dd5351fd2ebe5 : 2 : ittapi_config_apply_per_lib :  ITTAPI function NOT instrumented (not matched by --itt-config option): __itt_stack_callee_enter

790650 : 0x2dd5351fd2f248 : 2 : ittapi_config_apply_per_lib :  ITTAPI function NOT instrumented (not matched by --itt-config option): __itt_stack_callee_leave

790650 : 0x2dd5351fd2f9f9 : 2 : ittapi_config_apply_per_lib :  ITTAPI function not implemented: __itt_clock_domain_create
790650 : 0x2dd5351fd3026a : 2 : ittapi_config_apply_per_lib :  ITTAPI function not implemented: __itt_clock_domain_reset
790650 : 0x2dd5351fd30a7f : 2 : ittapi_config_apply_per_lib :  ITTAPI function not implemented: __itt_id_create_ex
790650 : 0x2dd5351fd31221 : 2 : ittapi_config_apply_per_lib :  ITTAPI function not implemented: __itt_id_destroy_ex
790650 : 0x2dd5351fd33e72 : 2 : ittapi_config_apply_per_lib :  ITTAPI function NOT instrumented (not matched by --itt-config option): __itt_task_begin_ex

790650 : 0x2dd5351fd345bc : 2 : ittapi_config_apply_per_lib :  ITTAPI function NOT instrumented (not matched by --itt-config option): __itt_task_begin_fn_ex

790650 : 0x2dd5351fd34c48 : 2 : ittapi_config_apply_per_lib :  ITTAPI function NOT instrumented (not matched by --itt-config option): __itt_task_end_ex

790650 : 0x2dd5351fd35282 : 2 : ittapi_config_apply_per_lib :  ITTAPI function NOT instrumented (not matched by --itt-config option): __itt_task_begin_overlapped

790650 : 0x2dd5351fd358ec : 2 : ittapi_config_apply_per_lib :  ITTAPI function NOT instrumented (not matched by --itt-config option): __itt_task_begin_overlapped_ex

790650 : 0x2dd5351fd35f44 : 2 : ittapi_config_apply_per_lib :  ITTAPI function NOT instrumented (not matched by --itt-config option): __itt_task_end_overlapped

790650 : 0x2dd5351fd3654b : 2 : ittapi_config_apply_per_lib :  ITTAPI function NOT instrumented (not matched by --itt-config option): __itt_task_end_overlapped_ex

790650 : 0x2dd5351fd36dcf : 2 : ittapi_config_apply_per_lib :  ITTAPI function not implemented: __itt_marker_ex
790650 : 0x2dd5351fd37626 : 2 : ittapi_config_apply_per_lib :  ITTAPI function not implemented: __itt_metadata_add_with_scope
790650 : 0x2dd5351fd37e5b : 2 : ittapi_config_apply_per_lib :  ITTAPI function not implemented: __itt_metadata_str_add_with_scope
790650 : 0x2dd5351fd39f08 : 2 : ittapi_config_apply_per_lib :  ITTAPI function not implemented: __itt_relation_add_to_current_ex
790650 : 0x2dd5351fd3a829 : 2 : ittapi_config_apply_per_lib :  ITTAPI function not implemented: __itt_relation_add_ex
790650 : 0x2dd5351fd3aff4 : 2 : ittapi_config_apply_per_lib :  ITTAPI function not implemented: __itt_track_group_create
790650 : 0x2dd5351fd3b74a : 2 : ittapi_config_apply_per_lib :  ITTAPI function not implemented: __itt_track_create
790650 : 0x2dd5351fd3bf70 : 2 : ittapi_config_apply_per_lib :  ITTAPI function not implemented: __itt_set_track
790650 : 0x2dd5351fd3c6c4 : 2 : ittapi_config_apply_per_lib :  ITTAPI function instrumented: __itt_api_version
790650 : 0x2dd5351fd3cec8 : 2 : ittapi_config_apply_per_lib :  ITTAPI function not implemented: __itt_av_save
790650 : 0x2dd5351fd3d610 : 2 : ittapi_config_apply_per_lib :  ITTAPI function instrumented: __itt_module_load
790650 : 0x2dd5351fd3de4c : 2 : ittapi_config_apply_per_lib :  ITTAPI function not implemented: __itt_module_unload