
793640 : 0x2dd57c9e650221 : 1 : spill_jit_data :  Jit agent is not initialized
793640 : 0x2dd57c9e845dd4 : 2 : ittapi_config_mask_get :  --itt-config mask to be applied: 1
793640 : 0x2dd57c9e8470b8 : 2 : ittapi_config_apply_per_lib :  ITTAPI function instrumented: __itt_domain_create
793640 : 0x2dd57c9e847a63 : 2 : ittapi_config_apply_per_lib :  ITTAPI function instrumented: __itt_module_load_with_sections
793640 : 0x2dd57c9e8487a8 : 2 : ittapi_config_apply_per_lib :  ITTAPI function not implemented: __itt_module_unload_with_sections
793640 : 0x2dd57c9e8490e0 : 2 : ittapi_config_apply_per_lib :  ITTAPI function instrumented: __itt_string_handle_create
793640 : 0x2dd57c9e849834 : 2 : ittapi_config_apply_per_lib :  ITTAPI function instrumented: __itt_counter_create
793640 : 0x2dd57c9e849f62 : 2 : ittapi_config_apply_per_lib :  ITTAPI function instrumented: __itt_counter_create_typed
793640 : 0x2dd57c9e84a6d1 : 2 : ittapi_config_apply_per_lib :  ITTAPI function instrumented: __itt_pause
793640 : 0x2dd57c9e84aeee : 2 : ittapi_config_apply_per_lib :  ITTAPI function instrumented: __itt_resume
793640 : 0x2dd57c9e856ae9 : 2 : ittapi_config_apply_per_lib :  ITTAPI function instrumented: __itt_thread_set_name
793640 : 0x2dd57c9e857629 : 2 : ittapi_config_apply_per_lib :  ITTAPI function instrumented: __itt_thread_ignore
793640 : 0x2dd57c9e857e78 : 2 : ittapi_config_apply_per_lib :  ITTAPI function instrumented: __itt_thr_name_set
793640 : 0x2dd57c9e8586fa : 2 : ittapi_config_apply_per_lib :  ITTAPI function instrumented: __itt_thr_ignore
793640 : 0x2dd57c9e859187 : 2 : ittapi_config_apply_per_lib :  ITTAPI function not implemented: __itt_enable_attach
793640 : 0x2dd57c9e859aee : 2 : ittapi_config_apply_per_lib :  ITTAPI function instrumented: __itt_detach
793640 : 0x2dd57c9e85a1ad : 2 : ittapi_config_apply_per_lib :  ITTAPI function NOT instrumented (not matched by --itt-config option): __itt_sync_create

793640 : 0x2dd57c9e85a8e9 : 2 : ittapi_config_apply_per_lib :  ITTAPI function NOT instrumented (not matched by --itt-config option): __itt_sync_rename

793640 : 0x2dd57c9e85af6d : 2 : ittapi_config_apply_per_lib :  ITTAPI function NOT instrumented (not matched by --itt-config option): __itt_sync_destroy

793640 : 0x2dd57c9e85b5db : 2 : ittapi_config_apply_per_lib :  ITTAPI function NOT instrumented (not matched by --itt-config option): __itt_sync_prepare

793640 : 0x2dd57c9e85ddc0 : 2 : ittapi_config_apply_per_lib :  ITTAPI function NOT instrumented (not matched by --itt-config option): __itt_sync_cancel

793640 : 0x2dd57c9e85e4c1 : 2 : ittapi_config_apply_per_lib :  ITTAPI function NOT instrumented (not matched by --itt-config option): __itt_sync_acquired

793640 : 0x2dd57c9e85eb64 : 2 : ittapi_config_apply_per_lib :  ITTAPI function NOT instrumented (not matched by --itt-config option): __itt_sync_releasing

793640 : 0x2dd57c9e85f4b4 : 2 : ittapi_config_apply_per_lib :  ITTAPI function not implemented: __itt_suppress_push
793640 : 0x2dd57c9e85fe6a : 2 : ittapi_config_apply_per_lib :  ITTAPI function not implemented: __itt_suppress_pop
793640 : 0x2dd57c9e8606f7 : 2 : ittapi_config_apply_per_lib :  ITTAPI function not implemented: __itt_suppress_mark_range
793640 : 0x2dd57c9e860fbb : 2 : ittapi_config_apply_per_lib :  ITTAPI function not implemented: __itt_suppress_clear_range
793640 : 0x2dd57c9e861618 : 2 : ittapi_config_apply_per_lib :  ITTAPI function NOT instrumented (not matched by --itt-config option): __itt_sync_prepare

793640 : 0x2dd57c9e861ce3 : 2 : ittapi_config_apply_per_lib :  ITTAPI function NOT instrumented (not matched by --itt-config option): __itt_sync_cancel

793640 : 0x2dd57c9e862325 : 2 : ittapi_config_apply_per_lib :  ITTAPI function NOT instrumented (not matched by --itt-config option): __itt_sync_acquired

793640 : 0x2dd57c9e864245 : 2 : ittapi_config_apply_per_lib :  ITTAPI function NOT instrumented (not matched by --itt-config option): __itt_sync_releasing

793640 : 0x2dd57c9e8649fc : 2 : ittapi_config_apply_per_lib :  ITTAPI function NOT instrumented (not matched by --itt-config option): __itt_model_site_begin

793640 : 0x2dd57c9e86507a : 2 : ittapi_config_apply_per_lib :  ITTAPI function NOT instrumented (not matched by --itt-config option): __itt_model_site_end

793640 : 0x2dd57c9e8657fa : 2 : ittapi_config_apply_per_lib :  ITTAPI function NOT instrumented (not matched by --itt-config option): __itt_model_task_begin

793640 : 0x2dd57c9e865eaa : 2 : ittapi_config_apply_per_lib :  ITTAPI function NOT instrumented (not matched by --itt-config option): __itt_model_task_end

793640 : 0x2dd57c9e866521 : 2 : ittapi_config_apply_per_lib :  ITTAPI function NOT instrumented (not matched by --itt-config option): __itt_model_lock_acquire

793640 : 0x2dd57c9e866be0 : 2 : ittapi_config_apply_per_lib :  ITTAPI function NOT instrumented (not matched by --itt-config option): __itt_model_lock_release

793640 : 0x2dd57c9e86725c : 2 : ittapi_config_apply_per_lib :  ITTAPI function NOT instrumented (not matched by --itt-config option): __itt_model_record_allocation

793640 : 0x2dd57c9e8678e0 : 2 : ittapi_config_apply_per_lib :  ITTAPI function NOT instrumented (not matched by --itt-config option): __itt_model_record_deallocation

793640 : 0x2dd57c9e867fd4 : 2 : ittapi_config_apply_per_lib :  ITTAPI function NOT instrumented (not matched by --itt-config option): __itt_model_induction_uses

793640 : 0x2dd57c9e86b43b : 2 : ittapi_config_apply_per_lib :  ITTAPI function NOT instrumented (not matched by --itt-config option): __itt_model_reduction_uses

793640 : 0x2dd57c9e86bd79 : 2 : ittapi_config_apply_per_lib :  ITTAPI function NOT instrumented (not matched by --itt-config option): __itt_model_observe_uses

793640 : 0x2dd57c9e86c46f : 2 : ittapi_config_apply_per_lib :  ITTAPI function NOT instrumented (not matched by --itt-config option): __itt_model_clear_uses

793640 : 0x2dd57c9e86cae9 : 2 : ittapi_config_apply_per_lib :  ITTAPI function NOT instrumented (not matched by --itt-config option): __itt_model_site_beginA

793640 : 0x2dd57c9e86d1ab : 2 : ittapi_config_apply_per_lib :  ITTAPI function NOT instrumented (not matched by --itt-config option): __itt_model_site_beginAL

793640 : 0x2dd57c9e86d82e : 2 : ittapi_config_apply_per_lib :  ITTAPI function NOT instrumented (not matched by --itt-config option): __itt_model_task_beginA

793640 : 0x2dd57c9e86de96 : 2 : ittapi_config_apply_per_lib :  ITTAPI function NOT instrumented (not matched by --itt-config option): __itt_model_task_beginAL

793640 : 0x2dd57c9e86e576 : 2 : ittapi_config_apply_per_lib :  ITTAPI function NOT instrumented (not matched by --itt-config option): __itt_model_iteration_taskA

793640 : 0x2dd57c9e86ec07 : 2 : ittapi_config_apply_per_lib :  ITTAPI function NOT instrumented (not matched by --itt-config option): __itt_model_iteration_taskAL

793640 : 0x2dd57c9e86f2c1 : 2 : ittapi_config_apply_per_lib :  ITTAPI function NOT instrumented (not matched by --itt-config option): __itt_model_site_end_2

793640 : 0x2dd57c9e87125d : 2 : ittapi_config_apply_per_lib :  ITTAPI function NOT instrumented (not matched by --itt-config option): __itt_model_task_end_2

793640 : 0x2dd57c9e87191b : 2 : ittapi_config_apply_per_lib :  ITTAPI function NOT instrumented (not matched by --itt-config option): __itt_model_lock_acquire_2

793640 : 0x2dd57c9e871ff1 : 2 : ittapi_config_apply_per_lib :  ITTAPI function NOT instrumented (not matched by --itt-config option): __itt_model_lock_release_2

793640 : 0x2dd57c9e8726a3 : 2 : ittapi_config_apply_per_lib :  ITTAPI function NOT instrumented (not matched by --itt-config option): __itt_model_aggregate_task

793640 : 0x2dd57c9e872ce2 : 2 : ittapi_config_apply_per_lib :  ITTAPI function NOT instrumented (not matched by --itt-config option): __itt_model_disable_push

793640 : 0x2dd57c9e8733ed : 2 : ittapi_config_apply_per_lib :  ITTAPI function NOT instrumented (not matched by --itt-config option): __itt_model_disable_pop

793640 : 0x2dd57c9e873c63 : 2 : ittapi_config_apply_per_lib :  ITTAPI function instrumented: __itt_heap_function_create
793640 : 0x2dd57c9e8744dc : 2 : ittapi_config_apply_per_lib :  ITTAPI function instrumented: __itt_heap_allocate_begin
793640 : 0x2dd57c9e874cc9 : 2 : ittapi_config_apply_per_lib :  ITTAPI function instrumented: __itt_heap_allocate_end
793640 : 0x2dd57c9e87544c : 2 : ittapi_config_apply_per_lib :  ITTAPI function instrumented: __itt_heap_free_begin
793640 : 0x2dd57c9e87923d : 2 : ittapi_config_apply_per_lib :  ITTAPI function instrumented: __itt_heap_free_end
793640 : 0x2dd57c9e879c2b : 2 : ittapi_config_apply_per_lib :  ITTAPI function instrumented: __itt_heap_reallocate_begin
793640 : 0x2dd57c9e87a35f : 2 : ittapi_config_apply_per_lib :  ITTAPI function instrumented: __itt_heap_reallocate_end
793640 : 0x2dd57c9e87aca2 : 2 : ittapi_config_apply_per_lib :  ITTAPI function not implemented: __itt_heap_internal_access_begin
793640 : 0x2dd57c9e87b59f : 2 : ittapi_config_apply_per_lib :  ITTAPI function not implemented: __itt_heap_internal_access_end
793640 : 0x2dd57c9e87bdc8 : 2 : ittapi_config_apply_per_lib :  ITTAPI function not implemented: __itt_heap_record_memory_growth_begin
793640 : 0x2dd57c9e87c605 : 2 : ittapi_config_apply_per_lib :  ITTAPI function not implemented: __itt_heap_record_memory_growth_end
793640 : 0x2dd57c9e87ce49 : 2 : ittapi_config_apply_per_lib :  ITTAPI function not implemented: __itt_heap_reset_detection
793640 : 0x2dd57c9e87d6ea : 2 : ittapi_config_apply_per_lib :  ITTAPI function not implemented: __itt_heap_record
793640 : 0x2dd57c9e87df9e : 2 : ittapi_config_apply_per_lib :  ITTAPI function not implemented: __itt_id_create
793640 : 0x2dd57c9e880685 : 2 : ittapi_config_apply_per_lib :  ITTAPI function not implemented: __itt_id_destroy
793640 : 0x2dd57c9e880ecb : 2 : ittapi_config_apply_per_lib :  ITTAPI function instrumented: __itt_get_timestamp
793640 : 0x2dd57c9e8817c2 : 2 : ittapi_config_apply_per_lib :  ITTAPI function not implemented: __itt_region_begin
793640 : 0x2dd57c9e882004 : 2 : ittapi_config_apply_per_lib :  ITTAPI function not implemented: __itt_region_end
793640 : 0x2dd57c9e882901 : 2 : ittapi_config_apply_per_lib :  ITTAPI function instrumented: __itt_frame_begin_v3
793640 : 0x2dd57c9e88309f : 2 : ittapi_config_apply_per_lib :  ITTAPI function instrumented: __itt_frame_end_v3
793640 : 0x2dd57c9e88387f : 2 : ittapi_config_apply_per_lib :  ITTAPI function instrumented: __itt_frame_submit_v3
793640 : 0x2dd57c9e883ee6 : 2 : ittapi_config_apply_per_lib :  ITTAPI function NOT instrumented (not matched by --itt-config option): __itt_task_group

793640 : 0x2dd57c9e88460f : 2 : ittapi_config_apply_per_lib :  ITTAPI function NOT instrumented (not matched by --itt-config option): __itt_task_begin

793640 : 0x2dd57c9e884c67 : 2 : ittapi_config_apply_per_lib :  ITTAPI function NOT instrumented (not matched by --itt-config option): __itt_task_begin_fn

793640 : 0x2dd57c9e886db6 : 2 : ittapi_config_apply_per_lib :  ITTAPI function NOT instrumented (not matched by --itt-config option): __itt_task_end

793640 : 0x2dd57c9e887535 : 2 : ittapi_config_apply_per_lib :  ITTAPI function NOT instrumented (not matched by --itt-config option): __itt_counter_inc_v3

793640 : 0x2dd57c9e887be8 : 2 : ittapi_config_apply_per_lib :  ITTAPI function NOT instrumented (not matched by --itt-config option): __itt_counter_inc_delta_v3

793640 : 0x2dd57c9e888242 : 2 : ittapi_config_apply_per_lib :  ITTAPI function NOT instrumented (not matched by --itt-config option): __itt_counter_dec_v3

793640 : 0x2dd57c9e8888d7 : 2 : ittapi_config_apply_per_lib :  ITTAPI function NOT instrumented (not matched by --itt-config option): __itt_counter_dec_delta_v3

793640 : 0x2dd57c9e88918e : 2 : ittapi_config_apply_per_lib :  ITTAPI function not implemented: __itt_marker
793640 : 0x2dd57c9e889964 : 2 : ittapi_config_apply_per_lib :  ITTAPI function instrumented: __itt_metadata_add
793640 : 0x2dd57c9e88a18b : 2 : ittapi_config_apply_per_lib :  ITTAPI function not implemented: __itt_metadata_str_add
793640 : 0x2dd57c9e88a98d : 2 : ittapi_config_apply_per_lib :  ITTAPI function not implemented: __itt_relation_add_to_current
793640 : 0x2dd57c9e88b178 : 2 : ittapi_config_apply_per_lib :  ITTAPI function not implemented: __itt_relation_add
793640 : 0x2dd57c9e88d1c7 : 2 : ittapi_config_apply_per_lib :  ITTAPI function instrumented: __itt_event_create
793640 : 0x2dd57c9e88d8ce : 2 : ittapi_config_apply_per_lib :  ITTAPI function NOT instrumented (not matched by --itt-config option): __itt_event_start

793640 : 0x2dd57c9e88df87 : 2 : ittapi_config_apply_per_lib :  ITTAPI function NOT instrumented (not matched by --itt-config option): __itt_event_end

793640 : 0x2dd57c9e88e5ea : 2 : ittapi_config_apply_per_lib :  ITTAPI function NOT instrumented (not matched by --itt-config option): __itt_sync_set_name

793640 : 0x2dd57c9e88ec38 : 2 : ittapi_config_apply_per_lib :  ITTAPI function NOT instrumented (not matched by --itt-config option): __itt_notify_sync_name

793640 : 0x2dd57c9e88f2e1 : 2 : ittapi_config_apply_per_lib :  ITTAPI function NOT instrumented (not matched by --itt-config option): __itt_notify_sync_prepare

793640 : 0x2dd57c9e88f923 : 2 : ittapi_config_apply_per_lib :  ITTAPI function NOT instrumented (not matched by --itt-config option): __itt_notify_sync_cancel

793640 : 0x2dd57c9e88fff2 : 2 : ittapi_config_apply_per_lib :  ITTAPI function NOT instrumented (not matched by --itt-config option): __itt_notify_sync_acquired

793640 : 0x2dd57c9e890678 : 2 : ittapi_config_apply_per_lib :  ITTAPI function NOT instrumented (not matched by --itt-config option): __itt_notify_sync_releasing

793640 : 0x2dd57c9e890eb9 : 2 : ittapi_config_apply_per_lib :  ITTAPI function not implemented: __itt_memory_read
793640 : 0x2dd57c9e894026 : 2 : ittapi_config_apply_per_lib :  ITTAPI function not implemented: __itt_memory_write
793640 : 0x2dd57c9e8949b6 : 2 : ittapi_config_apply_per_lib :  ITTAPI function not implemented: __itt_memory_update
793640 : 0x2dd57c9e89521f : 2 : ittapi_config_apply_per_lib :  ITTAPI function not implemented: __itt_state_get
793640 : 0x2dd57c9e8959c2 : 2 : ittapi_config_apply_per_lib :  ITTAPI function not implemented: __itt_state_set
793640 : 0x2dd57c9e8961bd : 2 : ittapi_config_apply_per_lib :  ITTAPI function not implemented: __itt_obj_mode_set
793640 : 0x2dd57c9e8969a4 : 2 : ittapi_config_apply_per_lib :  ITTAPI function not implemented: __itt_thr_mode_set
793640 : 0x2dd57c9e897123 : 2 : ittapi_config_apply_per_lib :  ITTAPI function instrumented: __itt_frame_create
793640 : 0x2dd57c9e897858 : 2 : ittapi_config_apply_per_lib :  ITTAPI function instrumented: __itt_pt_region_create
793640 : 0x2dd57c9e898015 : 2 : ittapi_config_apply_per_lib :  ITTAPI function instrumented: __itt_frame_begin
793640 : 0x2dd57c9e898851 : 2 : ittapi_config_apply_per_lib :  ITTAPI function instrumented: __itt_frame_end
793640 : 0x2dd57c9e89a83a : 2 : ittapi_config_apply_per_lib :  ITTAPI function NOT instrumented (not matched by --itt-config option): __itt_counter_destroy

793640 : 0x2dd57c9e89af83 : 2 : ittapi_config_apply_per_lib :  ITTAPI function NOT instrumented (not matched by --itt-config option): __itt_counter_inc

793640 : 0x2dd57c9e89b5e1 : 2 : ittapi_config_apply_per_lib :  ITTAPI function NOT instrumented (not matched by --itt-config option): __itt_counter_inc_delta

793640 : 0x2dd57c9e89bc82 : 2 : ittapi_config_apply_per_lib :  ITTAPI function NOT instrumented (not matched by --itt-config option): __itt_counter_dec

793640 : 0x2dd57c9e89c305 : 2 : ittapi_config_apply_per_lib :  ITTAPI function NOT instrumented (not matched by --itt-config option): __itt_counter_dec_delta

793640 : 0x2dd57c9e89c940 : 2 : ittapi_config_apply_per_lib :  ITTAPI function NOT instrumented (not matched by --itt-config option): __itt_counter_set_value

793640 : 0x2dd57c9e89cff3 : 2 : ittapi_config_apply_per_lib :  ITTAPI function NOT instrumented (not matched by --itt-config option): __itt_counter_set_value_ex

793640 : 0x2dd57c9e89d804 : 2 : ittapi_config_apply_per_lib :  ITTAPI function not implemented: __itt_mark_create
793640 : 0x2dd57c9e89e236 : 2 : ittapi_config_apply_per_lib :  ITTAPI function not implemented: __itt_mark
793640 : 0x2dd57c9e89ead4 : 2 : ittapi_config_apply_per_lib :  ITTAPI function not implemented: __itt_mark_off
793640 : 0x2dd57c9e8a0bad : 2 : ittapi_config_apply_per_lib :  ITTAPI function not implemented: __itt_mark_global
793640 : 0x2dd57c9e8a140d : 2 : ittapi_config_apply_per_lib :  ITTAPI function not implemented: __itt_mark_global_off
793640 : 0x2dd57c9e8a1b84 : 2 : ittapi_config_apply_per_lib :  ITTAPI function NOT instrumented (not matched by --itt-config option): __itt_stack_caller_create

793640 : 0x2dd57c9e8a2207 : 2 : ittapi_config_apply_per_lib :  ITTAPI function NOT instrumented (not matched by --itt-config option): __itt_stack_caller_destroy

793640 : 0x2dd57c9e8a291f : 2 : ittapi_config_apply_per_lib :  ITTAPI function NOT instrumented (not matched by --itt-config option): __itt_stack_callee_enter

793640 : 0x2dd57c9e8a2fa9 : 2 : ittapi_config_apply_per_lib :  ITTAPI function NOT instrumented (not matched by --itt-config option): __itt_stack_callee_leave

793640 : 0x2dd57c9e8a375f : 2 : ittapi_config_apply_per_lib :  ITTAPI function not implemented: __itt_clock_domain_create
793640 : 0x2dd57c9e8a3fc3 : 2 : ittapi_config_apply_per_lib :  ITTAPI function not implemented: __itt_clock_domain_reset
793640 : 0x2dd57c9e8a47cb : 2 : ittapi_config_apply_per_lib :  ITTAPI function not implemented: __itt_id_create_ex
793640 : 0x2dd57c9e8a4f79 : 2 : ittapi_config_apply_per_lib :  ITTAPI function not implemented: __itt_id_destroy_ex
793640 : 0x2dd57c9e8a7beb : 2 : ittapi_config_apply_per_lib :  ITTAPI function NOT instrumented (not matched by --itt-config option): __itt_task_begin_ex

793640 : 0x2dd57c9e8a8337 : 2 : ittapi_config_apply_per_lib :  ITTAPI function NOT instrumented (not matched by --itt-config option): __itt_task_begin_fn_ex

793640 : 0x2dd57c9e8a89b5 : 2 : ittapi_config_apply_per_lib :  ITTAPI function NOT instrumented (not matched by --itt-config option): __itt_task_end_ex

793640 : 0x2dd57c9e8a8feb : 2 : ittapi_config_apply_per_lib :  ITTAPI function NOT instrumented (not matched by --itt-config option): __itt_task_begin_overlapped

793640 : 0x2dd57c9e8a9676 : 2 : ittapi_config_apply_per_lib :  ITTAPI function NOT instrumented (not matched by --itt-config option): __itt_task_begin_overlapped_ex

793640 : 0x2dd57c9e8a9ceb : 2 : ittapi_config_apply_per_lib :  ITTAPI function NOT instrumented (not matched by --itt-config option): __itt_task_end_overlapped

793640 : 0x2dd57c9e8aa2e2 : 2 : ittapi_config_apply_per_lib :  ITTAPI function NOT instrumented (not matched by --itt-config option): __itt_task_end_overlapped_ex

793640 : 0x2dd57c9e8aaba1 : 2 : ittapi_config_apply_per_lib :  ITTAPI function not implemented: __itt_marker_ex
793640 : 0x2dd57c9e8ab3ff : 2 : ittapi_config_apply_per_lib :  ITTAPI function not implemented: __itt_metadata_add_with_scope
793640 : 0x2dd57c9e8abc30 : 2 : ittapi_config_apply_per_lib :  ITTAPI function not implemented: __itt_metadata_str_add_with_scope
793640 : 0x2dd57c9e8ade32 : 2 : ittapi_config_apply_per_lib :  ITTAPI function not implemented: __itt_relation_add_to_current_ex
793640 : 0x2dd57c9e8ae76e : 2 : ittapi_config_apply_per_lib :  ITTAPI function not implemented: __itt_relation_add_ex
793640 : 0x2dd57c9e8aef5f : 2 : ittapi_config_apply_per_lib :  ITTAPI function not implemented: __itt_track_group_create
793640 : 0x2dd57c9e8af69f : 2 : ittapi_config_apply_per_lib :  ITTAPI function not implemented: __itt_track_create
793640 : 0x2dd57c9e8afea8 : 2 : ittapi_config_apply_per_lib :  ITTAPI function not implemented: __itt_set_track
793640 : 0x2dd57c9e8b05ff : 2 : ittapi_config_apply_per_lib :  ITTAPI function instrumented: __itt_api_version
793640 : 0x2dd57c9e8b0e1b : 2 : ittapi_config_apply_per_lib :  ITTAPI function not implemented: __itt_av_save
793640 : 0x2dd57c9e8b1560 : 2 : ittapi_config_apply_per_lib :  ITTAPI function instrumented: __itt_module_load
793640 : 0x2dd57c9e8b1dbb : 2 : ittapi_config_apply_per_lib :  ITTAPI function not implemented: __itt_module_unload