
787049 : 0x2dd4c6c11083ed : 1 : spill_jit_data :  Jit agent is not initialized
787049 : 0x2dd4c6c130a92f : 2 : ittapi_config_mask_get :  --itt-config mask to be applied: 1
787049 : 0x2dd4c6c130c061 : 2 : ittapi_config_apply_per_lib :  ITTAPI function instrumented: __itt_domain_create
787049 : 0x2dd4c6c130cb11 : 2 : ittapi_config_apply_per_lib :  ITTAPI function instrumented: __itt_module_load_with_sections
787049 : 0x2dd4c6c130da87 : 2 : ittapi_config_apply_per_lib :  ITTAPI function not implemented: __itt_module_unload_with_sections
787049 : 0x2dd4c6c130e4fb : 2 : ittapi_config_apply_per_lib :  ITTAPI function instrumented: __itt_string_handle_create
787049 : 0x2dd4c6c130ece6 : 2 : ittapi_config_apply_per_lib :  ITTAPI function instrumented: __itt_counter_create
787049 : 0x2dd4c6c130f497 : 2 : ittapi_config_apply_per_lib :  ITTAPI function instrumented: __itt_counter_create_typed
787049 : 0x2dd4c6c130fc7c : 2 : ittapi_config_apply_per_lib :  ITTAPI function instrumented: __itt_pause
787049 : 0x2dd4c6c131050b : 2 : ittapi_config_apply_per_lib :  ITTAPI function instrumented: __itt_resume
787049 : 0x2dd4c6c131f7e9 : 2 : ittapi_config_apply_per_lib :  ITTAPI function instrumented: __itt_thread_set_name
787049 : 0x2dd4c6c1320390 : 2 : ittapi_config_apply_per_lib :  ITTAPI function instrumented: __itt_thread_ignore
787049 : 0x2dd4c6c1320ba9 : 2 : ittapi_config_apply_per_lib :  ITTAPI function instrumented: __itt_thr_name_set
787049 : 0x2dd4c6c1321440 : 2 : ittapi_config_apply_per_lib :  ITTAPI function instrumented: __itt_thr_ignore
787049 : 0x2dd4c6c1321f4f : 2 : ittapi_config_apply_per_lib :  ITTAPI function not implemented: __itt_enable_attach
787049 : 0x2dd4c6c13229a5 : 2 : ittapi_config_apply_per_lib :  ITTAPI function instrumented: __itt_detach
787049 : 0x2dd4c6c1323063 : 2 : ittapi_config_apply_per_lib :  ITTAPI function NOT instrumented (not matched by --itt-config option): __itt_sync_create

787049 : 0x2dd4c6c1323788 : 2 : ittapi_config_apply_per_lib :  ITTAPI function NOT instrumented (not matched by --itt-config option): __itt_sync_rename

787049 : 0x2dd4c6c1323df2 : 2 : ittapi_config_apply_per_lib :  ITTAPI function NOT instrumented (not matched by --itt-config option): __itt_sync_destroy

787049 : 0x2dd4c6c1324436 : 2 : ittapi_config_apply_per_lib :  ITTAPI function NOT instrumented (not matched by --itt-config option): __itt_sync_prepare

787049 : 0x2dd4c6c1327191 : 2 : ittapi_config_apply_per_lib :  ITTAPI function NOT instrumented (not matched by --itt-config option): __itt_sync_cancel

787049 : 0x2dd4c6c13278b9 : 2 : ittapi_config_apply_per_lib :  ITTAPI function NOT instrumented (not matched by --itt-config option): __itt_sync_acquired

787049 : 0x2dd4c6c1327f21 : 2 : ittapi_config_apply_per_lib :  ITTAPI function NOT instrumented (not matched by --itt-config option): __itt_sync_releasing

787049 : 0x2dd4c6c1328991 : 2 : ittapi_config_apply_per_lib :  ITTAPI function not implemented: __itt_suppress_push
787049 : 0x2dd4c6c1329495 : 2 : ittapi_config_apply_per_lib :  ITTAPI function not implemented: __itt_suppress_pop
787049 : 0x2dd4c6c1329d43 : 2 : ittapi_config_apply_per_lib :  ITTAPI function not implemented: __itt_suppress_mark_range
787049 : 0x2dd4c6c132a62a : 2 : ittapi_config_apply_per_lib :  ITTAPI function not implemented: __itt_suppress_clear_range
787049 : 0x2dd4c6c132ace8 : 2 : ittapi_config_apply_per_lib :  ITTAPI function NOT instrumented (not matched by --itt-config option): __itt_sync_prepare

787049 : 0x2dd4c6c132b39a : 2 : ittapi_config_apply_per_lib :  ITTAPI function NOT instrumented (not matched by --itt-config option): __itt_sync_cancel

787049 : 0x2dd4c6c132ba0e : 2 : ittapi_config_apply_per_lib :  ITTAPI function NOT instrumented (not matched by --itt-config option): __itt_sync_acquired

787049 : 0x2dd4c6c132dc25 : 2 : ittapi_config_apply_per_lib :  ITTAPI function NOT instrumented (not matched by --itt-config option): __itt_sync_releasing

787049 : 0x2dd4c6c132e395 : 2 : ittapi_config_apply_per_lib :  ITTAPI function NOT instrumented (not matched by --itt-config option): __itt_model_site_begin

787049 : 0x2dd4c6c132ea33 : 2 : ittapi_config_apply_per_lib :  ITTAPI function NOT instrumented (not matched by --itt-config option): __itt_model_site_end

787049 : 0x2dd4c6c132f1b3 : 2 : ittapi_config_apply_per_lib :  ITTAPI function NOT instrumented (not matched by --itt-config option): __itt_model_task_begin

787049 : 0x2dd4c6c132f879 : 2 : ittapi_config_apply_per_lib :  ITTAPI function NOT instrumented (not matched by --itt-config option): __itt_model_task_end

787049 : 0x2dd4c6c132fefb : 2 : ittapi_config_apply_per_lib :  ITTAPI function NOT instrumented (not matched by --itt-config option): __itt_model_lock_acquire

787049 : 0x2dd4c6c133067c : 2 : ittapi_config_apply_per_lib :  ITTAPI function NOT instrumented (not matched by --itt-config option): __itt_model_lock_release

787049 : 0x2dd4c6c1330d14 : 2 : ittapi_config_apply_per_lib :  ITTAPI function NOT instrumented (not matched by --itt-config option): __itt_model_record_allocation

787049 : 0x2dd4c6c13313a1 : 2 : ittapi_config_apply_per_lib :  ITTAPI function NOT instrumented (not matched by --itt-config option): __itt_model_record_deallocation

787049 : 0x2dd4c6c1331a83 : 2 : ittapi_config_apply_per_lib :  ITTAPI function NOT instrumented (not matched by --itt-config option): __itt_model_induction_uses

787049 : 0x2dd4c6c13355be : 2 : ittapi_config_apply_per_lib :  ITTAPI function NOT instrumented (not matched by --itt-config option): __itt_model_reduction_uses

787049 : 0x2dd4c6c1335e61 : 2 : ittapi_config_apply_per_lib :  ITTAPI function NOT instrumented (not matched by --itt-config option): __itt_model_observe_uses

787049 : 0x2dd4c6c1336518 : 2 : ittapi_config_apply_per_lib :  ITTAPI function NOT instrumented (not matched by --itt-config option): __itt_model_clear_uses

787049 : 0x2dd4c6c1336b90 : 2 : ittapi_config_apply_per_lib :  ITTAPI function NOT instrumented (not matched by --itt-config option): __itt_model_site_beginA

787049 : 0x2dd4c6c1337288 : 2 : ittapi_config_apply_per_lib :  ITTAPI function NOT instrumented (not matched by --itt-config option): __itt_model_site_beginAL

787049 : 0x2dd4c6c1337923 : 2 : ittapi_config_apply_per_lib :  ITTAPI function NOT instrumented (not matched by --itt-config option): __itt_model_task_beginA

787049 : 0x2dd4c6c1337f91 : 2 : ittapi_config_apply_per_lib :  ITTAPI function NOT instrumented (not matched by --itt-config option): __itt_model_task_beginAL

787049 : 0x2dd4c6c1338658 : 2 : ittapi_config_apply_per_lib :  ITTAPI function NOT instrumented (not matched by --itt-config option): __itt_model_iteration_taskA

787049 : 0x2dd4c6c1338cfd : 2 : ittapi_config_apply_per_lib :  ITTAPI function NOT instrumented (not matched by --itt-config option): __itt_model_iteration_taskAL

787049 : 0x2dd4c6c13393b6 : 2 : ittapi_config_apply_per_lib :  ITTAPI function NOT instrumented (not matched by --itt-config option): __itt_model_site_end_2

787049 : 0x2dd4c6c133b467 : 2 : ittapi_config_apply_per_lib :  ITTAPI function NOT instrumented (not matched by --itt-config option): __itt_model_task_end_2

787049 : 0x2dd4c6c133bb01 : 2 : ittapi_config_apply_per_lib :  ITTAPI function NOT instrumented (not matched by --itt-config option): __itt_model_lock_acquire_2

787049 : 0x2dd4c6c133c1ae : 2 : ittapi_config_apply_per_lib :  ITTAPI function NOT instrumented (not matched by --itt-config option): __itt_model_lock_release_2

787049 : 0x2dd4c6c133c85b : 2 : ittapi_config_apply_per_lib :  ITTAPI function NOT instrumented (not matched by --itt-config option): __itt_model_aggregate_task

787049 : 0x2dd4c6c133cebe : 2 : ittapi_config_apply_per_lib :  ITTAPI function NOT instrumented (not matched by --itt-config option): __itt_model_disable_push

787049 : 0x2dd4c6c133d5a3 : 2 : ittapi_config_apply_per_lib :  ITTAPI function NOT instrumented (not matched by --itt-config option): __itt_model_disable_pop

787049 : 0x2dd4c6c133de1a : 2 : ittapi_config_apply_per_lib :  ITTAPI function instrumented: __itt_heap_function_create
787049 : 0x2dd4c6c133e69a : 2 : ittapi_config_apply_per_lib :  ITTAPI function instrumented: __itt_heap_allocate_begin
787049 : 0x2dd4c6c133ee71 : 2 : ittapi_config_apply_per_lib :  ITTAPI function instrumented: __itt_heap_allocate_end
787049 : 0x2dd4c6c133f5b1 : 2 : ittapi_config_apply_per_lib :  ITTAPI function instrumented: __itt_heap_free_begin
787049 : 0x2dd4c6c1342362 : 2 : ittapi_config_apply_per_lib :  ITTAPI function instrumented: __itt_heap_free_end
787049 : 0x2dd4c6c1342c5f : 2 : ittapi_config_apply_per_lib :  ITTAPI function instrumented: __itt_heap_reallocate_begin
787049 : 0x2dd4c6c134337e : 2 : ittapi_config_apply_per_lib :  ITTAPI function instrumented: __itt_heap_reallocate_end
787049 : 0x2dd4c6c1343d08 : 2 : ittapi_config_apply_per_lib :  ITTAPI function not implemented: __itt_heap_internal_access_begin
787049 : 0x2dd4c6c134462c : 2 : ittapi_config_apply_per_lib :  ITTAPI function not implemented: __itt_heap_internal_access_end
787049 : 0x2dd4c6c1344e36 : 2 : ittapi_config_apply_per_lib :  ITTAPI function not implemented: __itt_heap_record_memory_growth_begin
787049 : 0x2dd4c6c1345689 : 2 : ittapi_config_apply_per_lib :  ITTAPI function not implemented: __itt_heap_record_memory_growth_end
787049 : 0x2dd4c6c1345eb6 : 2 : ittapi_config_apply_per_lib :  ITTAPI function not implemented: __itt_heap_reset_detection
787049 : 0x2dd4c6c13467d2 : 2 : ittapi_config_apply_per_lib :  ITTAPI function not implemented: __itt_heap_record
787049 : 0x2dd4c6c134713f : 2 : ittapi_config_apply_per_lib :  ITTAPI function not implemented: __itt_id_create
787049 : 0x2dd4c6c1349461 : 2 : ittapi_config_apply_per_lib :  ITTAPI function not implemented: __itt_id_destroy
787049 : 0x2dd4c6c1349ce3 : 2 : ittapi_config_apply_per_lib :  ITTAPI function instrumented: __itt_get_timestamp
787049 : 0x2dd4c6c134a53c : 2 : ittapi_config_apply_per_lib :  ITTAPI function not implemented: __itt_region_begin
787049 : 0x2dd4c6c134ad75 : 2 : ittapi_config_apply_per_lib :  ITTAPI function not implemented: __itt_region_end
787049 : 0x2dd4c6c134b5fe : 2 : ittapi_config_apply_per_lib :  ITTAPI function instrumented: __itt_frame_begin_v3
787049 : 0x2dd4c6c134bdee : 2 : ittapi_config_apply_per_lib :  ITTAPI function instrumented: __itt_frame_end_v3
787049 : 0x2dd4c6c134c5d0 : 2 : ittapi_config_apply_per_lib :  ITTAPI function instrumented: __itt_frame_submit_v3
787049 : 0x2dd4c6c134cc42 : 2 : ittapi_config_apply_per_lib :  ITTAPI function NOT instrumented (not matched by --itt-config option): __itt_task_group

787049 : 0x2dd4c6c134d32d : 2 : ittapi_config_apply_per_lib :  ITTAPI function NOT instrumented (not matched by --itt-config option): __itt_task_begin

787049 : 0x2dd4c6c134d981 : 2 : ittapi_config_apply_per_lib :  ITTAPI function NOT instrumented (not matched by --itt-config option): __itt_task_begin_fn

787049 : 0x2dd4c6c134f7c4 : 2 : ittapi_config_apply_per_lib :  ITTAPI function NOT instrumented (not matched by --itt-config option): __itt_task_end

787049 : 0x2dd4c6c134ff69 : 2 : ittapi_config_apply_per_lib :  ITTAPI function NOT instrumented (not matched by --itt-config option): __itt_counter_inc_v3

787049 : 0x2dd4c6c13505fe : 2 : ittapi_config_apply_per_lib :  ITTAPI function NOT instrumented (not matched by --itt-config option): __itt_counter_inc_delta_v3

787049 : 0x2dd4c6c1350c5e : 2 : ittapi_config_apply_per_lib :  ITTAPI function NOT instrumented (not matched by --itt-config option): __itt_counter_dec_v3

787049 : 0x2dd4c6c13512e2 : 2 : ittapi_config_apply_per_lib :  ITTAPI function NOT instrumented (not matched by --itt-config option): __itt_counter_dec_delta_v3

787049 : 0x2dd4c6c1351bc8 : 2 : ittapi_config_apply_per_lib :  ITTAPI function not implemented: __itt_marker
787049 : 0x2dd4c6c13523e9 : 2 : ittapi_config_apply_per_lib :  ITTAPI function instrumented: __itt_metadata_add
787049 : 0x2dd4c6c1352c2c : 2 : ittapi_config_apply_per_lib :  ITTAPI function not implemented: __itt_metadata_str_add
787049 : 0x2dd4c6c1353459 : 2 : ittapi_config_apply_per_lib :  ITTAPI function not implemented: __itt_relation_add_to_current
787049 : 0x2dd4c6c1353c51 : 2 : ittapi_config_apply_per_lib :  ITTAPI function not implemented: __itt_relation_add
787049 : 0x2dd4c6c1355b86 : 2 : ittapi_config_apply_per_lib :  ITTAPI function instrumented: __itt_event_create
787049 : 0x2dd4c6c1356254 : 2 : ittapi_config_apply_per_lib :  ITTAPI function NOT instrumented (not matched by --itt-config option): __itt_event_start

787049 : 0x2dd4c6c13568f6 : 2 : ittapi_config_apply_per_lib :  ITTAPI function NOT instrumented (not matched by --itt-config option): __itt_event_end

787049 : 0x2dd4c6c1356f44 : 2 : ittapi_config_apply_per_lib :  ITTAPI function NOT instrumented (not matched by --itt-config option): __itt_sync_set_name

787049 : 0x2dd4c6c13575e6 : 2 : ittapi_config_apply_per_lib :  ITTAPI function NOT instrumented (not matched by --itt-config option): __itt_notify_sync_name

787049 : 0x2dd4c6c1357c8d : 2 : ittapi_config_apply_per_lib :  ITTAPI function NOT instrumented (not matched by --itt-config option): __itt_notify_sync_prepare

787049 : 0x2dd4c6c13582d0 : 2 : ittapi_config_apply_per_lib :  ITTAPI function NOT instrumented (not matched by --itt-config option): __itt_notify_sync_cancel

787049 : 0x2dd4c6c13589a0 : 2 : ittapi_config_apply_per_lib :  ITTAPI function NOT instrumented (not matched by --itt-config option): __itt_notify_sync_acquired

787049 : 0x2dd4c6c1359011 : 2 : ittapi_config_apply_per_lib :  ITTAPI function NOT instrumented (not matched by --itt-config option): __itt_notify_sync_releasing

787049 : 0x2dd4c6c135986d : 2 : ittapi_config_apply_per_lib :  ITTAPI function not implemented: __itt_memory_read
787049 : 0x2dd4c6c135c753 : 2 : ittapi_config_apply_per_lib :  ITTAPI function not implemented: __itt_memory_write
787049 : 0x2dd4c6c135d0b3 : 2 : ittapi_config_apply_per_lib :  ITTAPI function not implemented: __itt_memory_update
787049 : 0x2dd4c6c135d8f3 : 2 : ittapi_config_apply_per_lib :  ITTAPI function not implemented: __itt_state_get
787049 : 0x2dd4c6c135e0a0 : 2 : ittapi_config_apply_per_lib :  ITTAPI function not implemented: __itt_state_set
787049 : 0x2dd4c6c135e8a8 : 2 : ittapi_config_apply_per_lib :  ITTAPI function not implemented: __itt_obj_mode_set
787049 : 0x2dd4c6c135f089 : 2 : ittapi_config_apply_per_lib :  ITTAPI function not implemented: __itt_thr_mode_set
787049 : 0x2dd4c6c135f847 : 2 : ittapi_config_apply_per_lib :  ITTAPI function instrumented: __itt_frame_create
787049 : 0x2dd4c6c135ff8c : 2 : ittapi_config_apply_per_lib :  ITTAPI function instrumented: __itt_pt_region_create
787049 : 0x2dd4c6c136076c : 2 : ittapi_config_apply_per_lib :  ITTAPI function instrumented: __itt_frame_begin
787049 : 0x2dd4c6c1361021 : 2 : ittapi_config_apply_per_lib :  ITTAPI function instrumented: __itt_frame_end
787049 : 0x2dd4c6c1362f77 : 2 : ittapi_config_apply_per_lib :  ITTAPI function NOT instrumented (not matched by --itt-config option): __itt_counter_destroy

787049 : 0x2dd4c6c13636a4 : 2 : ittapi_config_apply_per_lib :  ITTAPI function NOT instrumented (not matched by --itt-config option): __itt_counter_inc

787049 : 0x2dd4c6c1363d05 : 2 : ittapi_config_apply_per_lib :  ITTAPI function NOT instrumented (not matched by --itt-config option): __itt_counter_inc_delta

787049 : 0x2dd4c6c13643b7 : 2 : ittapi_config_apply_per_lib :  ITTAPI function NOT instrumented (not matched by --itt-config option): __itt_counter_dec

787049 : 0x2dd4c6c1364a4e : 2 : ittapi_config_apply_per_lib :  ITTAPI function NOT instrumented (not matched by --itt-config option): __itt_counter_dec_delta

787049 : 0x2dd4c6c1365097 : 2 : ittapi_config_apply_per_lib :  ITTAPI function NOT instrumented (not matched by --itt-config option): __itt_counter_set_value

787049 : 0x2dd4c6c1365736 : 2 : ittapi_config_apply_per_lib :  ITTAPI function NOT instrumented (not matched by --itt-config option): __itt_counter_set_value_ex

787049 : 0x2dd4c6c1365f5b : 2 : ittapi_config_apply_per_lib :  ITTAPI function not implemented: __itt_mark_create
787049 : 0x2dd4c6c1366a61 : 2 : ittapi_config_apply_per_lib :  ITTAPI function not implemented: __itt_mark
787049 : 0x2dd4c6c13672fd : 2 : ittapi_config_apply_per_lib :  ITTAPI function not implemented: __itt_mark_off
787049 : 0x2dd4c6c136935d : 2 : ittapi_config_apply_per_lib :  ITTAPI function not implemented: __itt_mark_global
787049 : 0x2dd4c6c1369bc9 : 2 : ittapi_config_apply_per_lib :  ITTAPI function not implemented: __itt_mark_global_off
787049 : 0x2dd4c6c136a353 : 2 : ittapi_config_apply_per_lib :  ITTAPI function NOT instrumented (not matched by --itt-config option): __itt_stack_caller_create

787049 : 0x2dd4c6c136a9d0 : 2 : ittapi_config_apply_per_lib :  ITTAPI function NOT instrumented (not matched by --itt-config option): __itt_stack_caller_destroy

787049 : 0x2dd4c6c136b0d6 : 2 : ittapi_config_apply_per_lib :  ITTAPI function NOT instrumented (not matched by --itt-config option): __itt_stack_callee_enter

787049 : 0x2dd4c6c136b776 : 2 : ittapi_config_apply_per_lib :  ITTAPI function NOT instrumented (not matched by --itt-config option): __itt_stack_callee_leave

787049 : 0x2dd4c6c136bf3b : 2 : ittapi_config_apply_per_lib :  ITTAPI function not implemented: __itt_clock_domain_create
787049 : 0x2dd4c6c136c7a5 : 2 : ittapi_config_apply_per_lib :  ITTAPI function not implemented: __itt_clock_domain_reset
787049 : 0x2dd4c6c136cfd0 : 2 : ittapi_config_apply_per_lib :  ITTAPI function not implemented: __itt_id_create_ex
787049 : 0x2dd4c6c136d7b3 : 2 : ittapi_config_apply_per_lib :  ITTAPI function not implemented: __itt_id_destroy_ex
787049 : 0x2dd4c6c1370261 : 2 : ittapi_config_apply_per_lib :  ITTAPI function NOT instrumented (not matched by --itt-config option): __itt_task_begin_ex

787049 : 0x2dd4c6c1370a00 : 2 : ittapi_config_apply_per_lib :  ITTAPI function NOT instrumented (not matched by --itt-config option): __itt_task_begin_fn_ex

787049 : 0x2dd4c6c1371099 : 2 : ittapi_config_apply_per_lib :  ITTAPI function NOT instrumented (not matched by --itt-config option): __itt_task_end_ex

787049 : 0x2dd4c6c13716de : 2 : ittapi_config_apply_per_lib :  ITTAPI function NOT instrumented (not matched by --itt-config option): __itt_task_begin_overlapped

787049 : 0x2dd4c6c1371d2f : 2 : ittapi_config_apply_per_lib :  ITTAPI function NOT instrumented (not matched by --itt-config option): __itt_task_begin_overlapped_ex

787049 : 0x2dd4c6c137238b : 2 : ittapi_config_apply_per_lib :  ITTAPI function NOT instrumented (not matched by --itt-config option): __itt_task_end_overlapped

787049 : 0x2dd4c6c13729d8 : 2 : ittapi_config_apply_per_lib :  ITTAPI function NOT instrumented (not matched by --itt-config option): __itt_task_end_overlapped_ex

787049 : 0x2dd4c6c137332a : 2 : ittapi_config_apply_per_lib :  ITTAPI function not implemented: __itt_marker_ex
787049 : 0x2dd4c6c1373bc1 : 2 : ittapi_config_apply_per_lib :  ITTAPI function not implemented: __itt_metadata_add_with_scope
787049 : 0x2dd4c6c1374423 : 2 : ittapi_config_apply_per_lib :  ITTAPI function not implemented: __itt_metadata_str_add_with_scope
787049 : 0x2dd4c6c137673d : 2 : ittapi_config_apply_per_lib :  ITTAPI function not implemented: __itt_relation_add_to_current_ex
787049 : 0x2dd4c6c137714c : 2 : ittapi_config_apply_per_lib :  ITTAPI function not implemented: __itt_relation_add_ex
787049 : 0x2dd4c6c13779d4 : 2 : ittapi_config_apply_per_lib :  ITTAPI function not implemented: __itt_track_group_create
787049 : 0x2dd4c6c137823a : 2 : ittapi_config_apply_per_lib :  ITTAPI function not implemented: __itt_track_create
787049 : 0x2dd4c6c1378b66 : 2 : ittapi_config_apply_per_lib :  ITTAPI function not implemented: __itt_set_track
787049 : 0x2dd4c6c1379315 : 2 : ittapi_config_apply_per_lib :  ITTAPI function instrumented: __itt_api_version
787049 : 0x2dd4c6c1379bdb : 2 : ittapi_config_apply_per_lib :  ITTAPI function not implemented: __itt_av_save
787049 : 0x2dd4c6c137a502 : 2 : ittapi_config_apply_per_lib :  ITTAPI function instrumented: __itt_module_load
787049 : 0x2dd4c6c137ade8 : 2 : ittapi_config_apply_per_lib :  ITTAPI function not implemented: __itt_module_unload