
784778 : 0x2dd48d70cb8fa6 : 1 : spill_jit_data :  Jit agent is not initialized
784778 : 0x2dd48d70ebcf99 : 2 : ittapi_config_mask_get :  --itt-config mask to be applied: 1
784778 : 0x2dd48d70ebe60b : 2 : ittapi_config_apply_per_lib :  ITTAPI function instrumented: __itt_domain_create
784778 : 0x2dd48d70ebf04e : 2 : ittapi_config_apply_per_lib :  ITTAPI function instrumented: __itt_module_load_with_sections
784778 : 0x2dd48d70ebfd45 : 2 : ittapi_config_apply_per_lib :  ITTAPI function not implemented: __itt_module_unload_with_sections
784778 : 0x2dd48d70ec06c0 : 2 : ittapi_config_apply_per_lib :  ITTAPI function instrumented: __itt_string_handle_create
784778 : 0x2dd48d70ec0e07 : 2 : ittapi_config_apply_per_lib :  ITTAPI function instrumented: __itt_counter_create
784778 : 0x2dd48d70ec1539 : 2 : ittapi_config_apply_per_lib :  ITTAPI function instrumented: __itt_counter_create_typed
784778 : 0x2dd48d70ec1c92 : 2 : ittapi_config_apply_per_lib :  ITTAPI function instrumented: __itt_pause
784778 : 0x2dd48d70ec24b6 : 2 : ittapi_config_apply_per_lib :  ITTAPI function instrumented: __itt_resume
784778 : 0x2dd48d70ecdea1 : 2 : ittapi_config_apply_per_lib :  ITTAPI function instrumented: __itt_thread_set_name
784778 : 0x2dd48d70ecea46 : 2 : ittapi_config_apply_per_lib :  ITTAPI function instrumented: __itt_thread_ignore
784778 : 0x2dd48d70ecf2bb : 2 : ittapi_config_apply_per_lib :  ITTAPI function instrumented: __itt_thr_name_set
784778 : 0x2dd48d70ecfb51 : 2 : ittapi_config_apply_per_lib :  ITTAPI function instrumented: __itt_thr_ignore
784778 : 0x2dd48d70ed062b : 2 : ittapi_config_apply_per_lib :  ITTAPI function not implemented: __itt_enable_attach
784778 : 0x2dd48d70ed0fd6 : 2 : ittapi_config_apply_per_lib :  ITTAPI function instrumented: __itt_detach
784778 : 0x2dd48d70ed16b4 : 2 : ittapi_config_apply_per_lib :  ITTAPI function NOT instrumented (not matched by --itt-config option): __itt_sync_create

784778 : 0x2dd48d70ed1ddc : 2 : ittapi_config_apply_per_lib :  ITTAPI function NOT instrumented (not matched by --itt-config option): __itt_sync_rename

784778 : 0x2dd48d70ed243b : 2 : ittapi_config_apply_per_lib :  ITTAPI function NOT instrumented (not matched by --itt-config option): __itt_sync_destroy

784778 : 0x2dd48d70ed2a92 : 2 : ittapi_config_apply_per_lib :  ITTAPI function NOT instrumented (not matched by --itt-config option): __itt_sync_prepare

784778 : 0x2dd48d70ed5305 : 2 : ittapi_config_apply_per_lib :  ITTAPI function NOT instrumented (not matched by --itt-config option): __itt_sync_cancel

784778 : 0x2dd48d70ed5ad8 : 2 : ittapi_config_apply_per_lib :  ITTAPI function NOT instrumented (not matched by --itt-config option): __itt_sync_acquired

784778 : 0x2dd48d70ed6176 : 2 : ittapi_config_apply_per_lib :  ITTAPI function NOT instrumented (not matched by --itt-config option): __itt_sync_releasing

784778 : 0x2dd48d70ed6b10 : 2 : ittapi_config_apply_per_lib :  ITTAPI function not implemented: __itt_suppress_push
784778 : 0x2dd48d70ed74b9 : 2 : ittapi_config_apply_per_lib :  ITTAPI function not implemented: __itt_suppress_pop
784778 : 0x2dd48d70ed7d5c : 2 : ittapi_config_apply_per_lib :  ITTAPI function not implemented: __itt_suppress_mark_range
784778 : 0x2dd48d70ed85e1 : 2 : ittapi_config_apply_per_lib :  ITTAPI function not implemented: __itt_suppress_clear_range
784778 : 0x2dd48d70ed8c2b : 2 : ittapi_config_apply_per_lib :  ITTAPI function NOT instrumented (not matched by --itt-config option): __itt_sync_prepare

784778 : 0x2dd48d70ed92ec : 2 : ittapi_config_apply_per_lib :  ITTAPI function NOT instrumented (not matched by --itt-config option): __itt_sync_cancel

784778 : 0x2dd48d70ed991e : 2 : ittapi_config_apply_per_lib :  ITTAPI function NOT instrumented (not matched by --itt-config option): __itt_sync_acquired

784778 : 0x2dd48d70edb964 : 2 : ittapi_config_apply_per_lib :  ITTAPI function NOT instrumented (not matched by --itt-config option): __itt_sync_releasing

784778 : 0x2dd48d70edc17e : 2 : ittapi_config_apply_per_lib :  ITTAPI function NOT instrumented (not matched by --itt-config option): __itt_model_site_begin

784778 : 0x2dd48d70edc84c : 2 : ittapi_config_apply_per_lib :  ITTAPI function NOT instrumented (not matched by --itt-config option): __itt_model_site_end

784778 : 0x2dd48d70edcfd1 : 2 : ittapi_config_apply_per_lib :  ITTAPI function NOT instrumented (not matched by --itt-config option): __itt_model_task_begin

784778 : 0x2dd48d70edd685 : 2 : ittapi_config_apply_per_lib :  ITTAPI function NOT instrumented (not matched by --itt-config option): __itt_model_task_end

784778 : 0x2dd48d70eddcee : 2 : ittapi_config_apply_per_lib :  ITTAPI function NOT instrumented (not matched by --itt-config option): __itt_model_lock_acquire

784778 : 0x2dd48d70ede3c4 : 2 : ittapi_config_apply_per_lib :  ITTAPI function NOT instrumented (not matched by --itt-config option): __itt_model_lock_release

784778 : 0x2dd48d70edea48 : 2 : ittapi_config_apply_per_lib :  ITTAPI function NOT instrumented (not matched by --itt-config option): __itt_model_record_allocation

784778 : 0x2dd48d70edf0cd : 2 : ittapi_config_apply_per_lib :  ITTAPI function NOT instrumented (not matched by --itt-config option): __itt_model_record_deallocation

784778 : 0x2dd48d70edf79b : 2 : ittapi_config_apply_per_lib :  ITTAPI function NOT instrumented (not matched by --itt-config option): __itt_model_induction_uses

784778 : 0x2dd48d70ee2e5d : 2 : ittapi_config_apply_per_lib :  ITTAPI function NOT instrumented (not matched by --itt-config option): __itt_model_reduction_uses

784778 : 0x2dd48d70ee3786 : 2 : ittapi_config_apply_per_lib :  ITTAPI function NOT instrumented (not matched by --itt-config option): __itt_model_observe_uses

784778 : 0x2dd48d70ee3ec3 : 2 : ittapi_config_apply_per_lib :  ITTAPI function NOT instrumented (not matched by --itt-config option): __itt_model_clear_uses

784778 : 0x2dd48d70ee4545 : 2 : ittapi_config_apply_per_lib :  ITTAPI function NOT instrumented (not matched by --itt-config option): __itt_model_site_beginA

784778 : 0x2dd48d70ee4c11 : 2 : ittapi_config_apply_per_lib :  ITTAPI function NOT instrumented (not matched by --itt-config option): __itt_model_site_beginAL

784778 : 0x2dd48d70ee52c7 : 2 : ittapi_config_apply_per_lib :  ITTAPI function NOT instrumented (not matched by --itt-config option): __itt_model_task_beginA

784778 : 0x2dd48d70ee5921 : 2 : ittapi_config_apply_per_lib :  ITTAPI function NOT instrumented (not matched by --itt-config option): __itt_model_task_beginAL

784778 : 0x2dd48d70ee5ff7 : 2 : ittapi_config_apply_per_lib :  ITTAPI function NOT instrumented (not matched by --itt-config option): __itt_model_iteration_taskA

784778 : 0x2dd48d70ee6684 : 2 : ittapi_config_apply_per_lib :  ITTAPI function NOT instrumented (not matched by --itt-config option): __itt_model_iteration_taskAL

784778 : 0x2dd48d70ee6d2f : 2 : ittapi_config_apply_per_lib :  ITTAPI function NOT instrumented (not matched by --itt-config option): __itt_model_site_end_2

784778 : 0x2dd48d70ee8e72 : 2 : ittapi_config_apply_per_lib :  ITTAPI function NOT instrumented (not matched by --itt-config option): __itt_model_task_end_2

784778 : 0x2dd48d70ee959d : 2 : ittapi_config_apply_per_lib :  ITTAPI function NOT instrumented (not matched by --itt-config option): __itt_model_lock_acquire_2

784778 : 0x2dd48d70ee9cbd : 2 : ittapi_config_apply_per_lib :  ITTAPI function NOT instrumented (not matched by --itt-config option): __itt_model_lock_release_2

784778 : 0x2dd48d70eea3ae : 2 : ittapi_config_apply_per_lib :  ITTAPI function NOT instrumented (not matched by --itt-config option): __itt_model_aggregate_task

784778 : 0x2dd48d70eeaa22 : 2 : ittapi_config_apply_per_lib :  ITTAPI function NOT instrumented (not matched by --itt-config option): __itt_model_disable_push

784778 : 0x2dd48d70eeb19e : 2 : ittapi_config_apply_per_lib :  ITTAPI function NOT instrumented (not matched by --itt-config option): __itt_model_disable_pop

784778 : 0x2dd48d70eeba03 : 2 : ittapi_config_apply_per_lib :  ITTAPI function instrumented: __itt_heap_function_create
784778 : 0x2dd48d70eec337 : 2 : ittapi_config_apply_per_lib :  ITTAPI function instrumented: __itt_heap_allocate_begin
784778 : 0x2dd48d70eecb0a : 2 : ittapi_config_apply_per_lib :  ITTAPI function instrumented: __itt_heap_allocate_end
784778 : 0x2dd48d70eed23c : 2 : ittapi_config_apply_per_lib :  ITTAPI function instrumented: __itt_heap_free_begin
784778 : 0x2dd48d70ef0d92 : 2 : ittapi_config_apply_per_lib :  ITTAPI function instrumented: __itt_heap_free_end
784778 : 0x2dd48d70ef1709 : 2 : ittapi_config_apply_per_lib :  ITTAPI function instrumented: __itt_heap_reallocate_begin
784778 : 0x2dd48d70ef1e4b : 2 : ittapi_config_apply_per_lib :  ITTAPI function instrumented: __itt_heap_reallocate_end
784778 : 0x2dd48d70ef2775 : 2 : ittapi_config_apply_per_lib :  ITTAPI function not implemented: __itt_heap_internal_access_begin
784778 : 0x2dd48d70ef3078 : 2 : ittapi_config_apply_per_lib :  ITTAPI function not implemented: __itt_heap_internal_access_end
784778 : 0x2dd48d70ef388d : 2 : ittapi_config_apply_per_lib :  ITTAPI function not implemented: __itt_heap_record_memory_growth_begin
784778 : 0x2dd48d70ef417f : 2 : ittapi_config_apply_per_lib :  ITTAPI function not implemented: __itt_heap_record_memory_growth_end
784778 : 0x2dd48d70ef4a62 : 2 : ittapi_config_apply_per_lib :  ITTAPI function not implemented: __itt_heap_reset_detection
784778 : 0x2dd48d70ef5311 : 2 : ittapi_config_apply_per_lib :  ITTAPI function not implemented: __itt_heap_record
784778 : 0x2dd48d70ef5bf2 : 2 : ittapi_config_apply_per_lib :  ITTAPI function not implemented: __itt_id_create
784778 : 0x2dd48d70ef815c : 2 : ittapi_config_apply_per_lib :  ITTAPI function not implemented: __itt_id_destroy
784778 : 0x2dd48d70ef8a2e : 2 : ittapi_config_apply_per_lib :  ITTAPI function instrumented: __itt_get_timestamp
784778 : 0x2dd48d70ef92c8 : 2 : ittapi_config_apply_per_lib :  ITTAPI function not implemented: __itt_region_begin
784778 : 0x2dd48d70ef9b1e : 2 : ittapi_config_apply_per_lib :  ITTAPI function not implemented: __itt_region_end
784778 : 0x2dd48d70efa363 : 2 : ittapi_config_apply_per_lib :  ITTAPI function instrumented: __itt_frame_begin_v3
784778 : 0x2dd48d70efab39 : 2 : ittapi_config_apply_per_lib :  ITTAPI function instrumented: __itt_frame_end_v3
784778 : 0x2dd48d70efb2c2 : 2 : ittapi_config_apply_per_lib :  ITTAPI function instrumented: __itt_frame_submit_v3
784778 : 0x2dd48d70efb950 : 2 : ittapi_config_apply_per_lib :  ITTAPI function NOT instrumented (not matched by --itt-config option): __itt_task_group

784778 : 0x2dd48d70efc069 : 2 : ittapi_config_apply_per_lib :  ITTAPI function NOT instrumented (not matched by --itt-config option): __itt_task_begin

784778 : 0x2dd48d70efc6c3 : 2 : ittapi_config_apply_per_lib :  ITTAPI function NOT instrumented (not matched by --itt-config option): __itt_task_begin_fn

784778 : 0x2dd48d70efe697 : 2 : ittapi_config_apply_per_lib :  ITTAPI function NOT instrumented (not matched by --itt-config option): __itt_task_end

784778 : 0x2dd48d70efee9f : 2 : ittapi_config_apply_per_lib :  ITTAPI function NOT instrumented (not matched by --itt-config option): __itt_counter_inc_v3

784778 : 0x2dd48d70eff57d : 2 : ittapi_config_apply_per_lib :  ITTAPI function NOT instrumented (not matched by --itt-config option): __itt_counter_inc_delta_v3

784778 : 0x2dd48d70effbe1 : 2 : ittapi_config_apply_per_lib :  ITTAPI function NOT instrumented (not matched by --itt-config option): __itt_counter_dec_v3

784778 : 0x2dd48d70f0025b : 2 : ittapi_config_apply_per_lib :  ITTAPI function NOT instrumented (not matched by --itt-config option): __itt_counter_dec_delta_v3

784778 : 0x2dd48d70f00b1a : 2 : ittapi_config_apply_per_lib :  ITTAPI function not implemented: __itt_marker
784778 : 0x2dd48d70f012df : 2 : ittapi_config_apply_per_lib :  ITTAPI function instrumented: __itt_metadata_add
784778 : 0x2dd48d70f01b29 : 2 : ittapi_config_apply_per_lib :  ITTAPI function not implemented: __itt_metadata_str_add
784778 : 0x2dd48d70f0234b : 2 : ittapi_config_apply_per_lib :  ITTAPI function not implemented: __itt_relation_add_to_current
784778 : 0x2dd48d70f02b46 : 2 : ittapi_config_apply_per_lib :  ITTAPI function not implemented: __itt_relation_add
784778 : 0x2dd48d70f04b3d : 2 : ittapi_config_apply_per_lib :  ITTAPI function instrumented: __itt_event_create
784778 : 0x2dd48d70f05290 : 2 : ittapi_config_apply_per_lib :  ITTAPI function NOT instrumented (not matched by --itt-config option): __itt_event_start

784778 : 0x2dd48d70f0596a : 2 : ittapi_config_apply_per_lib :  ITTAPI function NOT instrumented (not matched by --itt-config option): __itt_event_end

784778 : 0x2dd48d70f05fd3 : 2 : ittapi_config_apply_per_lib :  ITTAPI function NOT instrumented (not matched by --itt-config option): __itt_sync_set_name

784778 : 0x2dd48d70f06642 : 2 : ittapi_config_apply_per_lib :  ITTAPI function NOT instrumented (not matched by --itt-config option): __itt_notify_sync_name

784778 : 0x2dd48d70f06ce3 : 2 : ittapi_config_apply_per_lib :  ITTAPI function NOT instrumented (not matched by --itt-config option): __itt_notify_sync_prepare

784778 : 0x2dd48d70f07336 : 2 : ittapi_config_apply_per_lib :  ITTAPI function NOT instrumented (not matched by --itt-config option): __itt_notify_sync_cancel

784778 : 0x2dd48d70f079e2 : 2 : ittapi_config_apply_per_lib :  ITTAPI function NOT instrumented (not matched by --itt-config option): __itt_notify_sync_acquired

784778 : 0x2dd48d70f08064 : 2 : ittapi_config_apply_per_lib :  ITTAPI function NOT instrumented (not matched by --itt-config option): __itt_notify_sync_releasing

784778 : 0x2dd48d70f088e0 : 2 : ittapi_config_apply_per_lib :  ITTAPI function not implemented: __itt_memory_read
784778 : 0x2dd48d70f0b6f5 : 2 : ittapi_config_apply_per_lib :  ITTAPI function not implemented: __itt_memory_write
784778 : 0x2dd48d70f0c10e : 2 : ittapi_config_apply_per_lib :  ITTAPI function not implemented: __itt_memory_update
784778 : 0x2dd48d70f0c982 : 2 : ittapi_config_apply_per_lib :  ITTAPI function not implemented: __itt_state_get
784778 : 0x2dd48d70f0d10b : 2 : ittapi_config_apply_per_lib :  ITTAPI function not implemented: __itt_state_set
784778 : 0x2dd48d70f0d928 : 2 : ittapi_config_apply_per_lib :  ITTAPI function not implemented: __itt_obj_mode_set
784778 : 0x2dd48d70f0e122 : 2 : ittapi_config_apply_per_lib :  ITTAPI function not implemented: __itt_thr_mode_set
784778 : 0x2dd48d70f0e8c3 : 2 : ittapi_config_apply_per_lib :  ITTAPI function instrumented: __itt_frame_create
784778 : 0x2dd48d70f0eff8 : 2 : ittapi_config_apply_per_lib :  ITTAPI function instrumented: __itt_pt_region_create
784778 : 0x2dd48d70f0f770 : 2 : ittapi_config_apply_per_lib :  ITTAPI function instrumented: __itt_frame_begin
784778 : 0x2dd48d70f0ffdc : 2 : ittapi_config_apply_per_lib :  ITTAPI function instrumented: __itt_frame_end
784778 : 0x2dd48d70f12044 : 2 : ittapi_config_apply_per_lib :  ITTAPI function NOT instrumented (not matched by --itt-config option): __itt_counter_destroy

784778 : 0x2dd48d70f12845 : 2 : ittapi_config_apply_per_lib :  ITTAPI function NOT instrumented (not matched by --itt-config option): __itt_counter_inc

784778 : 0x2dd48d70f12ed2 : 2 : ittapi_config_apply_per_lib :  ITTAPI function NOT instrumented (not matched by --itt-config option): __itt_counter_inc_delta

784778 : 0x2dd48d70f135a6 : 2 : ittapi_config_apply_per_lib :  ITTAPI function NOT instrumented (not matched by --itt-config option): __itt_counter_dec

784778 : 0x2dd48d70f13c8e : 2 : ittapi_config_apply_per_lib :  ITTAPI function NOT instrumented (not matched by --itt-config option): __itt_counter_dec_delta

784778 : 0x2dd48d70f142e6 : 2 : ittapi_config_apply_per_lib :  ITTAPI function NOT instrumented (not matched by --itt-config option): __itt_counter_set_value

784778 : 0x2dd48d70f14990 : 2 : ittapi_config_apply_per_lib :  ITTAPI function NOT instrumented (not matched by --itt-config option): __itt_counter_set_value_ex

784778 : 0x2dd48d70f152e2 : 2 : ittapi_config_apply_per_lib :  ITTAPI function not implemented: __itt_mark_create
784778 : 0x2dd48d70f15d13 : 2 : ittapi_config_apply_per_lib :  ITTAPI function not implemented: __itt_mark
784778 : 0x2dd48d70f165c8 : 2 : ittapi_config_apply_per_lib :  ITTAPI function not implemented: __itt_mark_off
784778 : 0x2dd48d70f187b0 : 2 : ittapi_config_apply_per_lib :  ITTAPI function not implemented: __itt_mark_global
784778 : 0x2dd48d70f19098 : 2 : ittapi_config_apply_per_lib :  ITTAPI function not implemented: __itt_mark_global_off
784778 : 0x2dd48d70f19837 : 2 : ittapi_config_apply_per_lib :  ITTAPI function NOT instrumented (not matched by --itt-config option): __itt_stack_caller_create

784778 : 0x2dd48d70f19ec3 : 2 : ittapi_config_apply_per_lib :  ITTAPI function NOT instrumented (not matched by --itt-config option): __itt_stack_caller_destroy

784778 : 0x2dd48d70f1a5c1 : 2 : ittapi_config_apply_per_lib :  ITTAPI function NOT instrumented (not matched by --itt-config option): __itt_stack_callee_enter

784778 : 0x2dd48d70f1ac27 : 2 : ittapi_config_apply_per_lib :  ITTAPI function NOT instrumented (not matched by --itt-config option): __itt_stack_callee_leave

784778 : 0x2dd48d70f1b3d4 : 2 : ittapi_config_apply_per_lib :  ITTAPI function not implemented: __itt_clock_domain_create
784778 : 0x2dd48d70f1bc46 : 2 : ittapi_config_apply_per_lib :  ITTAPI function not implemented: __itt_clock_domain_reset
784778 : 0x2dd48d70f1c46c : 2 : ittapi_config_apply_per_lib :  ITTAPI function not implemented: __itt_id_create_ex
784778 : 0x2dd48d70f1cc22 : 2 : ittapi_config_apply_per_lib :  ITTAPI function not implemented: __itt_id_destroy_ex
784778 : 0x2dd48d70f1f8d3 : 2 : ittapi_config_apply_per_lib :  ITTAPI function NOT instrumented (not matched by --itt-config option): __itt_task_begin_ex

784778 : 0x2dd48d70f20089 : 2 : ittapi_config_apply_per_lib :  ITTAPI function NOT instrumented (not matched by --itt-config option): __itt_task_begin_fn_ex

784778 : 0x2dd48d70f20739 : 2 : ittapi_config_apply_per_lib :  ITTAPI function NOT instrumented (not matched by --itt-config option): __itt_task_end_ex

784778 : 0x2dd48d70f20d61 : 2 : ittapi_config_apply_per_lib :  ITTAPI function NOT instrumented (not matched by --itt-config option): __itt_task_begin_overlapped

784778 : 0x2dd48d70f213b8 : 2 : ittapi_config_apply_per_lib :  ITTAPI function NOT instrumented (not matched by --itt-config option): __itt_task_begin_overlapped_ex

784778 : 0x2dd48d70f21a1e : 2 : ittapi_config_apply_per_lib :  ITTAPI function NOT instrumented (not matched by --itt-config option): __itt_task_end_overlapped

784778 : 0x2dd48d70f22026 : 2 : ittapi_config_apply_per_lib :  ITTAPI function NOT instrumented (not matched by --itt-config option): __itt_task_end_overlapped_ex

784778 : 0x2dd48d70f22961 : 2 : ittapi_config_apply_per_lib :  ITTAPI function not implemented: __itt_marker_ex
784778 : 0x2dd48d70f231c2 : 2 : ittapi_config_apply_per_lib :  ITTAPI function not implemented: __itt_metadata_add_with_scope
784778 : 0x2dd48d70f2399e : 2 : ittapi_config_apply_per_lib :  ITTAPI function not implemented: __itt_metadata_str_add_with_scope
784778 : 0x2dd48d70f25c1b : 2 : ittapi_config_apply_per_lib :  ITTAPI function not implemented: __itt_relation_add_to_current_ex
784778 : 0x2dd48d70f2663f : 2 : ittapi_config_apply_per_lib :  ITTAPI function not implemented: __itt_relation_add_ex
784778 : 0x2dd48d70f26e4c : 2 : ittapi_config_apply_per_lib :  ITTAPI function not implemented: __itt_track_group_create
784778 : 0x2dd48d70f27591 : 2 : ittapi_config_apply_per_lib :  ITTAPI function not implemented: __itt_track_create
784778 : 0x2dd48d70f27daa : 2 : ittapi_config_apply_per_lib :  ITTAPI function not implemented: __itt_set_track
784778 : 0x2dd48d70f28532 : 2 : ittapi_config_apply_per_lib :  ITTAPI function instrumented: __itt_api_version
784778 : 0x2dd48d70f28d2f : 2 : ittapi_config_apply_per_lib :  ITTAPI function not implemented: __itt_av_save
784778 : 0x2dd48d70f2948e : 2 : ittapi_config_apply_per_lib :  ITTAPI function instrumented: __itt_module_load
784778 : 0x2dd48d70f29cce : 2 : ittapi_config_apply_per_lib :  ITTAPI function not implemented: __itt_module_unload