
784032 : 0x2dd47c2696c33a : 1 : spill_jit_data :  Jit agent is not initialized
784032 : 0x2dd47c26b622be : 2 : ittapi_config_mask_get :  --itt-config mask to be applied: 1
784032 : 0x2dd47c26b636c1 : 2 : ittapi_config_apply_per_lib :  ITTAPI function instrumented: __itt_domain_create
784032 : 0x2dd47c26b640f6 : 2 : ittapi_config_apply_per_lib :  ITTAPI function instrumented: __itt_module_load_with_sections
784032 : 0x2dd47c26b64eff : 2 : ittapi_config_apply_per_lib :  ITTAPI function not implemented: __itt_module_unload_with_sections
784032 : 0x2dd47c26b6581d : 2 : ittapi_config_apply_per_lib :  ITTAPI function instrumented: __itt_string_handle_create
784032 : 0x2dd47c26b65f82 : 2 : ittapi_config_apply_per_lib :  ITTAPI function instrumented: __itt_counter_create
784032 : 0x2dd47c26b666d4 : 2 : ittapi_config_apply_per_lib :  ITTAPI function instrumented: __itt_counter_create_typed
784032 : 0x2dd47c26b66e29 : 2 : ittapi_config_apply_per_lib :  ITTAPI function instrumented: __itt_pause
784032 : 0x2dd47c26b67670 : 2 : ittapi_config_apply_per_lib :  ITTAPI function instrumented: __itt_resume
784032 : 0x2dd47c26b73123 : 2 : ittapi_config_apply_per_lib :  ITTAPI function instrumented: __itt_thread_set_name
784032 : 0x2dd47c26b73c9c : 2 : ittapi_config_apply_per_lib :  ITTAPI function instrumented: __itt_thread_ignore
784032 : 0x2dd47c26b74514 : 2 : ittapi_config_apply_per_lib :  ITTAPI function instrumented: __itt_thr_name_set
784032 : 0x2dd47c26b74dd4 : 2 : ittapi_config_apply_per_lib :  ITTAPI function instrumented: __itt_thr_ignore
784032 : 0x2dd47c26b758b0 : 2 : ittapi_config_apply_per_lib :  ITTAPI function not implemented: __itt_enable_attach
784032 : 0x2dd47c26b761e7 : 2 : ittapi_config_apply_per_lib :  ITTAPI function instrumented: __itt_detach
784032 : 0x2dd47c26b768bc : 2 : ittapi_config_apply_per_lib :  ITTAPI function NOT instrumented (not matched by --itt-config option): __itt_sync_create

784032 : 0x2dd47c26b770db : 2 : ittapi_config_apply_per_lib :  ITTAPI function NOT instrumented (not matched by --itt-config option): __itt_sync_rename

784032 : 0x2dd47c26b7778b : 2 : ittapi_config_apply_per_lib :  ITTAPI function NOT instrumented (not matched by --itt-config option): __itt_sync_destroy

784032 : 0x2dd47c26b77e29 : 2 : ittapi_config_apply_per_lib :  ITTAPI function NOT instrumented (not matched by --itt-config option): __itt_sync_prepare

784032 : 0x2dd47c26b7a7aa : 2 : ittapi_config_apply_per_lib :  ITTAPI function NOT instrumented (not matched by --itt-config option): __itt_sync_cancel

784032 : 0x2dd47c26b7af8f : 2 : ittapi_config_apply_per_lib :  ITTAPI function NOT instrumented (not matched by --itt-config option): __itt_sync_acquired

784032 : 0x2dd47c26b7b630 : 2 : ittapi_config_apply_per_lib :  ITTAPI function NOT instrumented (not matched by --itt-config option): __itt_sync_releasing

784032 : 0x2dd47c26b7bf65 : 2 : ittapi_config_apply_per_lib :  ITTAPI function not implemented: __itt_suppress_push
784032 : 0x2dd47c26b7c983 : 2 : ittapi_config_apply_per_lib :  ITTAPI function not implemented: __itt_suppress_pop
784032 : 0x2dd47c26b7d230 : 2 : ittapi_config_apply_per_lib :  ITTAPI function not implemented: __itt_suppress_mark_range
784032 : 0x2dd47c26b7dae3 : 2 : ittapi_config_apply_per_lib :  ITTAPI function not implemented: __itt_suppress_clear_range
784032 : 0x2dd47c26b7e156 : 2 : ittapi_config_apply_per_lib :  ITTAPI function NOT instrumented (not matched by --itt-config option): __itt_sync_prepare

784032 : 0x2dd47c26b7e811 : 2 : ittapi_config_apply_per_lib :  ITTAPI function NOT instrumented (not matched by --itt-config option): __itt_sync_cancel

784032 : 0x2dd47c26b7ee93 : 2 : ittapi_config_apply_per_lib :  ITTAPI function NOT instrumented (not matched by --itt-config option): __itt_sync_acquired

784032 : 0x2dd47c26b80ddd : 2 : ittapi_config_apply_per_lib :  ITTAPI function NOT instrumented (not matched by --itt-config option): __itt_sync_releasing

784032 : 0x2dd47c26b815c3 : 2 : ittapi_config_apply_per_lib :  ITTAPI function NOT instrumented (not matched by --itt-config option): __itt_model_site_begin

784032 : 0x2dd47c26b81c8e : 2 : ittapi_config_apply_per_lib :  ITTAPI function NOT instrumented (not matched by --itt-config option): __itt_model_site_end

784032 : 0x2dd47c26b82447 : 2 : ittapi_config_apply_per_lib :  ITTAPI function NOT instrumented (not matched by --itt-config option): __itt_model_task_begin

784032 : 0x2dd47c26b82b17 : 2 : ittapi_config_apply_per_lib :  ITTAPI function NOT instrumented (not matched by --itt-config option): __itt_model_task_end

784032 : 0x2dd47c26b8319e : 2 : ittapi_config_apply_per_lib :  ITTAPI function NOT instrumented (not matched by --itt-config option): __itt_model_lock_acquire

784032 : 0x2dd47c26b8387e : 2 : ittapi_config_apply_per_lib :  ITTAPI function NOT instrumented (not matched by --itt-config option): __itt_model_lock_release

784032 : 0x2dd47c26b83f2f : 2 : ittapi_config_apply_per_lib :  ITTAPI function NOT instrumented (not matched by --itt-config option): __itt_model_record_allocation

784032 : 0x2dd47c26b845d9 : 2 : ittapi_config_apply_per_lib :  ITTAPI function NOT instrumented (not matched by --itt-config option): __itt_model_record_deallocation

784032 : 0x2dd47c26b84cdc : 2 : ittapi_config_apply_per_lib :  ITTAPI function NOT instrumented (not matched by --itt-config option): __itt_model_induction_uses

784032 : 0x2dd47c26b88209 : 2 : ittapi_config_apply_per_lib :  ITTAPI function NOT instrumented (not matched by --itt-config option): __itt_model_reduction_uses

784032 : 0x2dd47c26b88b50 : 2 : ittapi_config_apply_per_lib :  ITTAPI function NOT instrumented (not matched by --itt-config option): __itt_model_observe_uses

784032 : 0x2dd47c26b89300 : 2 : ittapi_config_apply_per_lib :  ITTAPI function NOT instrumented (not matched by --itt-config option): __itt_model_clear_uses

784032 : 0x2dd47c26b899ba : 2 : ittapi_config_apply_per_lib :  ITTAPI function NOT instrumented (not matched by --itt-config option): __itt_model_site_beginA

784032 : 0x2dd47c26b8a0b1 : 2 : ittapi_config_apply_per_lib :  ITTAPI function NOT instrumented (not matched by --itt-config option): __itt_model_site_beginAL

784032 : 0x2dd47c26b8a771 : 2 : ittapi_config_apply_per_lib :  ITTAPI function NOT instrumented (not matched by --itt-config option): __itt_model_task_beginA

784032 : 0x2dd47c26b8ade8 : 2 : ittapi_config_apply_per_lib :  ITTAPI function NOT instrumented (not matched by --itt-config option): __itt_model_task_beginAL

784032 : 0x2dd47c26b8b4b6 : 2 : ittapi_config_apply_per_lib :  ITTAPI function NOT instrumented (not matched by --itt-config option): __itt_model_iteration_taskA

784032 : 0x2dd47c26b8bb64 : 2 : ittapi_config_apply_per_lib :  ITTAPI function NOT instrumented (not matched by --itt-config option): __itt_model_iteration_taskAL

784032 : 0x2dd47c26b8c255 : 2 : ittapi_config_apply_per_lib :  ITTAPI function NOT instrumented (not matched by --itt-config option): __itt_model_site_end_2

784032 : 0x2dd47c26b8e3e4 : 2 : ittapi_config_apply_per_lib :  ITTAPI function NOT instrumented (not matched by --itt-config option): __itt_model_task_end_2

784032 : 0x2dd47c26b8eb02 : 2 : ittapi_config_apply_per_lib :  ITTAPI function NOT instrumented (not matched by --itt-config option): __itt_model_lock_acquire_2

784032 : 0x2dd47c26b8f21b : 2 : ittapi_config_apply_per_lib :  ITTAPI function NOT instrumented (not matched by --itt-config option): __itt_model_lock_release_2

784032 : 0x2dd47c26b8f941 : 2 : ittapi_config_apply_per_lib :  ITTAPI function NOT instrumented (not matched by --itt-config option): __itt_model_aggregate_task

784032 : 0x2dd47c26b8ffcb : 2 : ittapi_config_apply_per_lib :  ITTAPI function NOT instrumented (not matched by --itt-config option): __itt_model_disable_push

784032 : 0x2dd47c26b9069e : 2 : ittapi_config_apply_per_lib :  ITTAPI function NOT instrumented (not matched by --itt-config option): __itt_model_disable_pop

784032 : 0x2dd47c26b90ea9 : 2 : ittapi_config_apply_per_lib :  ITTAPI function instrumented: __itt_heap_function_create
784032 : 0x2dd47c26b91742 : 2 : ittapi_config_apply_per_lib :  ITTAPI function instrumented: __itt_heap_allocate_begin
784032 : 0x2dd47c26b91f10 : 2 : ittapi_config_apply_per_lib :  ITTAPI function instrumented: __itt_heap_allocate_end
784032 : 0x2dd47c26b92797 : 2 : ittapi_config_apply_per_lib :  ITTAPI function instrumented: __itt_heap_free_begin
784032 : 0x2dd47c26b96337 : 2 : ittapi_config_apply_per_lib :  ITTAPI function instrumented: __itt_heap_free_end
784032 : 0x2dd47c26b96ce1 : 2 : ittapi_config_apply_per_lib :  ITTAPI function instrumented: __itt_heap_reallocate_begin
784032 : 0x2dd47c26b97438 : 2 : ittapi_config_apply_per_lib :  ITTAPI function instrumented: __itt_heap_reallocate_end
784032 : 0x2dd47c26b97d5c : 2 : ittapi_config_apply_per_lib :  ITTAPI function not implemented: __itt_heap_internal_access_begin
784032 : 0x2dd47c26b98614 : 2 : ittapi_config_apply_per_lib :  ITTAPI function not implemented: __itt_heap_internal_access_end
784032 : 0x2dd47c26b98e60 : 2 : ittapi_config_apply_per_lib :  ITTAPI function not implemented: __itt_heap_record_memory_growth_begin
784032 : 0x2dd47c26b996bc : 2 : ittapi_config_apply_per_lib :  ITTAPI function not implemented: __itt_heap_record_memory_growth_end
784032 : 0x2dd47c26b99f0b : 2 : ittapi_config_apply_per_lib :  ITTAPI function not implemented: __itt_heap_reset_detection
784032 : 0x2dd47c26b9a7d2 : 2 : ittapi_config_apply_per_lib :  ITTAPI function not implemented: __itt_heap_record
784032 : 0x2dd47c26b9b0fe : 2 : ittapi_config_apply_per_lib :  ITTAPI function not implemented: __itt_id_create
784032 : 0x2dd47c26b9d7d5 : 2 : ittapi_config_apply_per_lib :  ITTAPI function not implemented: __itt_id_destroy
784032 : 0x2dd47c26b9e0bc : 2 : ittapi_config_apply_per_lib :  ITTAPI function instrumented: __itt_get_timestamp
784032 : 0x2dd47c26b9e910 : 2 : ittapi_config_apply_per_lib :  ITTAPI function not implemented: __itt_region_begin
784032 : 0x2dd47c26b9f165 : 2 : ittapi_config_apply_per_lib :  ITTAPI function not implemented: __itt_region_end
784032 : 0x2dd47c26b9fa3a : 2 : ittapi_config_apply_per_lib :  ITTAPI function instrumented: __itt_frame_begin_v3
784032 : 0x2dd47c26ba021f : 2 : ittapi_config_apply_per_lib :  ITTAPI function instrumented: __itt_frame_end_v3
784032 : 0x2dd47c26ba0a1f : 2 : ittapi_config_apply_per_lib :  ITTAPI function instrumented: __itt_frame_submit_v3
784032 : 0x2dd47c26ba10bd : 2 : ittapi_config_apply_per_lib :  ITTAPI function NOT instrumented (not matched by --itt-config option): __itt_task_group

784032 : 0x2dd47c26ba18af : 2 : ittapi_config_apply_per_lib :  ITTAPI function NOT instrumented (not matched by --itt-config option): __itt_task_begin

784032 : 0x2dd47c26ba1f41 : 2 : ittapi_config_apply_per_lib :  ITTAPI function NOT instrumented (not matched by --itt-config option): __itt_task_begin_fn

784032 : 0x2dd47c26ba3fd4 : 2 : ittapi_config_apply_per_lib :  ITTAPI function NOT instrumented (not matched by --itt-config option): __itt_task_end

784032 : 0x2dd47c26ba4798 : 2 : ittapi_config_apply_per_lib :  ITTAPI function NOT instrumented (not matched by --itt-config option): __itt_counter_inc_v3

784032 : 0x2dd47c26ba4ec4 : 2 : ittapi_config_apply_per_lib :  ITTAPI function NOT instrumented (not matched by --itt-config option): __itt_counter_inc_delta_v3

784032 : 0x2dd47c26ba5548 : 2 : ittapi_config_apply_per_lib :  ITTAPI function NOT instrumented (not matched by --itt-config option): __itt_counter_dec_v3

784032 : 0x2dd47c26ba5c13 : 2 : ittapi_config_apply_per_lib :  ITTAPI function NOT instrumented (not matched by --itt-config option): __itt_counter_dec_delta_v3

784032 : 0x2dd47c26ba6511 : 2 : ittapi_config_apply_per_lib :  ITTAPI function not implemented: __itt_marker
784032 : 0x2dd47c26ba6cee : 2 : ittapi_config_apply_per_lib :  ITTAPI function instrumented: __itt_metadata_add
784032 : 0x2dd47c26ba7544 : 2 : ittapi_config_apply_per_lib :  ITTAPI function not implemented: __itt_metadata_str_add
784032 : 0x2dd47c26ba7db1 : 2 : ittapi_config_apply_per_lib :  ITTAPI function not implemented: __itt_relation_add_to_current
784032 : 0x2dd47c26ba85da : 2 : ittapi_config_apply_per_lib :  ITTAPI function not implemented: __itt_relation_add
784032 : 0x2dd47c26baa69c : 2 : ittapi_config_apply_per_lib :  ITTAPI function instrumented: __itt_event_create
784032 : 0x2dd47c26baae21 : 2 : ittapi_config_apply_per_lib :  ITTAPI function NOT instrumented (not matched by --itt-config option): __itt_event_start

784032 : 0x2dd47c26bab4ff : 2 : ittapi_config_apply_per_lib :  ITTAPI function NOT instrumented (not matched by --itt-config option): __itt_event_end

784032 : 0x2dd47c26babba8 : 2 : ittapi_config_apply_per_lib :  ITTAPI function NOT instrumented (not matched by --itt-config option): __itt_sync_set_name

784032 : 0x2dd47c26bac24e : 2 : ittapi_config_apply_per_lib :  ITTAPI function NOT instrumented (not matched by --itt-config option): __itt_notify_sync_name

784032 : 0x2dd47c26bac908 : 2 : ittapi_config_apply_per_lib :  ITTAPI function NOT instrumented (not matched by --itt-config option): __itt_notify_sync_prepare

784032 : 0x2dd47c26bacf4f : 2 : ittapi_config_apply_per_lib :  ITTAPI function NOT instrumented (not matched by --itt-config option): __itt_notify_sync_cancel

784032 : 0x2dd47c26bad649 : 2 : ittapi_config_apply_per_lib :  ITTAPI function NOT instrumented (not matched by --itt-config option): __itt_notify_sync_acquired

784032 : 0x2dd47c26badcd9 : 2 : ittapi_config_apply_per_lib :  ITTAPI function NOT instrumented (not matched by --itt-config option): __itt_notify_sync_releasing

784032 : 0x2dd47c26bae505 : 2 : ittapi_config_apply_per_lib :  ITTAPI function not implemented: __itt_memory_read
784032 : 0x2dd47c26bb14db : 2 : ittapi_config_apply_per_lib :  ITTAPI function not implemented: __itt_memory_write
784032 : 0x2dd47c26bb1e7a : 2 : ittapi_config_apply_per_lib :  ITTAPI function not implemented: __itt_memory_update
784032 : 0x2dd47c26bb26f2 : 2 : ittapi_config_apply_per_lib :  ITTAPI function not implemented: __itt_state_get
784032 : 0x2dd47c26bb2eed : 2 : ittapi_config_apply_per_lib :  ITTAPI function not implemented: __itt_state_set
784032 : 0x2dd47c26bb36cb : 2 : ittapi_config_apply_per_lib :  ITTAPI function not implemented: __itt_obj_mode_set
784032 : 0x2dd47c26bb3ef5 : 2 : ittapi_config_apply_per_lib :  ITTAPI function not implemented: __itt_thr_mode_set
784032 : 0x2dd47c26bb461f : 2 : ittapi_config_apply_per_lib :  ITTAPI function instrumented: __itt_frame_create
784032 : 0x2dd47c26bb4d3f : 2 : ittapi_config_apply_per_lib :  ITTAPI function instrumented: __itt_pt_region_create
784032 : 0x2dd47c26bb54e4 : 2 : ittapi_config_apply_per_lib :  ITTAPI function instrumented: __itt_frame_begin
784032 : 0x2dd47c26bb5d4c : 2 : ittapi_config_apply_per_lib :  ITTAPI function instrumented: __itt_frame_end
784032 : 0x2dd47c26bb7e0d : 2 : ittapi_config_apply_per_lib :  ITTAPI function NOT instrumented (not matched by --itt-config option): __itt_counter_destroy

784032 : 0x2dd47c26bb8642 : 2 : ittapi_config_apply_per_lib :  ITTAPI function NOT instrumented (not matched by --itt-config option): __itt_counter_inc

784032 : 0x2dd47c26bb8cd4 : 2 : ittapi_config_apply_per_lib :  ITTAPI function NOT instrumented (not matched by --itt-config option): __itt_counter_inc_delta

784032 : 0x2dd47c26bb948b : 2 : ittapi_config_apply_per_lib :  ITTAPI function NOT instrumented (not matched by --itt-config option): __itt_counter_dec

784032 : 0x2dd47c26bb9b42 : 2 : ittapi_config_apply_per_lib :  ITTAPI function NOT instrumented (not matched by --itt-config option): __itt_counter_dec_delta

784032 : 0x2dd47c26bba198 : 2 : ittapi_config_apply_per_lib :  ITTAPI function NOT instrumented (not matched by --itt-config option): __itt_counter_set_value

784032 : 0x2dd47c26bba8d6 : 2 : ittapi_config_apply_per_lib :  ITTAPI function NOT instrumented (not matched by --itt-config option): __itt_counter_set_value_ex

784032 : 0x2dd47c26bbb11c : 2 : ittapi_config_apply_per_lib :  ITTAPI function not implemented: __itt_mark_create
784032 : 0x2dd47c26bbbb43 : 2 : ittapi_config_apply_per_lib :  ITTAPI function not implemented: __itt_mark
784032 : 0x2dd47c26bbc3df : 2 : ittapi_config_apply_per_lib :  ITTAPI function not implemented: __itt_mark_off
784032 : 0x2dd47c26bbe593 : 2 : ittapi_config_apply_per_lib :  ITTAPI function not implemented: __itt_mark_global
784032 : 0x2dd47c26bbeeac : 2 : ittapi_config_apply_per_lib :  ITTAPI function not implemented: __itt_mark_global_off
784032 : 0x2dd47c26bbf64e : 2 : ittapi_config_apply_per_lib :  ITTAPI function NOT instrumented (not matched by --itt-config option): __itt_stack_caller_create

784032 : 0x2dd47c26bbfce6 : 2 : ittapi_config_apply_per_lib :  ITTAPI function NOT instrumented (not matched by --itt-config option): __itt_stack_caller_destroy

784032 : 0x2dd47c26bc04b4 : 2 : ittapi_config_apply_per_lib :  ITTAPI function NOT instrumented (not matched by --itt-config option): __itt_stack_callee_enter

784032 : 0x2dd47c26bc0b5a : 2 : ittapi_config_apply_per_lib :  ITTAPI function NOT instrumented (not matched by --itt-config option): __itt_stack_callee_leave

784032 : 0x2dd47c26bc1308 : 2 : ittapi_config_apply_per_lib :  ITTAPI function not implemented: __itt_clock_domain_create
784032 : 0x2dd47c26bc1b7c : 2 : ittapi_config_apply_per_lib :  ITTAPI function not implemented: __itt_clock_domain_reset
784032 : 0x2dd47c26bc2399 : 2 : ittapi_config_apply_per_lib :  ITTAPI function not implemented: __itt_id_create_ex
784032 : 0x2dd47c26bc2b57 : 2 : ittapi_config_apply_per_lib :  ITTAPI function not implemented: __itt_id_destroy_ex
784032 : 0x2dd47c26bc5872 : 2 : ittapi_config_apply_per_lib :  ITTAPI function NOT instrumented (not matched by --itt-config option): __itt_task_begin_ex

784032 : 0x2dd47c26bc6043 : 2 : ittapi_config_apply_per_lib :  ITTAPI function NOT instrumented (not matched by --itt-config option): __itt_task_begin_fn_ex

784032 : 0x2dd47c26bc6715 : 2 : ittapi_config_apply_per_lib :  ITTAPI function NOT instrumented (not matched by --itt-config option): __itt_task_end_ex

784032 : 0x2dd47c26bc6d74 : 2 : ittapi_config_apply_per_lib :  ITTAPI function NOT instrumented (not matched by --itt-config option): __itt_task_begin_overlapped

784032 : 0x2dd47c26bc73e3 : 2 : ittapi_config_apply_per_lib :  ITTAPI function NOT instrumented (not matched by --itt-config option): __itt_task_begin_overlapped_ex

784032 : 0x2dd47c26bc7a7b : 2 : ittapi_config_apply_per_lib :  ITTAPI function NOT instrumented (not matched by --itt-config option): __itt_task_end_overlapped

784032 : 0x2dd47c26bc809b : 2 : ittapi_config_apply_per_lib :  ITTAPI function NOT instrumented (not matched by --itt-config option): __itt_task_end_overlapped_ex

784032 : 0x2dd47c26bc89a3 : 2 : ittapi_config_apply_per_lib :  ITTAPI function not implemented: __itt_marker_ex
784032 : 0x2dd47c26bc925c : 2 : ittapi_config_apply_per_lib :  ITTAPI function not implemented: __itt_metadata_add_with_scope
784032 : 0x2dd47c26bc9ace : 2 : ittapi_config_apply_per_lib :  ITTAPI function not implemented: __itt_metadata_str_add_with_scope
784032 : 0x2dd47c26bcbd33 : 2 : ittapi_config_apply_per_lib :  ITTAPI function not implemented: __itt_relation_add_to_current_ex
784032 : 0x2dd47c26bcc78a : 2 : ittapi_config_apply_per_lib :  ITTAPI function not implemented: __itt_relation_add_ex
784032 : 0x2dd47c26bccf76 : 2 : ittapi_config_apply_per_lib :  ITTAPI function not implemented: __itt_track_group_create
784032 : 0x2dd47c26bcd6ae : 2 : ittapi_config_apply_per_lib :  ITTAPI function not implemented: __itt_track_create
784032 : 0x2dd47c26bcdeda : 2 : ittapi_config_apply_per_lib :  ITTAPI function not implemented: __itt_set_track
784032 : 0x2dd47c26bce66f : 2 : ittapi_config_apply_per_lib :  ITTAPI function instrumented: __itt_api_version
784032 : 0x2dd47c26bcee86 : 2 : ittapi_config_apply_per_lib :  ITTAPI function not implemented: __itt_av_save
784032 : 0x2dd47c26bcf63e : 2 : ittapi_config_apply_per_lib :  ITTAPI function instrumented: __itt_module_load
784032 : 0x2dd47c26bcfea0 : 2 : ittapi_config_apply_per_lib :  ITTAPI function not implemented: __itt_module_unload