
791040 : 0x2dd53e189345c7 : 1 : spill_jit_data :  Jit agent is not initialized
791040 : 0x2dd53e190800ae : 2 : ittapi_config_mask_get :  --itt-config mask to be applied: 1
791040 : 0x2dd53e19081def : 2 : ittapi_config_apply_per_lib :  ITTAPI function instrumented: __itt_domain_create
791040 : 0x2dd53e19082a7a : 2 : ittapi_config_apply_per_lib :  ITTAPI function instrumented: __itt_module_load_with_sections
791040 : 0x2dd53e19083a8d : 2 : ittapi_config_apply_per_lib :  ITTAPI function not implemented: __itt_module_unload_with_sections
791040 : 0x2dd53e19084545 : 2 : ittapi_config_apply_per_lib :  ITTAPI function instrumented: __itt_string_handle_create
791040 : 0x2dd53e19084d31 : 2 : ittapi_config_apply_per_lib :  ITTAPI function instrumented: __itt_counter_create
791040 : 0x2dd53e19085482 : 2 : ittapi_config_apply_per_lib :  ITTAPI function instrumented: __itt_counter_create_typed
791040 : 0x2dd53e19085c22 : 2 : ittapi_config_apply_per_lib :  ITTAPI function instrumented: __itt_pause
791040 : 0x2dd53e1908650b : 2 : ittapi_config_apply_per_lib :  ITTAPI function instrumented: __itt_resume
791040 : 0x2dd53e1909ad74 : 2 : ittapi_config_apply_per_lib :  ITTAPI function instrumented: __itt_thread_set_name
791040 : 0x2dd53e1909b885 : 2 : ittapi_config_apply_per_lib :  ITTAPI function instrumented: __itt_thread_ignore
791040 : 0x2dd53e1909c15b : 2 : ittapi_config_apply_per_lib :  ITTAPI function instrumented: __itt_thr_name_set
791040 : 0x2dd53e1909ca28 : 2 : ittapi_config_apply_per_lib :  ITTAPI function instrumented: __itt_thr_ignore
791040 : 0x2dd53e1909d4f5 : 2 : ittapi_config_apply_per_lib :  ITTAPI function not implemented: __itt_enable_attach
791040 : 0x2dd53e1909ddd5 : 2 : ittapi_config_apply_per_lib :  ITTAPI function instrumented: __itt_detach
791040 : 0x2dd53e1909e4a1 : 2 : ittapi_config_apply_per_lib :  ITTAPI function NOT instrumented (not matched by --itt-config option): __itt_sync_create

791040 : 0x2dd53e1909ec78 : 2 : ittapi_config_apply_per_lib :  ITTAPI function NOT instrumented (not matched by --itt-config option): __itt_sync_rename

791040 : 0x2dd53e1909f2db : 2 : ittapi_config_apply_per_lib :  ITTAPI function NOT instrumented (not matched by --itt-config option): __itt_sync_destroy

791040 : 0x2dd53e1909f93a : 2 : ittapi_config_apply_per_lib :  ITTAPI function NOT instrumented (not matched by --itt-config option): __itt_sync_prepare

791040 : 0x2dd53e190a213d : 2 : ittapi_config_apply_per_lib :  ITTAPI function NOT instrumented (not matched by --itt-config option): __itt_sync_cancel

791040 : 0x2dd53e190a289a : 2 : ittapi_config_apply_per_lib :  ITTAPI function NOT instrumented (not matched by --itt-config option): __itt_sync_acquired

791040 : 0x2dd53e190a2f0a : 2 : ittapi_config_apply_per_lib :  ITTAPI function NOT instrumented (not matched by --itt-config option): __itt_sync_releasing

791040 : 0x2dd53e190a3867 : 2 : ittapi_config_apply_per_lib :  ITTAPI function not implemented: __itt_suppress_push
791040 : 0x2dd53e190a426f : 2 : ittapi_config_apply_per_lib :  ITTAPI function not implemented: __itt_suppress_pop
791040 : 0x2dd53e190a4b38 : 2 : ittapi_config_apply_per_lib :  ITTAPI function not implemented: __itt_suppress_mark_range
791040 : 0x2dd53e190a54e2 : 2 : ittapi_config_apply_per_lib :  ITTAPI function not implemented: __itt_suppress_clear_range
791040 : 0x2dd53e190a5b60 : 2 : ittapi_config_apply_per_lib :  ITTAPI function NOT instrumented (not matched by --itt-config option): __itt_sync_prepare

791040 : 0x2dd53e190a6180 : 2 : ittapi_config_apply_per_lib :  ITTAPI function NOT instrumented (not matched by --itt-config option): __itt_sync_cancel

791040 : 0x2dd53e190a67f9 : 2 : ittapi_config_apply_per_lib :  ITTAPI function NOT instrumented (not matched by --itt-config option): __itt_sync_acquired

791040 : 0x2dd53e190a86d9 : 2 : ittapi_config_apply_per_lib :  ITTAPI function NOT instrumented (not matched by --itt-config option): __itt_sync_releasing

791040 : 0x2dd53e190a8e0c : 2 : ittapi_config_apply_per_lib :  ITTAPI function NOT instrumented (not matched by --itt-config option): __itt_model_site_begin

791040 : 0x2dd53e190a94ae : 2 : ittapi_config_apply_per_lib :  ITTAPI function NOT instrumented (not matched by --itt-config option): __itt_model_site_end

791040 : 0x2dd53e190a9c41 : 2 : ittapi_config_apply_per_lib :  ITTAPI function NOT instrumented (not matched by --itt-config option): __itt_model_task_begin

791040 : 0x2dd53e190aa2e5 : 2 : ittapi_config_apply_per_lib :  ITTAPI function NOT instrumented (not matched by --itt-config option): __itt_model_task_end

791040 : 0x2dd53e190aa94d : 2 : ittapi_config_apply_per_lib :  ITTAPI function NOT instrumented (not matched by --itt-config option): __itt_model_lock_acquire

791040 : 0x2dd53e190ab036 : 2 : ittapi_config_apply_per_lib :  ITTAPI function NOT instrumented (not matched by --itt-config option): __itt_model_lock_release

791040 : 0x2dd53e190ab69e : 2 : ittapi_config_apply_per_lib :  ITTAPI function NOT instrumented (not matched by --itt-config option): __itt_model_record_allocation

791040 : 0x2dd53e190abd30 : 2 : ittapi_config_apply_per_lib :  ITTAPI function NOT instrumented (not matched by --itt-config option): __itt_model_record_deallocation

791040 : 0x2dd53e190ac3f9 : 2 : ittapi_config_apply_per_lib :  ITTAPI function NOT instrumented (not matched by --itt-config option): __itt_model_induction_uses

791040 : 0x2dd53e190afbdf : 2 : ittapi_config_apply_per_lib :  ITTAPI function NOT instrumented (not matched by --itt-config option): __itt_model_reduction_uses

791040 : 0x2dd53e190b0464 : 2 : ittapi_config_apply_per_lib :  ITTAPI function NOT instrumented (not matched by --itt-config option): __itt_model_observe_uses

791040 : 0x2dd53e190b0ba4 : 2 : ittapi_config_apply_per_lib :  ITTAPI function NOT instrumented (not matched by --itt-config option): __itt_model_clear_uses

791040 : 0x2dd53e190b1237 : 2 : ittapi_config_apply_per_lib :  ITTAPI function NOT instrumented (not matched by --itt-config option): __itt_model_site_beginA

791040 : 0x2dd53e190b18e9 : 2 : ittapi_config_apply_per_lib :  ITTAPI function NOT instrumented (not matched by --itt-config option): __itt_model_site_beginAL

791040 : 0x2dd53e190b1f8c : 2 : ittapi_config_apply_per_lib :  ITTAPI function NOT instrumented (not matched by --itt-config option): __itt_model_task_beginA

791040 : 0x2dd53e190b2626 : 2 : ittapi_config_apply_per_lib :  ITTAPI function NOT instrumented (not matched by --itt-config option): __itt_model_task_beginAL

791040 : 0x2dd53e190b2ceb : 2 : ittapi_config_apply_per_lib :  ITTAPI function NOT instrumented (not matched by --itt-config option): __itt_model_iteration_taskA

791040 : 0x2dd53e190b336d : 2 : ittapi_config_apply_per_lib :  ITTAPI function NOT instrumented (not matched by --itt-config option): __itt_model_iteration_taskAL

791040 : 0x2dd53e190b3ad8 : 2 : ittapi_config_apply_per_lib :  ITTAPI function NOT instrumented (not matched by --itt-config option): __itt_model_site_end_2

791040 : 0x2dd53e190b5b12 : 2 : ittapi_config_apply_per_lib :  ITTAPI function NOT instrumented (not matched by --itt-config option): __itt_model_task_end_2

791040 : 0x2dd53e190b619d : 2 : ittapi_config_apply_per_lib :  ITTAPI function NOT instrumented (not matched by --itt-config option): __itt_model_lock_acquire_2

791040 : 0x2dd53e190b685e : 2 : ittapi_config_apply_per_lib :  ITTAPI function NOT instrumented (not matched by --itt-config option): __itt_model_lock_release_2

791040 : 0x2dd53e190b6f54 : 2 : ittapi_config_apply_per_lib :  ITTAPI function NOT instrumented (not matched by --itt-config option): __itt_model_aggregate_task

791040 : 0x2dd53e190b75a9 : 2 : ittapi_config_apply_per_lib :  ITTAPI function NOT instrumented (not matched by --itt-config option): __itt_model_disable_push

791040 : 0x2dd53e190b7c77 : 2 : ittapi_config_apply_per_lib :  ITTAPI function NOT instrumented (not matched by --itt-config option): __itt_model_disable_pop

791040 : 0x2dd53e190b84a5 : 2 : ittapi_config_apply_per_lib :  ITTAPI function instrumented: __itt_heap_function_create
791040 : 0x2dd53e190b8cf9 : 2 : ittapi_config_apply_per_lib :  ITTAPI function instrumented: __itt_heap_allocate_begin
791040 : 0x2dd53e190b94b1 : 2 : ittapi_config_apply_per_lib :  ITTAPI function instrumented: __itt_heap_allocate_end
791040 : 0x2dd53e190b9c18 : 2 : ittapi_config_apply_per_lib :  ITTAPI function instrumented: __itt_heap_free_begin
791040 : 0x2dd53e190bd632 : 2 : ittapi_config_apply_per_lib :  ITTAPI function instrumented: __itt_heap_free_end
791040 : 0x2dd53e190bdf46 : 2 : ittapi_config_apply_per_lib :  ITTAPI function instrumented: __itt_heap_reallocate_begin
791040 : 0x2dd53e190be6a3 : 2 : ittapi_config_apply_per_lib :  ITTAPI function instrumented: __itt_heap_reallocate_end
791040 : 0x2dd53e190bf071 : 2 : ittapi_config_apply_per_lib :  ITTAPI function not implemented: __itt_heap_internal_access_begin
791040 : 0x2dd53e190bf925 : 2 : ittapi_config_apply_per_lib :  ITTAPI function not implemented: __itt_heap_internal_access_end
791040 : 0x2dd53e190c0146 : 2 : ittapi_config_apply_per_lib :  ITTAPI function not implemented: __itt_heap_record_memory_growth_begin
791040 : 0x2dd53e190c09ed : 2 : ittapi_config_apply_per_lib :  ITTAPI function not implemented: __itt_heap_record_memory_growth_end
791040 : 0x2dd53e190c12c9 : 2 : ittapi_config_apply_per_lib :  ITTAPI function not implemented: __itt_heap_reset_detection
791040 : 0x2dd53e190c1b68 : 2 : ittapi_config_apply_per_lib :  ITTAPI function not implemented: __itt_heap_record
791040 : 0x2dd53e190c244e : 2 : ittapi_config_apply_per_lib :  ITTAPI function not implemented: __itt_id_create
791040 : 0x2dd53e190c499e : 2 : ittapi_config_apply_per_lib :  ITTAPI function not implemented: __itt_id_destroy
791040 : 0x2dd53e190c51cb : 2 : ittapi_config_apply_per_lib :  ITTAPI function instrumented: __itt_get_timestamp
791040 : 0x2dd53e190c5a5e : 2 : ittapi_config_apply_per_lib :  ITTAPI function not implemented: __itt_region_begin
791040 : 0x2dd53e190c62f0 : 2 : ittapi_config_apply_per_lib :  ITTAPI function not implemented: __itt_region_end
791040 : 0x2dd53e190c6b91 : 2 : ittapi_config_apply_per_lib :  ITTAPI function instrumented: __itt_frame_begin_v3
791040 : 0x2dd53e190c7329 : 2 : ittapi_config_apply_per_lib :  ITTAPI function instrumented: __itt_frame_end_v3
791040 : 0x2dd53e190c7afb : 2 : ittapi_config_apply_per_lib :  ITTAPI function instrumented: __itt_frame_submit_v3
791040 : 0x2dd53e190c8155 : 2 : ittapi_config_apply_per_lib :  ITTAPI function NOT instrumented (not matched by --itt-config option): __itt_task_group

791040 : 0x2dd53e190c885e : 2 : ittapi_config_apply_per_lib :  ITTAPI function NOT instrumented (not matched by --itt-config option): __itt_task_begin

791040 : 0x2dd53e190c8eb2 : 2 : ittapi_config_apply_per_lib :  ITTAPI function NOT instrumented (not matched by --itt-config option): __itt_task_begin_fn

791040 : 0x2dd53e190cad81 : 2 : ittapi_config_apply_per_lib :  ITTAPI function NOT instrumented (not matched by --itt-config option): __itt_task_end

791040 : 0x2dd53e190cb4f8 : 2 : ittapi_config_apply_per_lib :  ITTAPI function NOT instrumented (not matched by --itt-config option): __itt_counter_inc_v3

791040 : 0x2dd53e190cbb99 : 2 : ittapi_config_apply_per_lib :  ITTAPI function NOT instrumented (not matched by --itt-config option): __itt_counter_inc_delta_v3

791040 : 0x2dd53e190cc1f0 : 2 : ittapi_config_apply_per_lib :  ITTAPI function NOT instrumented (not matched by --itt-config option): __itt_counter_dec_v3

791040 : 0x2dd53e190cc88a : 2 : ittapi_config_apply_per_lib :  ITTAPI function NOT instrumented (not matched by --itt-config option): __itt_counter_dec_delta_v3

791040 : 0x2dd53e190cd171 : 2 : ittapi_config_apply_per_lib :  ITTAPI function not implemented: __itt_marker
791040 : 0x2dd53e190cd936 : 2 : ittapi_config_apply_per_lib :  ITTAPI function instrumented: __itt_metadata_add
791040 : 0x2dd53e190ce146 : 2 : ittapi_config_apply_per_lib :  ITTAPI function not implemented: __itt_metadata_str_add
791040 : 0x2dd53e190ce9bc : 2 : ittapi_config_apply_per_lib :  ITTAPI function not implemented: __itt_relation_add_to_current
791040 : 0x2dd53e190cf1c7 : 2 : ittapi_config_apply_per_lib :  ITTAPI function not implemented: __itt_relation_add
791040 : 0x2dd53e190d1039 : 2 : ittapi_config_apply_per_lib :  ITTAPI function instrumented: __itt_event_create
791040 : 0x2dd53e190d16eb : 2 : ittapi_config_apply_per_lib :  ITTAPI function NOT instrumented (not matched by --itt-config option): __itt_event_start

791040 : 0x2dd53e190d1dbd : 2 : ittapi_config_apply_per_lib :  ITTAPI function NOT instrumented (not matched by --itt-config option): __itt_event_end

791040 : 0x2dd53e190d2405 : 2 : ittapi_config_apply_per_lib :  ITTAPI function NOT instrumented (not matched by --itt-config option): __itt_sync_set_name

791040 : 0x2dd53e190d2a6a : 2 : ittapi_config_apply_per_lib :  ITTAPI function NOT instrumented (not matched by --itt-config option): __itt_notify_sync_name

791040 : 0x2dd53e190d312c : 2 : ittapi_config_apply_per_lib :  ITTAPI function NOT instrumented (not matched by --itt-config option): __itt_notify_sync_prepare

791040 : 0x2dd53e190d3762 : 2 : ittapi_config_apply_per_lib :  ITTAPI function NOT instrumented (not matched by --itt-config option): __itt_notify_sync_cancel

791040 : 0x2dd53e190d3e15 : 2 : ittapi_config_apply_per_lib :  ITTAPI function NOT instrumented (not matched by --itt-config option): __itt_notify_sync_acquired

791040 : 0x2dd53e190d4490 : 2 : ittapi_config_apply_per_lib :  ITTAPI function NOT instrumented (not matched by --itt-config option): __itt_notify_sync_releasing

791040 : 0x2dd53e190d4cf0 : 2 : ittapi_config_apply_per_lib :  ITTAPI function not implemented: __itt_memory_read
791040 : 0x2dd53e190d7eb8 : 2 : ittapi_config_apply_per_lib :  ITTAPI function not implemented: __itt_memory_write
791040 : 0x2dd53e190d8806 : 2 : ittapi_config_apply_per_lib :  ITTAPI function not implemented: __itt_memory_update
791040 : 0x2dd53e190d9059 : 2 : ittapi_config_apply_per_lib :  ITTAPI function not implemented: __itt_state_get
791040 : 0x2dd53e190d9812 : 2 : ittapi_config_apply_per_lib :  ITTAPI function not implemented: __itt_state_set
791040 : 0x2dd53e190da04f : 2 : ittapi_config_apply_per_lib :  ITTAPI function not implemented: __itt_obj_mode_set
791040 : 0x2dd53e190da848 : 2 : ittapi_config_apply_per_lib :  ITTAPI function not implemented: __itt_thr_mode_set
791040 : 0x2dd53e190dafec : 2 : ittapi_config_apply_per_lib :  ITTAPI function instrumented: __itt_frame_create
791040 : 0x2dd53e190db6f2 : 2 : ittapi_config_apply_per_lib :  ITTAPI function instrumented: __itt_pt_region_create
791040 : 0x2dd53e190dbec9 : 2 : ittapi_config_apply_per_lib :  ITTAPI function instrumented: __itt_frame_begin
791040 : 0x2dd53e190dc72a : 2 : ittapi_config_apply_per_lib :  ITTAPI function instrumented: __itt_frame_end
791040 : 0x2dd53e190dede5 : 2 : ittapi_config_apply_per_lib :  ITTAPI function NOT instrumented (not matched by --itt-config option): __itt_counter_destroy

791040 : 0x2dd53e190df523 : 2 : ittapi_config_apply_per_lib :  ITTAPI function NOT instrumented (not matched by --itt-config option): __itt_counter_inc

791040 : 0x2dd53e190dfb80 : 2 : ittapi_config_apply_per_lib :  ITTAPI function NOT instrumented (not matched by --itt-config option): __itt_counter_inc_delta

791040 : 0x2dd53e190e0210 : 2 : ittapi_config_apply_per_lib :  ITTAPI function NOT instrumented (not matched by --itt-config option): __itt_counter_dec

791040 : 0x2dd53e190e0898 : 2 : ittapi_config_apply_per_lib :  ITTAPI function NOT instrumented (not matched by --itt-config option): __itt_counter_dec_delta

791040 : 0x2dd53e190e0ece : 2 : ittapi_config_apply_per_lib :  ITTAPI function NOT instrumented (not matched by --itt-config option): __itt_counter_set_value

791040 : 0x2dd53e190e15f4 : 2 : ittapi_config_apply_per_lib :  ITTAPI function NOT instrumented (not matched by --itt-config option): __itt_counter_set_value_ex

791040 : 0x2dd53e190e1e76 : 2 : ittapi_config_apply_per_lib :  ITTAPI function not implemented: __itt_mark_create
791040 : 0x2dd53e190e284b : 2 : ittapi_config_apply_per_lib :  ITTAPI function not implemented: __itt_mark
791040 : 0x2dd53e190e3164 : 2 : ittapi_config_apply_per_lib :  ITTAPI function not implemented: __itt_mark_off
791040 : 0x2dd53e190e53b2 : 2 : ittapi_config_apply_per_lib :  ITTAPI function not implemented: __itt_mark_global
791040 : 0x2dd53e190e5c79 : 2 : ittapi_config_apply_per_lib :  ITTAPI function not implemented: __itt_mark_global_off
791040 : 0x2dd53e190e63e7 : 2 : ittapi_config_apply_per_lib :  ITTAPI function NOT instrumented (not matched by --itt-config option): __itt_stack_caller_create

791040 : 0x2dd53e190e6a52 : 2 : ittapi_config_apply_per_lib :  ITTAPI function NOT instrumented (not matched by --itt-config option): __itt_stack_caller_destroy

791040 : 0x2dd53e190e7144 : 2 : ittapi_config_apply_per_lib :  ITTAPI function NOT instrumented (not matched by --itt-config option): __itt_stack_callee_enter

791040 : 0x2dd53e190e77ae : 2 : ittapi_config_apply_per_lib :  ITTAPI function NOT instrumented (not matched by --itt-config option): __itt_stack_callee_leave

791040 : 0x2dd53e190e7f44 : 2 : ittapi_config_apply_per_lib :  ITTAPI function not implemented: __itt_clock_domain_create
791040 : 0x2dd53e190e880c : 2 : ittapi_config_apply_per_lib :  ITTAPI function not implemented: __itt_clock_domain_reset
791040 : 0x2dd53e190e9038 : 2 : ittapi_config_apply_per_lib :  ITTAPI function not implemented: __itt_id_create_ex
791040 : 0x2dd53e190e97ce : 2 : ittapi_config_apply_per_lib :  ITTAPI function not implemented: __itt_id_destroy_ex
791040 : 0x2dd53e190ec683 : 2 : ittapi_config_apply_per_lib :  ITTAPI function NOT instrumented (not matched by --itt-config option): __itt_task_begin_ex

791040 : 0x2dd53e190ecdba : 2 : ittapi_config_apply_per_lib :  ITTAPI function NOT instrumented (not matched by --itt-config option): __itt_task_begin_fn_ex

791040 : 0x2dd53e190ed429 : 2 : ittapi_config_apply_per_lib :  ITTAPI function NOT instrumented (not matched by --itt-config option): __itt_task_end_ex

791040 : 0x2dd53e190eda52 : 2 : ittapi_config_apply_per_lib :  ITTAPI function NOT instrumented (not matched by --itt-config option): __itt_task_begin_overlapped

791040 : 0x2dd53e190ee0a0 : 2 : ittapi_config_apply_per_lib :  ITTAPI function NOT instrumented (not matched by --itt-config option): __itt_task_begin_overlapped_ex

791040 : 0x2dd53e190ee6ec : 2 : ittapi_config_apply_per_lib :  ITTAPI function NOT instrumented (not matched by --itt-config option): __itt_task_end_overlapped

791040 : 0x2dd53e190eecea : 2 : ittapi_config_apply_per_lib :  ITTAPI function NOT instrumented (not matched by --itt-config option): __itt_task_end_overlapped_ex

791040 : 0x2dd53e190ef5a6 : 2 : ittapi_config_apply_per_lib :  ITTAPI function not implemented: __itt_marker_ex
791040 : 0x2dd53e190efde2 : 2 : ittapi_config_apply_per_lib :  ITTAPI function not implemented: __itt_metadata_add_with_scope
791040 : 0x2dd53e190f0642 : 2 : ittapi_config_apply_per_lib :  ITTAPI function not implemented: __itt_metadata_str_add_with_scope
791040 : 0x2dd53e190f27bc : 2 : ittapi_config_apply_per_lib :  ITTAPI function not implemented: __itt_relation_add_to_current_ex
791040 : 0x2dd53e190f311d : 2 : ittapi_config_apply_per_lib :  ITTAPI function not implemented: __itt_relation_add_ex
791040 : 0x2dd53e190f3932 : 2 : ittapi_config_apply_per_lib :  ITTAPI function not implemented: __itt_track_group_create
791040 : 0x2dd53e190f4065 : 2 : ittapi_config_apply_per_lib :  ITTAPI function not implemented: __itt_track_create
791040 : 0x2dd53e190f4955 : 2 : ittapi_config_apply_per_lib :  ITTAPI function not implemented: __itt_set_track
791040 : 0x2dd53e190f5121 : 2 : ittapi_config_apply_per_lib :  ITTAPI function instrumented: __itt_api_version
791040 : 0x2dd53e190f593e : 2 : ittapi_config_apply_per_lib :  ITTAPI function not implemented: __itt_av_save
791040 : 0x2dd53e190f6106 : 2 : ittapi_config_apply_per_lib :  ITTAPI function instrumented: __itt_module_load
791040 : 0x2dd53e190f699f : 2 : ittapi_config_apply_per_lib :  ITTAPI function not implemented: __itt_module_unload