16 [139963968774848] INFO perfrun.launcher <> - Launcher main begin
31 [139963968774848] INFO perfrun.launcher <> - MessageCatalogInit finished
31 [139963968774848] INFO perfrun.launcher <> - Launcher instance created
31 [139963968774848] INFO perfrun.launcher <> - argc = 6; cmdline = /home/intel/oneapi/vtune/2021.1.1/bin64/amplxe-runss -dump-vdso -r /tmp/amplxe-tmp-efsilva/amplxe-res-901619-37304185483957956 --tmp-dir /tmp/amplxe-tmp-efsilva 
320 [139963968774848] INFO perfrun.launcher <> - plugin remoteplug has been added successfully
320 [139963968774848] INFO perfrun.launcher <> - plugin system has been added successfully
320 [139963968774848] INFO perfrun.launcher <> - plugin vdso has been added successfully
320 [139963968774848] INFO perfrun.launcher <> - plugin itt has been added successfully
320 [139963968774848] INFO perfrun.launcher <> - plugin ptracecollector has been added successfully
320 [139963968774848] INFO perfrun.launcher <> - plugin gpu has been added successfully
320 [139963968774848] INFO perfrun.launcher <> - plugin  has been added successfully
320 [139963968774848] INFO perfrun.launcher <> - plugin  has been added successfully
320 [139963968774848] INFO perfrun.launcher <> - plugin  has been added successfully
320 [139963968774848] INFO perfrun.launcher <> - plugin mrte has been added successfully
320 [139963968774848] INFO perfrun.launcher <> - plugin emon has been added successfully
320 [139963968774848] INFO perfrun.launcher <> - plugin cuscol has been added successfully
321 [139963968774848] INFO perfrun.launcher <> - plugin stdsrc has been added successfully
321 [139963968774848] INFO perfrun.launcher <> - plugin sep has been added successfully
321 [139963968774848] INFO perfrun.launcher <> - plugin vtsspp has been added successfully
321 [139963968774848] INFO perfrun.sdk <> - Reading value (-1) from file: /proc/sys/kernel/perf_event_paranoid
321 [139963968774848] INFO perfrun.perfcollector <> - checking access to: /home/intel/oneapi/vtune/2021.1.1/bin64/amplxe-perf-priv
325 [139963968774848] INFO perfrun.perfcollector <> - cpu: family = 6 model = 63
325 [139963968774848] INFO perfrun.perfcollector <> - dir found : /sys/bus/event_source/devices/software
325 [139963968774848] WARN perfrun.perfcollector <> - format subdir doesn't exist, at file: vcs/perfrun1/plugins/perfcollector/src/controller.cpp:725
325 [139963968774848] WARN perfrun.perfcollector <> - pmu hwInfo is not set, at file: vcs/perfrun1/plugins/perfcollector/src/controller.cpp:819
325 [139963968774848] INFO perfrun.perfcollector <> - pmu added : family : software , id : 0
325 [139963968774848] INFO perfrun.perfcollector <> - dir found : /sys/bus/event_source/devices/uncore_imc_5
325 [139963968774848] INFO perfrun.perfcollector <> - format: event config:0-7 mask:0-7
325 [139963968774848] INFO perfrun.perfcollector <> - format: edge config:18 mask:18
325 [139963968774848] INFO perfrun.perfcollector <> - format: inv config:23 mask:23
325 [139963968774848] INFO perfrun.perfcollector <> - format: umask config:8-15 mask:8-15
325 [139963968774848] INFO perfrun.perfcollector <> - format: thresh config:24-31 mask:24-31
325 [139963968774848] INFO perfrun.perfcollector <> - hwInfo : PERF_IMC_PMU_DETAILS
325 [139963968774848] INFO perfrun.perfcollector <> - pmu added : family : uncore_imc , id : 5
325 [139963968774848] INFO perfrun.perfcollector <> - dir found : /sys/bus/event_source/devices/uncore_sbox_2
325 [139963968774848] INFO perfrun.perfcollector <> - format: event config:0-7 mask:0-7
325 [139963968774848] INFO perfrun.perfcollector <> - format: edge config:18 mask:18
325 [139963968774848] INFO perfrun.perfcollector <> - format: inv config:23 mask:23
325 [139963968774848] INFO perfrun.perfcollector <> - format: umask config:8-15 mask:8-15
325 [139963968774848] INFO perfrun.perfcollector <> - format: tid_en config:19 mask:19
325 [139963968774848] INFO perfrun.perfcollector <> - format: thresh config:24-31 mask:24-31
325 [139963968774848] WARN perfrun.perfcollector <> - pmu hwInfo is not set, at file: vcs/perfrun1/plugins/perfcollector/src/controller.cpp:819
325 [139963968774848] INFO perfrun.perfcollector <> - pmu added : family : uncore_sbox , id : 2
325 [139963968774848] INFO perfrun.perfcollector <> - dir found : /sys/bus/event_source/devices/uncore_cbox_8
325 [139963968774848] INFO perfrun.perfcollector <> - format: event config:0-7 mask:0-7
325 [139963968774848] INFO perfrun.perfcollector <> - format: filter_link config1:6-8 mask:6-8
325 [139963968774848] INFO perfrun.perfcollector <> - format: filter_c6 config1:61 mask:61
325 [139963968774848] INFO perfrun.perfcollector <> - format: edge config:18 mask:18
325 [139963968774848] INFO perfrun.perfcollector <> - format: filter_isoc config1:63 mask:63
325 [139963968774848] INFO perfrun.perfcollector <> - format: filter_tid config1:0-5 mask:0-5
325 [139963968774848] INFO perfrun.perfcollector <> - format: filter_nid config1:32-47 mask:32-47
325 [139963968774848] INFO perfrun.perfcollector <> - format: filter_nc config1:62 mask:62
325 [139963968774848] INFO perfrun.perfcollector <> - format: umask config:8-15 mask:8-15
326 [139963968774848] INFO perfrun.perfcollector <> - format: tid_en config:19 mask:19
326 [139963968774848] INFO perfrun.perfcollector <> - format: thresh config:24-31 mask:24-31
326 [139963968774848] INFO perfrun.perfcollector <> - format: filter_state config1:17-23 mask:17-23
326 [139963968774848] INFO perfrun.perfcollector <> - format: filter_opc config1:52-60 mask:52-60
326 [139963968774848] WARN perfrun.perfcollector <> - pmu hwInfo is not set, at file: vcs/perfrun1/plugins/perfcollector/src/controller.cpp:819
326 [139963968774848] INFO perfrun.perfcollector <> - pmu added : family : uncore_cbox , id : 8
326 [139963968774848] INFO perfrun.perfcollector <> - dir found : /sys/bus/event_source/devices/uncore_r2pcie
326 [139963968774848] INFO perfrun.perfcollector <> - format: event config:0-7 mask:0-7
326 [139963968774848] INFO perfrun.perfcollector <> - format: edge config:18 mask:18
326 [139963968774848] INFO perfrun.perfcollector <> - format: inv config:23 mask:23
326 [139963968774848] INFO perfrun.perfcollector <> - format: umask config:8-15 mask:8-15
326 [139963968774848] INFO perfrun.perfcollector <> - format: thresh config:24-31 mask:24-31
326 [139963968774848] WARN perfrun.perfcollector <> - pmu hwInfo is not set, at file: vcs/perfrun1/plugins/perfcollector/src/controller.cpp:819
326 [139963968774848] INFO perfrun.perfcollector <> - pmu added : family : uncore_r2pcie , id : 0
326 [139963968774848] INFO perfrun.perfcollector <> - dir found : /sys/bus/event_source/devices/uncore_sbox_0
326 [139963968774848] INFO perfrun.perfcollector <> - format: event config:0-7 mask:0-7
326 [139963968774848] INFO perfrun.perfcollector <> - format: edge config:18 mask:18
326 [139963968774848] INFO perfrun.perfcollector <> - format: inv config:23 mask:23
326 [139963968774848] INFO perfrun.perfcollector <> - format: umask config:8-15 mask:8-15
326 [139963968774848] INFO perfrun.perfcollector <> - format: tid_en config:19 mask:19
326 [139963968774848] INFO perfrun.perfcollector <> - format: thresh config:24-31 mask:24-31
326 [139963968774848] WARN perfrun.perfcollector <> - pmu hwInfo is not set, at file: vcs/perfrun1/plugins/perfcollector/src/controller.cpp:819
326 [139963968774848] INFO perfrun.perfcollector <> - pmu added : family : uncore_sbox , id : 0
326 [139963968774848] INFO perfrun.perfcollector <> - dir found : /sys/bus/event_source/devices/uncore_cbox_6
326 [139963968774848] INFO perfrun.perfcollector <> - format: event config:0-7 mask:0-7
326 [139963968774848] INFO perfrun.perfcollector <> - format: filter_link config1:6-8 mask:6-8
326 [139963968774848] INFO perfrun.perfcollector <> - format: filter_c6 config1:61 mask:61
326 [139963968774848] INFO perfrun.perfcollector <> - format: edge config:18 mask:18
326 [139963968774848] INFO perfrun.perfcollector <> - format: filter_isoc config1:63 mask:63
326 [139963968774848] INFO perfrun.perfcollector <> - format: filter_tid config1:0-5 mask:0-5
326 [139963968774848] INFO perfrun.perfcollector <> - format: filter_nid config1:32-47 mask:32-47
327 [139963968774848] INFO perfrun.perfcollector <> - format: filter_nc config1:62 mask:62
327 [139963968774848] INFO perfrun.perfcollector <> - format: umask config:8-15 mask:8-15
327 [139963968774848] INFO perfrun.perfcollector <> - format: tid_en config:19 mask:19
327 [139963968774848] INFO perfrun.perfcollector <> - format: thresh config:24-31 mask:24-31
327 [139963968774848] INFO perfrun.perfcollector <> - format: filter_state config1:17-23 mask:17-23
327 [139963968774848] INFO perfrun.perfcollector <> - format: filter_opc config1:52-60 mask:52-60
327 [139963968774848] WARN perfrun.perfcollector <> - pmu hwInfo is not set, at file: vcs/perfrun1/plugins/perfcollector/src/controller.cpp:819
327 [139963968774848] INFO perfrun.perfcollector <> - pmu added : family : uncore_cbox , id : 6
327 [139963968774848] INFO perfrun.perfcollector <> - dir found : /sys/bus/event_source/devices/uncore_imc_1
327 [139963968774848] INFO perfrun.perfcollector <> - format: event config:0-7 mask:0-7
327 [139963968774848] INFO perfrun.perfcollector <> - format: edge config:18 mask:18
327 [139963968774848] INFO perfrun.perfcollector <> - format: inv config:23 mask:23
327 [139963968774848] INFO perfrun.perfcollector <> - format: umask config:8-15 mask:8-15
327 [139963968774848] INFO perfrun.perfcollector <> - format: thresh config:24-31 mask:24-31
327 [139963968774848] INFO perfrun.perfcollector <> - hwInfo : PERF_IMC_PMU_DETAILS
327 [139963968774848] INFO perfrun.perfcollector <> - pmu added : family : uncore_imc , id : 1
327 [139963968774848] INFO perfrun.perfcollector <> - dir found : /sys/bus/event_source/devices/power
327 [139963968774848] INFO perfrun.perfcollector <> - format: event config:0-7 mask:0-7
327 [139963968774848] WARN perfrun.perfcollector <> - pmu hwInfo is not set, at file: vcs/perfrun1/plugins/perfcollector/src/controller.cpp:819
327 [139963968774848] INFO perfrun.perfcollector <> - pmu added : family : power , id : 0
327 [139963968774848] INFO perfrun.perfcollector <> - dir found : /sys/bus/event_source/devices/uncore_cbox_4
327 [139963968774848] INFO perfrun.perfcollector <> - format: event config:0-7 mask:0-7
327 [139963968774848] INFO perfrun.perfcollector <> - format: filter_link config1:6-8 mask:6-8
327 [139963968774848] INFO perfrun.perfcollector <> - format: filter_c6 config1:61 mask:61
327 [139963968774848] INFO perfrun.perfcollector <> - format: edge config:18 mask:18
327 [139963968774848] INFO perfrun.perfcollector <> - format: filter_isoc config1:63 mask:63
327 [139963968774848] INFO perfrun.perfcollector <> - format: filter_tid config1:0-5 mask:0-5
327 [139963968774848] INFO perfrun.perfcollector <> - format: filter_nid config1:32-47 mask:32-47
327 [139963968774848] INFO perfrun.perfcollector <> - format: filter_nc config1:62 mask:62
327 [139963968774848] INFO perfrun.perfcollector <> - format: umask config:8-15 mask:8-15
327 [139963968774848] INFO perfrun.perfcollector <> - format: tid_en config:19 mask:19
327 [139963968774848] INFO perfrun.perfcollector <> - format: thresh config:24-31 mask:24-31
327 [139963968774848] INFO perfrun.perfcollector <> - format: filter_state config1:17-23 mask:17-23
327 [139963968774848] INFO perfrun.perfcollector <> - format: filter_opc config1:52-60 mask:52-60
327 [139963968774848] WARN perfrun.perfcollector <> - pmu hwInfo is not set, at file: vcs/perfrun1/plugins/perfcollector/src/controller.cpp:819
327 [139963968774848] INFO perfrun.perfcollector <> - pmu added : family : uncore_cbox , id : 4
328 [139963968774848] INFO perfrun.perfcollector <> - dir found : /sys/bus/event_source/devices/uprobe
328 [139963968774848] INFO perfrun.perfcollector <> - format: ref_ctr_offset config:32-63 mask:32-63
328 [139963968774848] INFO perfrun.perfcollector <> - format: retprobe config:0 mask:0
328 [139963968774848] WARN perfrun.perfcollector <> - pmu hwInfo is not set, at file: vcs/perfrun1/plugins/perfcollector/src/controller.cpp:819
328 [139963968774848] INFO perfrun.perfcollector <> - pmu added : family : uprobe , id : 0
328 [139963968774848] INFO perfrun.perfcollector <> - dir found : /sys/bus/event_source/devices/cpu
328 [139963968774848] INFO perfrun.perfcollector <> - format: event config:0-7 mask:0-7
328 [139963968774848] INFO perfrun.perfcollector <> - format: pc config:19 mask:19
328 [139963968774848] INFO perfrun.perfcollector <> - format: edge config:18 mask:18
328 [139963968774848] INFO perfrun.perfcollector <> - format: any config:21 mask:21
328 [139963968774848] INFO perfrun.perfcollector <> - format: offcore_rsp config1:0-63 mask:0-63
328 [139963968774848] INFO perfrun.perfcollector <> - format: ldlat config1:0-15 mask:0-15
328 [139963968774848] INFO perfrun.perfcollector <> - format: inv config:23 mask:23
328 [139963968774848] INFO perfrun.perfcollector <> - format: umask config:8-15 mask:8-15
328 [139963968774848] INFO perfrun.perfcollector <> - format: cmask config:24-31 mask:24-31
328 [139963968774848] INFO perfrun.perfcollector <> - hwInfo : PERF_CPU_PMU_DETAILS
328 [139963968774848] INFO perfrun.perfcollector <> - pmu added : family : cpu , id : 0
328 [139963968774848] INFO perfrun.perfcollector <> - dir found : /sys/bus/event_source/devices/uncore_r3qpi_0
328 [139963968774848] INFO perfrun.perfcollector <> - format: event config:0-7 mask:0-7
328 [139963968774848] INFO perfrun.perfcollector <> - format: edge config:18 mask:18
328 [139963968774848] INFO perfrun.perfcollector <> - format: inv config:23 mask:23
328 [139963968774848] INFO perfrun.perfcollector <> - format: umask config:8-15 mask:8-15
328 [139963968774848] INFO perfrun.perfcollector <> - format: thresh config:24-31 mask:24-31
328 [139963968774848] WARN perfrun.perfcollector <> - pmu hwInfo is not set, at file: vcs/perfrun1/plugins/perfcollector/src/controller.cpp:819
328 [139963968774848] INFO perfrun.perfcollector <> - pmu added : family : uncore_r3qpi , id : 0
328 [139963968774848] INFO perfrun.perfcollector <> - dir found : /sys/bus/event_source/devices/cstate_core
328 [139963968774848] INFO perfrun.perfcollector <> - format: event config:0-63 mask:0-63
328 [139963968774848] WARN perfrun.perfcollector <> - pmu hwInfo is not set, at file: vcs/perfrun1/plugins/perfcollector/src/controller.cpp:819
328 [139963968774848] INFO perfrun.perfcollector <> - pmu added : family : cstate_core , id : 0
328 [139963968774848] INFO perfrun.perfcollector <> - dir found : /sys/bus/event_source/devices/uncore_cbox_2
328 [139963968774848] INFO perfrun.perfcollector <> - format: event config:0-7 mask:0-7
328 [139963968774848] INFO perfrun.perfcollector <> - format: filter_link config1:6-8 mask:6-8
328 [139963968774848] INFO perfrun.perfcollector <> - format: filter_c6 config1:61 mask:61
329 [139963968774848] INFO perfrun.perfcollector <> - format: edge config:18 mask:18
329 [139963968774848] INFO perfrun.perfcollector <> - format: filter_isoc config1:63 mask:63
329 [139963968774848] INFO perfrun.perfcollector <> - format: filter_tid config1:0-5 mask:0-5
329 [139963968774848] INFO perfrun.perfcollector <> - format: filter_nid config1:32-47 mask:32-47
329 [139963968774848] INFO perfrun.perfcollector <> - format: filter_nc config1:62 mask:62
329 [139963968774848] INFO perfrun.perfcollector <> - format: umask config:8-15 mask:8-15
329 [139963968774848] INFO perfrun.perfcollector <> - format: tid_en config:19 mask:19
329 [139963968774848] INFO perfrun.perfcollector <> - format: thresh config:24-31 mask:24-31
329 [139963968774848] INFO perfrun.perfcollector <> - format: filter_state config1:17-23 mask:17-23
329 [139963968774848] INFO perfrun.perfcollector <> - format: filter_opc config1:52-60 mask:52-60
329 [139963968774848] WARN perfrun.perfcollector <> - pmu hwInfo is not set, at file: vcs/perfrun1/plugins/perfcollector/src/controller.cpp:819
329 [139963968774848] INFO perfrun.perfcollector <> - pmu added : family : uncore_cbox , id : 2
329 [139963968774848] INFO perfrun.perfcollector <> - dir found : /sys/bus/event_source/devices/breakpoint
329 [139963968774848] WARN perfrun.perfcollector <> - format subdir doesn't exist, at file: vcs/perfrun1/plugins/perfcollector/src/controller.cpp:725
329 [139963968774848] WARN perfrun.perfcollector <> - pmu hwInfo is not set, at file: vcs/perfrun1/plugins/perfcollector/src/controller.cpp:819
329 [139963968774848] INFO perfrun.perfcollector <> - pmu added : family : breakpoint , id : 0
329 [139963968774848] INFO perfrun.perfcollector <> - dir found : /sys/bus/event_source/devices/uncore_ha_0
329 [139963968774848] INFO perfrun.perfcollector <> - format: event config:0-7 mask:0-7
329 [139963968774848] INFO perfrun.perfcollector <> - format: edge config:18 mask:18
329 [139963968774848] INFO perfrun.perfcollector <> - format: inv config:23 mask:23
329 [139963968774848] INFO perfrun.perfcollector <> - format: umask config:8-15 mask:8-15
329 [139963968774848] INFO perfrun.perfcollector <> - format: thresh config:24-31 mask:24-31
329 [139963968774848] WARN perfrun.perfcollector <> - pmu hwInfo is not set, at file: vcs/perfrun1/plugins/perfcollector/src/controller.cpp:819
329 [139963968774848] INFO perfrun.perfcollector <> - pmu added : family : uncore_ha , id : 0
329 [139963968774848] INFO perfrun.perfcollector <> - dir found : /sys/bus/event_source/devices/uncore_cbox_0
329 [139963968774848] INFO perfrun.perfcollector <> - format: event config:0-7 mask:0-7
329 [139963968774848] INFO perfrun.perfcollector <> - format: filter_link config1:6-8 mask:6-8
329 [139963968774848] INFO perfrun.perfcollector <> - format: filter_c6 config1:61 mask:61
329 [139963968774848] INFO perfrun.perfcollector <> - format: edge config:18 mask:18
329 [139963968774848] INFO perfrun.perfcollector <> - format: filter_isoc config1:63 mask:63
329 [139963968774848] INFO perfrun.perfcollector <> - format: filter_tid config1:0-5 mask:0-5
329 [139963968774848] INFO perfrun.perfcollector <> - format: filter_nid config1:32-47 mask:32-47
329 [139963968774848] INFO perfrun.perfcollector <> - format: filter_nc config1:62 mask:62
329 [139963968774848] INFO perfrun.perfcollector <> - format: umask config:8-15 mask:8-15
329 [139963968774848] INFO perfrun.perfcollector <> - format: tid_en config:19 mask:19
329 [139963968774848] INFO perfrun.perfcollector <> - format: thresh config:24-31 mask:24-31
329 [139963968774848] INFO perfrun.perfcollector <> - format: filter_state config1:17-23 mask:17-23
330 [139963968774848] INFO perfrun.perfcollector <> - format: filter_opc config1:52-60 mask:52-60
330 [139963968774848] WARN perfrun.perfcollector <> - pmu hwInfo is not set, at file: vcs/perfrun1/plugins/perfcollector/src/controller.cpp:819
330 [139963968774848] INFO perfrun.perfcollector <> - pmu added : family : uncore_cbox , id : 0
330 [139963968774848] INFO perfrun.perfcollector <> - dir found : /sys/bus/event_source/devices/tracepoint
330 [139963968774848] WARN perfrun.perfcollector <> - format subdir doesn't exist, at file: vcs/perfrun1/plugins/perfcollector/src/controller.cpp:725
330 [139963968774848] WARN perfrun.perfcollector <> - pmu hwInfo is not set, at file: vcs/perfrun1/plugins/perfcollector/src/controller.cpp:819
330 [139963968774848] INFO perfrun.perfcollector <> - pmu added : family : tracepoint , id : 0
330 [139963968774848] INFO perfrun.perfcollector <> - dir found : /sys/bus/event_source/devices/uncore_sbox_3
330 [139963968774848] INFO perfrun.perfcollector <> - format: event config:0-7 mask:0-7
330 [139963968774848] INFO perfrun.perfcollector <> - format: edge config:18 mask:18
330 [139963968774848] INFO perfrun.perfcollector <> - format: inv config:23 mask:23
330 [139963968774848] INFO perfrun.perfcollector <> - format: umask config:8-15 mask:8-15
330 [139963968774848] INFO perfrun.perfcollector <> - format: tid_en config:19 mask:19
330 [139963968774848] INFO perfrun.perfcollector <> - format: thresh config:24-31 mask:24-31
330 [139963968774848] WARN perfrun.perfcollector <> - pmu hwInfo is not set, at file: vcs/perfrun1/plugins/perfcollector/src/controller.cpp:819
330 [139963968774848] INFO perfrun.perfcollector <> - pmu added : family : uncore_sbox , id : 3
330 [139963968774848] INFO perfrun.perfcollector <> - dir found : /sys/bus/event_source/devices/uncore_cbox_9
330 [139963968774848] INFO perfrun.perfcollector <> - format: event config:0-7 mask:0-7
330 [139963968774848] INFO perfrun.perfcollector <> - format: filter_link config1:6-8 mask:6-8
330 [139963968774848] INFO perfrun.perfcollector <> - format: filter_c6 config1:61 mask:61
330 [139963968774848] INFO perfrun.perfcollector <> - format: edge config:18 mask:18
330 [139963968774848] INFO perfrun.perfcollector <> - format: filter_isoc config1:63 mask:63
330 [139963968774848] INFO perfrun.perfcollector <> - format: filter_tid config1:0-5 mask:0-5
330 [139963968774848] INFO perfrun.perfcollector <> - format: filter_nid config1:32-47 mask:32-47
330 [139963968774848] INFO perfrun.perfcollector <> - format: filter_nc config1:62 mask:62
330 [139963968774848] INFO perfrun.perfcollector <> - format: umask config:8-15 mask:8-15
330 [139963968774848] INFO perfrun.perfcollector <> - format: tid_en config:19 mask:19
330 [139963968774848] INFO perfrun.perfcollector <> - format: thresh config:24-31 mask:24-31
330 [139963968774848] INFO perfrun.perfcollector <> - format: filter_state config1:17-23 mask:17-23
330 [139963968774848] INFO perfrun.perfcollector <> - format: filter_opc config1:52-60 mask:52-60
330 [139963968774848] WARN perfrun.perfcollector <> - pmu hwInfo is not set, at file: vcs/perfrun1/plugins/perfcollector/src/controller.cpp:819
330 [139963968774848] INFO perfrun.perfcollector <> - pmu added : family : uncore_cbox , id : 9
330 [139963968774848] INFO perfrun.perfcollector <> - dir found : /sys/bus/event_source/devices/cstate_pkg
330 [139963968774848] INFO perfrun.perfcollector <> - format: event config:0-63 mask:0-63
330 [139963968774848] WARN perfrun.perfcollector <> - pmu hwInfo is not set, at file: vcs/perfrun1/plugins/perfcollector/src/controller.cpp:819
331 [139963968774848] INFO perfrun.perfcollector <> - pmu added : family : cstate_pkg , id : 0
331 [139963968774848] INFO perfrun.perfcollector <> - dir found : /sys/bus/event_source/devices/uncore_imc_4
331 [139963968774848] INFO perfrun.perfcollector <> - format: event config:0-7 mask:0-7
331 [139963968774848] INFO perfrun.perfcollector <> - format: edge config:18 mask:18
331 [139963968774848] INFO perfrun.perfcollector <> - format: inv config:23 mask:23
331 [139963968774848] INFO perfrun.perfcollector <> - format: umask config:8-15 mask:8-15
331 [139963968774848] INFO perfrun.perfcollector <> - format: thresh config:24-31 mask:24-31
331 [139963968774848] INFO perfrun.perfcollector <> - hwInfo : PERF_IMC_PMU_DETAILS
331 [139963968774848] INFO perfrun.perfcollector <> - pmu added : family : uncore_imc , id : 4
331 [139963968774848] INFO perfrun.perfcollector <> - dir found : /sys/bus/event_source/devices/uncore_ubox
331 [139963968774848] INFO perfrun.perfcollector <> - format: event config:0-7 mask:0-7
331 [139963968774848] INFO perfrun.perfcollector <> - format: edge config:18 mask:18
331 [139963968774848] INFO perfrun.perfcollector <> - format: filter_tid config1:0 mask:0
331 [139963968774848] INFO perfrun.perfcollector <> - format: inv config:23 mask:23
331 [139963968774848] INFO perfrun.perfcollector <> - format: umask config:8-15 mask:8-15
331 [139963968774848] INFO perfrun.perfcollector <> - format: thresh config:24-28 mask:24-28
331 [139963968774848] INFO perfrun.perfcollector <> - format: filter_cid config1:5 mask:5
331 [139963968774848] WARN perfrun.perfcollector <> - pmu hwInfo is not set, at file: vcs/perfrun1/plugins/perfcollector/src/controller.cpp:819
331 [139963968774848] INFO perfrun.perfcollector <> - pmu added : family : uncore_ubox , id : 0
331 [139963968774848] INFO perfrun.perfcollector <> - dir found : /sys/bus/event_source/devices/uncore_sbox_1
331 [139963968774848] INFO perfrun.perfcollector <> - format: event config:0-7 mask:0-7
331 [139963968774848] INFO perfrun.perfcollector <> - format: edge config:18 mask:18
331 [139963968774848] INFO perfrun.perfcollector <> - format: inv config:23 mask:23
331 [139963968774848] INFO perfrun.perfcollector <> - format: umask config:8-15 mask:8-15
331 [139963968774848] INFO perfrun.perfcollector <> - format: tid_en config:19 mask:19
331 [139963968774848] INFO perfrun.perfcollector <> - format: thresh config:24-31 mask:24-31
331 [139963968774848] WARN perfrun.perfcollector <> - pmu hwInfo is not set, at file: vcs/perfrun1/plugins/perfcollector/src/controller.cpp:819
331 [139963968774848] INFO perfrun.perfcollector <> - pmu added : family : uncore_sbox , id : 1
331 [139963968774848] INFO perfrun.perfcollector <> - dir found : /sys/bus/event_source/devices/uncore_cbox_7
331 [139963968774848] INFO perfrun.perfcollector <> - format: event config:0-7 mask:0-7
331 [139963968774848] INFO perfrun.perfcollector <> - format: filter_link config1:6-8 mask:6-8
331 [139963968774848] INFO perfrun.perfcollector <> - format: filter_c6 config1:61 mask:61
331 [139963968774848] INFO perfrun.perfcollector <> - format: edge config:18 mask:18
332 [139963968774848] INFO perfrun.perfcollector <> - format: filter_isoc config1:63 mask:63
332 [139963968774848] INFO perfrun.perfcollector <> - format: filter_tid config1:0-5 mask:0-5
332 [139963968774848] INFO perfrun.perfcollector <> - format: filter_nid config1:32-47 mask:32-47
332 [139963968774848] INFO perfrun.perfcollector <> - format: filter_nc config1:62 mask:62
332 [139963968774848] INFO perfrun.perfcollector <> - format: umask config:8-15 mask:8-15
332 [139963968774848] INFO perfrun.perfcollector <> - format: tid_en config:19 mask:19
332 [139963968774848] INFO perfrun.perfcollector <> - format: thresh config:24-31 mask:24-31
332 [139963968774848] INFO perfrun.perfcollector <> - format: filter_state config1:17-23 mask:17-23
332 [139963968774848] INFO perfrun.perfcollector <> - format: filter_opc config1:52-60 mask:52-60
332 [139963968774848] WARN perfrun.perfcollector <> - pmu hwInfo is not set, at file: vcs/perfrun1/plugins/perfcollector/src/controller.cpp:819
332 [139963968774848] INFO perfrun.perfcollector <> - pmu added : family : uncore_cbox , id : 7
332 [139963968774848] INFO perfrun.perfcollector <> - dir found : /sys/bus/event_source/devices/kprobe
332 [139963968774848] INFO perfrun.perfcollector <> - format: retprobe config:0 mask:0
332 [139963968774848] WARN perfrun.perfcollector <> - pmu hwInfo is not set, at file: vcs/perfrun1/plugins/perfcollector/src/controller.cpp:819
332 [139963968774848] INFO perfrun.perfcollector <> - pmu added : family : kprobe , id : 0
332 [139963968774848] INFO perfrun.perfcollector <> - dir found : /sys/bus/event_source/devices/uncore_cbox_5
332 [139963968774848] INFO perfrun.perfcollector <> - format: event config:0-7 mask:0-7
332 [139963968774848] INFO perfrun.perfcollector <> - format: filter_link config1:6-8 mask:6-8
332 [139963968774848] INFO perfrun.perfcollector <> - format: filter_c6 config1:61 mask:61
332 [139963968774848] INFO perfrun.perfcollector <> - format: edge config:18 mask:18
332 [139963968774848] INFO perfrun.perfcollector <> - format: filter_isoc config1:63 mask:63
332 [139963968774848] INFO perfrun.perfcollector <> - format: filter_tid config1:0-5 mask:0-5
332 [139963968774848] INFO perfrun.perfcollector <> - format: filter_nid config1:32-47 mask:32-47
333 [139963968774848] INFO perfrun.perfcollector <> - format: filter_nc config1:62 mask:62
333 [139963968774848] INFO perfrun.perfcollector <> - format: umask config:8-15 mask:8-15
333 [139963968774848] INFO perfrun.perfcollector <> - format: tid_en config:19 mask:19
333 [139963968774848] INFO perfrun.perfcollector <> - format: thresh config:24-31 mask:24-31
333 [139963968774848] INFO perfrun.perfcollector <> - format: filter_state config1:17-23 mask:17-23
333 [139963968774848] INFO perfrun.perfcollector <> - format: filter_opc config1:52-60 mask:52-60
333 [139963968774848] WARN perfrun.perfcollector <> - pmu hwInfo is not set, at file: vcs/perfrun1/plugins/perfcollector/src/controller.cpp:819
333 [139963968774848] INFO perfrun.perfcollector <> - pmu added : family : uncore_cbox , id : 5
333 [139963968774848] INFO perfrun.perfcollector <> - dir found : /sys/bus/event_source/devices/uncore_imc_0
333 [139963968774848] INFO perfrun.perfcollector <> - format: event config:0-7 mask:0-7
333 [139963968774848] INFO perfrun.perfcollector <> - format: edge config:18 mask:18
333 [139963968774848] INFO perfrun.perfcollector <> - format: inv config:23 mask:23
333 [139963968774848] INFO perfrun.perfcollector <> - format: umask config:8-15 mask:8-15
333 [139963968774848] INFO perfrun.perfcollector <> - format: thresh config:24-31 mask:24-31
333 [139963968774848] INFO perfrun.perfcollector <> - hwInfo : PERF_IMC_PMU_DETAILS
333 [139963968774848] INFO perfrun.perfcollector <> - pmu added : family : uncore_imc , id : 0
333 [139963968774848] INFO perfrun.perfcollector <> - dir found : /sys/bus/event_source/devices/uncore_pcu
333 [139963968774848] INFO perfrun.perfcollector <> - format: filter_band2 config1:16-23 mask:16-23
333 [139963968774848] INFO perfrun.perfcollector <> - format: event config:0-7 mask:0-7
333 [139963968774848] INFO perfrun.perfcollector <> - format: filter_band0 config1:0-7 mask:0-7
333 [139963968774848] INFO perfrun.perfcollector <> - format: edge config:18 mask:18
333 [139963968774848] INFO perfrun.perfcollector <> - format: occ_invert config:30 mask:30
333 [139963968774848] INFO perfrun.perfcollector <> - format: occ_edge config:14-51 mask:14-51
333 [139963968774848] INFO perfrun.perfcollector <> - format: filter_band3 config1:24-31 mask:24-31
333 [139963968774848] INFO perfrun.perfcollector <> - format: filter_band1 config1:8-15 mask:8-15
333 [139963968774848] INFO perfrun.perfcollector <> - format: inv config:23 mask:23
333 [139963968774848] INFO perfrun.perfcollector <> - format: thresh config:24-28 mask:24-28
333 [139963968774848] INFO perfrun.perfcollector <> - format: occ_sel config:14-15 mask:14-15
333 [139963968774848] WARN perfrun.perfcollector <> - pmu hwInfo is not set, at file: vcs/perfrun1/plugins/perfcollector/src/controller.cpp:819
333 [139963968774848] INFO perfrun.perfcollector <> - pmu added : family : uncore_pcu , id : 0
333 [139963968774848] INFO perfrun.perfcollector <> - dir found : /sys/bus/event_source/devices/uncore_r3qpi_1
333 [139963968774848] INFO perfrun.perfcollector <> - format: event config:0-7 mask:0-7
333 [139963968774848] INFO perfrun.perfcollector <> - format: edge config:18 mask:18
334 [139963968774848] INFO perfrun.perfcollector <> - format: inv config:23 mask:23
334 [139963968774848] INFO perfrun.perfcollector <> - format: umask config:8-15 mask:8-15
334 [139963968774848] INFO perfrun.perfcollector <> - format: thresh config:24-31 mask:24-31
334 [139963968774848] WARN perfrun.perfcollector <> - pmu hwInfo is not set, at file: vcs/perfrun1/plugins/perfcollector/src/controller.cpp:819
334 [139963968774848] INFO perfrun.perfcollector <> - pmu added : family : uncore_r3qpi , id : 1
334 [139963968774848] INFO perfrun.perfcollector <> - dir found : /sys/bus/event_source/devices/msr
334 [139963968774848] INFO perfrun.perfcollector <> - format: event config:0-63 mask:0-63
334 [139963968774848] WARN perfrun.perfcollector <> - pmu hwInfo is not set, at file: vcs/perfrun1/plugins/perfcollector/src/controller.cpp:819
334 [139963968774848] INFO perfrun.perfcollector <> - pmu added : family : msr , id : 0
334 [139963968774848] INFO perfrun.perfcollector <> - dir found : /sys/bus/event_source/devices/uncore_cbox_3
334 [139963968774848] INFO perfrun.perfcollector <> - format: event config:0-7 mask:0-7
334 [139963968774848] INFO perfrun.perfcollector <> - format: filter_link config1:6-8 mask:6-8
334 [139963968774848] INFO perfrun.perfcollector <> - format: filter_c6 config1:61 mask:61
334 [139963968774848] INFO perfrun.perfcollector <> - format: edge config:18 mask:18
334 [139963968774848] INFO perfrun.perfcollector <> - format: filter_isoc config1:63 mask:63
334 [139963968774848] INFO perfrun.perfcollector <> - format: filter_tid config1:0-5 mask:0-5
334 [139963968774848] INFO perfrun.perfcollector <> - format: filter_nid config1:32-47 mask:32-47
334 [139963968774848] INFO perfrun.perfcollector <> - format: filter_nc config1:62 mask:62
334 [139963968774848] INFO perfrun.perfcollector <> - format: umask config:8-15 mask:8-15
334 [139963968774848] INFO perfrun.perfcollector <> - format: tid_en config:19 mask:19
334 [139963968774848] INFO perfrun.perfcollector <> - format: thresh config:24-31 mask:24-31
334 [139963968774848] INFO perfrun.perfcollector <> - format: filter_state config1:17-23 mask:17-23
334 [139963968774848] INFO perfrun.perfcollector <> - format: filter_opc config1:52-60 mask:52-60
334 [139963968774848] WARN perfrun.perfcollector <> - pmu hwInfo is not set, at file: vcs/perfrun1/plugins/perfcollector/src/controller.cpp:819
334 [139963968774848] INFO perfrun.perfcollector <> - pmu added : family : uncore_cbox , id : 3
334 [139963968774848] INFO perfrun.perfcollector <> - dir found : /sys/bus/event_source/devices/uncore_ha_1
334 [139963968774848] INFO perfrun.perfcollector <> - format: event config:0-7 mask:0-7
334 [139963968774848] INFO perfrun.perfcollector <> - format: edge config:18 mask:18
334 [139963968774848] INFO perfrun.perfcollector <> - format: inv config:23 mask:23
334 [139963968774848] INFO perfrun.perfcollector <> - format: umask config:8-15 mask:8-15
334 [139963968774848] INFO perfrun.perfcollector <> - format: thresh config:24-31 mask:24-31
334 [139963968774848] WARN perfrun.perfcollector <> - pmu hwInfo is not set, at file: vcs/perfrun1/plugins/perfcollector/src/controller.cpp:819
334 [139963968774848] INFO perfrun.perfcollector <> - pmu added : family : uncore_ha , id : 1
334 [139963968774848] INFO perfrun.perfcollector <> - dir found : /sys/bus/event_source/devices/uncore_cbox_1
335 [139963968774848] INFO perfrun.perfcollector <> - format: event config:0-7 mask:0-7
335 [139963968774848] INFO perfrun.perfcollector <> - format: filter_link config1:6-8 mask:6-8
335 [139963968774848] INFO perfrun.perfcollector <> - format: filter_c6 config1:61 mask:61
335 [139963968774848] INFO perfrun.perfcollector <> - format: edge config:18 mask:18
335 [139963968774848] INFO perfrun.perfcollector <> - format: filter_isoc config1:63 mask:63
335 [139963968774848] INFO perfrun.perfcollector <> - format: filter_tid config1:0-5 mask:0-5
335 [139963968774848] INFO perfrun.perfcollector <> - format: filter_nid config1:32-47 mask:32-47
335 [139963968774848] INFO perfrun.perfcollector <> - format: filter_nc config1:62 mask:62
335 [139963968774848] INFO perfrun.perfcollector <> - format: umask config:8-15 mask:8-15
335 [139963968774848] INFO perfrun.perfcollector <> - format: tid_en config:19 mask:19
335 [139963968774848] INFO perfrun.perfcollector <> - format: thresh config:24-31 mask:24-31
335 [139963968774848] INFO perfrun.perfcollector <> - format: filter_state config1:17-23 mask:17-23
335 [139963968774848] INFO perfrun.perfcollector <> - format: filter_opc config1:52-60 mask:52-60
335 [139963968774848] WARN perfrun.perfcollector <> - pmu hwInfo is not set, at file: vcs/perfrun1/plugins/perfcollector/src/controller.cpp:819
335 [139963968774848] INFO perfrun.perfcollector <> - pmu added : family : uncore_cbox , id : 1
335 [139963968774848] INFO perfrun.launcher <> - plugin perf has been added successfully
335 [139963968774848] INFO perfrun.launcher <> - plugin aoclprofile has been added successfully
335 [139963968774848] INFO perfrun.launcher <> - plugin tpss has been added successfully
335 [139963968774848] INFO perfrun.launcher <> - plugin exprof has been added successfully
335 [139963968774848] INFO perfrun.launcher <> - plugin media has been added successfully
335 [139963968774848] INFO perfrun.launcher <> - plugin ice has been added successfully
335 [139963968774848] INFO perfrun.launcher <> - plugin  has been added successfully
335 [139963968774848] INFO perfrun.launcher <> - plugin  has been added successfully
335 [139963968774848] INFO perfrun.launcher <> - plugin parallelfs has been added successfully
335 [139963968774848] INFO perfrun.launcher <> - plugin power has been added successfully
335 [139963968774848] INFO perfrun.launcher <> - plugin hwloc has been added successfully
335 [139963968774848] INFO perfrun.launcher <> - plugin ipmwatch has been added successfully
335 [139963968774848] INFO perfrun.launcher <> - plugin os_counters has been added successfully
336 [139963968774848] INFO perfrun.launcher <> - the option was added --interval: Specify an interval of data collection (for example, sampling) in milliseconds.
336 [139963968774848] INFO perfrun.launcher <> - the option was added --follow-child: Profile process with or without children.
336 [139963968774848] INFO perfrun.launcher <> - the option was added --gelding: BADMSG: perfrun1.launcher.plugin_manager::gelding
336 [139963968774848] INFO perfrun.launcher <> - the option was added --time-source: Specify time source for measurement. Possible values: sys - wall clock time; tsc - time stamp counter; ext - time from an external source; auto - auto select accurate time source.
336 [139963968774848] INFO perfrun.launcher <> - the option was added --stack: Enable or disable collection of stacks.
336 [139963968774848] INFO perfrun.launcher <> - the option was added --stack-stitching: Enable or disable the stack stitching algorithm for Intel TBB-based applications.
336 [139963968774848] INFO perfrun.launcher <> - the option was added --type: Specify type of data to be collected. For example, --type cpu:counters,waiting:nostack,io.
336 [139963968774848] INFO perfrun.launcher <> - the option was added --mrte-mode: Specify Java/.NET/other managed runtime collection mode. Possible values: native - collect information only for native code; managed - collect information only for managed code; mixed - collect information for both managed and native code; auto - choose the mode based on binary type.
336 [139963968774848] INFO perfrun.launcher <> - the option was added --mrte-mode-list: List supported Java/.NET/other managed runtime collection modes.
336 [139963968774848] INFO perfrun.launcher <> - the option was added --mrte-type: Specify which managed runtimes to collect. Possible values: java - collect information for Java; dotnet - collect information for .NET; python - collect information for CPython. You can specify several values separated by comma.
336 [139963968774848] INFO perfrun.launcher <> - the option was added --mrte-type-list: List supported Java/.NET/other managed runtime types.
336 [139963968774848] INFO perfrun.launcher <> - the option was added --trace-strategy: Specify how to profile a process tree. <string> can be "<process>:trace:notrace" - profile the process but do not profile its children. Shorthand parameters: t - trace, nt - notrace. For example, "vtunedemo.exe:t:t".
336 [139963968774848] INFO perfrun.launcher <> - the option was added --collector: BADMSG: perfrun1.launcher.plugin_manager::collector
336 [139963968774848] INFO perfrun.launcher <> - the option was added --system-wide: Enable system-wide profiling. This mode may require additional permissions.
336 [139963968774848] INFO perfrun.launcher <> - the option was added --kvm-guest: Enable KVM guest OS profiling.
336 [139963968774848] INFO perfrun.launcher <> - the option was added --kvm-guest-kallsyms: Specify a local path to the /proc/kallsyms file copied from the guest OS for proper symbol resolution.
336 [139963968774848] INFO perfrun.launcher <> - the option was added --kvm-guest-modules: Specify a local path to the /proc/modules file copied from the guest OS for proper symbol resolution.
336 [139963968774848] INFO perfrun.launcher <> - the option was added --bandwidth-limits: Measure bandwidth limits
336 [139963968774848] INFO perfrun.launcher <> - the option was added --acrn-map-info: Collect map info for ACRN
336 [139963968774848] INFO perfrun.launcher <> - the option was added --bandwidth-strategy: Bandwidth limits determination specific properties (example: --bandwidth-strategy array-size=0,duration=500).
337 [139963968774848] INFO perfrun.launcher <> - the option was added --bandwidth-config: List of benchmarks to run.
337 [139963968774848] INFO perfrun.launcher <> - the option was added --target-gpu: target-gpu
337 [139963968774848] INFO perfrun.launcher <> - the option was added --dump-vdso: Dump [vdso] to result directory
337 [139963968774848] INFO perfrun.launcher <> - the option was added --system-collector-config: Specify subcollectors. Possible values: all, container, device-info, none. Specify subcollectors. Possible values: all, vdso.
337 [139963968774848] INFO perfrun.launcher <> - the option was added --itt-config: Specify a sub-set of ITT API to collect.
337 [139963968774848] INFO perfrun.launcher <> - the option was added --itt-debug: Set pseudo-breakpoint at ITT API collector's start to enable the debugger to attach early.
337 [139963968774848] INFO perfrun.launcher <> - the option was added --ptrace: Ptrace collector.
337 [139963968774848] INFO perfrun.launcher <> - the option was added --target-pid: BADMSG: perfrun1.ptracecollector::target-pid
337 [139963968774848] INFO perfrun.launcher <> - the option was added --ptrace-server-pid: BADMSG: perfrun1.ptracecollector::ptrace-server-pid
337 [139963968774848] INFO perfrun.launcher <> - the option was added --ptrace-trace: BADMSG: perfrun1.ptracecollector::ptrace-trace
337 [139963968774848] INFO perfrun.launcher <> - the option was added --ptrace-time-source: BADMSG: perfrun1.ptracecollector::ptrace-time-source
337 [139963968774848] INFO perfrun.launcher <> - the option was added --ptrace-start-type: BADMSG: perfrun1.ptracecollector::ptrace-start-type
337 [139963968774848] INFO perfrun.launcher <> - the option was added --gpu-config: Specify types of GPU data to be collected. Possible values: preset1, preset2.
337 [139963968774848] INFO perfrun.launcher <> - the option was added --gpu-debug: Enable self-testing of the GPGPU profiling collector.
337 [139963968774848] INFO perfrun.launcher <> - the option was added --gpu-counting: Collect GPU data in the counting mode.
337 [139963968774848] INFO perfrun.launcher <> - the option was added --emon-preset: Specify a preset for EMON collector. For available presets, run: emon -preset-list.
337 [139963968774848] INFO perfrun.launcher <> - the option was added --emon-csv-trace-format: Use CSV format for EMON trace file.
337 [139963968774848] INFO perfrun.launcher <> - the option was added --emon-machine-readable-ver: Write machine readable EMON version file.
337 [139963968774848] INFO perfrun.launcher <> - the option was added --custom-collector: Allows to provide arbitrary command line to be run on collection steps.
337 [139963968774848] INFO perfrun.launcher <> - the option was added --stdsrc-config: Specify Standard Sources category tag(s).
337 [139963968774848] INFO perfrun.launcher <> - the option was added --ftrace-config-list: List Linux Ftrace category tag(s).
337 [139963968774848] INFO perfrun.launcher <> - the option was added --ftrace-config: Specify Linux Ftrace category tag(s).
337 [139963968774848] INFO perfrun.launcher <> - the option was added --ftrace-function-groups: Enable tracing of specific groups of functions.
337 [139963968774848] INFO perfrun.launcher <> - the option was added --event-info: BADMSG: perfrun1.stdsrc::event-info
337 [139963968774848] INFO perfrun.launcher <> - the option was added --cpu-list: List supported CPUs.
338 [139963968774848] INFO perfrun.launcher <> - the option was added --target-list: List available targets for performing sampling collection.
338 [139963968774848] INFO perfrun.launcher <> - the option was added --event-value-list: Display event information.
338 [139963968774848] INFO perfrun.launcher <> - the option was added --platform-value-list: Display details of supported platforms.
338 [139963968774848] INFO perfrun.launcher <> - the option was added --uncore-event-list: List uncore events for which a sampling data collection can be performed on this platform.
338 [139963968774848] INFO perfrun.launcher <> - the option was added --modifier-list: Specify the event name <string> for which the modifiers list is requested.
338 [139963968774848] INFO perfrun.launcher <> - the option was added --pmu-list: List supported PMUs.
338 [139963968774848] INFO perfrun.launcher <> - the option was added --os-mode-only: Enable sampling data collection for OS-mode processes only.
338 [139963968774848] INFO perfrun.launcher <> - the option was added --user-mode-only: Enable sampling data collection for user-mode processes only.
338 [139963968774848] INFO perfrun.launcher <> - the option was added --event-config: Perform data collection for the events with <string> configured using the format <event name1>":modifier1=val:modifier2=val/constraint1={:modifier3=val:modifier4=val}...,"<event name2>":... Specify the events(s) to monitor and embed the event names within double quotes("). [:modifier=val] specifies individual event modifiers along with the respective values for a given platform. Note that the modifiers can be generic to an event as well as specific to a constraint (or an event qualifier). The constraint specific special modifiers appear after [/constraint=]. The modifiers can be in decimal or hexadecimal format. Only specific modifiers accept the value as a string. Each event specification is delimited by a comma (,). For a list of supported modifiers and constraints, refer to the documentation.
338 [139963968774848] INFO perfrun.launcher <> - the option was added --chipset-event-config: Perform data collection for the chipset events with <string> configured using the format "<event name1>"...,"<event name2>":... Specify the events(s) to monitor and embed the event names within double quotes(").
338 [139963968774848] INFO perfrun.launcher <> - the option was added --uncore-event-config: Perform uncore data collection in ebc count mode for the events with <string> configured using the format "<event name1>"...,"<event name2>":... Specify the events(s) to monitor and embed the event names within double quotes(").
338 [139963968774848] INFO perfrun.launcher <> - the option was added --count-emon: Enable counting mode and output the data in EMON format.
338 [139963968774848] INFO perfrun.launcher <> - the option was added --event-based-counts: Enable event-based counting mode. During sampling data collection, event counts data is collected for the list of events specified in -event-config option.
338 [139963968774848] INFO perfrun.launcher <> - the option was added --event-mux-tfactor: Specify the event multiplexing tfactor as <integer> to set the length of the interval between interrupts. The larger the tfactor value, the larger the period between interrupts. Currently this option is only available on Intel platforms codenamed Knights Corner.
338 [139963968774848] INFO perfrun.launcher <> - the option was added --full-pebs-capture: Capture full pebs information.
338 [139963968774848] INFO perfrun.launcher <> - the option was added --last-branch-records: Capture Last Branch Records information.
338 [139963968774848] INFO perfrun.launcher <> - the option was added --pmu-type: Specify the targeted PMU name as <string>.
338 [139963968774848] INFO perfrun.launcher <> - the option was added --platform-type: Specify the targeted platform number as <number>.
338 [139963968774848] INFO perfrun.launcher <> - the option was added --p-state-trigger: Specify the name of the trigger event for P-state data as <string>. The default trigger is CPU_CLK_UNHALTED.REF_TSC.
338 [139963968774848] INFO perfrun.launcher <> - the option was added --rdt-auto-rmid: Enable automatic Core pinning on RMIDs for RDT monitoring capabilities.
338 [139963968774848] INFO perfrun.launcher <> - the option was added --bts-count: Specify the <integer> number of BTS records collected after each sample or context switch (VTSS++ only).
338 [139963968774848] INFO perfrun.launcher <> - the option was added --cpu-mask: Specify which CPU(s) <string> to collect data on. For example, specify "2-8,10,12-14" to sample only CPUs 2 through 8, 10, and 12 through 14.
338 [139963968774848] INFO perfrun.launcher <> - the option was added --event-mux-alg: Specify the event multiplexing algorithm. Possible values: sequence, timer, trigger.
338 [139963968774848] INFO perfrun.launcher <> - the option was added --event-mux-timeslice: Specify the event multiplexing time slice value as <integer>. The time slice specifies the duration between cycles for each event multiplexing group. The default value is 50 milliseconds. This option is valid only for timer-based event multiplexing. Specify the event multiplexing time slice value as <integer>. The time slice specifies the duration between cycles for each event multiplexing group. The default value is 1 millisecond. This option is valid only for timer-based event multiplexing.
338 [139963968774848] INFO perfrun.launcher <> - the option was added --event-mux-factor: Specify the event multiplexing factor as <integer>. It controls the switching of event multiplexing groups. The default factor is 50. This option is valid only for trigger-based event multiplexing. Specify the event multiplexing factor as <integer>. It controls the switching of event multiplexing groups. The default factor is 1. This option is valid only for trigger-based event multiplexing.
339 [139963968774848] INFO perfrun.launcher <> - the option was added --event-mux-trigger: Specify the name of the trigger event for event multiplexing as <string>. This option is valid only for trigger-based event multiplexing. The default trigger is CPU_CLK_UNHALTED.CORE (or CPU_CLK_UNHALTED.THREAD). BADMSG: perfrun1.vtsspp::event-mux-trigger
339 [139963968774848] INFO perfrun.launcher <> - the option was added --pt-mode: BADMSG: perfrun1.vtsspp::pt-mode
339 [139963968774848] INFO perfrun.launcher <> - the option was added --sample-after-multiplier: Specify the sample after multiplier as <double>. This multiplier modifies the sample after value for all the events specified in -event-config option. The values can range from 0.1 to 100.0. SAV multiplier value
339 [139963968774848] INFO perfrun.launcher <> - the option was added --uncore-sampling-interval: Specify the uncore sampling interval as <integer>. This value set the uncore sampling interval for all the uncore events specified in -event-config option.
339 [139963968774848] INFO perfrun.launcher <> - the option was added --count: Enable counting mode. Enable counting mode
339 [139963968774848] INFO perfrun.launcher <> - the option was added --trace-mpi: Configure collector to trace MPI code.
339 [139963968774848] INFO perfrun.launcher <> - the option was added --aggregated-counting: Enable aggregated counting mode. Enable aggregated-counting mode
339 [139963968774848] INFO perfrun.launcher <> - the option was added --perf-per-cpu: System-wide collection from all CPUs
339 [139963968774848] INFO perfrun.launcher <> - the option was added --raw-perf-config: Specify a verified configuration for the Perf collector in the format: <describer>,<content>. For example: map-events-file,<path_to_map_events_file>.
339 [139963968774848] INFO perfrun.launcher <> - the option was added --sys-config: BADMSG: perfrun1.vtsspp::sys-config Specify types of system data to be collected. Supported value: cswitch - collect context switch information.
339 [139963968774848] INFO perfrun.launcher <> - the option was added --perf-event-config: Specify events for Perf collector in Perf format. For example: perf-event-config=cpu-clock.
339 [139963968774848] INFO perfrun.launcher <> - the option was added --perf-aio: Number of control blocks in asynchronous trace writing mode.
339 [139963968774848] INFO perfrun.launcher <> - the option was added --perf-compression: Specify compression of Perf collector output data. Possible levels: 0 - without compression, 1..3 - best speed, 4..22 - best compression that incurs big overhead.
339 [139963968774848] INFO perfrun.launcher <> - the option was added --perf-mmap-flush: Minimum data size read from the kernel mapped region.
339 [139963968774848] INFO perfrun.launcher <> - the option was added --perf-affinity: Adjust an affinity mask of the Perf thread to a node with an allocated memory trace buffer.
339 [139963968774848] INFO perfrun.launcher <> - the option was added --perf-threads: Setup threading mode for trace writing.
339 [139963968774848] INFO perfrun.launcher <> - the option was added --generate-platform-cmd: Get perf command line for an arbitrary target.
339 [139963968774848] INFO perfrun.launcher <> - the option was added --aocl-profile: Enable profiling and data collection through AOCL profiling tool.
339 [139963968774848] INFO perfrun.launcher <> - the option was added --aocl-source-file: Path to .source file. Find this in the compilation output directory of the FPGA application. Use this option to help attribute performance statistics to the source lines. If unspecified, AOCL profiler will attempt to locate the file in the current directory.
339 [139963968774848] INFO perfrun.launcher <> - the option was added --aocl-binary-aocx-file: Path to .aocx file (OpenCL flow) or host binary (DPC++ flow). If you do not provide this path: 1) For OpenCL flow, AOCL Profiler attempts to locate the file in the working directory. 2) For DPC++ flow, the collector assumes that host binary is used as an application to launch.
339 [139963968774848] INFO perfrun.launcher <> - the option was added --aocl-period: Specifies the number of cycles between readbacks from the device. The default value is 0 and indicates that the profiler should read back data as often as possible.
339 [139963968774848] INFO perfrun.launcher <> - the option was added --aocl-no-temporal: Disables readback during execution and only reads back non-autorun kernels once they finish executing.
339 [139963968774848] INFO perfrun.launcher <> - the option was added --aocl-no-mem-transfers: Disables the recording of memory transfer information.
340 [139963968774848] INFO perfrun.launcher <> - the option was added --stackwalk: Specify stack unwinding method. Possible values: online - unwind stacks during collection; offline - unwind stacks after collection is finished. Specify stack unwinding method. Possible value: lbr - unwind stacks during collection. Specify stack unwinding method. Possible values: online - unwind stacks during collection; offline - unwind stacks after collection is finished; lbr - enable LBR-based call stack collection. Specify stack unwinding method. Possible values: online - unwind stacks during collection; offline - unwind stacks after collection is finished. Specify stack unwinding method. Possible values: online - unwind stacks during collection; offline - unwind stacks after collection is finished.
340 [139963968774848] INFO perfrun.launcher <> - the option was added --filter-include: Filter data during collection. Possible values: contended=<on|off> - filter out uncontended events; contended_nostack=<time> - filter out stacks for contended events that take less than <time> microseconds; wait=<time> - ignore transitions and blocks with wait time less than <time> microseconds; wait_nostack=<time> - filter out stacks for waits that take less than <time> microseconds.
340 [139963968774848] INFO perfrun.launcher <> - the option was added --debug-pin: Debug PIN tool and runtime.
340 [139963968774848] INFO perfrun.launcher <> - the option was added --debug-exception: Disallow the application to set own abnormal termination handler.
340 [139963968774848] INFO perfrun.launcher <> - the option was added --trace-type: Specify the trace file granularity. Possible values: per-thread - per-thread trace file generation; per-process - per-process trace file generation.
340 [139963968774848] INFO perfrun.launcher <> - the option was added --instrumentation-type: Specify type of instrumentation.
340 [139963968774848] INFO perfrun.launcher <> - the option was added --altstack: Enable or disable usage of altstacks for profiling signal handlers.
340 [139963968774848] INFO perfrun.launcher <> - the option was added --profiling-signal: BADMSG: perfrun1.ptracecollector::profiling-signal Alternate profiling signal.
340 [139963968774848] INFO perfrun.launcher <> - the option was added --memory-strategy: Specify a minimal memory object size to be traced and a hash table size for faster objects search; for example: --memory-strategy obj-size-min=1024,hash-table-size=4096.
340 [139963968774848] INFO perfrun.launcher <> - the option was added --gpu-profiling-type: Specify a type of deep GPU profiling: none, bblatency, memlatency, instcount.
340 [139963968774848] INFO perfrun.launcher <> - the option was added --opencl-trace-mode: Specify OpenCL kernel tracing modes: 'default' to trace OpenCL kernels for Intel Graphics Driver only; 'epoch' for any non-Intel graphics, where OpenCL kernels will be traced and OpenCL profiling API timestamps will be interpreted as Unux Epoch time in nanoseconds; 'completion' to trace OpenCL kernels for any Graphics Driver and bind OpenCL profiling API timestamps to the timestamp of OpenCL completion callback.
340 [139963968774848] INFO perfrun.launcher <> - the option was added --gpu-kernels-to-profile: Specify a comma-separated list of GPU kernel names and invocations to be profiled in the following format: kernel_name[#start_idx#step#stop_idx], where kernel_name is the name of GPU kernel; start_idx is the number of the first invocation; and stop_idx is the number of the last invocation to be profiled.
340 [139963968774848] INFO perfrun.launcher <> - the option was added --exprof-com-list: List available COM ports.
340 [139963968774848] INFO perfrun.launcher <> - the option was added --exprof-dvc-list: List available DvC IDs.
340 [139963968774848] INFO perfrun.launcher <> - the option was added --exprof-trace-channel: BADMSG: perfrun1.exprof::exprof-trace-channel
340 [139963968774848] INFO perfrun.launcher <> - the option was added --exprof-event-config: Specify ExactProfiling Event Classes.
340 [139963968774848] INFO perfrun.launcher <> - the option was added --ice-pmons-list: BADMSG: perfrun1.ice::ice-pmons-list
340 [139963968774848] INFO perfrun.launcher <> - the option was added --ice-pmons-config: BADMSG: perfrun1.ice::ice-pmons-config
340 [139963968774848] INFO perfrun.launcher <> - the option was added --ice-sw-trace: Collect software traces of the Intel Neural Network Processor (NNP-I) and analyze software context of inference progress.
340 [139963968774848] INFO perfrun.launcher <> - the option was added --ice-sample-after-value: BADMSG: perfrun1.ice::ice-sample-after-value
340 [139963968774848] INFO perfrun.launcher <> - the option was added --ice-frequency: BADMSG: perfrun1.ice::ice-frequency
340 [139963968774848] INFO perfrun.launcher <> - the option was added --parallel-fs-config: Specify parallel fs counters to collect.
340 [139963968774848] INFO perfrun.launcher <> - the option was added --pwr-config: BADMSG: perfrun1.vtsspp::pwr-config Specify power metrics configuration.
340 [139963968774848] INFO perfrun.launcher <> - the option was added --pwr-sampling-interval: Specify Intel SoC Watch sampling interval.
341 [139963968774848] INFO perfrun.launcher <> - the option was added --collect-topology: Collect topology info with hwloc.
341 [139963968774848] INFO perfrun.launcher <> - the option was added --persistent-mem-metrics: Collect Persistent Memory performance counters.
341 [139963968774848] INFO perfrun.launcher <> - the option was added --os-counters: Collect OS counters
341 [139963968774848] INFO perfrun.launcher <> - create msngr2::ICliToolContext
341 [139963968774848] INFO perfrun.launcher <> - create file finder object
345 [139963813324480] INFO perfrun.launcher <> - plugin [remoteplug] was disabled because it doesn't support the given collection type.
345 [139963813324480] INFO perfrun.launcher <> - plugin [system] was disabled because it doesn't support the given collection type.
345 [139963813324480] INFO perfrun.vdso <> - dumping [vdso] pseudomodule
346 [139963813324480] INFO perfrun.launcher <> - plugin [itt] was disabled because it doesn't support the given collection type.
346 [139963813324480] INFO perfrun.launcher <> - plugin [ptracecollector] was disabled because it doesn't support the given collection type.
346 [139963813324480] INFO perfrun.launcher <> - plugin [gpu] was disabled because it doesn't support the given collection type.
346 [139963813324480] INFO perfrun.launcher <> - plugin [] was disabled because it doesn't support the given collection type.
346 [139963813324480] INFO perfrun.launcher <> - plugin [] was disabled because it doesn't support the given collection type.
346 [139963813324480] INFO perfrun.launcher <> - plugin [] was disabled because it doesn't support the given collection type.
346 [139963813324480] INFO perfrun.launcher <> - plugin [mrte] was disabled because it doesn't support the given collection type.
346 [139963813324480] INFO perfrun.launcher <> - plugin [emon] was disabled because it doesn't support the given collection type.
346 [139963813324480] INFO perfrun.launcher <> - plugin [cuscol] was disabled because it doesn't support the given collection type.
346 [139963813324480] INFO perfrun.launcher <> - plugin [stdsrc] was disabled because it doesn't support the given collection type.
346 [139963813324480] INFO perfrun.launcher <> - plugin [sep] was disabled because it doesn't support the given collection type.
346 [139963813324480] INFO perfrun.launcher <> - plugin [vtsspp] was disabled because it doesn't support the given collection type.
346 [139963813324480] INFO perfrun.launcher <> - plugin [perf] was disabled because it doesn't support the given collection type.
346 [139963813324480] INFO perfrun.launcher <> - plugin [aoclprofile] was disabled because it doesn't support the given collection type.
346 [139963813324480] INFO perfrun.launcher <> - plugin [tpss] was disabled because it doesn't support the given collection type.
346 [139963813324480] INFO perfrun.launcher <> - plugin [exprof] was disabled because it doesn't support the given collection type.
346 [139963813324480] INFO perfrun.launcher <> - plugin [media] was disabled because it doesn't support the given collection type.
346 [139963813324480] INFO perfrun.launcher <> - plugin [ice] was disabled because it doesn't support the given collection type.
346 [139963813324480] INFO perfrun.launcher <> - plugin [] was disabled because it doesn't support the given collection type.
346 [139963813324480] INFO perfrun.launcher <> - plugin [] was disabled because it doesn't support the given collection type.
346 [139963813324480] INFO perfrun.launcher <> - plugin [parallelfs] was disabled because it doesn't support the given collection type.
346 [139963813324480] INFO perfrun.launcher <> - plugin [power] was disabled because it doesn't support the given collection type.
346 [139963813324480] INFO perfrun.launcher <> - plugin [hwloc] was disabled because it doesn't support the given collection type.
346 [139963813324480] INFO perfrun.launcher <> - plugin [ipmwatch] was disabled because it doesn't support the given collection type.
346 [139963813324480] INFO perfrun.launcher <> - plugin [os_counters] was disabled because it doesn't support the given collection type.
346 [139963968774848] INFO perfrun.launcher <> - Application exit code: 0
346 [139963968774848] INFO perfrun.launcher <> - Exit code: 0
