
787437 : 0x2dd4d03d74242e : 1 : spill_jit_data :  Jit agent is not initialized
787437 : 0x2dd4d03d9331f9 : 2 : ittapi_config_mask_get :  --itt-config mask to be applied: 1
787437 : 0x2dd4d03d93457a : 2 : ittapi_config_apply_per_lib :  ITTAPI function instrumented: __itt_domain_create
787437 : 0x2dd4d03d934f60 : 2 : ittapi_config_apply_per_lib :  ITTAPI function instrumented: __itt_module_load_with_sections
787437 : 0x2dd4d03d935c97 : 2 : ittapi_config_apply_per_lib :  ITTAPI function not implemented: __itt_module_unload_with_sections
787437 : 0x2dd4d03d936620 : 2 : ittapi_config_apply_per_lib :  ITTAPI function instrumented: __itt_string_handle_create
787437 : 0x2dd4d03d936d77 : 2 : ittapi_config_apply_per_lib :  ITTAPI function instrumented: __itt_counter_create
787437 : 0x2dd4d03d9374fb : 2 : ittapi_config_apply_per_lib :  ITTAPI function instrumented: __itt_counter_create_typed
787437 : 0x2dd4d03d937c58 : 2 : ittapi_config_apply_per_lib :  ITTAPI function instrumented: __itt_pause
787437 : 0x2dd4d03d938464 : 2 : ittapi_config_apply_per_lib :  ITTAPI function instrumented: __itt_resume
787437 : 0x2dd4d03d944feb : 2 : ittapi_config_apply_per_lib :  ITTAPI function instrumented: __itt_thread_set_name
787437 : 0x2dd4d03d945a6d : 2 : ittapi_config_apply_per_lib :  ITTAPI function instrumented: __itt_thread_ignore
787437 : 0x2dd4d03d94626e : 2 : ittapi_config_apply_per_lib :  ITTAPI function instrumented: __itt_thr_name_set
787437 : 0x2dd4d03d946acc : 2 : ittapi_config_apply_per_lib :  ITTAPI function instrumented: __itt_thr_ignore
787437 : 0x2dd4d03d94755a : 2 : ittapi_config_apply_per_lib :  ITTAPI function not implemented: __itt_enable_attach
787437 : 0x2dd4d03d947e30 : 2 : ittapi_config_apply_per_lib :  ITTAPI function instrumented: __itt_detach
787437 : 0x2dd4d03d9484ea : 2 : ittapi_config_apply_per_lib :  ITTAPI function NOT instrumented (not matched by --itt-config option): __itt_sync_create

787437 : 0x2dd4d03d948c46 : 2 : ittapi_config_apply_per_lib :  ITTAPI function NOT instrumented (not matched by --itt-config option): __itt_sync_rename

787437 : 0x2dd4d03d9492cd : 2 : ittapi_config_apply_per_lib :  ITTAPI function NOT instrumented (not matched by --itt-config option): __itt_sync_destroy

787437 : 0x2dd4d03d949933 : 2 : ittapi_config_apply_per_lib :  ITTAPI function NOT instrumented (not matched by --itt-config option): __itt_sync_prepare

787437 : 0x2dd4d03d94c13d : 2 : ittapi_config_apply_per_lib :  ITTAPI function NOT instrumented (not matched by --itt-config option): __itt_sync_cancel

787437 : 0x2dd4d03d94c86b : 2 : ittapi_config_apply_per_lib :  ITTAPI function NOT instrumented (not matched by --itt-config option): __itt_sync_acquired

787437 : 0x2dd4d03d94cee6 : 2 : ittapi_config_apply_per_lib :  ITTAPI function NOT instrumented (not matched by --itt-config option): __itt_sync_releasing

787437 : 0x2dd4d03d94d8c1 : 2 : ittapi_config_apply_per_lib :  ITTAPI function not implemented: __itt_suppress_push
787437 : 0x2dd4d03d94e353 : 2 : ittapi_config_apply_per_lib :  ITTAPI function not implemented: __itt_suppress_pop
787437 : 0x2dd4d03d94ebe7 : 2 : ittapi_config_apply_per_lib :  ITTAPI function not implemented: __itt_suppress_mark_range
787437 : 0x2dd4d03d94f4b0 : 2 : ittapi_config_apply_per_lib :  ITTAPI function not implemented: __itt_suppress_clear_range
787437 : 0x2dd4d03d94faf3 : 2 : ittapi_config_apply_per_lib :  ITTAPI function NOT instrumented (not matched by --itt-config option): __itt_sync_prepare

787437 : 0x2dd4d03d950185 : 2 : ittapi_config_apply_per_lib :  ITTAPI function NOT instrumented (not matched by --itt-config option): __itt_sync_cancel

787437 : 0x2dd4d03d9507eb : 2 : ittapi_config_apply_per_lib :  ITTAPI function NOT instrumented (not matched by --itt-config option): __itt_sync_acquired

787437 : 0x2dd4d03d95279e : 2 : ittapi_config_apply_per_lib :  ITTAPI function NOT instrumented (not matched by --itt-config option): __itt_sync_releasing

787437 : 0x2dd4d03d952f08 : 2 : ittapi_config_apply_per_lib :  ITTAPI function NOT instrumented (not matched by --itt-config option): __itt_model_site_begin

787437 : 0x2dd4d03d9535a4 : 2 : ittapi_config_apply_per_lib :  ITTAPI function NOT instrumented (not matched by --itt-config option): __itt_model_site_end

787437 : 0x2dd4d03d953d1d : 2 : ittapi_config_apply_per_lib :  ITTAPI function NOT instrumented (not matched by --itt-config option): __itt_model_task_begin

787437 : 0x2dd4d03d9543f7 : 2 : ittapi_config_apply_per_lib :  ITTAPI function NOT instrumented (not matched by --itt-config option): __itt_model_task_end

787437 : 0x2dd4d03d954a89 : 2 : ittapi_config_apply_per_lib :  ITTAPI function NOT instrumented (not matched by --itt-config option): __itt_model_lock_acquire

787437 : 0x2dd4d03d955165 : 2 : ittapi_config_apply_per_lib :  ITTAPI function NOT instrumented (not matched by --itt-config option): __itt_model_lock_release

787437 : 0x2dd4d03d95580c : 2 : ittapi_config_apply_per_lib :  ITTAPI function NOT instrumented (not matched by --itt-config option): __itt_model_record_allocation

787437 : 0x2dd4d03d955ea0 : 2 : ittapi_config_apply_per_lib :  ITTAPI function NOT instrumented (not matched by --itt-config option): __itt_model_record_deallocation

787437 : 0x2dd4d03d956591 : 2 : ittapi_config_apply_per_lib :  ITTAPI function NOT instrumented (not matched by --itt-config option): __itt_model_induction_uses

787437 : 0x2dd4d03d959bb8 : 2 : ittapi_config_apply_per_lib :  ITTAPI function NOT instrumented (not matched by --itt-config option): __itt_model_reduction_uses

787437 : 0x2dd4d03d95a433 : 2 : ittapi_config_apply_per_lib :  ITTAPI function NOT instrumented (not matched by --itt-config option): __itt_model_observe_uses

787437 : 0x2dd4d03d95ab13 : 2 : ittapi_config_apply_per_lib :  ITTAPI function NOT instrumented (not matched by --itt-config option): __itt_model_clear_uses

787437 : 0x2dd4d03d95b198 : 2 : ittapi_config_apply_per_lib :  ITTAPI function NOT instrumented (not matched by --itt-config option): __itt_model_site_beginA

787437 : 0x2dd4d03d95b85f : 2 : ittapi_config_apply_per_lib :  ITTAPI function NOT instrumented (not matched by --itt-config option): __itt_model_site_beginAL

787437 : 0x2dd4d03d95bf0c : 2 : ittapi_config_apply_per_lib :  ITTAPI function NOT instrumented (not matched by --itt-config option): __itt_model_task_beginA

787437 : 0x2dd4d03d95c563 : 2 : ittapi_config_apply_per_lib :  ITTAPI function NOT instrumented (not matched by --itt-config option): __itt_model_task_beginAL

787437 : 0x2dd4d03d95cc86 : 2 : ittapi_config_apply_per_lib :  ITTAPI function NOT instrumented (not matched by --itt-config option): __itt_model_iteration_taskA

787437 : 0x2dd4d03d95d349 : 2 : ittapi_config_apply_per_lib :  ITTAPI function NOT instrumented (not matched by --itt-config option): __itt_model_iteration_taskAL

787437 : 0x2dd4d03d95da00 : 2 : ittapi_config_apply_per_lib :  ITTAPI function NOT instrumented (not matched by --itt-config option): __itt_model_site_end_2

787437 : 0x2dd4d03d95f938 : 2 : ittapi_config_apply_per_lib :  ITTAPI function NOT instrumented (not matched by --itt-config option): __itt_model_task_end_2

787437 : 0x2dd4d03d95ffc5 : 2 : ittapi_config_apply_per_lib :  ITTAPI function NOT instrumented (not matched by --itt-config option): __itt_model_lock_acquire_2

787437 : 0x2dd4d03d96068c : 2 : ittapi_config_apply_per_lib :  ITTAPI function NOT instrumented (not matched by --itt-config option): __itt_model_lock_release_2

787437 : 0x2dd4d03d960d5e : 2 : ittapi_config_apply_per_lib :  ITTAPI function NOT instrumented (not matched by --itt-config option): __itt_model_aggregate_task

787437 : 0x2dd4d03d9613ba : 2 : ittapi_config_apply_per_lib :  ITTAPI function NOT instrumented (not matched by --itt-config option): __itt_model_disable_push

787437 : 0x2dd4d03d961a81 : 2 : ittapi_config_apply_per_lib :  ITTAPI function NOT instrumented (not matched by --itt-config option): __itt_model_disable_pop

787437 : 0x2dd4d03d96229b : 2 : ittapi_config_apply_per_lib :  ITTAPI function instrumented: __itt_heap_function_create
787437 : 0x2dd4d03d962b23 : 2 : ittapi_config_apply_per_lib :  ITTAPI function instrumented: __itt_heap_allocate_begin
787437 : 0x2dd4d03d9632fe : 2 : ittapi_config_apply_per_lib :  ITTAPI function instrumented: __itt_heap_allocate_end
787437 : 0x2dd4d03d963a27 : 2 : ittapi_config_apply_per_lib :  ITTAPI function instrumented: __itt_heap_free_begin
787437 : 0x2dd4d03d967173 : 2 : ittapi_config_apply_per_lib :  ITTAPI function instrumented: __itt_heap_free_end
787437 : 0x2dd4d03d967a87 : 2 : ittapi_config_apply_per_lib :  ITTAPI function instrumented: __itt_heap_reallocate_begin
787437 : 0x2dd4d03d9681ce : 2 : ittapi_config_apply_per_lib :  ITTAPI function instrumented: __itt_heap_reallocate_end
787437 : 0x2dd4d03d968ac6 : 2 : ittapi_config_apply_per_lib :  ITTAPI function not implemented: __itt_heap_internal_access_begin
787437 : 0x2dd4d03d969376 : 2 : ittapi_config_apply_per_lib :  ITTAPI function not implemented: __itt_heap_internal_access_end
787437 : 0x2dd4d03d969b61 : 2 : ittapi_config_apply_per_lib :  ITTAPI function not implemented: __itt_heap_record_memory_growth_begin
787437 : 0x2dd4d03d96a369 : 2 : ittapi_config_apply_per_lib :  ITTAPI function not implemented: __itt_heap_record_memory_growth_end
787437 : 0x2dd4d03d96ab8d : 2 : ittapi_config_apply_per_lib :  ITTAPI function not implemented: __itt_heap_reset_detection
787437 : 0x2dd4d03d96b43e : 2 : ittapi_config_apply_per_lib :  ITTAPI function not implemented: __itt_heap_record
787437 : 0x2dd4d03d96bd1c : 2 : ittapi_config_apply_per_lib :  ITTAPI function not implemented: __itt_id_create
787437 : 0x2dd4d03d96e234 : 2 : ittapi_config_apply_per_lib :  ITTAPI function not implemented: __itt_id_destroy
787437 : 0x2dd4d03d96ea57 : 2 : ittapi_config_apply_per_lib :  ITTAPI function instrumented: __itt_get_timestamp
787437 : 0x2dd4d03d96f2af : 2 : ittapi_config_apply_per_lib :  ITTAPI function not implemented: __itt_region_begin
787437 : 0x2dd4d03d96fb02 : 2 : ittapi_config_apply_per_lib :  ITTAPI function not implemented: __itt_region_end
787437 : 0x2dd4d03d970348 : 2 : ittapi_config_apply_per_lib :  ITTAPI function instrumented: __itt_frame_begin_v3
787437 : 0x2dd4d03d970b1a : 2 : ittapi_config_apply_per_lib :  ITTAPI function instrumented: __itt_frame_end_v3
787437 : 0x2dd4d03d9712c0 : 2 : ittapi_config_apply_per_lib :  ITTAPI function instrumented: __itt_frame_submit_v3
787437 : 0x2dd4d03d971944 : 2 : ittapi_config_apply_per_lib :  ITTAPI function NOT instrumented (not matched by --itt-config option): __itt_task_group

787437 : 0x2dd4d03d97203a : 2 : ittapi_config_apply_per_lib :  ITTAPI function NOT instrumented (not matched by --itt-config option): __itt_task_begin

787437 : 0x2dd4d03d972692 : 2 : ittapi_config_apply_per_lib :  ITTAPI function NOT instrumented (not matched by --itt-config option): __itt_task_begin_fn

787437 : 0x2dd4d03d97464c : 2 : ittapi_config_apply_per_lib :  ITTAPI function NOT instrumented (not matched by --itt-config option): __itt_task_end

787437 : 0x2dd4d03d974dbb : 2 : ittapi_config_apply_per_lib :  ITTAPI function NOT instrumented (not matched by --itt-config option): __itt_counter_inc_v3

787437 : 0x2dd4d03d975430 : 2 : ittapi_config_apply_per_lib :  ITTAPI function NOT instrumented (not matched by --itt-config option): __itt_counter_inc_delta_v3

787437 : 0x2dd4d03d975a74 : 2 : ittapi_config_apply_per_lib :  ITTAPI function NOT instrumented (not matched by --itt-config option): __itt_counter_dec_v3

787437 : 0x2dd4d03d976111 : 2 : ittapi_config_apply_per_lib :  ITTAPI function NOT instrumented (not matched by --itt-config option): __itt_counter_dec_delta_v3

787437 : 0x2dd4d03d9769f0 : 2 : ittapi_config_apply_per_lib :  ITTAPI function not implemented: __itt_marker
787437 : 0x2dd4d03d9771c2 : 2 : ittapi_config_apply_per_lib :  ITTAPI function instrumented: __itt_metadata_add
787437 : 0x2dd4d03d977a03 : 2 : ittapi_config_apply_per_lib :  ITTAPI function not implemented: __itt_metadata_str_add
787437 : 0x2dd4d03d97824b : 2 : ittapi_config_apply_per_lib :  ITTAPI function not implemented: __itt_relation_add_to_current
787437 : 0x2dd4d03d978a38 : 2 : ittapi_config_apply_per_lib :  ITTAPI function not implemented: __itt_relation_add
787437 : 0x2dd4d03d97a999 : 2 : ittapi_config_apply_per_lib :  ITTAPI function instrumented: __itt_event_create
787437 : 0x2dd4d03d97b0a5 : 2 : ittapi_config_apply_per_lib :  ITTAPI function NOT instrumented (not matched by --itt-config option): __itt_event_start

787437 : 0x2dd4d03d97b747 : 2 : ittapi_config_apply_per_lib :  ITTAPI function NOT instrumented (not matched by --itt-config option): __itt_event_end

787437 : 0x2dd4d03d97bdb8 : 2 : ittapi_config_apply_per_lib :  ITTAPI function NOT instrumented (not matched by --itt-config option): __itt_sync_set_name

787437 : 0x2dd4d03d97c44a : 2 : ittapi_config_apply_per_lib :  ITTAPI function NOT instrumented (not matched by --itt-config option): __itt_notify_sync_name

787437 : 0x2dd4d03d97cae2 : 2 : ittapi_config_apply_per_lib :  ITTAPI function NOT instrumented (not matched by --itt-config option): __itt_notify_sync_prepare

787437 : 0x2dd4d03d97d125 : 2 : ittapi_config_apply_per_lib :  ITTAPI function NOT instrumented (not matched by --itt-config option): __itt_notify_sync_cancel

787437 : 0x2dd4d03d97d7f8 : 2 : ittapi_config_apply_per_lib :  ITTAPI function NOT instrumented (not matched by --itt-config option): __itt_notify_sync_acquired

787437 : 0x2dd4d03d97de6d : 2 : ittapi_config_apply_per_lib :  ITTAPI function NOT instrumented (not matched by --itt-config option): __itt_notify_sync_releasing

787437 : 0x2dd4d03d980c41 : 2 : ittapi_config_apply_per_lib :  ITTAPI function not implemented: __itt_memory_read
787437 : 0x2dd4d03d9845f4 : 2 : ittapi_config_apply_per_lib :  ITTAPI function not implemented: __itt_memory_write
787437 : 0x2dd4d03d984fae : 2 : ittapi_config_apply_per_lib :  ITTAPI function not implemented: __itt_memory_update
787437 : 0x2dd4d03d9857da : 2 : ittapi_config_apply_per_lib :  ITTAPI function not implemented: __itt_state_get
787437 : 0x2dd4d03d985f9e : 2 : ittapi_config_apply_per_lib :  ITTAPI function not implemented: __itt_state_set
787437 : 0x2dd4d03d986777 : 2 : ittapi_config_apply_per_lib :  ITTAPI function not implemented: __itt_obj_mode_set
787437 : 0x2dd4d03d986f70 : 2 : ittapi_config_apply_per_lib :  ITTAPI function not implemented: __itt_thr_mode_set
787437 : 0x2dd4d03d987739 : 2 : ittapi_config_apply_per_lib :  ITTAPI function instrumented: __itt_frame_create
787437 : 0x2dd4d03d987e7b : 2 : ittapi_config_apply_per_lib :  ITTAPI function instrumented: __itt_pt_region_create
787437 : 0x2dd4d03d98864c : 2 : ittapi_config_apply_per_lib :  ITTAPI function instrumented: __itt_frame_begin
787437 : 0x2dd4d03d988ee5 : 2 : ittapi_config_apply_per_lib :  ITTAPI function instrumented: __itt_frame_end
787437 : 0x2dd4d03d98af81 : 2 : ittapi_config_apply_per_lib :  ITTAPI function NOT instrumented (not matched by --itt-config option): __itt_counter_destroy

787437 : 0x2dd4d03d98b6d4 : 2 : ittapi_config_apply_per_lib :  ITTAPI function NOT instrumented (not matched by --itt-config option): __itt_counter_inc

787437 : 0x2dd4d03d98bd37 : 2 : ittapi_config_apply_per_lib :  ITTAPI function NOT instrumented (not matched by --itt-config option): __itt_counter_inc_delta

787437 : 0x2dd4d03d98c402 : 2 : ittapi_config_apply_per_lib :  ITTAPI function NOT instrumented (not matched by --itt-config option): __itt_counter_dec

787437 : 0x2dd4d03d98caf3 : 2 : ittapi_config_apply_per_lib :  ITTAPI function NOT instrumented (not matched by --itt-config option): __itt_counter_dec_delta

787437 : 0x2dd4d03d98d121 : 2 : ittapi_config_apply_per_lib :  ITTAPI function NOT instrumented (not matched by --itt-config option): __itt_counter_set_value

787437 : 0x2dd4d03d98d7c5 : 2 : ittapi_config_apply_per_lib :  ITTAPI function NOT instrumented (not matched by --itt-config option): __itt_counter_set_value_ex

787437 : 0x2dd4d03d98e051 : 2 : ittapi_config_apply_per_lib :  ITTAPI function not implemented: __itt_mark_create
787437 : 0x2dd4d03d98e9df : 2 : ittapi_config_apply_per_lib :  ITTAPI function not implemented: __itt_mark
787437 : 0x2dd4d03d98f24e : 2 : ittapi_config_apply_per_lib :  ITTAPI function not implemented: __itt_mark_off
787437 : 0x2dd4d03d99131e : 2 : ittapi_config_apply_per_lib :  ITTAPI function not implemented: __itt_mark_global
787437 : 0x2dd4d03d991b50 : 2 : ittapi_config_apply_per_lib :  ITTAPI function not implemented: __itt_mark_global_off
787437 : 0x2dd4d03d992352 : 2 : ittapi_config_apply_per_lib :  ITTAPI function NOT instrumented (not matched by --itt-config option): __itt_stack_caller_create

787437 : 0x2dd4d03d9929d9 : 2 : ittapi_config_apply_per_lib :  ITTAPI function NOT instrumented (not matched by --itt-config option): __itt_stack_caller_destroy

787437 : 0x2dd4d03d9930d8 : 2 : ittapi_config_apply_per_lib :  ITTAPI function NOT instrumented (not matched by --itt-config option): __itt_stack_callee_enter

787437 : 0x2dd4d03d99379a : 2 : ittapi_config_apply_per_lib :  ITTAPI function NOT instrumented (not matched by --itt-config option): __itt_stack_callee_leave

787437 : 0x2dd4d03d993f1d : 2 : ittapi_config_apply_per_lib :  ITTAPI function not implemented: __itt_clock_domain_create
787437 : 0x2dd4d03d99475e : 2 : ittapi_config_apply_per_lib :  ITTAPI function not implemented: __itt_clock_domain_reset
787437 : 0x2dd4d03d994fe8 : 2 : ittapi_config_apply_per_lib :  ITTAPI function not implemented: __itt_id_create_ex
787437 : 0x2dd4d03d99579e : 2 : ittapi_config_apply_per_lib :  ITTAPI function not implemented: __itt_id_destroy_ex
787437 : 0x2dd4d03d99835c : 2 : ittapi_config_apply_per_lib :  ITTAPI function NOT instrumented (not matched by --itt-config option): __itt_task_begin_ex

787437 : 0x2dd4d03d998a96 : 2 : ittapi_config_apply_per_lib :  ITTAPI function NOT instrumented (not matched by --itt-config option): __itt_task_begin_fn_ex

787437 : 0x2dd4d03d999127 : 2 : ittapi_config_apply_per_lib :  ITTAPI function NOT instrumented (not matched by --itt-config option): __itt_task_end_ex

787437 : 0x2dd4d03d999760 : 2 : ittapi_config_apply_per_lib :  ITTAPI function NOT instrumented (not matched by --itt-config option): __itt_task_begin_overlapped

787437 : 0x2dd4d03d999dbf : 2 : ittapi_config_apply_per_lib :  ITTAPI function NOT instrumented (not matched by --itt-config option): __itt_task_begin_overlapped_ex

787437 : 0x2dd4d03d99a42f : 2 : ittapi_config_apply_per_lib :  ITTAPI function NOT instrumented (not matched by --itt-config option): __itt_task_end_overlapped

787437 : 0x2dd4d03d99aa29 : 2 : ittapi_config_apply_per_lib :  ITTAPI function NOT instrumented (not matched by --itt-config option): __itt_task_end_overlapped_ex

787437 : 0x2dd4d03d99b300 : 2 : ittapi_config_apply_per_lib :  ITTAPI function not implemented: __itt_marker_ex
787437 : 0x2dd4d03d99bb56 : 2 : ittapi_config_apply_per_lib :  ITTAPI function not implemented: __itt_metadata_add_with_scope
787437 : 0x2dd4d03d99c3c3 : 2 : ittapi_config_apply_per_lib :  ITTAPI function not implemented: __itt_metadata_str_add_with_scope
787437 : 0x2dd4d03d99e59d : 2 : ittapi_config_apply_per_lib :  ITTAPI function not implemented: __itt_relation_add_to_current_ex
787437 : 0x2dd4d03d99eee9 : 2 : ittapi_config_apply_per_lib :  ITTAPI function not implemented: __itt_relation_add_ex
787437 : 0x2dd4d03d99f6bd : 2 : ittapi_config_apply_per_lib :  ITTAPI function not implemented: __itt_track_group_create
787437 : 0x2dd4d03d99fe08 : 2 : ittapi_config_apply_per_lib :  ITTAPI function not implemented: __itt_track_create
787437 : 0x2dd4d03d9a0620 : 2 : ittapi_config_apply_per_lib :  ITTAPI function not implemented: __itt_set_track
787437 : 0x2dd4d03d9a0d95 : 2 : ittapi_config_apply_per_lib :  ITTAPI function instrumented: __itt_api_version
787437 : 0x2dd4d03d9a159a : 2 : ittapi_config_apply_per_lib :  ITTAPI function not implemented: __itt_av_save
787437 : 0x2dd4d03d9a1d3a : 2 : ittapi_config_apply_per_lib :  ITTAPI function instrumented: __itt_module_load
787437 : 0x2dd4d03d9a255f : 2 : ittapi_config_apply_per_lib :  ITTAPI function not implemented: __itt_module_unload