
782504 : 0x2dd457cb4a50b4 : 1 : spill_jit_data :  Jit agent is not initialized
782504 : 0x2dd457cbade156 : 2 : ittapi_config_mask_get :  --itt-config mask to be applied: 1
782504 : 0x2dd457cbae0134 : 2 : ittapi_config_apply_per_lib :  ITTAPI function instrumented: __itt_domain_create
782504 : 0x2dd457cbae0bca : 2 : ittapi_config_apply_per_lib :  ITTAPI function instrumented: __itt_module_load_with_sections
782504 : 0x2dd457cbae1b95 : 2 : ittapi_config_apply_per_lib :  ITTAPI function not implemented: __itt_module_unload_with_sections
782504 : 0x2dd457cbae2643 : 2 : ittapi_config_apply_per_lib :  ITTAPI function instrumented: __itt_string_handle_create
782504 : 0x2dd457cbae2f2f : 2 : ittapi_config_apply_per_lib :  ITTAPI function instrumented: __itt_counter_create
782504 : 0x2dd457cbae3761 : 2 : ittapi_config_apply_per_lib :  ITTAPI function instrumented: __itt_counter_create_typed
782504 : 0x2dd457cbae4047 : 2 : ittapi_config_apply_per_lib :  ITTAPI function instrumented: __itt_pause
782504 : 0x2dd457cbae48c4 : 2 : ittapi_config_apply_per_lib :  ITTAPI function instrumented: __itt_resume
782504 : 0x2dd457cbaf898e : 2 : ittapi_config_apply_per_lib :  ITTAPI function instrumented: __itt_thread_set_name
782504 : 0x2dd457cbaf9500 : 2 : ittapi_config_apply_per_lib :  ITTAPI function instrumented: __itt_thread_ignore
782504 : 0x2dd457cbaf9d4e : 2 : ittapi_config_apply_per_lib :  ITTAPI function instrumented: __itt_thr_name_set
782504 : 0x2dd457cbafa56e : 2 : ittapi_config_apply_per_lib :  ITTAPI function instrumented: __itt_thr_ignore
782504 : 0x2dd457cbafb0ce : 2 : ittapi_config_apply_per_lib :  ITTAPI function not implemented: __itt_enable_attach
782504 : 0x2dd457cbafb9bc : 2 : ittapi_config_apply_per_lib :  ITTAPI function instrumented: __itt_detach
782504 : 0x2dd457cbafc077 : 2 : ittapi_config_apply_per_lib :  ITTAPI function NOT instrumented (not matched by --itt-config option): __itt_sync_create

782504 : 0x2dd457cbafc769 : 2 : ittapi_config_apply_per_lib :  ITTAPI function NOT instrumented (not matched by --itt-config option): __itt_sync_rename

782504 : 0x2dd457cbafcdea : 2 : ittapi_config_apply_per_lib :  ITTAPI function NOT instrumented (not matched by --itt-config option): __itt_sync_destroy

782504 : 0x2dd457cbafd451 : 2 : ittapi_config_apply_per_lib :  ITTAPI function NOT instrumented (not matched by --itt-config option): __itt_sync_prepare

782504 : 0x2dd457cbafff4c : 2 : ittapi_config_apply_per_lib :  ITTAPI function NOT instrumented (not matched by --itt-config option): __itt_sync_cancel

782504 : 0x2dd457cbb006b5 : 2 : ittapi_config_apply_per_lib :  ITTAPI function NOT instrumented (not matched by --itt-config option): __itt_sync_acquired

782504 : 0x2dd457cbb00d37 : 2 : ittapi_config_apply_per_lib :  ITTAPI function NOT instrumented (not matched by --itt-config option): __itt_sync_releasing

782504 : 0x2dd457cbb016ce : 2 : ittapi_config_apply_per_lib :  ITTAPI function not implemented: __itt_suppress_push
782504 : 0x2dd457cbb0210a : 2 : ittapi_config_apply_per_lib :  ITTAPI function not implemented: __itt_suppress_pop
782504 : 0x2dd457cbb029b6 : 2 : ittapi_config_apply_per_lib :  ITTAPI function not implemented: __itt_suppress_mark_range
782504 : 0x2dd457cbb032dd : 2 : ittapi_config_apply_per_lib :  ITTAPI function not implemented: __itt_suppress_clear_range
782504 : 0x2dd457cbb0392f : 2 : ittapi_config_apply_per_lib :  ITTAPI function NOT instrumented (not matched by --itt-config option): __itt_sync_prepare

782504 : 0x2dd457cbb04010 : 2 : ittapi_config_apply_per_lib :  ITTAPI function NOT instrumented (not matched by --itt-config option): __itt_sync_cancel

782504 : 0x2dd457cbb0464b : 2 : ittapi_config_apply_per_lib :  ITTAPI function NOT instrumented (not matched by --itt-config option): __itt_sync_acquired

782504 : 0x2dd457cbb0654c : 2 : ittapi_config_apply_per_lib :  ITTAPI function NOT instrumented (not matched by --itt-config option): __itt_sync_releasing

782504 : 0x2dd457cbb06d19 : 2 : ittapi_config_apply_per_lib :  ITTAPI function NOT instrumented (not matched by --itt-config option): __itt_model_site_begin

782504 : 0x2dd457cbb073b3 : 2 : ittapi_config_apply_per_lib :  ITTAPI function NOT instrumented (not matched by --itt-config option): __itt_model_site_end

782504 : 0x2dd457cbb07b25 : 2 : ittapi_config_apply_per_lib :  ITTAPI function NOT instrumented (not matched by --itt-config option): __itt_model_task_begin

782504 : 0x2dd457cbb081d2 : 2 : ittapi_config_apply_per_lib :  ITTAPI function NOT instrumented (not matched by --itt-config option): __itt_model_task_end

782504 : 0x2dd457cbb08862 : 2 : ittapi_config_apply_per_lib :  ITTAPI function NOT instrumented (not matched by --itt-config option): __itt_model_lock_acquire

782504 : 0x2dd457cbb08ef4 : 2 : ittapi_config_apply_per_lib :  ITTAPI function NOT instrumented (not matched by --itt-config option): __itt_model_lock_release

782504 : 0x2dd457cbb095b5 : 2 : ittapi_config_apply_per_lib :  ITTAPI function NOT instrumented (not matched by --itt-config option): __itt_model_record_allocation

782504 : 0x2dd457cbb09c5b : 2 : ittapi_config_apply_per_lib :  ITTAPI function NOT instrumented (not matched by --itt-config option): __itt_model_record_deallocation

782504 : 0x2dd457cbb0a343 : 2 : ittapi_config_apply_per_lib :  ITTAPI function NOT instrumented (not matched by --itt-config option): __itt_model_induction_uses

782504 : 0x2dd457cbb0d790 : 2 : ittapi_config_apply_per_lib :  ITTAPI function NOT instrumented (not matched by --itt-config option): __itt_model_reduction_uses

782504 : 0x2dd457cbb0e024 : 2 : ittapi_config_apply_per_lib :  ITTAPI function NOT instrumented (not matched by --itt-config option): __itt_model_observe_uses

782504 : 0x2dd457cbb0e6ed : 2 : ittapi_config_apply_per_lib :  ITTAPI function NOT instrumented (not matched by --itt-config option): __itt_model_clear_uses

782504 : 0x2dd457cbb0ed62 : 2 : ittapi_config_apply_per_lib :  ITTAPI function NOT instrumented (not matched by --itt-config option): __itt_model_site_beginA

782504 : 0x2dd457cbb0f43b : 2 : ittapi_config_apply_per_lib :  ITTAPI function NOT instrumented (not matched by --itt-config option): __itt_model_site_beginAL

782504 : 0x2dd457cbb0fae0 : 2 : ittapi_config_apply_per_lib :  ITTAPI function NOT instrumented (not matched by --itt-config option): __itt_model_task_beginA

782504 : 0x2dd457cbb10129 : 2 : ittapi_config_apply_per_lib :  ITTAPI function NOT instrumented (not matched by --itt-config option): __itt_model_task_beginAL

782504 : 0x2dd457cbb107f1 : 2 : ittapi_config_apply_per_lib :  ITTAPI function NOT instrumented (not matched by --itt-config option): __itt_model_iteration_taskA

782504 : 0x2dd457cbb10e79 : 2 : ittapi_config_apply_per_lib :  ITTAPI function NOT instrumented (not matched by --itt-config option): __itt_model_iteration_taskAL

782504 : 0x2dd457cbb1152d : 2 : ittapi_config_apply_per_lib :  ITTAPI function NOT instrumented (not matched by --itt-config option): __itt_model_site_end_2

782504 : 0x2dd457cbb134b3 : 2 : ittapi_config_apply_per_lib :  ITTAPI function NOT instrumented (not matched by --itt-config option): __itt_model_task_end_2

782504 : 0x2dd457cbb13b61 : 2 : ittapi_config_apply_per_lib :  ITTAPI function NOT instrumented (not matched by --itt-config option): __itt_model_lock_acquire_2

782504 : 0x2dd457cbb14271 : 2 : ittapi_config_apply_per_lib :  ITTAPI function NOT instrumented (not matched by --itt-config option): __itt_model_lock_release_2

782504 : 0x2dd457cbb14944 : 2 : ittapi_config_apply_per_lib :  ITTAPI function NOT instrumented (not matched by --itt-config option): __itt_model_aggregate_task

782504 : 0x2dd457cbb14f89 : 2 : ittapi_config_apply_per_lib :  ITTAPI function NOT instrumented (not matched by --itt-config option): __itt_model_disable_push

782504 : 0x2dd457cbb15645 : 2 : ittapi_config_apply_per_lib :  ITTAPI function NOT instrumented (not matched by --itt-config option): __itt_model_disable_pop

782504 : 0x2dd457cbb15e43 : 2 : ittapi_config_apply_per_lib :  ITTAPI function instrumented: __itt_heap_function_create
782504 : 0x2dd457cbb166ec : 2 : ittapi_config_apply_per_lib :  ITTAPI function instrumented: __itt_heap_allocate_begin
782504 : 0x2dd457cbb16ea7 : 2 : ittapi_config_apply_per_lib :  ITTAPI function instrumented: __itt_heap_allocate_end
782504 : 0x2dd457cbb17675 : 2 : ittapi_config_apply_per_lib :  ITTAPI function instrumented: __itt_heap_free_begin
782504 : 0x2dd457cbb1ac7a : 2 : ittapi_config_apply_per_lib :  ITTAPI function instrumented: __itt_heap_free_end
782504 : 0x2dd457cbb1b58f : 2 : ittapi_config_apply_per_lib :  ITTAPI function instrumented: __itt_heap_reallocate_begin
782504 : 0x2dd457cbb1bcaf : 2 : ittapi_config_apply_per_lib :  ITTAPI function instrumented: __itt_heap_reallocate_end
782504 : 0x2dd457cbb1c554 : 2 : ittapi_config_apply_per_lib :  ITTAPI function not implemented: __itt_heap_internal_access_begin
782504 : 0x2dd457cbb1ce8a : 2 : ittapi_config_apply_per_lib :  ITTAPI function not implemented: __itt_heap_internal_access_end
782504 : 0x2dd457cbb1d6ac : 2 : ittapi_config_apply_per_lib :  ITTAPI function not implemented: __itt_heap_record_memory_growth_begin
782504 : 0x2dd457cbb1df28 : 2 : ittapi_config_apply_per_lib :  ITTAPI function not implemented: __itt_heap_record_memory_growth_end
782504 : 0x2dd457cbb1e791 : 2 : ittapi_config_apply_per_lib :  ITTAPI function not implemented: __itt_heap_reset_detection
782504 : 0x2dd457cbb1f09f : 2 : ittapi_config_apply_per_lib :  ITTAPI function not implemented: __itt_heap_record
782504 : 0x2dd457cbb1f9b5 : 2 : ittapi_config_apply_per_lib :  ITTAPI function not implemented: __itt_id_create
782504 : 0x2dd457cbb21f4c : 2 : ittapi_config_apply_per_lib :  ITTAPI function not implemented: __itt_id_destroy
782504 : 0x2dd457cbb227b1 : 2 : ittapi_config_apply_per_lib :  ITTAPI function instrumented: __itt_get_timestamp
782504 : 0x2dd457cbb23061 : 2 : ittapi_config_apply_per_lib :  ITTAPI function not implemented: __itt_region_begin
782504 : 0x2dd457cbb238ab : 2 : ittapi_config_apply_per_lib :  ITTAPI function not implemented: __itt_region_end
782504 : 0x2dd457cbb2417f : 2 : ittapi_config_apply_per_lib :  ITTAPI function instrumented: __itt_frame_begin_v3
782504 : 0x2dd457cbb2493c : 2 : ittapi_config_apply_per_lib :  ITTAPI function instrumented: __itt_frame_end_v3
782504 : 0x2dd457cbb25163 : 2 : ittapi_config_apply_per_lib :  ITTAPI function instrumented: __itt_frame_submit_v3
782504 : 0x2dd457cbb257da : 2 : ittapi_config_apply_per_lib :  ITTAPI function NOT instrumented (not matched by --itt-config option): __itt_task_group

782504 : 0x2dd457cbb25f06 : 2 : ittapi_config_apply_per_lib :  ITTAPI function NOT instrumented (not matched by --itt-config option): __itt_task_begin

782504 : 0x2dd457cbb2654e : 2 : ittapi_config_apply_per_lib :  ITTAPI function NOT instrumented (not matched by --itt-config option): __itt_task_begin_fn

782504 : 0x2dd457cbb28564 : 2 : ittapi_config_apply_per_lib :  ITTAPI function NOT instrumented (not matched by --itt-config option): __itt_task_end

782504 : 0x2dd457cbb28cfb : 2 : ittapi_config_apply_per_lib :  ITTAPI function NOT instrumented (not matched by --itt-config option): __itt_counter_inc_v3

782504 : 0x2dd457cbb29393 : 2 : ittapi_config_apply_per_lib :  ITTAPI function NOT instrumented (not matched by --itt-config option): __itt_counter_inc_delta_v3

782504 : 0x2dd457cbb299dc : 2 : ittapi_config_apply_per_lib :  ITTAPI function NOT instrumented (not matched by --itt-config option): __itt_counter_dec_v3

782504 : 0x2dd457cbb2a082 : 2 : ittapi_config_apply_per_lib :  ITTAPI function NOT instrumented (not matched by --itt-config option): __itt_counter_dec_delta_v3

782504 : 0x2dd457cbb2aa39 : 2 : ittapi_config_apply_per_lib :  ITTAPI function not implemented: __itt_marker
782504 : 0x2dd457cbb2b21c : 2 : ittapi_config_apply_per_lib :  ITTAPI function instrumented: __itt_metadata_add
782504 : 0x2dd457cbb2ba2a : 2 : ittapi_config_apply_per_lib :  ITTAPI function not implemented: __itt_metadata_str_add
782504 : 0x2dd457cbb2c38a : 2 : ittapi_config_apply_per_lib :  ITTAPI function not implemented: __itt_relation_add_to_current
782504 : 0x2dd457cbb2cbe9 : 2 : ittapi_config_apply_per_lib :  ITTAPI function not implemented: __itt_relation_add
782504 : 0x2dd457cbb2ebab : 2 : ittapi_config_apply_per_lib :  ITTAPI function instrumented: __itt_event_create
782504 : 0x2dd457cbb2f290 : 2 : ittapi_config_apply_per_lib :  ITTAPI function NOT instrumented (not matched by --itt-config option): __itt_event_start

782504 : 0x2dd457cbb2f951 : 2 : ittapi_config_apply_per_lib :  ITTAPI function NOT instrumented (not matched by --itt-config option): __itt_event_end

782504 : 0x2dd457cbb2ffc3 : 2 : ittapi_config_apply_per_lib :  ITTAPI function NOT instrumented (not matched by --itt-config option): __itt_sync_set_name

782504 : 0x2dd457cbb3061f : 2 : ittapi_config_apply_per_lib :  ITTAPI function NOT instrumented (not matched by --itt-config option): __itt_notify_sync_name

782504 : 0x2dd457cbb30cb2 : 2 : ittapi_config_apply_per_lib :  ITTAPI function NOT instrumented (not matched by --itt-config option): __itt_notify_sync_prepare

782504 : 0x2dd457cbb312f0 : 2 : ittapi_config_apply_per_lib :  ITTAPI function NOT instrumented (not matched by --itt-config option): __itt_notify_sync_cancel

782504 : 0x2dd457cbb319a8 : 2 : ittapi_config_apply_per_lib :  ITTAPI function NOT instrumented (not matched by --itt-config option): __itt_notify_sync_acquired

782504 : 0x2dd457cbb32040 : 2 : ittapi_config_apply_per_lib :  ITTAPI function NOT instrumented (not matched by --itt-config option): __itt_notify_sync_releasing

782504 : 0x2dd457cbb32897 : 2 : ittapi_config_apply_per_lib :  ITTAPI function not implemented: __itt_memory_read
782504 : 0x2dd457cbb355f4 : 2 : ittapi_config_apply_per_lib :  ITTAPI function not implemented: __itt_memory_write
782504 : 0x2dd457cbb35fa5 : 2 : ittapi_config_apply_per_lib :  ITTAPI function not implemented: __itt_memory_update
782504 : 0x2dd457cbb367e1 : 2 : ittapi_config_apply_per_lib :  ITTAPI function not implemented: __itt_state_get
782504 : 0x2dd457cbb36f84 : 2 : ittapi_config_apply_per_lib :  ITTAPI function not implemented: __itt_state_set
782504 : 0x2dd457cbb377aa : 2 : ittapi_config_apply_per_lib :  ITTAPI function not implemented: __itt_obj_mode_set
782504 : 0x2dd457cbb37f7a : 2 : ittapi_config_apply_per_lib :  ITTAPI function not implemented: __itt_thr_mode_set
782504 : 0x2dd457cbb38711 : 2 : ittapi_config_apply_per_lib :  ITTAPI function instrumented: __itt_frame_create
782504 : 0x2dd457cbb38e89 : 2 : ittapi_config_apply_per_lib :  ITTAPI function instrumented: __itt_pt_region_create
782504 : 0x2dd457cbb39637 : 2 : ittapi_config_apply_per_lib :  ITTAPI function instrumented: __itt_frame_begin
782504 : 0x2dd457cbb39e78 : 2 : ittapi_config_apply_per_lib :  ITTAPI function instrumented: __itt_frame_end
782504 : 0x2dd457cbb3be2f : 2 : ittapi_config_apply_per_lib :  ITTAPI function NOT instrumented (not matched by --itt-config option): __itt_counter_destroy

782504 : 0x2dd457cbb3c5a0 : 2 : ittapi_config_apply_per_lib :  ITTAPI function NOT instrumented (not matched by --itt-config option): __itt_counter_inc

782504 : 0x2dd457cbb3cc02 : 2 : ittapi_config_apply_per_lib :  ITTAPI function NOT instrumented (not matched by --itt-config option): __itt_counter_inc_delta

782504 : 0x2dd457cbb3d2d1 : 2 : ittapi_config_apply_per_lib :  ITTAPI function NOT instrumented (not matched by --itt-config option): __itt_counter_dec

782504 : 0x2dd457cbb3d962 : 2 : ittapi_config_apply_per_lib :  ITTAPI function NOT instrumented (not matched by --itt-config option): __itt_counter_dec_delta

782504 : 0x2dd457cbb3dfad : 2 : ittapi_config_apply_per_lib :  ITTAPI function NOT instrumented (not matched by --itt-config option): __itt_counter_set_value

782504 : 0x2dd457cbb3e795 : 2 : ittapi_config_apply_per_lib :  ITTAPI function NOT instrumented (not matched by --itt-config option): __itt_counter_set_value_ex

782504 : 0x2dd457cbb3f072 : 2 : ittapi_config_apply_per_lib :  ITTAPI function not implemented: __itt_mark_create
782504 : 0x2dd457cbb3fade : 2 : ittapi_config_apply_per_lib :  ITTAPI function not implemented: __itt_mark
782504 : 0x2dd457cbb40437 : 2 : ittapi_config_apply_per_lib :  ITTAPI function not implemented: __itt_mark_off
782504 : 0x2dd457cbb42552 : 2 : ittapi_config_apply_per_lib :  ITTAPI function not implemented: __itt_mark_global
782504 : 0x2dd457cbb42e0e : 2 : ittapi_config_apply_per_lib :  ITTAPI function not implemented: __itt_mark_global_off
782504 : 0x2dd457cbb4357c : 2 : ittapi_config_apply_per_lib :  ITTAPI function NOT instrumented (not matched by --itt-config option): __itt_stack_caller_create

782504 : 0x2dd457cbb43bd8 : 2 : ittapi_config_apply_per_lib :  ITTAPI function NOT instrumented (not matched by --itt-config option): __itt_stack_caller_destroy

782504 : 0x2dd457cbb44374 : 2 : ittapi_config_apply_per_lib :  ITTAPI function NOT instrumented (not matched by --itt-config option): __itt_stack_callee_enter

782504 : 0x2dd457cbb44a52 : 2 : ittapi_config_apply_per_lib :  ITTAPI function NOT instrumented (not matched by --itt-config option): __itt_stack_callee_leave

782504 : 0x2dd457cbb4520c : 2 : ittapi_config_apply_per_lib :  ITTAPI function not implemented: __itt_clock_domain_create
782504 : 0x2dd457cbb45aad : 2 : ittapi_config_apply_per_lib :  ITTAPI function not implemented: __itt_clock_domain_reset
782504 : 0x2dd457cbb462ad : 2 : ittapi_config_apply_per_lib :  ITTAPI function not implemented: __itt_id_create_ex
782504 : 0x2dd457cbb46a63 : 2 : ittapi_config_apply_per_lib :  ITTAPI function not implemented: __itt_id_destroy_ex
782504 : 0x2dd457cbb49953 : 2 : ittapi_config_apply_per_lib :  ITTAPI function NOT instrumented (not matched by --itt-config option): __itt_task_begin_ex

782504 : 0x2dd457cbb4a07f : 2 : ittapi_config_apply_per_lib :  ITTAPI function NOT instrumented (not matched by --itt-config option): __itt_task_begin_fn_ex

782504 : 0x2dd457cbb4a724 : 2 : ittapi_config_apply_per_lib :  ITTAPI function NOT instrumented (not matched by --itt-config option): __itt_task_end_ex

782504 : 0x2dd457cbb4ad6b : 2 : ittapi_config_apply_per_lib :  ITTAPI function NOT instrumented (not matched by --itt-config option): __itt_task_begin_overlapped

782504 : 0x2dd457cbb4b3cb : 2 : ittapi_config_apply_per_lib :  ITTAPI function NOT instrumented (not matched by --itt-config option): __itt_task_begin_overlapped_ex

782504 : 0x2dd457cbb4ba33 : 2 : ittapi_config_apply_per_lib :  ITTAPI function NOT instrumented (not matched by --itt-config option): __itt_task_end_overlapped

782504 : 0x2dd457cbb4c033 : 2 : ittapi_config_apply_per_lib :  ITTAPI function NOT instrumented (not matched by --itt-config option): __itt_task_end_overlapped_ex

782504 : 0x2dd457cbb4c8f9 : 2 : ittapi_config_apply_per_lib :  ITTAPI function not implemented: __itt_marker_ex
782504 : 0x2dd457cbb4d1e9 : 2 : ittapi_config_apply_per_lib :  ITTAPI function not implemented: __itt_metadata_add_with_scope
782504 : 0x2dd457cbb4da89 : 2 : ittapi_config_apply_per_lib :  ITTAPI function not implemented: __itt_metadata_str_add_with_scope
782504 : 0x2dd457cbb4fd63 : 2 : ittapi_config_apply_per_lib :  ITTAPI function not implemented: __itt_relation_add_to_current_ex
782504 : 0x2dd457cbb50690 : 2 : ittapi_config_apply_per_lib :  ITTAPI function not implemented: __itt_relation_add_ex
782504 : 0x2dd457cbb50f8c : 2 : ittapi_config_apply_per_lib :  ITTAPI function not implemented: __itt_track_group_create
782504 : 0x2dd457cbb516ae : 2 : ittapi_config_apply_per_lib :  ITTAPI function not implemented: __itt_track_create
782504 : 0x2dd457cbb51e9d : 2 : ittapi_config_apply_per_lib :  ITTAPI function not implemented: __itt_set_track
782504 : 0x2dd457cbb5265c : 2 : ittapi_config_apply_per_lib :  ITTAPI function instrumented: __itt_api_version
782504 : 0x2dd457cbb52ebc : 2 : ittapi_config_apply_per_lib :  ITTAPI function not implemented: __itt_av_save
782504 : 0x2dd457cbb53654 : 2 : ittapi_config_apply_per_lib :  ITTAPI function instrumented: __itt_module_load
782504 : 0x2dd457cbb53e7a : 2 : ittapi_config_apply_per_lib :  ITTAPI function not implemented: __itt_module_unload