18 [140336654340800] INFO perfrun.launcher <> - Launcher main begin
36 [140336654340800] INFO perfrun.launcher <> - MessageCatalogInit finished
36 [140336654340800] INFO perfrun.launcher <> - Launcher instance created
36 [140336654340800] INFO perfrun.launcher <> - argc = 7; cmdline = /home/intel/oneapi/vtune/2021.1.1/bin64/amplxe-runss --ui-output-format xml --ui-output-fd 5 --option-file /home/users/efsilva/teste/INF01077/resultados_pcad_hype_vtune_quantize_825094/off-avx2_t1/hotspots/config/runsa.options 
180 [140336654340800] INFO perfrun.launcher <> - plugin remoteplug has been added successfully
180 [140336654340800] INFO perfrun.launcher <> - plugin system has been added successfully
180 [140336654340800] INFO perfrun.launcher <> - plugin vdso has been added successfully
180 [140336654340800] INFO perfrun.launcher <> - plugin itt has been added successfully
180 [140336654340800] INFO perfrun.launcher <> - plugin ptracecollector has been added successfully
180 [140336654340800] INFO perfrun.launcher <> - plugin gpu has been added successfully
180 [140336654340800] INFO perfrun.launcher <> - plugin  has been added successfully
180 [140336654340800] INFO perfrun.launcher <> - plugin  has been added successfully
180 [140336654340800] INFO perfrun.launcher <> - plugin  has been added successfully
180 [140336654340800] INFO perfrun.launcher <> - plugin mrte has been added successfully
180 [140336654340800] INFO perfrun.launcher <> - plugin emon has been added successfully
180 [140336654340800] INFO perfrun.launcher <> - plugin cuscol has been added successfully
180 [140336654340800] INFO perfrun.launcher <> - plugin stdsrc has been added successfully
180 [140336654340800] INFO perfrun.launcher <> - plugin sep has been added successfully
180 [140336654340800] INFO perfrun.launcher <> - plugin vtsspp has been added successfully
180 [140336654340800] INFO perfrun.sdk <> - Reading value (-1) from file: /proc/sys/kernel/perf_event_paranoid
180 [140336654340800] INFO perfrun.perfcollector <> - checking access to: /home/intel/oneapi/vtune/2021.1.1/bin64/amplxe-perf-priv
184 [140336654340800] INFO perfrun.perfcollector <> - cpu: family = 6 model = 63
184 [140336654340800] INFO perfrun.perfcollector <> - dir found : /sys/bus/event_source/devices/software
184 [140336654340800] WARN perfrun.perfcollector <> - format subdir doesn't exist, at file: vcs/perfrun1/plugins/perfcollector/src/controller.cpp:725
184 [140336654340800] WARN perfrun.perfcollector <> - pmu hwInfo is not set, at file: vcs/perfrun1/plugins/perfcollector/src/controller.cpp:819
184 [140336654340800] INFO perfrun.perfcollector <> - pmu added : family : software , id : 0
184 [140336654340800] INFO perfrun.perfcollector <> - dir found : /sys/bus/event_source/devices/uncore_imc_5
184 [140336654340800] INFO perfrun.perfcollector <> - format: event config:0-7 mask:0-7
184 [140336654340800] INFO perfrun.perfcollector <> - format: edge config:18 mask:18
184 [140336654340800] INFO perfrun.perfcollector <> - format: inv config:23 mask:23
184 [140336654340800] INFO perfrun.perfcollector <> - format: umask config:8-15 mask:8-15
184 [140336654340800] INFO perfrun.perfcollector <> - format: thresh config:24-31 mask:24-31
184 [140336654340800] INFO perfrun.perfcollector <> - hwInfo : PERF_IMC_PMU_DETAILS
184 [140336654340800] INFO perfrun.perfcollector <> - pmu added : family : uncore_imc , id : 5
184 [140336654340800] INFO perfrun.perfcollector <> - dir found : /sys/bus/event_source/devices/uncore_sbox_2
184 [140336654340800] INFO perfrun.perfcollector <> - format: event config:0-7 mask:0-7
185 [140336654340800] INFO perfrun.perfcollector <> - format: edge config:18 mask:18
185 [140336654340800] INFO perfrun.perfcollector <> - format: inv config:23 mask:23
185 [140336654340800] INFO perfrun.perfcollector <> - format: umask config:8-15 mask:8-15
185 [140336654340800] INFO perfrun.perfcollector <> - format: tid_en config:19 mask:19
185 [140336654340800] INFO perfrun.perfcollector <> - format: thresh config:24-31 mask:24-31
185 [140336654340800] WARN perfrun.perfcollector <> - pmu hwInfo is not set, at file: vcs/perfrun1/plugins/perfcollector/src/controller.cpp:819
185 [140336654340800] INFO perfrun.perfcollector <> - pmu added : family : uncore_sbox , id : 2
185 [140336654340800] INFO perfrun.perfcollector <> - dir found : /sys/bus/event_source/devices/uncore_cbox_8
185 [140336654340800] INFO perfrun.perfcollector <> - format: event config:0-7 mask:0-7
185 [140336654340800] INFO perfrun.perfcollector <> - format: filter_link config1:6-8 mask:6-8
185 [140336654340800] INFO perfrun.perfcollector <> - format: filter_c6 config1:61 mask:61
185 [140336654340800] INFO perfrun.perfcollector <> - format: edge config:18 mask:18
185 [140336654340800] INFO perfrun.perfcollector <> - format: filter_isoc config1:63 mask:63
185 [140336654340800] INFO perfrun.perfcollector <> - format: filter_tid config1:0-5 mask:0-5
185 [140336654340800] INFO perfrun.perfcollector <> - format: filter_nid config1:32-47 mask:32-47
185 [140336654340800] INFO perfrun.perfcollector <> - format: filter_nc config1:62 mask:62
185 [140336654340800] INFO perfrun.perfcollector <> - format: umask config:8-15 mask:8-15
185 [140336654340800] INFO perfrun.perfcollector <> - format: tid_en config:19 mask:19
185 [140336654340800] INFO perfrun.perfcollector <> - format: thresh config:24-31 mask:24-31
185 [140336654340800] INFO perfrun.perfcollector <> - format: filter_state config1:17-23 mask:17-23
185 [140336654340800] INFO perfrun.perfcollector <> - format: filter_opc config1:52-60 mask:52-60
185 [140336654340800] WARN perfrun.perfcollector <> - pmu hwInfo is not set, at file: vcs/perfrun1/plugins/perfcollector/src/controller.cpp:819
185 [140336654340800] INFO perfrun.perfcollector <> - pmu added : family : uncore_cbox , id : 8
185 [140336654340800] INFO perfrun.perfcollector <> - dir found : /sys/bus/event_source/devices/uncore_r2pcie
185 [140336654340800] INFO perfrun.perfcollector <> - format: event config:0-7 mask:0-7
185 [140336654340800] INFO perfrun.perfcollector <> - format: edge config:18 mask:18
185 [140336654340800] INFO perfrun.perfcollector <> - format: inv config:23 mask:23
185 [140336654340800] INFO perfrun.perfcollector <> - format: umask config:8-15 mask:8-15
185 [140336654340800] INFO perfrun.perfcollector <> - format: thresh config:24-31 mask:24-31
185 [140336654340800] WARN perfrun.perfcollector <> - pmu hwInfo is not set, at file: vcs/perfrun1/plugins/perfcollector/src/controller.cpp:819
185 [140336654340800] INFO perfrun.perfcollector <> - pmu added : family : uncore_r2pcie , id : 0
185 [140336654340800] INFO perfrun.perfcollector <> - dir found : /sys/bus/event_source/devices/uncore_sbox_0
185 [140336654340800] INFO perfrun.perfcollector <> - format: event config:0-7 mask:0-7
186 [140336654340800] INFO perfrun.perfcollector <> - format: edge config:18 mask:18
186 [140336654340800] INFO perfrun.perfcollector <> - format: inv config:23 mask:23
186 [140336654340800] INFO perfrun.perfcollector <> - format: umask config:8-15 mask:8-15
186 [140336654340800] INFO perfrun.perfcollector <> - format: tid_en config:19 mask:19
186 [140336654340800] INFO perfrun.perfcollector <> - format: thresh config:24-31 mask:24-31
186 [140336654340800] WARN perfrun.perfcollector <> - pmu hwInfo is not set, at file: vcs/perfrun1/plugins/perfcollector/src/controller.cpp:819
186 [140336654340800] INFO perfrun.perfcollector <> - pmu added : family : uncore_sbox , id : 0
186 [140336654340800] INFO perfrun.perfcollector <> - dir found : /sys/bus/event_source/devices/uncore_cbox_6
186 [140336654340800] INFO perfrun.perfcollector <> - format: event config:0-7 mask:0-7
186 [140336654340800] INFO perfrun.perfcollector <> - format: filter_link config1:6-8 mask:6-8
186 [140336654340800] INFO perfrun.perfcollector <> - format: filter_c6 config1:61 mask:61
186 [140336654340800] INFO perfrun.perfcollector <> - format: edge config:18 mask:18
186 [140336654340800] INFO perfrun.perfcollector <> - format: filter_isoc config1:63 mask:63
186 [140336654340800] INFO perfrun.perfcollector <> - format: filter_tid config1:0-5 mask:0-5
186 [140336654340800] INFO perfrun.perfcollector <> - format: filter_nid config1:32-47 mask:32-47
186 [140336654340800] INFO perfrun.perfcollector <> - format: filter_nc config1:62 mask:62
186 [140336654340800] INFO perfrun.perfcollector <> - format: umask config:8-15 mask:8-15
186 [140336654340800] INFO perfrun.perfcollector <> - format: tid_en config:19 mask:19
186 [140336654340800] INFO perfrun.perfcollector <> - format: thresh config:24-31 mask:24-31
186 [140336654340800] INFO perfrun.perfcollector <> - format: filter_state config1:17-23 mask:17-23
186 [140336654340800] INFO perfrun.perfcollector <> - format: filter_opc config1:52-60 mask:52-60
186 [140336654340800] WARN perfrun.perfcollector <> - pmu hwInfo is not set, at file: vcs/perfrun1/plugins/perfcollector/src/controller.cpp:819
186 [140336654340800] INFO perfrun.perfcollector <> - pmu added : family : uncore_cbox , id : 6
186 [140336654340800] INFO perfrun.perfcollector <> - dir found : /sys/bus/event_source/devices/uncore_imc_1
186 [140336654340800] INFO perfrun.perfcollector <> - format: event config:0-7 mask:0-7
186 [140336654340800] INFO perfrun.perfcollector <> - format: edge config:18 mask:18
186 [140336654340800] INFO perfrun.perfcollector <> - format: inv config:23 mask:23
186 [140336654340800] INFO perfrun.perfcollector <> - format: umask config:8-15 mask:8-15
186 [140336654340800] INFO perfrun.perfcollector <> - format: thresh config:24-31 mask:24-31
186 [140336654340800] INFO perfrun.perfcollector <> - hwInfo : PERF_IMC_PMU_DETAILS
186 [140336654340800] INFO perfrun.perfcollector <> - pmu added : family : uncore_imc , id : 1
186 [140336654340800] INFO perfrun.perfcollector <> - dir found : /sys/bus/event_source/devices/power
186 [140336654340800] INFO perfrun.perfcollector <> - format: event config:0-7 mask:0-7
186 [140336654340800] WARN perfrun.perfcollector <> - pmu hwInfo is not set, at file: vcs/perfrun1/plugins/perfcollector/src/controller.cpp:819
186 [140336654340800] INFO perfrun.perfcollector <> - pmu added : family : power , id : 0
186 [140336654340800] INFO perfrun.perfcollector <> - dir found : /sys/bus/event_source/devices/uncore_cbox_4
186 [140336654340800] INFO perfrun.perfcollector <> - format: event config:0-7 mask:0-7
186 [140336654340800] INFO perfrun.perfcollector <> - format: filter_link config1:6-8 mask:6-8
187 [140336654340800] INFO perfrun.perfcollector <> - format: filter_c6 config1:61 mask:61
187 [140336654340800] INFO perfrun.perfcollector <> - format: edge config:18 mask:18
187 [140336654340800] INFO perfrun.perfcollector <> - format: filter_isoc config1:63 mask:63
187 [140336654340800] INFO perfrun.perfcollector <> - format: filter_tid config1:0-5 mask:0-5
187 [140336654340800] INFO perfrun.perfcollector <> - format: filter_nid config1:32-47 mask:32-47
187 [140336654340800] INFO perfrun.perfcollector <> - format: filter_nc config1:62 mask:62
187 [140336654340800] INFO perfrun.perfcollector <> - format: umask config:8-15 mask:8-15
187 [140336654340800] INFO perfrun.perfcollector <> - format: tid_en config:19 mask:19
187 [140336654340800] INFO perfrun.perfcollector <> - format: thresh config:24-31 mask:24-31
187 [140336654340800] INFO perfrun.perfcollector <> - format: filter_state config1:17-23 mask:17-23
187 [140336654340800] INFO perfrun.perfcollector <> - format: filter_opc config1:52-60 mask:52-60
187 [140336654340800] WARN perfrun.perfcollector <> - pmu hwInfo is not set, at file: vcs/perfrun1/plugins/perfcollector/src/controller.cpp:819
187 [140336654340800] INFO perfrun.perfcollector <> - pmu added : family : uncore_cbox , id : 4
187 [140336654340800] INFO perfrun.perfcollector <> - dir found : /sys/bus/event_source/devices/uprobe
187 [140336654340800] INFO perfrun.perfcollector <> - format: ref_ctr_offset config:32-63 mask:32-63
187 [140336654340800] INFO perfrun.perfcollector <> - format: retprobe config:0 mask:0
187 [140336654340800] WARN perfrun.perfcollector <> - pmu hwInfo is not set, at file: vcs/perfrun1/plugins/perfcollector/src/controller.cpp:819
187 [140336654340800] INFO perfrun.perfcollector <> - pmu added : family : uprobe , id : 0
187 [140336654340800] INFO perfrun.perfcollector <> - dir found : /sys/bus/event_source/devices/cpu
187 [140336654340800] INFO perfrun.perfcollector <> - format: event config:0-7 mask:0-7
187 [140336654340800] INFO perfrun.perfcollector <> - format: pc config:19 mask:19
187 [140336654340800] INFO perfrun.perfcollector <> - format: edge config:18 mask:18
187 [140336654340800] INFO perfrun.perfcollector <> - format: any config:21 mask:21
187 [140336654340800] INFO perfrun.perfcollector <> - format: offcore_rsp config1:0-63 mask:0-63
187 [140336654340800] INFO perfrun.perfcollector <> - format: ldlat config1:0-15 mask:0-15
187 [140336654340800] INFO perfrun.perfcollector <> - format: inv config:23 mask:23
187 [140336654340800] INFO perfrun.perfcollector <> - format: umask config:8-15 mask:8-15
187 [140336654340800] INFO perfrun.perfcollector <> - format: cmask config:24-31 mask:24-31
187 [140336654340800] INFO perfrun.perfcollector <> - hwInfo : PERF_CPU_PMU_DETAILS
187 [140336654340800] INFO perfrun.perfcollector <> - pmu added : family : cpu , id : 0
187 [140336654340800] INFO perfrun.perfcollector <> - dir found : /sys/bus/event_source/devices/uncore_r3qpi_0
187 [140336654340800] INFO perfrun.perfcollector <> - format: event config:0-7 mask:0-7
187 [140336654340800] INFO perfrun.perfcollector <> - format: edge config:18 mask:18
187 [140336654340800] INFO perfrun.perfcollector <> - format: inv config:23 mask:23
187 [140336654340800] INFO perfrun.perfcollector <> - format: umask config:8-15 mask:8-15
187 [140336654340800] INFO perfrun.perfcollector <> - format: thresh config:24-31 mask:24-31
187 [140336654340800] WARN perfrun.perfcollector <> - pmu hwInfo is not set, at file: vcs/perfrun1/plugins/perfcollector/src/controller.cpp:819
187 [140336654340800] INFO perfrun.perfcollector <> - pmu added : family : uncore_r3qpi , id : 0
187 [140336654340800] INFO perfrun.perfcollector <> - dir found : /sys/bus/event_source/devices/cstate_core
188 [140336654340800] INFO perfrun.perfcollector <> - format: event config:0-63 mask:0-63
188 [140336654340800] WARN perfrun.perfcollector <> - pmu hwInfo is not set, at file: vcs/perfrun1/plugins/perfcollector/src/controller.cpp:819
188 [140336654340800] INFO perfrun.perfcollector <> - pmu added : family : cstate_core , id : 0
188 [140336654340800] INFO perfrun.perfcollector <> - dir found : /sys/bus/event_source/devices/uncore_cbox_2
188 [140336654340800] INFO perfrun.perfcollector <> - format: event config:0-7 mask:0-7
188 [140336654340800] INFO perfrun.perfcollector <> - format: filter_link config1:6-8 mask:6-8
188 [140336654340800] INFO perfrun.perfcollector <> - format: filter_c6 config1:61 mask:61
188 [140336654340800] INFO perfrun.perfcollector <> - format: edge config:18 mask:18
188 [140336654340800] INFO perfrun.perfcollector <> - format: filter_isoc config1:63 mask:63
188 [140336654340800] INFO perfrun.perfcollector <> - format: filter_tid config1:0-5 mask:0-5
188 [140336654340800] INFO perfrun.perfcollector <> - format: filter_nid config1:32-47 mask:32-47
188 [140336654340800] INFO perfrun.perfcollector <> - format: filter_nc config1:62 mask:62
188 [140336654340800] INFO perfrun.perfcollector <> - format: umask config:8-15 mask:8-15
188 [140336654340800] INFO perfrun.perfcollector <> - format: tid_en config:19 mask:19
188 [140336654340800] INFO perfrun.perfcollector <> - format: thresh config:24-31 mask:24-31
188 [140336654340800] INFO perfrun.perfcollector <> - format: filter_state config1:17-23 mask:17-23
188 [140336654340800] INFO perfrun.perfcollector <> - format: filter_opc config1:52-60 mask:52-60
188 [140336654340800] WARN perfrun.perfcollector <> - pmu hwInfo is not set, at file: vcs/perfrun1/plugins/perfcollector/src/controller.cpp:819
188 [140336654340800] INFO perfrun.perfcollector <> - pmu added : family : uncore_cbox , id : 2
188 [140336654340800] INFO perfrun.perfcollector <> - dir found : /sys/bus/event_source/devices/breakpoint
188 [140336654340800] WARN perfrun.perfcollector <> - format subdir doesn't exist, at file: vcs/perfrun1/plugins/perfcollector/src/controller.cpp:725
188 [140336654340800] WARN perfrun.perfcollector <> - pmu hwInfo is not set, at file: vcs/perfrun1/plugins/perfcollector/src/controller.cpp:819
188 [140336654340800] INFO perfrun.perfcollector <> - pmu added : family : breakpoint , id : 0
188 [140336654340800] INFO perfrun.perfcollector <> - dir found : /sys/bus/event_source/devices/uncore_ha_0
188 [140336654340800] INFO perfrun.perfcollector <> - format: event config:0-7 mask:0-7
188 [140336654340800] INFO perfrun.perfcollector <> - format: edge config:18 mask:18
188 [140336654340800] INFO perfrun.perfcollector <> - format: inv config:23 mask:23
188 [140336654340800] INFO perfrun.perfcollector <> - format: umask config:8-15 mask:8-15
188 [140336654340800] INFO perfrun.perfcollector <> - format: thresh config:24-31 mask:24-31
188 [140336654340800] WARN perfrun.perfcollector <> - pmu hwInfo is not set, at file: vcs/perfrun1/plugins/perfcollector/src/controller.cpp:819
188 [140336654340800] INFO perfrun.perfcollector <> - pmu added : family : uncore_ha , id : 0
188 [140336654340800] INFO perfrun.perfcollector <> - dir found : /sys/bus/event_source/devices/uncore_cbox_0
188 [140336654340800] INFO perfrun.perfcollector <> - format: event config:0-7 mask:0-7
188 [140336654340800] INFO perfrun.perfcollector <> - format: filter_link config1:6-8 mask:6-8
188 [140336654340800] INFO perfrun.perfcollector <> - format: filter_c6 config1:61 mask:61
188 [140336654340800] INFO perfrun.perfcollector <> - format: edge config:18 mask:18
188 [140336654340800] INFO perfrun.perfcollector <> - format: filter_isoc config1:63 mask:63
188 [140336654340800] INFO perfrun.perfcollector <> - format: filter_tid config1:0-5 mask:0-5
188 [140336654340800] INFO perfrun.perfcollector <> - format: filter_nid config1:32-47 mask:32-47
188 [140336654340800] INFO perfrun.perfcollector <> - format: filter_nc config1:62 mask:62
189 [140336654340800] INFO perfrun.perfcollector <> - format: umask config:8-15 mask:8-15
189 [140336654340800] INFO perfrun.perfcollector <> - format: tid_en config:19 mask:19
189 [140336654340800] INFO perfrun.perfcollector <> - format: thresh config:24-31 mask:24-31
189 [140336654340800] INFO perfrun.perfcollector <> - format: filter_state config1:17-23 mask:17-23
189 [140336654340800] INFO perfrun.perfcollector <> - format: filter_opc config1:52-60 mask:52-60
189 [140336654340800] WARN perfrun.perfcollector <> - pmu hwInfo is not set, at file: vcs/perfrun1/plugins/perfcollector/src/controller.cpp:819
189 [140336654340800] INFO perfrun.perfcollector <> - pmu added : family : uncore_cbox , id : 0
189 [140336654340800] INFO perfrun.perfcollector <> - dir found : /sys/bus/event_source/devices/tracepoint
189 [140336654340800] WARN perfrun.perfcollector <> - format subdir doesn't exist, at file: vcs/perfrun1/plugins/perfcollector/src/controller.cpp:725
189 [140336654340800] WARN perfrun.perfcollector <> - pmu hwInfo is not set, at file: vcs/perfrun1/plugins/perfcollector/src/controller.cpp:819
189 [140336654340800] INFO perfrun.perfcollector <> - pmu added : family : tracepoint , id : 0
189 [140336654340800] INFO perfrun.perfcollector <> - dir found : /sys/bus/event_source/devices/uncore_sbox_3
189 [140336654340800] INFO perfrun.perfcollector <> - format: event config:0-7 mask:0-7
189 [140336654340800] INFO perfrun.perfcollector <> - format: edge config:18 mask:18
189 [140336654340800] INFO perfrun.perfcollector <> - format: inv config:23 mask:23
189 [140336654340800] INFO perfrun.perfcollector <> - format: umask config:8-15 mask:8-15
189 [140336654340800] INFO perfrun.perfcollector <> - format: tid_en config:19 mask:19
189 [140336654340800] INFO perfrun.perfcollector <> - format: thresh config:24-31 mask:24-31
189 [140336654340800] WARN perfrun.perfcollector <> - pmu hwInfo is not set, at file: vcs/perfrun1/plugins/perfcollector/src/controller.cpp:819
189 [140336654340800] INFO perfrun.perfcollector <> - pmu added : family : uncore_sbox , id : 3
189 [140336654340800] INFO perfrun.perfcollector <> - dir found : /sys/bus/event_source/devices/uncore_cbox_9
189 [140336654340800] INFO perfrun.perfcollector <> - format: event config:0-7 mask:0-7
189 [140336654340800] INFO perfrun.perfcollector <> - format: filter_link config1:6-8 mask:6-8
189 [140336654340800] INFO perfrun.perfcollector <> - format: filter_c6 config1:61 mask:61
189 [140336654340800] INFO perfrun.perfcollector <> - format: edge config:18 mask:18
189 [140336654340800] INFO perfrun.perfcollector <> - format: filter_isoc config1:63 mask:63
189 [140336654340800] INFO perfrun.perfcollector <> - format: filter_tid config1:0-5 mask:0-5
189 [140336654340800] INFO perfrun.perfcollector <> - format: filter_nid config1:32-47 mask:32-47
189 [140336654340800] INFO perfrun.perfcollector <> - format: filter_nc config1:62 mask:62
189 [140336654340800] INFO perfrun.perfcollector <> - format: umask config:8-15 mask:8-15
189 [140336654340800] INFO perfrun.perfcollector <> - format: tid_en config:19 mask:19
189 [140336654340800] INFO perfrun.perfcollector <> - format: thresh config:24-31 mask:24-31
189 [140336654340800] INFO perfrun.perfcollector <> - format: filter_state config1:17-23 mask:17-23
189 [140336654340800] INFO perfrun.perfcollector <> - format: filter_opc config1:52-60 mask:52-60
189 [140336654340800] WARN perfrun.perfcollector <> - pmu hwInfo is not set, at file: vcs/perfrun1/plugins/perfcollector/src/controller.cpp:819
189 [140336654340800] INFO perfrun.perfcollector <> - pmu added : family : uncore_cbox , id : 9
189 [140336654340800] INFO perfrun.perfcollector <> - dir found : /sys/bus/event_source/devices/cstate_pkg
189 [140336654340800] INFO perfrun.perfcollector <> - format: event config:0-63 mask:0-63
189 [140336654340800] WARN perfrun.perfcollector <> - pmu hwInfo is not set, at file: vcs/perfrun1/plugins/perfcollector/src/controller.cpp:819
190 [140336654340800] INFO perfrun.perfcollector <> - pmu added : family : cstate_pkg , id : 0
190 [140336654340800] INFO perfrun.perfcollector <> - dir found : /sys/bus/event_source/devices/uncore_imc_4
190 [140336654340800] INFO perfrun.perfcollector <> - format: event config:0-7 mask:0-7
190 [140336654340800] INFO perfrun.perfcollector <> - format: edge config:18 mask:18
190 [140336654340800] INFO perfrun.perfcollector <> - format: inv config:23 mask:23
190 [140336654340800] INFO perfrun.perfcollector <> - format: umask config:8-15 mask:8-15
190 [140336654340800] INFO perfrun.perfcollector <> - format: thresh config:24-31 mask:24-31
190 [140336654340800] INFO perfrun.perfcollector <> - hwInfo : PERF_IMC_PMU_DETAILS
190 [140336654340800] INFO perfrun.perfcollector <> - pmu added : family : uncore_imc , id : 4
190 [140336654340800] INFO perfrun.perfcollector <> - dir found : /sys/bus/event_source/devices/uncore_ubox
190 [140336654340800] INFO perfrun.perfcollector <> - format: event config:0-7 mask:0-7
190 [140336654340800] INFO perfrun.perfcollector <> - format: edge config:18 mask:18
190 [140336654340800] INFO perfrun.perfcollector <> - format: filter_tid config1:0 mask:0
190 [140336654340800] INFO perfrun.perfcollector <> - format: inv config:23 mask:23
190 [140336654340800] INFO perfrun.perfcollector <> - format: umask config:8-15 mask:8-15
190 [140336654340800] INFO perfrun.perfcollector <> - format: thresh config:24-28 mask:24-28
190 [140336654340800] INFO perfrun.perfcollector <> - format: filter_cid config1:5 mask:5
190 [140336654340800] WARN perfrun.perfcollector <> - pmu hwInfo is not set, at file: vcs/perfrun1/plugins/perfcollector/src/controller.cpp:819
190 [140336654340800] INFO perfrun.perfcollector <> - pmu added : family : uncore_ubox , id : 0
190 [140336654340800] INFO perfrun.perfcollector <> - dir found : /sys/bus/event_source/devices/uncore_sbox_1
190 [140336654340800] INFO perfrun.perfcollector <> - format: event config:0-7 mask:0-7
190 [140336654340800] INFO perfrun.perfcollector <> - format: edge config:18 mask:18
190 [140336654340800] INFO perfrun.perfcollector <> - format: inv config:23 mask:23
190 [140336654340800] INFO perfrun.perfcollector <> - format: umask config:8-15 mask:8-15
190 [140336654340800] INFO perfrun.perfcollector <> - format: tid_en config:19 mask:19
191 [140336654340800] INFO perfrun.perfcollector <> - format: thresh config:24-31 mask:24-31
191 [140336654340800] WARN perfrun.perfcollector <> - pmu hwInfo is not set, at file: vcs/perfrun1/plugins/perfcollector/src/controller.cpp:819
191 [140336654340800] INFO perfrun.perfcollector <> - pmu added : family : uncore_sbox , id : 1
191 [140336654340800] INFO perfrun.perfcollector <> - dir found : /sys/bus/event_source/devices/uncore_cbox_7
191 [140336654340800] INFO perfrun.perfcollector <> - format: event config:0-7 mask:0-7
191 [140336654340800] INFO perfrun.perfcollector <> - format: filter_link config1:6-8 mask:6-8
191 [140336654340800] INFO perfrun.perfcollector <> - format: filter_c6 config1:61 mask:61
191 [140336654340800] INFO perfrun.perfcollector <> - format: edge config:18 mask:18
191 [140336654340800] INFO perfrun.perfcollector <> - format: filter_isoc config1:63 mask:63
191 [140336654340800] INFO perfrun.perfcollector <> - format: filter_tid config1:0-5 mask:0-5
191 [140336654340800] INFO perfrun.perfcollector <> - format: filter_nid config1:32-47 mask:32-47
191 [140336654340800] INFO perfrun.perfcollector <> - format: filter_nc config1:62 mask:62
191 [140336654340800] INFO perfrun.perfcollector <> - format: umask config:8-15 mask:8-15
191 [140336654340800] INFO perfrun.perfcollector <> - format: tid_en config:19 mask:19
191 [140336654340800] INFO perfrun.perfcollector <> - format: thresh config:24-31 mask:24-31
191 [140336654340800] INFO perfrun.perfcollector <> - format: filter_state config1:17-23 mask:17-23
191 [140336654340800] INFO perfrun.perfcollector <> - format: filter_opc config1:52-60 mask:52-60
191 [140336654340800] WARN perfrun.perfcollector <> - pmu hwInfo is not set, at file: vcs/perfrun1/plugins/perfcollector/src/controller.cpp:819
191 [140336654340800] INFO perfrun.perfcollector <> - pmu added : family : uncore_cbox , id : 7
191 [140336654340800] INFO perfrun.perfcollector <> - dir found : /sys/bus/event_source/devices/kprobe
191 [140336654340800] INFO perfrun.perfcollector <> - format: retprobe config:0 mask:0
191 [140336654340800] WARN perfrun.perfcollector <> - pmu hwInfo is not set, at file: vcs/perfrun1/plugins/perfcollector/src/controller.cpp:819
191 [140336654340800] INFO perfrun.perfcollector <> - pmu added : family : kprobe , id : 0
191 [140336654340800] INFO perfrun.perfcollector <> - dir found : /sys/bus/event_source/devices/uncore_cbox_5
191 [140336654340800] INFO perfrun.perfcollector <> - format: event config:0-7 mask:0-7
191 [140336654340800] INFO perfrun.perfcollector <> - format: filter_link config1:6-8 mask:6-8
191 [140336654340800] INFO perfrun.perfcollector <> - format: filter_c6 config1:61 mask:61
191 [140336654340800] INFO perfrun.perfcollector <> - format: edge config:18 mask:18
191 [140336654340800] INFO perfrun.perfcollector <> - format: filter_isoc config1:63 mask:63
191 [140336654340800] INFO perfrun.perfcollector <> - format: filter_tid config1:0-5 mask:0-5
191 [140336654340800] INFO perfrun.perfcollector <> - format: filter_nid config1:32-47 mask:32-47
191 [140336654340800] INFO perfrun.perfcollector <> - format: filter_nc config1:62 mask:62
191 [140336654340800] INFO perfrun.perfcollector <> - format: umask config:8-15 mask:8-15
191 [140336654340800] INFO perfrun.perfcollector <> - format: tid_en config:19 mask:19
191 [140336654340800] INFO perfrun.perfcollector <> - format: thresh config:24-31 mask:24-31
191 [140336654340800] INFO perfrun.perfcollector <> - format: filter_state config1:17-23 mask:17-23
191 [140336654340800] INFO perfrun.perfcollector <> - format: filter_opc config1:52-60 mask:52-60
191 [140336654340800] WARN perfrun.perfcollector <> - pmu hwInfo is not set, at file: vcs/perfrun1/plugins/perfcollector/src/controller.cpp:819
192 [140336654340800] INFO perfrun.perfcollector <> - pmu added : family : uncore_cbox , id : 5
192 [140336654340800] INFO perfrun.perfcollector <> - dir found : /sys/bus/event_source/devices/uncore_imc_0
192 [140336654340800] INFO perfrun.perfcollector <> - format: event config:0-7 mask:0-7
192 [140336654340800] INFO perfrun.perfcollector <> - format: edge config:18 mask:18
192 [140336654340800] INFO perfrun.perfcollector <> - format: inv config:23 mask:23
192 [140336654340800] INFO perfrun.perfcollector <> - format: umask config:8-15 mask:8-15
192 [140336654340800] INFO perfrun.perfcollector <> - format: thresh config:24-31 mask:24-31
192 [140336654340800] INFO perfrun.perfcollector <> - hwInfo : PERF_IMC_PMU_DETAILS
192 [140336654340800] INFO perfrun.perfcollector <> - pmu added : family : uncore_imc , id : 0
192 [140336654340800] INFO perfrun.perfcollector <> - dir found : /sys/bus/event_source/devices/uncore_pcu
192 [140336654340800] INFO perfrun.perfcollector <> - format: filter_band2 config1:16-23 mask:16-23
192 [140336654340800] INFO perfrun.perfcollector <> - format: event config:0-7 mask:0-7
192 [140336654340800] INFO perfrun.perfcollector <> - format: filter_band0 config1:0-7 mask:0-7
192 [140336654340800] INFO perfrun.perfcollector <> - format: edge config:18 mask:18
192 [140336654340800] INFO perfrun.perfcollector <> - format: occ_invert config:30 mask:30
192 [140336654340800] INFO perfrun.perfcollector <> - format: occ_edge config:14-51 mask:14-51
192 [140336654340800] INFO perfrun.perfcollector <> - format: filter_band3 config1:24-31 mask:24-31
192 [140336654340800] INFO perfrun.perfcollector <> - format: filter_band1 config1:8-15 mask:8-15
192 [140336654340800] INFO perfrun.perfcollector <> - format: inv config:23 mask:23
192 [140336654340800] INFO perfrun.perfcollector <> - format: thresh config:24-28 mask:24-28
192 [140336654340800] INFO perfrun.perfcollector <> - format: occ_sel config:14-15 mask:14-15
192 [140336654340800] WARN perfrun.perfcollector <> - pmu hwInfo is not set, at file: vcs/perfrun1/plugins/perfcollector/src/controller.cpp:819
192 [140336654340800] INFO perfrun.perfcollector <> - pmu added : family : uncore_pcu , id : 0
192 [140336654340800] INFO perfrun.perfcollector <> - dir found : /sys/bus/event_source/devices/uncore_r3qpi_1
192 [140336654340800] INFO perfrun.perfcollector <> - format: event config:0-7 mask:0-7
192 [140336654340800] INFO perfrun.perfcollector <> - format: edge config:18 mask:18
192 [140336654340800] INFO perfrun.perfcollector <> - format: inv config:23 mask:23
192 [140336654340800] INFO perfrun.perfcollector <> - format: umask config:8-15 mask:8-15
192 [140336654340800] INFO perfrun.perfcollector <> - format: thresh config:24-31 mask:24-31
192 [140336654340800] WARN perfrun.perfcollector <> - pmu hwInfo is not set, at file: vcs/perfrun1/plugins/perfcollector/src/controller.cpp:819
192 [140336654340800] INFO perfrun.perfcollector <> - pmu added : family : uncore_r3qpi , id : 1
192 [140336654340800] INFO perfrun.perfcollector <> - dir found : /sys/bus/event_source/devices/msr
192 [140336654340800] INFO perfrun.perfcollector <> - format: event config:0-63 mask:0-63
192 [140336654340800] WARN perfrun.perfcollector <> - pmu hwInfo is not set, at file: vcs/perfrun1/plugins/perfcollector/src/controller.cpp:819
192 [140336654340800] INFO perfrun.perfcollector <> - pmu added : family : msr , id : 0
192 [140336654340800] INFO perfrun.perfcollector <> - dir found : /sys/bus/event_source/devices/uncore_cbox_3
193 [140336654340800] INFO perfrun.perfcollector <> - format: event config:0-7 mask:0-7
193 [140336654340800] INFO perfrun.perfcollector <> - format: filter_link config1:6-8 mask:6-8
193 [140336654340800] INFO perfrun.perfcollector <> - format: filter_c6 config1:61 mask:61
193 [140336654340800] INFO perfrun.perfcollector <> - format: edge config:18 mask:18
193 [140336654340800] INFO perfrun.perfcollector <> - format: filter_isoc config1:63 mask:63
193 [140336654340800] INFO perfrun.perfcollector <> - format: filter_tid config1:0-5 mask:0-5
193 [140336654340800] INFO perfrun.perfcollector <> - format: filter_nid config1:32-47 mask:32-47
193 [140336654340800] INFO perfrun.perfcollector <> - format: filter_nc config1:62 mask:62
193 [140336654340800] INFO perfrun.perfcollector <> - format: umask config:8-15 mask:8-15
193 [140336654340800] INFO perfrun.perfcollector <> - format: tid_en config:19 mask:19
193 [140336654340800] INFO perfrun.perfcollector <> - format: thresh config:24-31 mask:24-31
193 [140336654340800] INFO perfrun.perfcollector <> - format: filter_state config1:17-23 mask:17-23
193 [140336654340800] INFO perfrun.perfcollector <> - format: filter_opc config1:52-60 mask:52-60
193 [140336654340800] WARN perfrun.perfcollector <> - pmu hwInfo is not set, at file: vcs/perfrun1/plugins/perfcollector/src/controller.cpp:819
193 [140336654340800] INFO perfrun.perfcollector <> - pmu added : family : uncore_cbox , id : 3
193 [140336654340800] INFO perfrun.perfcollector <> - dir found : /sys/bus/event_source/devices/uncore_ha_1
193 [140336654340800] INFO perfrun.perfcollector <> - format: event config:0-7 mask:0-7
193 [140336654340800] INFO perfrun.perfcollector <> - format: edge config:18 mask:18
193 [140336654340800] INFO perfrun.perfcollector <> - format: inv config:23 mask:23
193 [140336654340800] INFO perfrun.perfcollector <> - format: umask config:8-15 mask:8-15
193 [140336654340800] INFO perfrun.perfcollector <> - format: thresh config:24-31 mask:24-31
193 [140336654340800] WARN perfrun.perfcollector <> - pmu hwInfo is not set, at file: vcs/perfrun1/plugins/perfcollector/src/controller.cpp:819
193 [140336654340800] INFO perfrun.perfcollector <> - pmu added : family : uncore_ha , id : 1
193 [140336654340800] INFO perfrun.perfcollector <> - dir found : /sys/bus/event_source/devices/uncore_cbox_1
193 [140336654340800] INFO perfrun.perfcollector <> - format: event config:0-7 mask:0-7
193 [140336654340800] INFO perfrun.perfcollector <> - format: filter_link config1:6-8 mask:6-8
193 [140336654340800] INFO perfrun.perfcollector <> - format: filter_c6 config1:61 mask:61
193 [140336654340800] INFO perfrun.perfcollector <> - format: edge config:18 mask:18
193 [140336654340800] INFO perfrun.perfcollector <> - format: filter_isoc config1:63 mask:63
193 [140336654340800] INFO perfrun.perfcollector <> - format: filter_tid config1:0-5 mask:0-5
193 [140336654340800] INFO perfrun.perfcollector <> - format: filter_nid config1:32-47 mask:32-47
193 [140336654340800] INFO perfrun.perfcollector <> - format: filter_nc config1:62 mask:62
193 [140336654340800] INFO perfrun.perfcollector <> - format: umask config:8-15 mask:8-15
193 [140336654340800] INFO perfrun.perfcollector <> - format: tid_en config:19 mask:19
193 [140336654340800] INFO perfrun.perfcollector <> - format: thresh config:24-31 mask:24-31
193 [140336654340800] INFO perfrun.perfcollector <> - format: filter_state config1:17-23 mask:17-23
193 [140336654340800] INFO perfrun.perfcollector <> - format: filter_opc config1:52-60 mask:52-60
193 [140336654340800] WARN perfrun.perfcollector <> - pmu hwInfo is not set, at file: vcs/perfrun1/plugins/perfcollector/src/controller.cpp:819
194 [140336654340800] INFO perfrun.perfcollector <> - pmu added : family : uncore_cbox , id : 1
194 [140336654340800] INFO perfrun.launcher <> - plugin perf has been added successfully
194 [140336654340800] INFO perfrun.launcher <> - plugin aoclprofile has been added successfully
194 [140336654340800] INFO perfrun.launcher <> - plugin tpss has been added successfully
194 [140336654340800] INFO perfrun.launcher <> - plugin exprof has been added successfully
194 [140336654340800] INFO perfrun.launcher <> - plugin media has been added successfully
194 [140336654340800] INFO perfrun.launcher <> - plugin ice has been added successfully
194 [140336654340800] INFO perfrun.launcher <> - plugin  has been added successfully
194 [140336654340800] INFO perfrun.launcher <> - plugin  has been added successfully
194 [140336654340800] INFO perfrun.launcher <> - plugin parallelfs has been added successfully
194 [140336654340800] INFO perfrun.launcher <> - plugin power has been added successfully
194 [140336654340800] INFO perfrun.launcher <> - plugin hwloc has been added successfully
194 [140336654340800] INFO perfrun.launcher <> - plugin ipmwatch has been added successfully
194 [140336654340800] INFO perfrun.launcher <> - plugin os_counters has been added successfully
194 [140336654340800] INFO perfrun.launcher <> - the option was added --interval: Specify an interval of data collection (for example, sampling) in milliseconds.
194 [140336654340800] INFO perfrun.launcher <> - the option was added --follow-child: Profile process with or without children.
194 [140336654340800] INFO perfrun.launcher <> - the option was added --gelding: BADMSG: perfrun1.launcher.plugin_manager::gelding
194 [140336654340800] INFO perfrun.launcher <> - the option was added --time-source: Specify time source for measurement. Possible values: sys - wall clock time; tsc - time stamp counter; ext - time from an external source; auto - auto select accurate time source.
194 [140336654340800] INFO perfrun.launcher <> - the option was added --stack: Enable or disable collection of stacks.
195 [140336654340800] INFO perfrun.launcher <> - the option was added --stack-stitching: Enable or disable the stack stitching algorithm for Intel TBB-based applications.
195 [140336654340800] INFO perfrun.launcher <> - the option was added --type: Specify type of data to be collected. For example, --type cpu:counters,waiting:nostack,io.
195 [140336654340800] INFO perfrun.launcher <> - the option was added --mrte-mode: Specify Java/.NET/other managed runtime collection mode. Possible values: native - collect information only for native code; managed - collect information only for managed code; mixed - collect information for both managed and native code; auto - choose the mode based on binary type.
195 [140336654340800] INFO perfrun.launcher <> - the option was added --mrte-mode-list: List supported Java/.NET/other managed runtime collection modes.
195 [140336654340800] INFO perfrun.launcher <> - the option was added --mrte-type: Specify which managed runtimes to collect. Possible values: java - collect information for Java; dotnet - collect information for .NET; python - collect information for CPython. You can specify several values separated by comma.
195 [140336654340800] INFO perfrun.launcher <> - the option was added --mrte-type-list: List supported Java/.NET/other managed runtime types.
195 [140336654340800] INFO perfrun.launcher <> - the option was added --trace-strategy: Specify how to profile a process tree. <string> can be "<process>:trace:notrace" - profile the process but do not profile its children. Shorthand parameters: t - trace, nt - notrace. For example, "vtunedemo.exe:t:t".
195 [140336654340800] INFO perfrun.launcher <> - the option was added --collector: BADMSG: perfrun1.launcher.plugin_manager::collector
195 [140336654340800] INFO perfrun.launcher <> - the option was added --system-wide: Enable system-wide profiling. This mode may require additional permissions.
195 [140336654340800] INFO perfrun.launcher <> - the option was added --kvm-guest: Enable KVM guest OS profiling.
195 [140336654340800] INFO perfrun.launcher <> - the option was added --kvm-guest-kallsyms: Specify a local path to the /proc/kallsyms file copied from the guest OS for proper symbol resolution.
195 [140336654340800] INFO perfrun.launcher <> - the option was added --kvm-guest-modules: Specify a local path to the /proc/modules file copied from the guest OS for proper symbol resolution.
195 [140336654340800] INFO perfrun.launcher <> - the option was added --bandwidth-limits: Measure bandwidth limits
195 [140336654340800] INFO perfrun.launcher <> - the option was added --acrn-map-info: Collect map info for ACRN
195 [140336654340800] INFO perfrun.launcher <> - the option was added --bandwidth-strategy: Bandwidth limits determination specific properties (example: --bandwidth-strategy array-size=0,duration=500).
195 [140336654340800] INFO perfrun.launcher <> - the option was added --bandwidth-config: List of benchmarks to run.
195 [140336654340800] INFO perfrun.launcher <> - the option was added --target-gpu: target-gpu
195 [140336654340800] INFO perfrun.launcher <> - the option was added --dump-vdso: Dump [vdso] to result directory
195 [140336654340800] INFO perfrun.launcher <> - the option was added --system-collector-config: Specify subcollectors. Possible values: all, container, device-info, none. Specify subcollectors. Possible values: all, vdso.
195 [140336654340800] INFO perfrun.launcher <> - the option was added --itt-config: Specify a sub-set of ITT API to collect.
195 [140336654340800] INFO perfrun.launcher <> - the option was added --itt-debug: Set pseudo-breakpoint at ITT API collector's start to enable the debugger to attach early.
195 [140336654340800] INFO perfrun.launcher <> - the option was added --ptrace: Ptrace collector.
195 [140336654340800] INFO perfrun.launcher <> - the option was added --target-pid: BADMSG: perfrun1.ptracecollector::target-pid
195 [140336654340800] INFO perfrun.launcher <> - the option was added --ptrace-server-pid: BADMSG: perfrun1.ptracecollector::ptrace-server-pid
195 [140336654340800] INFO perfrun.launcher <> - the option was added --ptrace-trace: BADMSG: perfrun1.ptracecollector::ptrace-trace
195 [140336654340800] INFO perfrun.launcher <> - the option was added --ptrace-time-source: BADMSG: perfrun1.ptracecollector::ptrace-time-source
195 [140336654340800] INFO perfrun.launcher <> - the option was added --ptrace-start-type: BADMSG: perfrun1.ptracecollector::ptrace-start-type
195 [140336654340800] INFO perfrun.launcher <> - the option was added --gpu-config: Specify types of GPU data to be collected. Possible values: preset1, preset2.
195 [140336654340800] INFO perfrun.launcher <> - the option was added --gpu-debug: Enable self-testing of the GPGPU profiling collector.
195 [140336654340800] INFO perfrun.launcher <> - the option was added --gpu-counting: Collect GPU data in the counting mode.
196 [140336654340800] INFO perfrun.launcher <> - the option was added --emon-preset: Specify a preset for EMON collector. For available presets, run: emon -preset-list.
196 [140336654340800] INFO perfrun.launcher <> - the option was added --emon-csv-trace-format: Use CSV format for EMON trace file.
196 [140336654340800] INFO perfrun.launcher <> - the option was added --emon-machine-readable-ver: Write machine readable EMON version file.
196 [140336654340800] INFO perfrun.launcher <> - the option was added --custom-collector: Allows to provide arbitrary command line to be run on collection steps.
196 [140336654340800] INFO perfrun.launcher <> - the option was added --stdsrc-config: Specify Standard Sources category tag(s).
196 [140336654340800] INFO perfrun.launcher <> - the option was added --ftrace-config-list: List Linux Ftrace category tag(s).
196 [140336654340800] INFO perfrun.launcher <> - the option was added --ftrace-config: Specify Linux Ftrace category tag(s).
196 [140336654340800] INFO perfrun.launcher <> - the option was added --ftrace-function-groups: Enable tracing of specific groups of functions.
196 [140336654340800] INFO perfrun.launcher <> - the option was added --event-info: BADMSG: perfrun1.stdsrc::event-info
196 [140336654340800] INFO perfrun.launcher <> - the option was added --cpu-list: List supported CPUs.
196 [140336654340800] INFO perfrun.launcher <> - the option was added --target-list: List available targets for performing sampling collection.
196 [140336654340800] INFO perfrun.launcher <> - the option was added --event-value-list: Display event information.
196 [140336654340800] INFO perfrun.launcher <> - the option was added --platform-value-list: Display details of supported platforms.
196 [140336654340800] INFO perfrun.launcher <> - the option was added --uncore-event-list: List uncore events for which a sampling data collection can be performed on this platform.
196 [140336654340800] INFO perfrun.launcher <> - the option was added --modifier-list: Specify the event name <string> for which the modifiers list is requested.
196 [140336654340800] INFO perfrun.launcher <> - the option was added --pmu-list: List supported PMUs.
196 [140336654340800] INFO perfrun.launcher <> - the option was added --os-mode-only: Enable sampling data collection for OS-mode processes only.
196 [140336654340800] INFO perfrun.launcher <> - the option was added --user-mode-only: Enable sampling data collection for user-mode processes only.
196 [140336654340800] INFO perfrun.launcher <> - the option was added --event-config: Perform data collection for the events with <string> configured using the format <event name1>":modifier1=val:modifier2=val/constraint1={:modifier3=val:modifier4=val}...,"<event name2>":... Specify the events(s) to monitor and embed the event names within double quotes("). [:modifier=val] specifies individual event modifiers along with the respective values for a given platform. Note that the modifiers can be generic to an event as well as specific to a constraint (or an event qualifier). The constraint specific special modifiers appear after [/constraint=]. The modifiers can be in decimal or hexadecimal format. Only specific modifiers accept the value as a string. Each event specification is delimited by a comma (,). For a list of supported modifiers and constraints, refer to the documentation.
196 [140336654340800] INFO perfrun.launcher <> - the option was added --chipset-event-config: Perform data collection for the chipset events with <string> configured using the format "<event name1>"...,"<event name2>":... Specify the events(s) to monitor and embed the event names within double quotes(").
196 [140336654340800] INFO perfrun.launcher <> - the option was added --uncore-event-config: Perform uncore data collection in ebc count mode for the events with <string> configured using the format "<event name1>"...,"<event name2>":... Specify the events(s) to monitor and embed the event names within double quotes(").
196 [140336654340800] INFO perfrun.launcher <> - the option was added --count-emon: Enable counting mode and output the data in EMON format.
196 [140336654340800] INFO perfrun.launcher <> - the option was added --event-based-counts: Enable event-based counting mode. During sampling data collection, event counts data is collected for the list of events specified in -event-config option.
196 [140336654340800] INFO perfrun.launcher <> - the option was added --event-mux-tfactor: Specify the event multiplexing tfactor as <integer> to set the length of the interval between interrupts. The larger the tfactor value, the larger the period between interrupts. Currently this option is only available on Intel platforms codenamed Knights Corner.
196 [140336654340800] INFO perfrun.launcher <> - the option was added --full-pebs-capture: Capture full pebs information.
196 [140336654340800] INFO perfrun.launcher <> - the option was added --last-branch-records: Capture Last Branch Records information.
196 [140336654340800] INFO perfrun.launcher <> - the option was added --pmu-type: Specify the targeted PMU name as <string>.
196 [140336654340800] INFO perfrun.launcher <> - the option was added --platform-type: Specify the targeted platform number as <number>.
196 [140336654340800] INFO perfrun.launcher <> - the option was added --p-state-trigger: Specify the name of the trigger event for P-state data as <string>. The default trigger is CPU_CLK_UNHALTED.REF_TSC.
196 [140336654340800] INFO perfrun.launcher <> - the option was added --rdt-auto-rmid: Enable automatic Core pinning on RMIDs for RDT monitoring capabilities.
196 [140336654340800] INFO perfrun.launcher <> - the option was added --bts-count: Specify the <integer> number of BTS records collected after each sample or context switch (VTSS++ only).
197 [140336654340800] INFO perfrun.launcher <> - the option was added --cpu-mask: Specify which CPU(s) <string> to collect data on. For example, specify "2-8,10,12-14" to sample only CPUs 2 through 8, 10, and 12 through 14.
197 [140336654340800] INFO perfrun.launcher <> - the option was added --event-mux-alg: Specify the event multiplexing algorithm. Possible values: sequence, timer, trigger.
197 [140336654340800] INFO perfrun.launcher <> - the option was added --event-mux-timeslice: Specify the event multiplexing time slice value as <integer>. The time slice specifies the duration between cycles for each event multiplexing group. The default value is 50 milliseconds. This option is valid only for timer-based event multiplexing. Specify the event multiplexing time slice value as <integer>. The time slice specifies the duration between cycles for each event multiplexing group. The default value is 1 millisecond. This option is valid only for timer-based event multiplexing.
197 [140336654340800] INFO perfrun.launcher <> - the option was added --event-mux-factor: Specify the event multiplexing factor as <integer>. It controls the switching of event multiplexing groups. The default factor is 50. This option is valid only for trigger-based event multiplexing. Specify the event multiplexing factor as <integer>. It controls the switching of event multiplexing groups. The default factor is 1. This option is valid only for trigger-based event multiplexing.
197 [140336654340800] INFO perfrun.launcher <> - the option was added --event-mux-trigger: Specify the name of the trigger event for event multiplexing as <string>. This option is valid only for trigger-based event multiplexing. The default trigger is CPU_CLK_UNHALTED.CORE (or CPU_CLK_UNHALTED.THREAD). BADMSG: perfrun1.vtsspp::event-mux-trigger
197 [140336654340800] INFO perfrun.launcher <> - the option was added --pt-mode: BADMSG: perfrun1.vtsspp::pt-mode
197 [140336654340800] INFO perfrun.launcher <> - the option was added --sample-after-multiplier: Specify the sample after multiplier as <double>. This multiplier modifies the sample after value for all the events specified in -event-config option. The values can range from 0.1 to 100.0. SAV multiplier value
197 [140336654340800] INFO perfrun.launcher <> - the option was added --uncore-sampling-interval: Specify the uncore sampling interval as <integer>. This value set the uncore sampling interval for all the uncore events specified in -event-config option.
197 [140336654340800] INFO perfrun.launcher <> - the option was added --count: Enable counting mode. Enable counting mode
197 [140336654340800] INFO perfrun.launcher <> - the option was added --trace-mpi: Configure collector to trace MPI code.
197 [140336654340800] INFO perfrun.launcher <> - the option was added --aggregated-counting: Enable aggregated counting mode. Enable aggregated-counting mode
197 [140336654340800] INFO perfrun.launcher <> - the option was added --perf-per-cpu: System-wide collection from all CPUs
197 [140336654340800] INFO perfrun.launcher <> - the option was added --raw-perf-config: Specify a verified configuration for the Perf collector in the format: <describer>,<content>. For example: map-events-file,<path_to_map_events_file>.
197 [140336654340800] INFO perfrun.launcher <> - the option was added --sys-config: BADMSG: perfrun1.vtsspp::sys-config Specify types of system data to be collected. Supported value: cswitch - collect context switch information.
197 [140336654340800] INFO perfrun.launcher <> - the option was added --perf-event-config: Specify events for Perf collector in Perf format. For example: perf-event-config=cpu-clock.
197 [140336654340800] INFO perfrun.launcher <> - the option was added --perf-aio: Number of control blocks in asynchronous trace writing mode.
197 [140336654340800] INFO perfrun.launcher <> - the option was added --perf-compression: Specify compression of Perf collector output data. Possible levels: 0 - without compression, 1..3 - best speed, 4..22 - best compression that incurs big overhead.
197 [140336654340800] INFO perfrun.launcher <> - the option was added --perf-mmap-flush: Minimum data size read from the kernel mapped region.
197 [140336654340800] INFO perfrun.launcher <> - the option was added --perf-affinity: Adjust an affinity mask of the Perf thread to a node with an allocated memory trace buffer.
197 [140336654340800] INFO perfrun.launcher <> - the option was added --perf-threads: Setup threading mode for trace writing.
197 [140336654340800] INFO perfrun.launcher <> - the option was added --generate-platform-cmd: Get perf command line for an arbitrary target.
197 [140336654340800] INFO perfrun.launcher <> - the option was added --aocl-profile: Enable profiling and data collection through AOCL profiling tool.
197 [140336654340800] INFO perfrun.launcher <> - the option was added --aocl-source-file: Path to .source file. Find this in the compilation output directory of the FPGA application. Use this option to help attribute performance statistics to the source lines. If unspecified, AOCL profiler will attempt to locate the file in the current directory.
197 [140336654340800] INFO perfrun.launcher <> - the option was added --aocl-binary-aocx-file: Path to .aocx file (OpenCL flow) or host binary (DPC++ flow). If you do not provide this path: 1) For OpenCL flow, AOCL Profiler attempts to locate the file in the working directory. 2) For DPC++ flow, the collector assumes that host binary is used as an application to launch.
197 [140336654340800] INFO perfrun.launcher <> - the option was added --aocl-period: Specifies the number of cycles between readbacks from the device. The default value is 0 and indicates that the profiler should read back data as often as possible.
197 [140336654340800] INFO perfrun.launcher <> - the option was added --aocl-no-temporal: Disables readback during execution and only reads back non-autorun kernels once they finish executing.
197 [140336654340800] INFO perfrun.launcher <> - the option was added --aocl-no-mem-transfers: Disables the recording of memory transfer information.
198 [140336654340800] INFO perfrun.launcher <> - the option was added --stackwalk: Specify stack unwinding method. Possible values: online - unwind stacks during collection; offline - unwind stacks after collection is finished. Specify stack unwinding method. Possible value: lbr - unwind stacks during collection. Specify stack unwinding method. Possible values: online - unwind stacks during collection; offline - unwind stacks after collection is finished; lbr - enable LBR-based call stack collection. Specify stack unwinding method. Possible values: online - unwind stacks during collection; offline - unwind stacks after collection is finished. Specify stack unwinding method. Possible values: online - unwind stacks during collection; offline - unwind stacks after collection is finished.
198 [140336654340800] INFO perfrun.launcher <> - the option was added --filter-include: Filter data during collection. Possible values: contended=<on|off> - filter out uncontended events; contended_nostack=<time> - filter out stacks for contended events that take less than <time> microseconds; wait=<time> - ignore transitions and blocks with wait time less than <time> microseconds; wait_nostack=<time> - filter out stacks for waits that take less than <time> microseconds.
198 [140336654340800] INFO perfrun.launcher <> - the option was added --debug-pin: Debug PIN tool and runtime.
198 [140336654340800] INFO perfrun.launcher <> - the option was added --debug-exception: Disallow the application to set own abnormal termination handler.
198 [140336654340800] INFO perfrun.launcher <> - the option was added --trace-type: Specify the trace file granularity. Possible values: per-thread - per-thread trace file generation; per-process - per-process trace file generation.
198 [140336654340800] INFO perfrun.launcher <> - the option was added --instrumentation-type: Specify type of instrumentation.
198 [140336654340800] INFO perfrun.launcher <> - the option was added --altstack: Enable or disable usage of altstacks for profiling signal handlers.
198 [140336654340800] INFO perfrun.launcher <> - the option was added --profiling-signal: BADMSG: perfrun1.ptracecollector::profiling-signal Alternate profiling signal.
198 [140336654340800] INFO perfrun.launcher <> - the option was added --memory-strategy: Specify a minimal memory object size to be traced and a hash table size for faster objects search; for example: --memory-strategy obj-size-min=1024,hash-table-size=4096.
198 [140336654340800] INFO perfrun.launcher <> - the option was added --gpu-profiling-type: Specify a type of deep GPU profiling: none, bblatency, memlatency, instcount.
198 [140336654340800] INFO perfrun.launcher <> - the option was added --opencl-trace-mode: Specify OpenCL kernel tracing modes: 'default' to trace OpenCL kernels for Intel Graphics Driver only; 'epoch' for any non-Intel graphics, where OpenCL kernels will be traced and OpenCL profiling API timestamps will be interpreted as Unux Epoch time in nanoseconds; 'completion' to trace OpenCL kernels for any Graphics Driver and bind OpenCL profiling API timestamps to the timestamp of OpenCL completion callback.
198 [140336654340800] INFO perfrun.launcher <> - the option was added --gpu-kernels-to-profile: Specify a comma-separated list of GPU kernel names and invocations to be profiled in the following format: kernel_name[#start_idx#step#stop_idx], where kernel_name is the name of GPU kernel; start_idx is the number of the first invocation; and stop_idx is the number of the last invocation to be profiled.
198 [140336654340800] INFO perfrun.launcher <> - the option was added --exprof-com-list: List available COM ports.
198 [140336654340800] INFO perfrun.launcher <> - the option was added --exprof-dvc-list: List available DvC IDs.
198 [140336654340800] INFO perfrun.launcher <> - the option was added --exprof-trace-channel: BADMSG: perfrun1.exprof::exprof-trace-channel
198 [140336654340800] INFO perfrun.launcher <> - the option was added --exprof-event-config: Specify ExactProfiling Event Classes.
198 [140336654340800] INFO perfrun.launcher <> - the option was added --ice-pmons-list: BADMSG: perfrun1.ice::ice-pmons-list
198 [140336654340800] INFO perfrun.launcher <> - the option was added --ice-pmons-config: BADMSG: perfrun1.ice::ice-pmons-config
198 [140336654340800] INFO perfrun.launcher <> - the option was added --ice-sw-trace: Collect software traces of the Intel Neural Network Processor (NNP-I) and analyze software context of inference progress.
198 [140336654340800] INFO perfrun.launcher <> - the option was added --ice-sample-after-value: BADMSG: perfrun1.ice::ice-sample-after-value
198 [140336654340800] INFO perfrun.launcher <> - the option was added --ice-frequency: BADMSG: perfrun1.ice::ice-frequency
198 [140336654340800] INFO perfrun.launcher <> - the option was added --parallel-fs-config: Specify parallel fs counters to collect.
198 [140336654340800] INFO perfrun.launcher <> - the option was added --pwr-config: BADMSG: perfrun1.vtsspp::pwr-config Specify power metrics configuration.
198 [140336654340800] INFO perfrun.launcher <> - the option was added --pwr-sampling-interval: Specify Intel SoC Watch sampling interval.
198 [140336654340800] INFO perfrun.launcher <> - the option was added --collect-topology: Collect topology info with hwloc.
198 [140336654340800] INFO perfrun.launcher <> - the option was added --persistent-mem-metrics: Collect Persistent Memory performance counters.
198 [140336654340800] INFO perfrun.launcher <> - the option was added --os-counters: Collect OS counters
201 [140336654340800] INFO perfrun.launcher <> - create msngr2::ICliToolContext
202 [140336654340800] INFO perfrun.launcher <> - create file finder object
202 [140336654340800] INFO perfrun.launcher <> - create a result directory: pattern = /home/users/efsilva/teste/INF01077/resultados_pcad_hype_vtune_quantize_825094/off-avx2_t1/hotspots pid = 4294967295
213 [140336654340800] INFO perfrun.sdk <> - checked that the directory /home/users/efsilva/teste/INF01077/resultados_pcad_hype_vtune_quantize_825094/off-avx2_t1/hotspots is a local directory
215 [140336654340800] INFO perfrun.sdk <> - the directory /home/users/efsilva/teste/INF01077/resultados_pcad_hype_vtune_quantize_825094/off-avx2_t1/hotspots is located on a share or its FS ID is unknown 26985
215 [140336654340800] INFO perfrun.sdk <> - checked that the directory /tmp/amplxe-tmp-efsilva is a local directory
215 [140336654340800] INFO perfrun.sdk <> - the directory /tmp/amplxe-tmp-efsilva is a local directory with FS type ID 61267
216 [140336654340800] INFO perfrun.launcher <> - Create a local result directory /tmp/amplxe-tmp-efsilva/amplxe-res-104329-37872433242422927 due to the user result path /home/users/efsilva/teste/INF01077/resultados_pcad_hype_vtune_quantize_825094/off-avx2_t1/hotspots is located on a share
216 [140336654340800] INFO perfrun.launcher <> - create data directory = /tmp/amplxe-tmp-efsilva/amplxe-res-104329-37872433242422927/data.0
219 [140336654340800] INFO perfrun.launcher <> - create data directory = /home/users/efsilva/teste/INF01077/resultados_pcad_hype_vtune_quantize_825094/off-avx2_t1/hotspots/data.0
225 [140336654340800] INFO perfrun.launcher <> - Creating the master collection flag
240 [140336654340800] INFO perfrun.launcher <> - Done creating the master collection flag
244 [140336498206400] INFO perfrun.launcher <> - plugin [remoteplug] was disabled because it doesn't support the given collection type.
244 [140336498206400] INFO perfrun.sdk <> - Allocating TMU :/tmp/amplxe-tmp-efsilva/amplxe-res-104329-37872433242422927/data.0/systemcollector-104329-hype5.sc
244 [140336498206400] INFO perfrun.launcher <> - plugin [ptracecollector] was disabled because it doesn't support the given collection type.
244 [140336498206400] INFO perfrun.launcher <> - plugin [gpu] was disabled because it doesn't support the given collection type.
244 [140336498206400] INFO perfrun.launcher <> - plugin [] was disabled because it doesn't support the given collection type.
244 [140336498206400] INFO perfrun.launcher <> - plugin [] was disabled because it doesn't support the given collection type.
244 [140336498206400] INFO perfrun.launcher <> - plugin [] was disabled because it doesn't support the given collection type.
244 [140336498206400] INFO perfrun.mrte <> - system-wide mode is 0
244 [140336498206400] INFO perfrun.mrte <> - Getting  mrte profiling environment ...
800 [140336498206400] INFO perfrun.mrte <> - INTEL_MRTE_DATA_DIR=/tmp/amplxe-tmp-efsilva/amplxe-res-104329-37872433242422927/data.0
800 [140336498206400] INFO perfrun.mrte <> - INTEL_MRTE_HOST_NAME=hype5
800 [140336498206400] INFO perfrun.mrte <> - JAVA_TOOL_OPTIONS=-agentlib:amplxe_samplingmrte_javaprof_1.0 -Dsun.boot.library.path=/home/intel/oneapi/vtune/2021.1.1/lib32/runtime:/home/intel/oneapi/vtune/2021.1.1/lib64/runtime
800 [140336498206400] INFO perfrun.mrte <> - CORECLR_ENABLE_PROFILING=1
800 [140336498206400] INFO perfrun.mrte <> - CORECLR_PROFILER={AA5E4821-E3B1-479c-B7FF-5AD047D22CED}
800 [140336498206400] INFO perfrun.mrte <> - CORECLR_PROFILER_PATH=/home/intel/oneapi/vtune/2021.1.1/lib64/libamplxe_samplingmrte_clrprof_1.0.so
800 [140336498206400] INFO perfrun.mrte <> - INTEL_MRTE_PROFILER_MODE=mixed
800 [140336498206400] INFO perfrun.mrte <> - Data directory: /tmp/amplxe-tmp-efsilva/amplxe-res-104329-37872433242422927/data.0
800 [140336498206400] INFO perfrun.mrte <> - Mrte plugin is initialized
800 [140336498206400] INFO perfrun.launcher <> - plugin [emon] was disabled because it doesn't support the given collection type.
800 [140336498206400] INFO perfrun.launcher <> - plugin [cuscol] was disabled because it doesn't support the given collection type.
800 [140336498206400] INFO perfrun.launcher <> - plugin [stdsrc] was disabled because it doesn't support the given collection type.
800 [140336498206400] INFO perfrun.launcher <> - plugin [sep] was disabled because it doesn't support the given collection type.
800 [140336498206400] INFO perfrun.launcher <> - plugin [vtsspp] was disabled because it doesn't support the given collection type.
802 [140336498206400] INFO perfrun.perfcollector <> - AIO blocks = 0
802 [140336498206400] INFO perfrun.perfcollector <> - compression level = 1
802 [140336498206400] INFO perfrun.perfcollector <> - Perf threads mode = CPU
802 [140336498206400] INFO perfrun.perfcollector <> - No MPI detected-1
802 [140336498206400] WARN perfrun.launcher <> - Messenger::say: To profile kernel modules during the session, make sure they are available in the /lib/modules/kernel_version/ location.
802 [140336498206400] INFO perfrun.sdk <> - runCmd: "/home/intel/oneapi/vtune/2021.1.1/bin64/sep" -dry-run -sam 5 -ec "CPU_CLK_UNHALTED.THREAD:sa=2300000,CPU_CLK_UNHALTED.REF_TSC:sample:sa=2300000,INST_RETIRED.ANY:sample:sa=2300000,CPU_CLK_UNHALTED.REF_XCLK:sa=100003,CPU_CLK_UNHALTED.ONE_THREAD_ACTIVE:sa=100003,UOPS_RETIRED.RETIRE_SLOTS:sample:sa=2000003" -experimental
911 [140336498206400] INFO perfrun.perfcollector <> - SepDryRun RC = true
911 [140336498206400] INFO perfrun.perfcollector <> - DRY_RUN : "PMU type: Core (core)"
915 [140336498206400] INFO perfrun.perfcollector <> - pmu type : cpu
915 [140336498206400] INFO perfrun.perfcollector <> - DRY_RUN : "Group 0:"
915 [140336498206400] INFO perfrun.perfcollector <> - id : 0
915 [140336498206400] INFO perfrun.perfcollector <> - DRY_RUN : "INST_RETIRED.ANY: event id 2"
915 [140336498206400] INFO perfrun.perfcollector <> - eventName : INST_RETIRED.ANY , eventId : 2
915 [140336498206400] INFO perfrun.perfcollector <> - DRY_RUN : "CPU_CLK_UNHALTED.THREAD: event id 0"
915 [140336498206400] INFO perfrun.perfcollector <> - eventName : CPU_CLK_UNHALTED.THREAD , eventId : 0
915 [140336498206400] INFO perfrun.perfcollector <> - DRY_RUN : "CPU_CLK_UNHALTED.REF_TSC: event id 1"
915 [140336498206400] INFO perfrun.perfcollector <> - eventName : CPU_CLK_UNHALTED.REF_TSC , eventId : 1
915 [140336498206400] INFO perfrun.perfcollector <> - DRY_RUN : "CPU_CLK_UNHALTED.REF_XCLK: event id 3"
915 [140336498206400] INFO perfrun.perfcollector <> - eventName : CPU_CLK_UNHALTED.REF_XCLK , eventId : 3
915 [140336498206400] INFO perfrun.perfcollector <> - DRY_RUN : "CPU_CLK_UNHALTED.ONE_THREAD_ACTIVE: event id 4"
915 [140336498206400] INFO perfrun.perfcollector <> - eventName : CPU_CLK_UNHALTED.ONE_THREAD_ACTIVE , eventId : 4
915 [140336498206400] INFO perfrun.perfcollector <> - DRY_RUN : "UOPS_RETIRED.RETIRE_SLOTS: event id 5"
915 [140336498206400] INFO perfrun.perfcollector <> - eventName : UOPS_RETIRED.RETIRE_SLOTS , eventId : 5
915 [140336498206400] INFO perfrun.perfcollector <> - DRY_RUN : "CCCR"
915 [140336498206400] INFO perfrun.perfcollector <> - DRY_RUN : "reg_type       = 1	event_id       = g	reg_id         = 38f	reg_value      = 700000007"
915 [140336498206400] INFO perfrun.perfcollector <> - eventId : g , ignored
915 [140336498206400] INFO perfrun.perfcollector <> - DRY_RUN : "reg_type       = 1	event_id       = g	reg_id         = 390	reg_value      = 700000007"
915 [140336498206400] INFO perfrun.perfcollector <> - eventId : g , ignored
915 [140336498206400] INFO perfrun.perfcollector <> - DRY_RUN : "reg_type       = 1	event_id       = g	reg_id         = 3f1	reg_value      = 0"
915 [140336498206400] INFO perfrun.perfcollector <> - eventId : g , ignored
915 [140336498206400] INFO perfrun.perfcollector <> - DRY_RUN : "reg_type       = 1	event_id       = g	reg_id         = 1d9	reg_value      = 1800"
915 [140336498206400] INFO perfrun.perfcollector <> - eventId : g , ignored
915 [140336498206400] INFO perfrun.perfcollector <> - DRY_RUN : "reg_type       = 1	event_id       = g	reg_id         = 38d	reg_value      = bbb"
915 [140336498206400] INFO perfrun.perfcollector <> - eventId : g , ignored
915 [140336498206400] INFO perfrun.perfcollector <> - DRY_RUN : "reg_type       = 1	event_id       = 3	reg_id         = 186	reg_value      = 53013c"
915 [140336498206400] INFO perfrun.perfcollector <> - eventId : 3 , cccrAddr : 186 , cccrVal : 53013c
915 [140336498206400] INFO perfrun.perfcollector <> - DRY_RUN : "reg_type       = 1	event_id       = 4	reg_id         = 187	reg_value      = 53023c"
915 [140336498206400] INFO perfrun.perfcollector <> - eventId : 4 , cccrAddr : 187 , cccrVal : 53023c
915 [140336498206400] INFO perfrun.perfcollector <> - DRY_RUN : "reg_type       = 1	event_id       = 5	reg_id         = 188	reg_value      = 5302c2"
915 [140336498206400] INFO perfrun.perfcollector <> - eventId : 5 , cccrAddr : 188 , cccrVal : 5302c2
915 [140336498206400] INFO perfrun.perfcollector <> - DRY_RUN : "ESCR"
915 [140336498206400] INFO perfrun.perfcollector <> - DRY_RUN : "reg_type       = 2	event_id       = g	reg_id         = 1c8	reg_value      = 0"
915 [140336498206400] INFO perfrun.perfcollector <> - eventId : g , ignored
915 [140336498206400] INFO perfrun.perfcollector <> - DRY_RUN : "DATA"
915 [140336498206400] INFO perfrun.perfcollector <> - DRY_RUN : "reg_type       = 4	event_id       = 2	reg_id         = 309	reg_value      = ffffff508620"
915 [140336498206400] INFO perfrun.perfcollector <> - eventId : 2 , dataAddr : 309 , dataVal : ffffff508620
915 [140336498206400] INFO perfrun.perfcollector <> - DRY_RUN : "reg_type       = 4	event_id       = 0	reg_id         = 30a	reg_value      = ffffff508620"
915 [140336498206400] INFO perfrun.perfcollector <> - eventId : 0 , dataAddr : 30a , dataVal : ffffff508620
915 [140336498206400] INFO perfrun.perfcollector <> - DRY_RUN : "reg_type       = 4	event_id       = 1	reg_id         = 30b	reg_value      = ffffff508620"
915 [140336498206400] INFO perfrun.perfcollector <> - eventId : 1 , dataAddr : 30b , dataVal : ffffff508620
915 [140336498206400] INFO perfrun.perfcollector <> - DRY_RUN : "reg_type       = 4	event_id       = 3	reg_id         = c1	reg_value      = fffffff85ed1"
915 [140336498206400] INFO perfrun.perfcollector <> - eventId : 3 , dataAddr : c1 , dataVal : fffffff85ed1
915 [140336498206400] INFO perfrun.perfcollector <> - DRY_RUN : "reg_type       = 4	event_id       = 4	reg_id         = c2	reg_value      = fffffff85ed1"
915 [140336498206400] INFO perfrun.perfcollector <> - eventId : 4 , dataAddr : c2 , dataVal : fffffff85ed1
915 [140336498206400] INFO perfrun.perfcollector <> - DRY_RUN : "reg_type       = 4	event_id       = 5	reg_id         = c3	reg_value      = ffffff676971"
915 [140336498206400] INFO perfrun.perfcollector <> - eventId : 5 , dataAddr : c3 , dataVal : ffffff676971
915 [140336498206400] INFO perfrun.perfcollector <> - pmu config : cpu , m_cccrAddr : ffffffff , m_cccrVal : 0 , m_escrAddr : ffffffff , m_escrVal : 0 , m_dataAddr : 30a , m_dataVal : ffffffffff508620
915 [140336498206400] INFO perfrun.perfcollector <> - config : event : 3c
915 [140336498206400] INFO perfrun.perfcollector <> - config : pc : 0
915 [140336498206400] INFO perfrun.perfcollector <> - config : edge : 0
915 [140336498206400] INFO perfrun.perfcollector <> - config : any : 0
915 [140336498206400] INFO perfrun.perfcollector <> - config1 : offcore_rsp : 0
915 [140336498206400] INFO perfrun.perfcollector <> - config1 : ldlat : 0
915 [140336498206400] INFO perfrun.perfcollector <> - config : inv : 0
915 [140336498206400] INFO perfrun.perfcollector <> - config : umask : 0
915 [140336498206400] INFO perfrun.perfcollector <> - config : cmask : 0
915 [140336498206400] INFO perfrun.perfcollector <> - format : cpu/period=0xaf79e0,event=0x3c,name='CPU_CLK_UNHALTED.THREAD'/D
915 [140336498206400] INFO perfrun.perfcollector <> - pmu config : cpu , m_cccrAddr : ffffffff , m_cccrVal : 0 , m_escrAddr : ffffffff , m_escrVal : 0 , m_dataAddr : 30b , m_dataVal : ffffffffff508620
915 [140336498206400] INFO perfrun.perfcollector <> - config : event : 0
915 [140336498206400] INFO perfrun.perfcollector <> - config : pc : 0
915 [140336498206400] INFO perfrun.perfcollector <> - config : edge : 0
915 [140336498206400] INFO perfrun.perfcollector <> - config : any : 0
915 [140336498206400] INFO perfrun.perfcollector <> - config1 : offcore_rsp : 0
915 [140336498206400] INFO perfrun.perfcollector <> - config1 : ldlat : 0
915 [140336498206400] INFO perfrun.perfcollector <> - config : inv : 0
915 [140336498206400] INFO perfrun.perfcollector <> - config : umask : 3
915 [140336498206400] INFO perfrun.perfcollector <> - config : cmask : 0
915 [140336498206400] INFO perfrun.perfcollector <> - format : cpu/period=0xaf79e0,umask=0x3,name='CPU_CLK_UNHALTED.REF_TSC'/D
915 [140336498206400] INFO perfrun.perfcollector <> - pmu config : cpu , m_cccrAddr : ffffffff , m_cccrVal : 0 , m_escrAddr : ffffffff , m_escrVal : 0 , m_dataAddr : 309 , m_dataVal : ffffffffff508620
915 [140336498206400] INFO perfrun.perfcollector <> - config : event : c0
915 [140336498206400] INFO perfrun.perfcollector <> - config : pc : 0
915 [140336498206400] INFO perfrun.perfcollector <> - config : edge : 0
915 [140336498206400] INFO perfrun.perfcollector <> - config : any : 0
915 [140336498206400] INFO perfrun.perfcollector <> - config1 : offcore_rsp : 0
915 [140336498206400] INFO perfrun.perfcollector <> - config1 : ldlat : 0
915 [140336498206400] INFO perfrun.perfcollector <> - config : inv : 0
915 [140336498206400] INFO perfrun.perfcollector <> - config : umask : 0
915 [140336498206400] INFO perfrun.perfcollector <> - config : cmask : 0
915 [140336498206400] INFO perfrun.perfcollector <> - format : cpu/period=0xaf79e0,event=0xc0,name='INST_RETIRED.ANY'/D
915 [140336498206400] INFO perfrun.perfcollector <> - pmu config : cpu , m_cccrAddr : 186 , m_cccrVal : 53013c , m_escrAddr : ffffffff , m_escrVal : 0 , m_dataAddr : c1 , m_dataVal : fffffffffff85ed1
915 [140336498206400] INFO perfrun.perfcollector <> - config : event : 3c
915 [140336498206400] INFO perfrun.perfcollector <> - config : pc : 0
915 [140336498206400] INFO perfrun.perfcollector <> - config : edge : 0
915 [140336498206400] INFO perfrun.perfcollector <> - config : any : 0
915 [140336498206400] INFO perfrun.perfcollector <> - config1 : offcore_rsp : 0
915 [140336498206400] INFO perfrun.perfcollector <> - config1 : ldlat : 0
915 [140336498206400] INFO perfrun.perfcollector <> - config : inv : 0
915 [140336498206400] INFO perfrun.perfcollector <> - config : umask : 1
915 [140336498206400] INFO perfrun.perfcollector <> - config : cmask : 0
915 [140336498206400] INFO perfrun.perfcollector <> - format : cpu/period=0x7a12f,event=0x3c,umask=0x1,name='CPU_CLK_UNHALTED.REF_XCLK'/
915 [140336498206400] INFO perfrun.perfcollector <> - pmu config : cpu , m_cccrAddr : 187 , m_cccrVal : 53023c , m_escrAddr : ffffffff , m_escrVal : 0 , m_dataAddr : c2 , m_dataVal : fffffffffff85ed1
915 [140336498206400] INFO perfrun.perfcollector <> - config : event : 3c
915 [140336498206400] INFO perfrun.perfcollector <> - config : pc : 0
915 [140336498206400] INFO perfrun.perfcollector <> - config : edge : 0
915 [140336498206400] INFO perfrun.perfcollector <> - config : any : 0
915 [140336498206400] INFO perfrun.perfcollector <> - config1 : offcore_rsp : 0
915 [140336498206400] INFO perfrun.perfcollector <> - config1 : ldlat : 0
915 [140336498206400] INFO perfrun.perfcollector <> - config : inv : 0
915 [140336498206400] INFO perfrun.perfcollector <> - config : umask : 2
915 [140336498206400] INFO perfrun.perfcollector <> - config : cmask : 0
915 [140336498206400] INFO perfrun.perfcollector <> - format : cpu/period=0x7a12f,event=0x3c,umask=0x2,name='CPU_CLK_UNHALTED.ONE_THREAD_ACTIVE'/
915 [140336498206400] INFO perfrun.perfcollector <> - pmu config : cpu , m_cccrAddr : 188 , m_cccrVal : 5302c2 , m_escrAddr : ffffffff , m_escrVal : 0 , m_dataAddr : c3 , m_dataVal : ffffffffff676971
915 [140336498206400] INFO perfrun.perfcollector <> - config : event : c2
915 [140336498206400] INFO perfrun.perfcollector <> - config : pc : 0
915 [140336498206400] INFO perfrun.perfcollector <> - config : edge : 0
915 [140336498206400] INFO perfrun.perfcollector <> - config : any : 0
915 [140336498206400] INFO perfrun.perfcollector <> - config1 : offcore_rsp : 0
915 [140336498206400] INFO perfrun.perfcollector <> - config1 : ldlat : 0
915 [140336498206400] INFO perfrun.perfcollector <> - config : inv : 0
915 [140336498206400] INFO perfrun.perfcollector <> - config : umask : 2
915 [140336498206400] INFO perfrun.perfcollector <> - config : cmask : 0
915 [140336498206400] INFO perfrun.perfcollector <> - format : cpu/period=0x98968f,event=0xc2,umask=0x2,name='UOPS_RETIRED.RETIRE_SLOTS'/
915 [140336498206400] INFO perfrun.perfcollector <> - event: cpu/period=0xaf79e0,event=0x3c,name='CPU_CLK_UNHALTED.THREAD'/Duk , added for sampling
915 [140336498206400] INFO perfrun.perfcollector <> - event: cpu/period=0xaf79e0,umask=0x3,name='CPU_CLK_UNHALTED.REF_TSC'/Duk , added for sampling
915 [140336498206400] INFO perfrun.perfcollector <> - event: cpu/period=0xaf79e0,event=0xc0,name='INST_RETIRED.ANY'/Duk , added for sampling
915 [140336498206400] INFO perfrun.perfcollector <> - event: cpu/period=0x7a12f,event=0x3c,umask=0x1,name='CPU_CLK_UNHALTED.REF_XCLK'/uk , added for sampling
915 [140336498206400] INFO perfrun.perfcollector <> - event: cpu/period=0x7a12f,event=0x3c,umask=0x2,name='CPU_CLK_UNHALTED.ONE_THREAD_ACTIVE'/uk , added for sampling
915 [140336498206400] INFO perfrun.perfcollector <> - event: cpu/period=0x98968f,event=0xc2,umask=0x2,name='UOPS_RETIRED.RETIRE_SLOTS'/uk , added for sampling
916 [140336468088512] INFO perfrun.perfcollector <> - Path to Perf control pipe: /tmp/amplxe-tmp-efsilva/perf-pipe-104329-37872434850052151
916 [140336468088512] INFO perfrun.sdk <> - runCmd: "/home/intel/oneapi/vtune/2021.1.1/bin64/amplxe-perf" record -v --pipe "/tmp/amplxe-tmp-efsilva/perf-pipe-104329-37872434850052151" --pipe-sync -o "/tmp/amplxe-tmp-efsilva/amplxe-res-104329-37872433242422927/data.0/temp.dryrun.perf" -N -B -T -R --compression-level=1 -e cpu/period=0xaf79e0,event=0x3c,name='CPU_CLK_UNHALTED.THREAD'/Duk,cpu/period=0xaf79e0,umask=0x3,name='CPU_CLK_UNHALTED.REF_TSC'/Duk,cpu/period=0xaf79e0,event=0xc0,name='INST_RETIRED.ANY'/Duk,cpu/period=0x7a12f,event=0x3c,umask=0x1,name='CPU_CLK_UNHALTED.REF_XCLK'/uk,cpu/period=0x7a12f,event=0x3c,umask=0x2,name='CPU_CLK_UNHALTED.ONE_THREAD_ACTIVE'/uk,cpu/period=0x98968f,event=0xc2,umask=0x2,name='UOPS_RETIRED.RETIRE_SLOTS'/uk --clockid=monotonic_raw "/home/intel/oneapi/vtune/2021.1.1/bin64/amplxe-perf-sync" dryrun sys
1244 [140336468088512] INFO perfrun.perfcollector <> - Monitor: runCmd RC = true
1244 [140336498206400] INFO perfrun.launcher <> - plugin [aoclprofile] was disabled because it doesn't support the given collection type.
1244 [140336498206400] INFO perfrun.tpss <> - initialize tpss controller
1244 [140336498206400] INFO perfrun.launcher <> - plugin [tpss] was disabled because it doesn't support the given collection type.
1244 [140336498206400] INFO perfrun.launcher <> - plugin [exprof] was disabled because it doesn't support the given collection type.
1244 [140336498206400] INFO perfrun.launcher <> - plugin [ice] was disabled because it doesn't support the given collection type.
1244 [140336498206400] INFO perfrun.launcher <> - plugin [] was disabled because it doesn't support the given collection type.
1244 [140336498206400] INFO perfrun.launcher <> - plugin [] was disabled because it doesn't support the given collection type.
1244 [140336498206400] INFO perfrun.launcher <> - plugin [parallelfs] was disabled because it doesn't support the given collection type.
1244 [140336498206400] INFO perfrun.launcher <> - plugin [power] was disabled because it doesn't support the given collection type.
1244 [140336498206400] INFO perfrun.launcher <> - plugin [hwloc] was disabled because it doesn't support the given collection type.
1244 [140336498206400] INFO perfrun.launcher <> - plugin [ipmwatch] was disabled because it doesn't support the given collection type.
1244 [140336498206400] INFO perfrun.launcher <> - plugin [os_counters] was disabled because it doesn't support the given collection type.
1244 [140336654340800] INFO perfrun.launcher <> - set environment variable: LD_LIBRARY_PATH = /home/intel/oneapi/vtune/2021.1.1/lib32/runtime:/home/intel/oneapi/vtune/2021.1.1/lib64/runtime
1244 [140336654340800] INFO perfrun.launcher <> - set environment variable: INTEL_LIBITTNOTIFY32 = /home/intel/oneapi/vtune/2021.1.1/lib32/runtime/libittnotify_collector.so
1244 [140336654340800] INFO perfrun.launcher <> - set environment variable: INTEL_LIBITTNOTIFY64 = /home/intel/oneapi/vtune/2021.1.1/lib64/runtime/libittnotify_collector.so
1244 [140336654340800] INFO perfrun.launcher <> - set environment variable: INTEL_ITTNOTIFY_GROUPS = 
1244 [140336654340800] INFO perfrun.launcher <> - set environment variable: INTEL_JIT_PROFILER32 = /home/intel/oneapi/vtune/2021.1.1/lib32/runtime/libittnotify_collector.so
1244 [140336654340800] INFO perfrun.launcher <> - set environment variable: INTEL_JIT_PROFILER64 = /home/intel/oneapi/vtune/2021.1.1/lib64/runtime/libittnotify_collector.so
1244 [140336654340800] INFO perfrun.launcher <> - set environment variable: VS_PROFILER = libittnotify_collector.so
1244 [140336654340800] INFO perfrun.launcher <> - set environment variable: OMP_TOOL_LIBRARIES = /home/intel/oneapi/vtune/2021.1.1/lib32/runtime/libittnotify_collector.so:/home/intel/oneapi/vtune/2021.1.1/lib64/runtime/libittnotify_collector.so
1244 [140336654340800] INFO perfrun.launcher <> - set environment variable: ENABLE_JITPROFILING = 1
1244 [140336654340800] INFO perfrun.launcher <> - set environment variable: CL_CONFIG_USE_VTUNE = True
1244 [140336654340800] INFO perfrun.launcher <> - set environment variable: KMP_FORKJOIN_FRAMES = 0
1244 [140336654340800] INFO perfrun.launcher <> - set environment variable: KMP_FORKJOIN_FRAMES_MODE = 0
1244 [140336654340800] INFO perfrun.launcher <> - set environment variable: OMP_TOOL = disabled
1245 [140336654340800] INFO perfrun.launcher <> - set environment variable: INTEL_MRTE_DATA_DIR = /tmp/amplxe-tmp-efsilva/amplxe-res-104329-37872433242422927/data.0
1245 [140336654340800] INFO perfrun.launcher <> - set environment variable: INTEL_MRTE_HOST_NAME = hype5
1245 [140336654340800] INFO perfrun.launcher <> - set environment variable: JAVA_TOOL_OPTIONS = -agentlib:amplxe_samplingmrte_javaprof_1.0 -Dsun.boot.library.path=/home/intel/oneapi/vtune/2021.1.1/lib32/runtime:/home/intel/oneapi/vtune/2021.1.1/lib64/runtime
1245 [140336654340800] INFO perfrun.launcher <> - set environment variable: CORECLR_ENABLE_PROFILING = 1
1245 [140336654340800] INFO perfrun.launcher <> - set environment variable: CORECLR_PROFILER = {AA5E4821-E3B1-479c-B7FF-5AD047D22CED}
1245 [140336654340800] INFO perfrun.launcher <> - set environment variable: CORECLR_PROFILER_PATH = /home/intel/oneapi/vtune/2021.1.1/lib64/libamplxe_samplingmrte_clrprof_1.0.so
1245 [140336654340800] INFO perfrun.launcher <> - set environment variable: INTEL_MRTE_PROFILER_MODE = mixed
1245 [140336654340800] INFO perfrun.launcher <> - RpcServer: run RPC server to handle requests
1254 [140336654340800] INFO perfrun.launcher <> - Launcher: command line to start before modification = build/off-avx2/vectorization_benchmark --image images/6000x6000.png --operation Quantize /home/users/efsilva/teste/INF01077/resultados_pcad_hype_vtune_quantize_825094/off-avx2_t1/profile.csv --profile-quantize-lookup 100 --warmup
1254 [140336654340800] INFO perfrun.launcher <> - Launcher: command line to start after modification = build/off-avx2/vectorization_benchmark --image images/6000x6000.png --operation Quantize /home/users/efsilva/teste/INF01077/resultados_pcad_hype_vtune_quantize_825094/off-avx2_t1/profile.csv --profile-quantize-lookup 100 --warmup
1254 [140336654340800] INFO perfrun.launcher <> - ProcessCreator object was created
1255 [140336654340800] INFO perfrun.launcher <> - Launcher: the process was started in suspend mode
1259 [140336498206400] WARN perfrun.system <> - Could not do anything with /sys/kernel/debug/kvm: boost::filesystem::status: Permission denied: "/sys/kernel/debug/kvm", at file: vcs/perfrun1/plugins/system/src/trace_writer.cpp:796
1259 [140336498206400] WARN perfrun.system <> - Folder "/var/run/libvirt/qemu/"doesn't exist, at file: vcs/perfrun1/plugins/system/src/trace_writer.cpp:809
1299 [140336498206400] WARN perfrun.sdk <> - Failed to find xl binary on any of the system paths: /bin, /sbin, /usr/bin, /usr/sbin., at file: vcs/perfrun1/sdk/src/utils.cpp:197
1299 [140336498206400] WARN perfrun.system <> - Could not start ContainerMapping collector, at file: vcs/perfrun1/plugins/system/src/controller.cpp:468
1430 [140336498206400] INFO perfrun.vdso <> - Helper runtool '/home/intel/oneapi/vtune/2021.1.1/bin32/amplxe-runss -dump-vdso -r /tmp/amplxe-tmp-efsilva/amplxe-res-104329-37872433242422927 --tmp-dir /tmp/amplxe-tmp-efsilva' returned 1
1553 [140336498206400] INFO perfrun.vdso <> - Helper runtool '/home/intel/oneapi/vtune/2021.1.1/bin64/amplxe-runss -dump-vdso -r /tmp/amplxe-tmp-efsilva/amplxe-res-104329-37872433242422927 --tmp-dir /tmp/amplxe-tmp-efsilva' returned 0
1553 [140336498206400] INFO perfrun.itt <> - start itt controller for pid #104338
1554 [140336370280128] INFO perfrun.perfcollector <> - Path to Perf control pipe: /tmp/amplxe-tmp-efsilva/perf-pipe-104329-37872436314624945
1554 [140336370280128] INFO perfrun.sdk <> - runCmd: "/home/intel/oneapi/vtune/2021.1.1/bin64/amplxe-perf" record -v --pipe "/tmp/amplxe-tmp-efsilva/perf-pipe-104329-37872436314624945" --pipe-sync -o "/tmp/amplxe-tmp-efsilva/amplxe-res-104329-37872433242422927/data.0/104338.perf" -N -B -T -R -p 104338 --compression-level=1 --threads -e cpu/period=0xaf79e0,event=0x3c,name='CPU_CLK_UNHALTED.THREAD'/Duk,cpu/period=0xaf79e0,umask=0x3,name='CPU_CLK_UNHALTED.REF_TSC'/Duk,cpu/period=0xaf79e0,event=0xc0,name='INST_RETIRED.ANY'/Duk,cpu/period=0x7a12f,event=0x3c,umask=0x1,name='CPU_CLK_UNHALTED.REF_XCLK'/uk,cpu/period=0x7a12f,event=0x3c,umask=0x2,name='CPU_CLK_UNHALTED.ONE_THREAD_ACTIVE'/uk,cpu/period=0x98968f,event=0xc2,umask=0x2,name='UOPS_RETIRED.RETIRE_SLOTS'/uk --clockid=monotonic_raw "/home/intel/oneapi/vtune/2021.1.1/bin64/amplxe-perf-sync" sync sys
1827 [140336654340800] INFO perfrun.launcher <> - Launcher: all plugins were started
1828 [140336654340800] INFO perfrun.launcher <> - DirectoryMonitor object was created
1828 [140336654340800] INFO perfrun.launcher <> - DirectoryMonitor: a callback was added
1828 [140336654340800] INFO perfrun.launcher <> - DirectoryMonitor was started with pingTime = 1000
1828 [140336654340800] INFO perfrun.launcher <> - DeadlineTimer is going to be constructed
1828 [140336654340800] INFO perfrun.launcher <> - DeadlineTimer: a callback was added
1853 [140336654340800] INFO perfrun.launcher <> - Launcher: resume the profiled application and  wait its termination or stop command
9710 [140336654340800] INFO perfrun.launcher <> - Launcher: the profiled application was terminated  with exit code = 0
9718 [140336498206400] INFO perfrun.itt <> - stop itt controller
9718 [140336498206400] INFO perfrun.itt <> - detach itt controller
9736 [140336370280128] INFO perfrun.perfcollector <> - Monitor: runCmd RC = true
9736 [140336498206400] INFO perfrun.perfcollector <> - Monitor: state = 3, error = 1
9736 [140336498206400] INFO perfrun.sdk <> - De-allocating TMU: /tmp/amplxe-tmp-efsilva/amplxe-res-104329-37872433242422927/data.0/systemcollector-104329-hype5.sc
9736 [140336498206400] INFO perfrun.system <> - closed the system trace file: /tmp/amplxe-tmp-efsilva/amplxe-res-104329-37872433242422927/data.0/systemcollector-104329-hype5.sc
9736 [140336654340800] INFO perfrun.launcher <> - Launcher: all plugins were stopped.
9736 [140336654340800] INFO perfrun.launcher <> - DeadlineTimer is going to be destroyed
9736 [140336654340800] INFO perfrun.launcher <> - DeadlineTimer was destroyed
9736 [140336654340800] INFO perfrun.launcher <> - DirectoryMonitor object was destroyed
9736 [140336654340800] WARN perfrun.launcher <> - Stop command is ignored because it is received when collection is already stopped, at file: vcs/perfrun1/launcher/src/command_handler.cpp:212
9819 [140336654340800] INFO perfrun.launcher <> - Application exit code: 0
9819 [140336654340800] INFO perfrun.launcher <> - Exit code: 0
