
785465 : 0x2dd49f43a42c22 : 1 : spill_jit_data :  Jit agent is not initialized
785465 : 0x2dd49f4418bf60 : 2 : ittapi_config_mask_get :  --itt-config mask to be applied: 1
785465 : 0x2dd49f4418dc7f : 2 : ittapi_config_apply_per_lib :  ITTAPI function instrumented: __itt_domain_create
785465 : 0x2dd49f4418e8e5 : 2 : ittapi_config_apply_per_lib :  ITTAPI function instrumented: __itt_module_load_with_sections
785465 : 0x2dd49f4418f7e8 : 2 : ittapi_config_apply_per_lib :  ITTAPI function not implemented: __itt_module_unload_with_sections
785465 : 0x2dd49f44190367 : 2 : ittapi_config_apply_per_lib :  ITTAPI function instrumented: __itt_string_handle_create
785465 : 0x2dd49f44190c56 : 2 : ittapi_config_apply_per_lib :  ITTAPI function instrumented: __itt_counter_create
785465 : 0x2dd49f44191469 : 2 : ittapi_config_apply_per_lib :  ITTAPI function instrumented: __itt_counter_create_typed
785465 : 0x2dd49f44191c32 : 2 : ittapi_config_apply_per_lib :  ITTAPI function instrumented: __itt_pause
785465 : 0x2dd49f4419250b : 2 : ittapi_config_apply_per_lib :  ITTAPI function instrumented: __itt_resume
785465 : 0x2dd49f441a6e42 : 2 : ittapi_config_apply_per_lib :  ITTAPI function instrumented: __itt_thread_set_name
785465 : 0x2dd49f441a7937 : 2 : ittapi_config_apply_per_lib :  ITTAPI function instrumented: __itt_thread_ignore
785465 : 0x2dd49f441a8174 : 2 : ittapi_config_apply_per_lib :  ITTAPI function instrumented: __itt_thr_name_set
785465 : 0x2dd49f441a89d6 : 2 : ittapi_config_apply_per_lib :  ITTAPI function instrumented: __itt_thr_ignore
785465 : 0x2dd49f441a94a4 : 2 : ittapi_config_apply_per_lib :  ITTAPI function not implemented: __itt_enable_attach
785465 : 0x2dd49f441a9d9f : 2 : ittapi_config_apply_per_lib :  ITTAPI function instrumented: __itt_detach
785465 : 0x2dd49f441aa471 : 2 : ittapi_config_apply_per_lib :  ITTAPI function NOT instrumented (not matched by --itt-config option): __itt_sync_create

785465 : 0x2dd49f441aabab : 2 : ittapi_config_apply_per_lib :  ITTAPI function NOT instrumented (not matched by --itt-config option): __itt_sync_rename

785465 : 0x2dd49f441ab21c : 2 : ittapi_config_apply_per_lib :  ITTAPI function NOT instrumented (not matched by --itt-config option): __itt_sync_destroy

785465 : 0x2dd49f441ab879 : 2 : ittapi_config_apply_per_lib :  ITTAPI function NOT instrumented (not matched by --itt-config option): __itt_sync_prepare

785465 : 0x2dd49f441ae123 : 2 : ittapi_config_apply_per_lib :  ITTAPI function NOT instrumented (not matched by --itt-config option): __itt_sync_cancel

785465 : 0x2dd49f441ae84a : 2 : ittapi_config_apply_per_lib :  ITTAPI function NOT instrumented (not matched by --itt-config option): __itt_sync_acquired

785465 : 0x2dd49f441aeeb6 : 2 : ittapi_config_apply_per_lib :  ITTAPI function NOT instrumented (not matched by --itt-config option): __itt_sync_releasing

785465 : 0x2dd49f441af8b2 : 2 : ittapi_config_apply_per_lib :  ITTAPI function not implemented: __itt_suppress_push
785465 : 0x2dd49f441b02de : 2 : ittapi_config_apply_per_lib :  ITTAPI function not implemented: __itt_suppress_pop
785465 : 0x2dd49f441b0b86 : 2 : ittapi_config_apply_per_lib :  ITTAPI function not implemented: __itt_suppress_mark_range
785465 : 0x2dd49f441b148d : 2 : ittapi_config_apply_per_lib :  ITTAPI function not implemented: __itt_suppress_clear_range
785465 : 0x2dd49f441b1af0 : 2 : ittapi_config_apply_per_lib :  ITTAPI function NOT instrumented (not matched by --itt-config option): __itt_sync_prepare

785465 : 0x2dd49f441b21d6 : 2 : ittapi_config_apply_per_lib :  ITTAPI function NOT instrumented (not matched by --itt-config option): __itt_sync_cancel

785465 : 0x2dd49f441b2814 : 2 : ittapi_config_apply_per_lib :  ITTAPI function NOT instrumented (not matched by --itt-config option): __itt_sync_acquired

785465 : 0x2dd49f441b4754 : 2 : ittapi_config_apply_per_lib :  ITTAPI function NOT instrumented (not matched by --itt-config option): __itt_sync_releasing

785465 : 0x2dd49f441b4eef : 2 : ittapi_config_apply_per_lib :  ITTAPI function NOT instrumented (not matched by --itt-config option): __itt_model_site_begin

785465 : 0x2dd49f441b5594 : 2 : ittapi_config_apply_per_lib :  ITTAPI function NOT instrumented (not matched by --itt-config option): __itt_model_site_end

785465 : 0x2dd49f441b5cfd : 2 : ittapi_config_apply_per_lib :  ITTAPI function NOT instrumented (not matched by --itt-config option): __itt_model_task_begin

785465 : 0x2dd49f441b642f : 2 : ittapi_config_apply_per_lib :  ITTAPI function NOT instrumented (not matched by --itt-config option): __itt_model_task_end

785465 : 0x2dd49f441b6aa2 : 2 : ittapi_config_apply_per_lib :  ITTAPI function NOT instrumented (not matched by --itt-config option): __itt_model_lock_acquire

785465 : 0x2dd49f441b71aa : 2 : ittapi_config_apply_per_lib :  ITTAPI function NOT instrumented (not matched by --itt-config option): __itt_model_lock_release

785465 : 0x2dd49f441b785b : 2 : ittapi_config_apply_per_lib :  ITTAPI function NOT instrumented (not matched by --itt-config option): __itt_model_record_allocation

785465 : 0x2dd49f441b7f44 : 2 : ittapi_config_apply_per_lib :  ITTAPI function NOT instrumented (not matched by --itt-config option): __itt_model_record_deallocation

785465 : 0x2dd49f441b860c : 2 : ittapi_config_apply_per_lib :  ITTAPI function NOT instrumented (not matched by --itt-config option): __itt_model_induction_uses

785465 : 0x2dd49f441bbbdc : 2 : ittapi_config_apply_per_lib :  ITTAPI function NOT instrumented (not matched by --itt-config option): __itt_model_reduction_uses

785465 : 0x2dd49f441bc480 : 2 : ittapi_config_apply_per_lib :  ITTAPI function NOT instrumented (not matched by --itt-config option): __itt_model_observe_uses

785465 : 0x2dd49f441bcb58 : 2 : ittapi_config_apply_per_lib :  ITTAPI function NOT instrumented (not matched by --itt-config option): __itt_model_clear_uses

785465 : 0x2dd49f441bd1ba : 2 : ittapi_config_apply_per_lib :  ITTAPI function NOT instrumented (not matched by --itt-config option): __itt_model_site_beginA

785465 : 0x2dd49f441bd898 : 2 : ittapi_config_apply_per_lib :  ITTAPI function NOT instrumented (not matched by --itt-config option): __itt_model_site_beginAL

785465 : 0x2dd49f441bdf2f : 2 : ittapi_config_apply_per_lib :  ITTAPI function NOT instrumented (not matched by --itt-config option): __itt_model_task_beginA

785465 : 0x2dd49f441be57b : 2 : ittapi_config_apply_per_lib :  ITTAPI function NOT instrumented (not matched by --itt-config option): __itt_model_task_beginAL

785465 : 0x2dd49f441bec44 : 2 : ittapi_config_apply_per_lib :  ITTAPI function NOT instrumented (not matched by --itt-config option): __itt_model_iteration_taskA

785465 : 0x2dd49f441bf2e3 : 2 : ittapi_config_apply_per_lib :  ITTAPI function NOT instrumented (not matched by --itt-config option): __itt_model_iteration_taskAL

785465 : 0x2dd49f441bf9d3 : 2 : ittapi_config_apply_per_lib :  ITTAPI function NOT instrumented (not matched by --itt-config option): __itt_model_site_end_2

785465 : 0x2dd49f441c1b61 : 2 : ittapi_config_apply_per_lib :  ITTAPI function NOT instrumented (not matched by --itt-config option): __itt_model_task_end_2

785465 : 0x2dd49f441c21ed : 2 : ittapi_config_apply_per_lib :  ITTAPI function NOT instrumented (not matched by --itt-config option): __itt_model_lock_acquire_2

785465 : 0x2dd49f441c2915 : 2 : ittapi_config_apply_per_lib :  ITTAPI function NOT instrumented (not matched by --itt-config option): __itt_model_lock_release_2

785465 : 0x2dd49f441c2ffd : 2 : ittapi_config_apply_per_lib :  ITTAPI function NOT instrumented (not matched by --itt-config option): __itt_model_aggregate_task

785465 : 0x2dd49f441c3650 : 2 : ittapi_config_apply_per_lib :  ITTAPI function NOT instrumented (not matched by --itt-config option): __itt_model_disable_push

785465 : 0x2dd49f441c3d13 : 2 : ittapi_config_apply_per_lib :  ITTAPI function NOT instrumented (not matched by --itt-config option): __itt_model_disable_pop

785465 : 0x2dd49f441c454b : 2 : ittapi_config_apply_per_lib :  ITTAPI function instrumented: __itt_heap_function_create
785465 : 0x2dd49f441c4d50 : 2 : ittapi_config_apply_per_lib :  ITTAPI function instrumented: __itt_heap_allocate_begin
785465 : 0x2dd49f441c55bd : 2 : ittapi_config_apply_per_lib :  ITTAPI function instrumented: __itt_heap_allocate_end
785465 : 0x2dd49f441c5d6b : 2 : ittapi_config_apply_per_lib :  ITTAPI function instrumented: __itt_heap_free_begin
785465 : 0x2dd49f441c965f : 2 : ittapi_config_apply_per_lib :  ITTAPI function instrumented: __itt_heap_free_end
785465 : 0x2dd49f441c9f4a : 2 : ittapi_config_apply_per_lib :  ITTAPI function instrumented: __itt_heap_reallocate_begin
785465 : 0x2dd49f441ca67f : 2 : ittapi_config_apply_per_lib :  ITTAPI function instrumented: __itt_heap_reallocate_end
785465 : 0x2dd49f441cafb5 : 2 : ittapi_config_apply_per_lib :  ITTAPI function not implemented: __itt_heap_internal_access_begin
785465 : 0x2dd49f441cb86b : 2 : ittapi_config_apply_per_lib :  ITTAPI function not implemented: __itt_heap_internal_access_end
785465 : 0x2dd49f441cc079 : 2 : ittapi_config_apply_per_lib :  ITTAPI function not implemented: __itt_heap_record_memory_growth_begin
785465 : 0x2dd49f441cc8bf : 2 : ittapi_config_apply_per_lib :  ITTAPI function not implemented: __itt_heap_record_memory_growth_end
785465 : 0x2dd49f441cd132 : 2 : ittapi_config_apply_per_lib :  ITTAPI function not implemented: __itt_heap_reset_detection
785465 : 0x2dd49f441cda00 : 2 : ittapi_config_apply_per_lib :  ITTAPI function not implemented: __itt_heap_record
785465 : 0x2dd49f441ce33e : 2 : ittapi_config_apply_per_lib :  ITTAPI function not implemented: __itt_id_create
785465 : 0x2dd49f441d0757 : 2 : ittapi_config_apply_per_lib :  ITTAPI function not implemented: __itt_id_destroy
785465 : 0x2dd49f441d0f93 : 2 : ittapi_config_apply_per_lib :  ITTAPI function instrumented: __itt_get_timestamp
785465 : 0x2dd49f441d17ee : 2 : ittapi_config_apply_per_lib :  ITTAPI function not implemented: __itt_region_begin
785465 : 0x2dd49f441d202c : 2 : ittapi_config_apply_per_lib :  ITTAPI function not implemented: __itt_region_end
785465 : 0x2dd49f441d28d4 : 2 : ittapi_config_apply_per_lib :  ITTAPI function instrumented: __itt_frame_begin_v3
785465 : 0x2dd49f441d30d2 : 2 : ittapi_config_apply_per_lib :  ITTAPI function instrumented: __itt_frame_end_v3
785465 : 0x2dd49f441d382f : 2 : ittapi_config_apply_per_lib :  ITTAPI function instrumented: __itt_frame_submit_v3
785465 : 0x2dd49f441d3ebc : 2 : ittapi_config_apply_per_lib :  ITTAPI function NOT instrumented (not matched by --itt-config option): __itt_task_group

785465 : 0x2dd49f441d45d7 : 2 : ittapi_config_apply_per_lib :  ITTAPI function NOT instrumented (not matched by --itt-config option): __itt_task_begin

785465 : 0x2dd49f441d4c2c : 2 : ittapi_config_apply_per_lib :  ITTAPI function NOT instrumented (not matched by --itt-config option): __itt_task_begin_fn

785465 : 0x2dd49f441d6a8a : 2 : ittapi_config_apply_per_lib :  ITTAPI function NOT instrumented (not matched by --itt-config option): __itt_task_end

785465 : 0x2dd49f441d71b1 : 2 : ittapi_config_apply_per_lib :  ITTAPI function NOT instrumented (not matched by --itt-config option): __itt_counter_inc_v3

785465 : 0x2dd49f441d78be : 2 : ittapi_config_apply_per_lib :  ITTAPI function NOT instrumented (not matched by --itt-config option): __itt_counter_inc_delta_v3

785465 : 0x2dd49f441d7f17 : 2 : ittapi_config_apply_per_lib :  ITTAPI function NOT instrumented (not matched by --itt-config option): __itt_counter_dec_v3

785465 : 0x2dd49f441d8593 : 2 : ittapi_config_apply_per_lib :  ITTAPI function NOT instrumented (not matched by --itt-config option): __itt_counter_dec_delta_v3

785465 : 0x2dd49f441d8eba : 2 : ittapi_config_apply_per_lib :  ITTAPI function not implemented: __itt_marker
785465 : 0x2dd49f441d96a7 : 2 : ittapi_config_apply_per_lib :  ITTAPI function instrumented: __itt_metadata_add
785465 : 0x2dd49f441d9e5c : 2 : ittapi_config_apply_per_lib :  ITTAPI function not implemented: __itt_metadata_str_add
785465 : 0x2dd49f441da662 : 2 : ittapi_config_apply_per_lib :  ITTAPI function not implemented: __itt_relation_add_to_current
785465 : 0x2dd49f441dae7d : 2 : ittapi_config_apply_per_lib :  ITTAPI function not implemented: __itt_relation_add
785465 : 0x2dd49f441dcd02 : 2 : ittapi_config_apply_per_lib :  ITTAPI function instrumented: __itt_event_create
785465 : 0x2dd49f441dd3bc : 2 : ittapi_config_apply_per_lib :  ITTAPI function NOT instrumented (not matched by --itt-config option): __itt_event_start

785465 : 0x2dd49f441dda7a : 2 : ittapi_config_apply_per_lib :  ITTAPI function NOT instrumented (not matched by --itt-config option): __itt_event_end

785465 : 0x2dd49f441de0be : 2 : ittapi_config_apply_per_lib :  ITTAPI function NOT instrumented (not matched by --itt-config option): __itt_sync_set_name

785465 : 0x2dd49f441de748 : 2 : ittapi_config_apply_per_lib :  ITTAPI function NOT instrumented (not matched by --itt-config option): __itt_notify_sync_name

785465 : 0x2dd49f441dede8 : 2 : ittapi_config_apply_per_lib :  ITTAPI function NOT instrumented (not matched by --itt-config option): __itt_notify_sync_prepare

785465 : 0x2dd49f441df42f : 2 : ittapi_config_apply_per_lib :  ITTAPI function NOT instrumented (not matched by --itt-config option): __itt_notify_sync_cancel

785465 : 0x2dd49f441dfb05 : 2 : ittapi_config_apply_per_lib :  ITTAPI function NOT instrumented (not matched by --itt-config option): __itt_notify_sync_acquired

785465 : 0x2dd49f441e018f : 2 : ittapi_config_apply_per_lib :  ITTAPI function NOT instrumented (not matched by --itt-config option): __itt_notify_sync_releasing

785465 : 0x2dd49f441e09ad : 2 : ittapi_config_apply_per_lib :  ITTAPI function not implemented: __itt_memory_read
785465 : 0x2dd49f441e3ac8 : 2 : ittapi_config_apply_per_lib :  ITTAPI function not implemented: __itt_memory_write
785465 : 0x2dd49f441e4424 : 2 : ittapi_config_apply_per_lib :  ITTAPI function not implemented: __itt_memory_update
785465 : 0x2dd49f441e4c71 : 2 : ittapi_config_apply_per_lib :  ITTAPI function not implemented: __itt_state_get
785465 : 0x2dd49f441e5411 : 2 : ittapi_config_apply_per_lib :  ITTAPI function not implemented: __itt_state_set
785465 : 0x2dd49f441e5ba7 : 2 : ittapi_config_apply_per_lib :  ITTAPI function not implemented: __itt_obj_mode_set
785465 : 0x2dd49f441e6380 : 2 : ittapi_config_apply_per_lib :  ITTAPI function not implemented: __itt_thr_mode_set
785465 : 0x2dd49f441e6aa3 : 2 : ittapi_config_apply_per_lib :  ITTAPI function instrumented: __itt_frame_create
785465 : 0x2dd49f441e7215 : 2 : ittapi_config_apply_per_lib :  ITTAPI function instrumented: __itt_pt_region_create
785465 : 0x2dd49f441e79a9 : 2 : ittapi_config_apply_per_lib :  ITTAPI function instrumented: __itt_frame_begin
785465 : 0x2dd49f441e81bc : 2 : ittapi_config_apply_per_lib :  ITTAPI function instrumented: __itt_frame_end
785465 : 0x2dd49f441ea0b3 : 2 : ittapi_config_apply_per_lib :  ITTAPI function NOT instrumented (not matched by --itt-config option): __itt_counter_destroy

785465 : 0x2dd49f441ea795 : 2 : ittapi_config_apply_per_lib :  ITTAPI function NOT instrumented (not matched by --itt-config option): __itt_counter_inc

785465 : 0x2dd49f441eae12 : 2 : ittapi_config_apply_per_lib :  ITTAPI function NOT instrumented (not matched by --itt-config option): __itt_counter_inc_delta

785465 : 0x2dd49f441eb4d1 : 2 : ittapi_config_apply_per_lib :  ITTAPI function NOT instrumented (not matched by --itt-config option): __itt_counter_dec

785465 : 0x2dd49f441ebb6f : 2 : ittapi_config_apply_per_lib :  ITTAPI function NOT instrumented (not matched by --itt-config option): __itt_counter_dec_delta

785465 : 0x2dd49f441ec1b3 : 2 : ittapi_config_apply_per_lib :  ITTAPI function NOT instrumented (not matched by --itt-config option): __itt_counter_set_value

785465 : 0x2dd49f441ec934 : 2 : ittapi_config_apply_per_lib :  ITTAPI function NOT instrumented (not matched by --itt-config option): __itt_counter_set_value_ex

785465 : 0x2dd49f441ed217 : 2 : ittapi_config_apply_per_lib :  ITTAPI function not implemented: __itt_mark_create
785465 : 0x2dd49f441edbcb : 2 : ittapi_config_apply_per_lib :  ITTAPI function not implemented: __itt_mark
785465 : 0x2dd49f441ee4d9 : 2 : ittapi_config_apply_per_lib :  ITTAPI function not implemented: __itt_mark_off
785465 : 0x2dd49f441f04a3 : 2 : ittapi_config_apply_per_lib :  ITTAPI function not implemented: __itt_mark_global
785465 : 0x2dd49f441f0d0b : 2 : ittapi_config_apply_per_lib :  ITTAPI function not implemented: __itt_mark_global_off
785465 : 0x2dd49f441f148f : 2 : ittapi_config_apply_per_lib :  ITTAPI function NOT instrumented (not matched by --itt-config option): __itt_stack_caller_create

785465 : 0x2dd49f441f1b03 : 2 : ittapi_config_apply_per_lib :  ITTAPI function NOT instrumented (not matched by --itt-config option): __itt_stack_caller_destroy

785465 : 0x2dd49f441f21f8 : 2 : ittapi_config_apply_per_lib :  ITTAPI function NOT instrumented (not matched by --itt-config option): __itt_stack_callee_enter

785465 : 0x2dd49f441f2877 : 2 : ittapi_config_apply_per_lib :  ITTAPI function NOT instrumented (not matched by --itt-config option): __itt_stack_callee_leave

785465 : 0x2dd49f441f2ffa : 2 : ittapi_config_apply_per_lib :  ITTAPI function not implemented: __itt_clock_domain_create
785465 : 0x2dd49f441f38b8 : 2 : ittapi_config_apply_per_lib :  ITTAPI function not implemented: __itt_clock_domain_reset
785465 : 0x2dd49f441f40bf : 2 : ittapi_config_apply_per_lib :  ITTAPI function not implemented: __itt_id_create_ex
785465 : 0x2dd49f441f4894 : 2 : ittapi_config_apply_per_lib :  ITTAPI function not implemented: __itt_id_destroy_ex
785465 : 0x2dd49f441f751b : 2 : ittapi_config_apply_per_lib :  ITTAPI function NOT instrumented (not matched by --itt-config option): __itt_task_begin_ex

785465 : 0x2dd49f441f7c5f : 2 : ittapi_config_apply_per_lib :  ITTAPI function NOT instrumented (not matched by --itt-config option): __itt_task_begin_fn_ex

785465 : 0x2dd49f441f82e8 : 2 : ittapi_config_apply_per_lib :  ITTAPI function NOT instrumented (not matched by --itt-config option): __itt_task_end_ex

785465 : 0x2dd49f441f8920 : 2 : ittapi_config_apply_per_lib :  ITTAPI function NOT instrumented (not matched by --itt-config option): __itt_task_begin_overlapped

785465 : 0x2dd49f441f8f63 : 2 : ittapi_config_apply_per_lib :  ITTAPI function NOT instrumented (not matched by --itt-config option): __itt_task_begin_overlapped_ex

785465 : 0x2dd49f441f95e2 : 2 : ittapi_config_apply_per_lib :  ITTAPI function NOT instrumented (not matched by --itt-config option): __itt_task_end_overlapped

785465 : 0x2dd49f441f9c9c : 2 : ittapi_config_apply_per_lib :  ITTAPI function NOT instrumented (not matched by --itt-config option): __itt_task_end_overlapped_ex

785465 : 0x2dd49f441fa570 : 2 : ittapi_config_apply_per_lib :  ITTAPI function not implemented: __itt_marker_ex
785465 : 0x2dd49f441fade9 : 2 : ittapi_config_apply_per_lib :  ITTAPI function not implemented: __itt_metadata_add_with_scope
785465 : 0x2dd49f441fb5ef : 2 : ittapi_config_apply_per_lib :  ITTAPI function not implemented: __itt_metadata_str_add_with_scope
785465 : 0x2dd49f441fd6d5 : 2 : ittapi_config_apply_per_lib :  ITTAPI function not implemented: __itt_relation_add_to_current_ex
785465 : 0x2dd49f441fdffb : 2 : ittapi_config_apply_per_lib :  ITTAPI function not implemented: __itt_relation_add_ex
785465 : 0x2dd49f441fe874 : 2 : ittapi_config_apply_per_lib :  ITTAPI function not implemented: __itt_track_group_create
785465 : 0x2dd49f441fefb8 : 2 : ittapi_config_apply_per_lib :  ITTAPI function not implemented: __itt_track_create
785465 : 0x2dd49f441ff860 : 2 : ittapi_config_apply_per_lib :  ITTAPI function not implemented: __itt_set_track
785465 : 0x2dd49f441fffc7 : 2 : ittapi_config_apply_per_lib :  ITTAPI function instrumented: __itt_api_version
785465 : 0x2dd49f442007be : 2 : ittapi_config_apply_per_lib :  ITTAPI function not implemented: __itt_av_save
785465 : 0x2dd49f44200f6e : 2 : ittapi_config_apply_per_lib :  ITTAPI function instrumented: __itt_module_load
785465 : 0x2dd49f44201799 : 2 : ittapi_config_apply_per_lib :  ITTAPI function not implemented: __itt_module_unload