
785168 : 0x2dd49679458f96 : 1 : spill_jit_data :  Jit agent is not initialized
785168 : 0x2dd4967965b557 : 2 : ittapi_config_mask_get :  --itt-config mask to be applied: 1
785168 : 0x2dd4967965cc4a : 2 : ittapi_config_apply_per_lib :  ITTAPI function instrumented: __itt_domain_create
785168 : 0x2dd4967965e930 : 2 : ittapi_config_apply_per_lib :  ITTAPI function instrumented: __itt_module_load_with_sections
785168 : 0x2dd4967965f76b : 2 : ittapi_config_apply_per_lib :  ITTAPI function not implemented: __itt_module_unload_with_sections
785168 : 0x2dd49679660085 : 2 : ittapi_config_apply_per_lib :  ITTAPI function instrumented: __itt_string_handle_create
785168 : 0x2dd496796607cf : 2 : ittapi_config_apply_per_lib :  ITTAPI function instrumented: __itt_counter_create
785168 : 0x2dd49679660f0c : 2 : ittapi_config_apply_per_lib :  ITTAPI function instrumented: __itt_counter_create_typed
785168 : 0x2dd496796616b2 : 2 : ittapi_config_apply_per_lib :  ITTAPI function instrumented: __itt_pause
785168 : 0x2dd49679661e60 : 2 : ittapi_config_apply_per_lib :  ITTAPI function instrumented: __itt_resume
785168 : 0x2dd4967966e1a9 : 2 : ittapi_config_apply_per_lib :  ITTAPI function instrumented: __itt_thread_set_name
785168 : 0x2dd4967966ed3c : 2 : ittapi_config_apply_per_lib :  ITTAPI function instrumented: __itt_thread_ignore
785168 : 0x2dd4967966f518 : 2 : ittapi_config_apply_per_lib :  ITTAPI function instrumented: __itt_thr_name_set
785168 : 0x2dd4967966fd53 : 2 : ittapi_config_apply_per_lib :  ITTAPI function instrumented: __itt_thr_ignore
785168 : 0x2dd49679670810 : 2 : ittapi_config_apply_per_lib :  ITTAPI function not implemented: __itt_enable_attach
785168 : 0x2dd49679671048 : 2 : ittapi_config_apply_per_lib :  ITTAPI function instrumented: __itt_detach
785168 : 0x2dd49679671734 : 2 : ittapi_config_apply_per_lib :  ITTAPI function NOT instrumented (not matched by --itt-config option): __itt_sync_create

785168 : 0x2dd49679671e7b : 2 : ittapi_config_apply_per_lib :  ITTAPI function NOT instrumented (not matched by --itt-config option): __itt_sync_rename

785168 : 0x2dd496796724e6 : 2 : ittapi_config_apply_per_lib :  ITTAPI function NOT instrumented (not matched by --itt-config option): __itt_sync_destroy

785168 : 0x2dd49679672b44 : 2 : ittapi_config_apply_per_lib :  ITTAPI function NOT instrumented (not matched by --itt-config option): __itt_sync_prepare

785168 : 0x2dd4967967540e : 2 : ittapi_config_apply_per_lib :  ITTAPI function NOT instrumented (not matched by --itt-config option): __itt_sync_cancel

785168 : 0x2dd49679675bc7 : 2 : ittapi_config_apply_per_lib :  ITTAPI function NOT instrumented (not matched by --itt-config option): __itt_sync_acquired

785168 : 0x2dd49679676342 : 2 : ittapi_config_apply_per_lib :  ITTAPI function NOT instrumented (not matched by --itt-config option): __itt_sync_releasing

785168 : 0x2dd49679676d0a : 2 : ittapi_config_apply_per_lib :  ITTAPI function not implemented: __itt_suppress_push
785168 : 0x2dd496796776bb : 2 : ittapi_config_apply_per_lib :  ITTAPI function not implemented: __itt_suppress_pop
785168 : 0x2dd49679677f31 : 2 : ittapi_config_apply_per_lib :  ITTAPI function not implemented: __itt_suppress_mark_range
785168 : 0x2dd496796787ed : 2 : ittapi_config_apply_per_lib :  ITTAPI function not implemented: __itt_suppress_clear_range
785168 : 0x2dd49679678e5c : 2 : ittapi_config_apply_per_lib :  ITTAPI function NOT instrumented (not matched by --itt-config option): __itt_sync_prepare

785168 : 0x2dd4967967951c : 2 : ittapi_config_apply_per_lib :  ITTAPI function NOT instrumented (not matched by --itt-config option): __itt_sync_cancel

785168 : 0x2dd49679679b86 : 2 : ittapi_config_apply_per_lib :  ITTAPI function NOT instrumented (not matched by --itt-config option): __itt_sync_acquired

785168 : 0x2dd4967967c1f9 : 2 : ittapi_config_apply_per_lib :  ITTAPI function NOT instrumented (not matched by --itt-config option): __itt_sync_releasing

785168 : 0x2dd4967967ca8d : 2 : ittapi_config_apply_per_lib :  ITTAPI function NOT instrumented (not matched by --itt-config option): __itt_model_site_begin

785168 : 0x2dd4967967d10f : 2 : ittapi_config_apply_per_lib :  ITTAPI function NOT instrumented (not matched by --itt-config option): __itt_model_site_end

785168 : 0x2dd4967967d86c : 2 : ittapi_config_apply_per_lib :  ITTAPI function NOT instrumented (not matched by --itt-config option): __itt_model_task_begin

785168 : 0x2dd4967967df04 : 2 : ittapi_config_apply_per_lib :  ITTAPI function NOT instrumented (not matched by --itt-config option): __itt_model_task_end

785168 : 0x2dd4967967e563 : 2 : ittapi_config_apply_per_lib :  ITTAPI function NOT instrumented (not matched by --itt-config option): __itt_model_lock_acquire

785168 : 0x2dd4967967ec75 : 2 : ittapi_config_apply_per_lib :  ITTAPI function NOT instrumented (not matched by --itt-config option): __itt_model_lock_release

785168 : 0x2dd4967967f36a : 2 : ittapi_config_apply_per_lib :  ITTAPI function NOT instrumented (not matched by --itt-config option): __itt_model_record_allocation

785168 : 0x2dd4967967f9e4 : 2 : ittapi_config_apply_per_lib :  ITTAPI function NOT instrumented (not matched by --itt-config option): __itt_model_record_deallocation

785168 : 0x2dd4967968009e : 2 : ittapi_config_apply_per_lib :  ITTAPI function NOT instrumented (not matched by --itt-config option): __itt_model_induction_uses

785168 : 0x2dd49679683abb : 2 : ittapi_config_apply_per_lib :  ITTAPI function NOT instrumented (not matched by --itt-config option): __itt_model_reduction_uses

785168 : 0x2dd49679684356 : 2 : ittapi_config_apply_per_lib :  ITTAPI function NOT instrumented (not matched by --itt-config option): __itt_model_observe_uses

785168 : 0x2dd49679684a78 : 2 : ittapi_config_apply_per_lib :  ITTAPI function NOT instrumented (not matched by --itt-config option): __itt_model_clear_uses

785168 : 0x2dd49679685113 : 2 : ittapi_config_apply_per_lib :  ITTAPI function NOT instrumented (not matched by --itt-config option): __itt_model_site_beginA

785168 : 0x2dd496796857e8 : 2 : ittapi_config_apply_per_lib :  ITTAPI function NOT instrumented (not matched by --itt-config option): __itt_model_site_beginAL

785168 : 0x2dd49679685e6a : 2 : ittapi_config_apply_per_lib :  ITTAPI function NOT instrumented (not matched by --itt-config option): __itt_model_task_beginA

785168 : 0x2dd496796864a6 : 2 : ittapi_config_apply_per_lib :  ITTAPI function NOT instrumented (not matched by --itt-config option): __itt_model_task_beginAL

785168 : 0x2dd49679686b6b : 2 : ittapi_config_apply_per_lib :  ITTAPI function NOT instrumented (not matched by --itt-config option): __itt_model_iteration_taskA

785168 : 0x2dd496796871d7 : 2 : ittapi_config_apply_per_lib :  ITTAPI function NOT instrumented (not matched by --itt-config option): __itt_model_iteration_taskAL

785168 : 0x2dd4967968788f : 2 : ittapi_config_apply_per_lib :  ITTAPI function NOT instrumented (not matched by --itt-config option): __itt_model_site_end_2

785168 : 0x2dd4967968979c : 2 : ittapi_config_apply_per_lib :  ITTAPI function NOT instrumented (not matched by --itt-config option): __itt_model_task_end_2

785168 : 0x2dd49679689e35 : 2 : ittapi_config_apply_per_lib :  ITTAPI function NOT instrumented (not matched by --itt-config option): __itt_model_lock_acquire_2

785168 : 0x2dd4967968a510 : 2 : ittapi_config_apply_per_lib :  ITTAPI function NOT instrumented (not matched by --itt-config option): __itt_model_lock_release_2

785168 : 0x2dd4967968abe8 : 2 : ittapi_config_apply_per_lib :  ITTAPI function NOT instrumented (not matched by --itt-config option): __itt_model_aggregate_task

785168 : 0x2dd4967968b228 : 2 : ittapi_config_apply_per_lib :  ITTAPI function NOT instrumented (not matched by --itt-config option): __itt_model_disable_push

785168 : 0x2dd4967968b958 : 2 : ittapi_config_apply_per_lib :  ITTAPI function NOT instrumented (not matched by --itt-config option): __itt_model_disable_pop

785168 : 0x2dd4967968c1a9 : 2 : ittapi_config_apply_per_lib :  ITTAPI function instrumented: __itt_heap_function_create
785168 : 0x2dd4967968ca46 : 2 : ittapi_config_apply_per_lib :  ITTAPI function instrumented: __itt_heap_allocate_begin
785168 : 0x2dd4967968d212 : 2 : ittapi_config_apply_per_lib :  ITTAPI function instrumented: __itt_heap_allocate_end
785168 : 0x2dd4967968d94f : 2 : ittapi_config_apply_per_lib :  ITTAPI function instrumented: __itt_heap_free_begin
785168 : 0x2dd49679690856 : 2 : ittapi_config_apply_per_lib :  ITTAPI function instrumented: __itt_heap_free_end
785168 : 0x2dd496796911bc : 2 : ittapi_config_apply_per_lib :  ITTAPI function instrumented: __itt_heap_reallocate_begin
785168 : 0x2dd49679691911 : 2 : ittapi_config_apply_per_lib :  ITTAPI function instrumented: __itt_heap_reallocate_end
785168 : 0x2dd496796922cb : 2 : ittapi_config_apply_per_lib :  ITTAPI function not implemented: __itt_heap_internal_access_begin
785168 : 0x2dd49679692b54 : 2 : ittapi_config_apply_per_lib :  ITTAPI function not implemented: __itt_heap_internal_access_end
785168 : 0x2dd4967969336d : 2 : ittapi_config_apply_per_lib :  ITTAPI function not implemented: __itt_heap_record_memory_growth_begin
785168 : 0x2dd49679693b86 : 2 : ittapi_config_apply_per_lib :  ITTAPI function not implemented: __itt_heap_record_memory_growth_end
785168 : 0x2dd496796943a5 : 2 : ittapi_config_apply_per_lib :  ITTAPI function not implemented: __itt_heap_reset_detection
785168 : 0x2dd49679694ca8 : 2 : ittapi_config_apply_per_lib :  ITTAPI function not implemented: __itt_heap_record
785168 : 0x2dd4967969556c : 2 : ittapi_config_apply_per_lib :  ITTAPI function not implemented: __itt_id_create
785168 : 0x2dd4967969782a : 2 : ittapi_config_apply_per_lib :  ITTAPI function not implemented: __itt_id_destroy
785168 : 0x2dd4967969806e : 2 : ittapi_config_apply_per_lib :  ITTAPI function instrumented: __itt_get_timestamp
785168 : 0x2dd496796988ca : 2 : ittapi_config_apply_per_lib :  ITTAPI function not implemented: __itt_region_begin
785168 : 0x2dd49679699106 : 2 : ittapi_config_apply_per_lib :  ITTAPI function not implemented: __itt_region_end
785168 : 0x2dd4967969994e : 2 : ittapi_config_apply_per_lib :  ITTAPI function instrumented: __itt_frame_begin_v3
785168 : 0x2dd4967969a11e : 2 : ittapi_config_apply_per_lib :  ITTAPI function instrumented: __itt_frame_end_v3
785168 : 0x2dd4967969a90b : 2 : ittapi_config_apply_per_lib :  ITTAPI function instrumented: __itt_frame_submit_v3
785168 : 0x2dd4967969af76 : 2 : ittapi_config_apply_per_lib :  ITTAPI function NOT instrumented (not matched by --itt-config option): __itt_task_group

785168 : 0x2dd4967969b669 : 2 : ittapi_config_apply_per_lib :  ITTAPI function NOT instrumented (not matched by --itt-config option): __itt_task_begin

785168 : 0x2dd4967969bcb1 : 2 : ittapi_config_apply_per_lib :  ITTAPI function NOT instrumented (not matched by --itt-config option): __itt_task_begin_fn

785168 : 0x2dd4967969dac3 : 2 : ittapi_config_apply_per_lib :  ITTAPI function NOT instrumented (not matched by --itt-config option): __itt_task_end

785168 : 0x2dd4967969e224 : 2 : ittapi_config_apply_per_lib :  ITTAPI function NOT instrumented (not matched by --itt-config option): __itt_counter_inc_v3

785168 : 0x2dd4967969e8f7 : 2 : ittapi_config_apply_per_lib :  ITTAPI function NOT instrumented (not matched by --itt-config option): __itt_counter_inc_delta_v3

785168 : 0x2dd4967969ef3f : 2 : ittapi_config_apply_per_lib :  ITTAPI function NOT instrumented (not matched by --itt-config option): __itt_counter_dec_v3

785168 : 0x2dd4967969f5f2 : 2 : ittapi_config_apply_per_lib :  ITTAPI function NOT instrumented (not matched by --itt-config option): __itt_counter_dec_delta_v3

785168 : 0x2dd4967969fe8f : 2 : ittapi_config_apply_per_lib :  ITTAPI function not implemented: __itt_marker
785168 : 0x2dd496796a06e1 : 2 : ittapi_config_apply_per_lib :  ITTAPI function instrumented: __itt_metadata_add
785168 : 0x2dd496796a0f05 : 2 : ittapi_config_apply_per_lib :  ITTAPI function not implemented: __itt_metadata_str_add
785168 : 0x2dd496796a1786 : 2 : ittapi_config_apply_per_lib :  ITTAPI function not implemented: __itt_relation_add_to_current
785168 : 0x2dd496796a1f8e : 2 : ittapi_config_apply_per_lib :  ITTAPI function not implemented: __itt_relation_add
785168 : 0x2dd496796a3e31 : 2 : ittapi_config_apply_per_lib :  ITTAPI function instrumented: __itt_event_create
785168 : 0x2dd496796a44e0 : 2 : ittapi_config_apply_per_lib :  ITTAPI function NOT instrumented (not matched by --itt-config option): __itt_event_start

785168 : 0x2dd496796a4b20 : 2 : ittapi_config_apply_per_lib :  ITTAPI function NOT instrumented (not matched by --itt-config option): __itt_event_end

785168 : 0x2dd496796a5162 : 2 : ittapi_config_apply_per_lib :  ITTAPI function NOT instrumented (not matched by --itt-config option): __itt_sync_set_name

785168 : 0x2dd496796a5801 : 2 : ittapi_config_apply_per_lib :  ITTAPI function NOT instrumented (not matched by --itt-config option): __itt_notify_sync_name

785168 : 0x2dd496796a5e8f : 2 : ittapi_config_apply_per_lib :  ITTAPI function NOT instrumented (not matched by --itt-config option): __itt_notify_sync_prepare

785168 : 0x2dd496796a64b6 : 2 : ittapi_config_apply_per_lib :  ITTAPI function NOT instrumented (not matched by --itt-config option): __itt_notify_sync_cancel

785168 : 0x2dd496796a6b79 : 2 : ittapi_config_apply_per_lib :  ITTAPI function NOT instrumented (not matched by --itt-config option): __itt_notify_sync_acquired

785168 : 0x2dd496796a71e3 : 2 : ittapi_config_apply_per_lib :  ITTAPI function NOT instrumented (not matched by --itt-config option): __itt_notify_sync_releasing

785168 : 0x2dd496796a7a59 : 2 : ittapi_config_apply_per_lib :  ITTAPI function not implemented: __itt_memory_read
785168 : 0x2dd496796aa8a0 : 2 : ittapi_config_apply_per_lib :  ITTAPI function not implemented: __itt_memory_write
785168 : 0x2dd496796ab25f : 2 : ittapi_config_apply_per_lib :  ITTAPI function not implemented: __itt_memory_update
785168 : 0x2dd496796aba9d : 2 : ittapi_config_apply_per_lib :  ITTAPI function not implemented: __itt_state_get
785168 : 0x2dd496796ac24c : 2 : ittapi_config_apply_per_lib :  ITTAPI function not implemented: __itt_state_set
785168 : 0x2dd496796aca2b : 2 : ittapi_config_apply_per_lib :  ITTAPI function not implemented: __itt_obj_mode_set
785168 : 0x2dd496796ad1dd : 2 : ittapi_config_apply_per_lib :  ITTAPI function not implemented: __itt_thr_mode_set
785168 : 0x2dd496796ad94d : 2 : ittapi_config_apply_per_lib :  ITTAPI function instrumented: __itt_frame_create
785168 : 0x2dd496796ae04b : 2 : ittapi_config_apply_per_lib :  ITTAPI function instrumented: __itt_pt_region_create
785168 : 0x2dd496796ae80c : 2 : ittapi_config_apply_per_lib :  ITTAPI function instrumented: __itt_frame_begin
785168 : 0x2dd496796af081 : 2 : ittapi_config_apply_per_lib :  ITTAPI function instrumented: __itt_frame_end
785168 : 0x2dd496796b10ed : 2 : ittapi_config_apply_per_lib :  ITTAPI function NOT instrumented (not matched by --itt-config option): __itt_counter_destroy

785168 : 0x2dd496796b1825 : 2 : ittapi_config_apply_per_lib :  ITTAPI function NOT instrumented (not matched by --itt-config option): __itt_counter_inc

785168 : 0x2dd496796b1e80 : 2 : ittapi_config_apply_per_lib :  ITTAPI function NOT instrumented (not matched by --itt-config option): __itt_counter_inc_delta

785168 : 0x2dd496796b2535 : 2 : ittapi_config_apply_per_lib :  ITTAPI function NOT instrumented (not matched by --itt-config option): __itt_counter_dec

785168 : 0x2dd496796b2bbf : 2 : ittapi_config_apply_per_lib :  ITTAPI function NOT instrumented (not matched by --itt-config option): __itt_counter_dec_delta

785168 : 0x2dd496796b3207 : 2 : ittapi_config_apply_per_lib :  ITTAPI function NOT instrumented (not matched by --itt-config option): __itt_counter_set_value

785168 : 0x2dd496796b38d5 : 2 : ittapi_config_apply_per_lib :  ITTAPI function NOT instrumented (not matched by --itt-config option): __itt_counter_set_value_ex

785168 : 0x2dd496796b40dd : 2 : ittapi_config_apply_per_lib :  ITTAPI function not implemented: __itt_mark_create
785168 : 0x2dd496796b4b95 : 2 : ittapi_config_apply_per_lib :  ITTAPI function not implemented: __itt_mark
785168 : 0x2dd496796b541f : 2 : ittapi_config_apply_per_lib :  ITTAPI function not implemented: __itt_mark_off
785168 : 0x2dd496796b746b : 2 : ittapi_config_apply_per_lib :  ITTAPI function not implemented: __itt_mark_global
785168 : 0x2dd496796b7ca7 : 2 : ittapi_config_apply_per_lib :  ITTAPI function not implemented: __itt_mark_global_off
785168 : 0x2dd496796b8412 : 2 : ittapi_config_apply_per_lib :  ITTAPI function NOT instrumented (not matched by --itt-config option): __itt_stack_caller_create

785168 : 0x2dd496796b8a7f : 2 : ittapi_config_apply_per_lib :  ITTAPI function NOT instrumented (not matched by --itt-config option): __itt_stack_caller_destroy

785168 : 0x2dd496796b9179 : 2 : ittapi_config_apply_per_lib :  ITTAPI function NOT instrumented (not matched by --itt-config option): __itt_stack_callee_enter

785168 : 0x2dd496796b97d5 : 2 : ittapi_config_apply_per_lib :  ITTAPI function NOT instrumented (not matched by --itt-config option): __itt_stack_callee_leave

785168 : 0x2dd496796b9fba : 2 : ittapi_config_apply_per_lib :  ITTAPI function not implemented: __itt_clock_domain_create
785168 : 0x2dd496796ba80f : 2 : ittapi_config_apply_per_lib :  ITTAPI function not implemented: __itt_clock_domain_reset
785168 : 0x2dd496796bb01f : 2 : ittapi_config_apply_per_lib :  ITTAPI function not implemented: __itt_id_create_ex
785168 : 0x2dd496796bb7d4 : 2 : ittapi_config_apply_per_lib :  ITTAPI function not implemented: __itt_id_destroy_ex
785168 : 0x2dd496796be59f : 2 : ittapi_config_apply_per_lib :  ITTAPI function NOT instrumented (not matched by --itt-config option): __itt_task_begin_ex

785168 : 0x2dd496796bed93 : 2 : ittapi_config_apply_per_lib :  ITTAPI function NOT instrumented (not matched by --itt-config option): __itt_task_begin_fn_ex

785168 : 0x2dd496796bf3dc : 2 : ittapi_config_apply_per_lib :  ITTAPI function NOT instrumented (not matched by --itt-config option): __itt_task_end_ex

785168 : 0x2dd496796bfa11 : 2 : ittapi_config_apply_per_lib :  ITTAPI function NOT instrumented (not matched by --itt-config option): __itt_task_begin_overlapped

785168 : 0x2dd496796c006b : 2 : ittapi_config_apply_per_lib :  ITTAPI function NOT instrumented (not matched by --itt-config option): __itt_task_begin_overlapped_ex

785168 : 0x2dd496796c0701 : 2 : ittapi_config_apply_per_lib :  ITTAPI function NOT instrumented (not matched by --itt-config option): __itt_task_end_overlapped

785168 : 0x2dd496796c0ea6 : 2 : ittapi_config_apply_per_lib :  ITTAPI function NOT instrumented (not matched by --itt-config option): __itt_task_end_overlapped_ex

785168 : 0x2dd496796c1792 : 2 : ittapi_config_apply_per_lib :  ITTAPI function not implemented: __itt_marker_ex
785168 : 0x2dd496796c2024 : 2 : ittapi_config_apply_per_lib :  ITTAPI function not implemented: __itt_metadata_add_with_scope
785168 : 0x2dd496796c2987 : 2 : ittapi_config_apply_per_lib :  ITTAPI function not implemented: __itt_metadata_str_add_with_scope
785168 : 0x2dd496796c4db2 : 2 : ittapi_config_apply_per_lib :  ITTAPI function not implemented: __itt_relation_add_to_current_ex
785168 : 0x2dd496796c56e3 : 2 : ittapi_config_apply_per_lib :  ITTAPI function not implemented: __itt_relation_add_ex
785168 : 0x2dd496796c5eaa : 2 : ittapi_config_apply_per_lib :  ITTAPI function not implemented: __itt_track_group_create
785168 : 0x2dd496796c65f6 : 2 : ittapi_config_apply_per_lib :  ITTAPI function not implemented: __itt_track_create
785168 : 0x2dd496796c6e03 : 2 : ittapi_config_apply_per_lib :  ITTAPI function not implemented: __itt_set_track
785168 : 0x2dd496796c7540 : 2 : ittapi_config_apply_per_lib :  ITTAPI function instrumented: __itt_api_version
785168 : 0x2dd496796c7d53 : 2 : ittapi_config_apply_per_lib :  ITTAPI function not implemented: __itt_av_save
785168 : 0x2dd496796c84ec : 2 : ittapi_config_apply_per_lib :  ITTAPI function instrumented: __itt_module_load
785168 : 0x2dd496796c8d3a : 2 : ittapi_config_apply_per_lib :  ITTAPI function not implemented: __itt_module_unload