
792139 : 0x2dd557904e130a : 1 : spill_jit_data :  Jit agent is not initialized
792139 : 0x2dd557906e39d5 : 2 : ittapi_config_mask_get :  --itt-config mask to be applied: 1
792139 : 0x2dd557906e7ccd : 2 : ittapi_config_apply_per_lib :  ITTAPI function instrumented: __itt_domain_create
792139 : 0x2dd557906e8809 : 2 : ittapi_config_apply_per_lib :  ITTAPI function instrumented: __itt_module_load_with_sections
792139 : 0x2dd557906e968f : 2 : ittapi_config_apply_per_lib :  ITTAPI function not implemented: __itt_module_unload_with_sections
792139 : 0x2dd557906ea0cb : 2 : ittapi_config_apply_per_lib :  ITTAPI function instrumented: __itt_string_handle_create
792139 : 0x2dd557906eaade : 2 : ittapi_config_apply_per_lib :  ITTAPI function instrumented: __itt_counter_create
792139 : 0x2dd557906eb652 : 2 : ittapi_config_apply_per_lib :  ITTAPI function instrumented: __itt_counter_create_typed
792139 : 0x2dd557906ec14e : 2 : ittapi_config_apply_per_lib :  ITTAPI function instrumented: __itt_pause
792139 : 0x2dd557906ecdf6 : 2 : ittapi_config_apply_per_lib :  ITTAPI function instrumented: __itt_resume
792139 : 0x2dd557906fe98b : 2 : ittapi_config_apply_per_lib :  ITTAPI function instrumented: __itt_thread_set_name
792139 : 0x2dd557906ff7ee : 2 : ittapi_config_apply_per_lib :  ITTAPI function instrumented: __itt_thread_ignore
792139 : 0x2dd557907000bc : 2 : ittapi_config_apply_per_lib :  ITTAPI function instrumented: __itt_thr_name_set
792139 : 0x2dd557907009ac : 2 : ittapi_config_apply_per_lib :  ITTAPI function instrumented: __itt_thr_ignore
792139 : 0x2dd5579070155a : 2 : ittapi_config_apply_per_lib :  ITTAPI function not implemented: __itt_enable_attach
792139 : 0x2dd55790701f03 : 2 : ittapi_config_apply_per_lib :  ITTAPI function instrumented: __itt_detach
792139 : 0x2dd5579070265a : 2 : ittapi_config_apply_per_lib :  ITTAPI function NOT instrumented (not matched by --itt-config option): __itt_sync_create

792139 : 0x2dd55790702e14 : 2 : ittapi_config_apply_per_lib :  ITTAPI function NOT instrumented (not matched by --itt-config option): __itt_sync_rename

792139 : 0x2dd5579070351f : 2 : ittapi_config_apply_per_lib :  ITTAPI function NOT instrumented (not matched by --itt-config option): __itt_sync_destroy

792139 : 0x2dd55790703bee : 2 : ittapi_config_apply_per_lib :  ITTAPI function NOT instrumented (not matched by --itt-config option): __itt_sync_prepare

792139 : 0x2dd55790706e41 : 2 : ittapi_config_apply_per_lib :  ITTAPI function NOT instrumented (not matched by --itt-config option): __itt_sync_cancel

792139 : 0x2dd55790707638 : 2 : ittapi_config_apply_per_lib :  ITTAPI function NOT instrumented (not matched by --itt-config option): __itt_sync_acquired

792139 : 0x2dd5579070a67b : 2 : ittapi_config_apply_per_lib :  ITTAPI function NOT instrumented (not matched by --itt-config option): __itt_sync_releasing

792139 : 0x2dd5579070b044 : 2 : ittapi_config_apply_per_lib :  ITTAPI function not implemented: __itt_suppress_push
792139 : 0x2dd5579070ba3a : 2 : ittapi_config_apply_per_lib :  ITTAPI function not implemented: __itt_suppress_pop
792139 : 0x2dd5579070c2f2 : 2 : ittapi_config_apply_per_lib :  ITTAPI function not implemented: __itt_suppress_mark_range
792139 : 0x2dd5579070cbc6 : 2 : ittapi_config_apply_per_lib :  ITTAPI function not implemented: __itt_suppress_clear_range
792139 : 0x2dd5579070d211 : 2 : ittapi_config_apply_per_lib :  ITTAPI function NOT instrumented (not matched by --itt-config option): __itt_sync_prepare

792139 : 0x2dd5579070d844 : 2 : ittapi_config_apply_per_lib :  ITTAPI function NOT instrumented (not matched by --itt-config option): __itt_sync_cancel

792139 : 0x2dd5579070de95 : 2 : ittapi_config_apply_per_lib :  ITTAPI function NOT instrumented (not matched by --itt-config option): __itt_sync_acquired

792139 : 0x2dd5579070feb9 : 2 : ittapi_config_apply_per_lib :  ITTAPI function NOT instrumented (not matched by --itt-config option): __itt_sync_releasing

792139 : 0x2dd557907105d0 : 2 : ittapi_config_apply_per_lib :  ITTAPI function NOT instrumented (not matched by --itt-config option): __itt_model_site_begin

792139 : 0x2dd55790710c71 : 2 : ittapi_config_apply_per_lib :  ITTAPI function NOT instrumented (not matched by --itt-config option): __itt_model_site_end

792139 : 0x2dd557907113ea : 2 : ittapi_config_apply_per_lib :  ITTAPI function NOT instrumented (not matched by --itt-config option): __itt_model_task_begin

792139 : 0x2dd55790711a90 : 2 : ittapi_config_apply_per_lib :  ITTAPI function NOT instrumented (not matched by --itt-config option): __itt_model_task_end

792139 : 0x2dd557907120f3 : 2 : ittapi_config_apply_per_lib :  ITTAPI function NOT instrumented (not matched by --itt-config option): __itt_model_lock_acquire

792139 : 0x2dd557907127f0 : 2 : ittapi_config_apply_per_lib :  ITTAPI function NOT instrumented (not matched by --itt-config option): __itt_model_lock_release

792139 : 0x2dd55790712e94 : 2 : ittapi_config_apply_per_lib :  ITTAPI function NOT instrumented (not matched by --itt-config option): __itt_model_record_allocation

792139 : 0x2dd55790713533 : 2 : ittapi_config_apply_per_lib :  ITTAPI function NOT instrumented (not matched by --itt-config option): __itt_model_record_deallocation

792139 : 0x2dd55790713bef : 2 : ittapi_config_apply_per_lib :  ITTAPI function NOT instrumented (not matched by --itt-config option): __itt_model_induction_uses

792139 : 0x2dd55790717438 : 2 : ittapi_config_apply_per_lib :  ITTAPI function NOT instrumented (not matched by --itt-config option): __itt_model_reduction_uses

792139 : 0x2dd55790717d1d : 2 : ittapi_config_apply_per_lib :  ITTAPI function NOT instrumented (not matched by --itt-config option): __itt_model_observe_uses

792139 : 0x2dd557907183ba : 2 : ittapi_config_apply_per_lib :  ITTAPI function NOT instrumented (not matched by --itt-config option): __itt_model_clear_uses

792139 : 0x2dd55790718a2e : 2 : ittapi_config_apply_per_lib :  ITTAPI function NOT instrumented (not matched by --itt-config option): __itt_model_site_beginA

792139 : 0x2dd55790719123 : 2 : ittapi_config_apply_per_lib :  ITTAPI function NOT instrumented (not matched by --itt-config option): __itt_model_site_beginAL

792139 : 0x2dd557907197bc : 2 : ittapi_config_apply_per_lib :  ITTAPI function NOT instrumented (not matched by --itt-config option): __itt_model_task_beginA

792139 : 0x2dd55790719e08 : 2 : ittapi_config_apply_per_lib :  ITTAPI function NOT instrumented (not matched by --itt-config option): __itt_model_task_beginAL

792139 : 0x2dd5579071a4e1 : 2 : ittapi_config_apply_per_lib :  ITTAPI function NOT instrumented (not matched by --itt-config option): __itt_model_iteration_taskA

792139 : 0x2dd5579071ab79 : 2 : ittapi_config_apply_per_lib :  ITTAPI function NOT instrumented (not matched by --itt-config option): __itt_model_iteration_taskAL

792139 : 0x2dd5579071b22d : 2 : ittapi_config_apply_per_lib :  ITTAPI function NOT instrumented (not matched by --itt-config option): __itt_model_site_end_2

792139 : 0x2dd5579071d3b3 : 2 : ittapi_config_apply_per_lib :  ITTAPI function NOT instrumented (not matched by --itt-config option): __itt_model_task_end_2

792139 : 0x2dd5579071da6d : 2 : ittapi_config_apply_per_lib :  ITTAPI function NOT instrumented (not matched by --itt-config option): __itt_model_lock_acquire_2

792139 : 0x2dd5579071e124 : 2 : ittapi_config_apply_per_lib :  ITTAPI function NOT instrumented (not matched by --itt-config option): __itt_model_lock_release_2

792139 : 0x2dd5579071e7e9 : 2 : ittapi_config_apply_per_lib :  ITTAPI function NOT instrumented (not matched by --itt-config option): __itt_model_aggregate_task

792139 : 0x2dd5579071ee57 : 2 : ittapi_config_apply_per_lib :  ITTAPI function NOT instrumented (not matched by --itt-config option): __itt_model_disable_push

792139 : 0x2dd5579071f523 : 2 : ittapi_config_apply_per_lib :  ITTAPI function NOT instrumented (not matched by --itt-config option): __itt_model_disable_pop

792139 : 0x2dd5579071fd8c : 2 : ittapi_config_apply_per_lib :  ITTAPI function instrumented: __itt_heap_function_create
792139 : 0x2dd55790720614 : 2 : ittapi_config_apply_per_lib :  ITTAPI function instrumented: __itt_heap_allocate_begin
792139 : 0x2dd55790720de3 : 2 : ittapi_config_apply_per_lib :  ITTAPI function instrumented: __itt_heap_allocate_end
792139 : 0x2dd557907215d6 : 2 : ittapi_config_apply_per_lib :  ITTAPI function instrumented: __itt_heap_free_begin
792139 : 0x2dd55790724fe6 : 2 : ittapi_config_apply_per_lib :  ITTAPI function instrumented: __itt_heap_free_end
792139 : 0x2dd557907258fe : 2 : ittapi_config_apply_per_lib :  ITTAPI function instrumented: __itt_heap_reallocate_begin
792139 : 0x2dd55790726035 : 2 : ittapi_config_apply_per_lib :  ITTAPI function instrumented: __itt_heap_reallocate_end
792139 : 0x2dd55790726974 : 2 : ittapi_config_apply_per_lib :  ITTAPI function not implemented: __itt_heap_internal_access_begin
792139 : 0x2dd55790727213 : 2 : ittapi_config_apply_per_lib :  ITTAPI function not implemented: __itt_heap_internal_access_end
792139 : 0x2dd55790727a4b : 2 : ittapi_config_apply_per_lib :  ITTAPI function not implemented: __itt_heap_record_memory_growth_begin
792139 : 0x2dd55790728287 : 2 : ittapi_config_apply_per_lib :  ITTAPI function not implemented: __itt_heap_record_memory_growth_end
792139 : 0x2dd55790728a9a : 2 : ittapi_config_apply_per_lib :  ITTAPI function not implemented: __itt_heap_reset_detection
792139 : 0x2dd55790729379 : 2 : ittapi_config_apply_per_lib :  ITTAPI function not implemented: __itt_heap_record
792139 : 0x2dd55790729c52 : 2 : ittapi_config_apply_per_lib :  ITTAPI function not implemented: __itt_id_create
792139 : 0x2dd5579072c12c : 2 : ittapi_config_apply_per_lib :  ITTAPI function not implemented: __itt_id_destroy
792139 : 0x2dd5579072c9ac : 2 : ittapi_config_apply_per_lib :  ITTAPI function instrumented: __itt_get_timestamp
792139 : 0x2dd5579072d1ee : 2 : ittapi_config_apply_per_lib :  ITTAPI function not implemented: __itt_region_begin
792139 : 0x2dd5579072da30 : 2 : ittapi_config_apply_per_lib :  ITTAPI function not implemented: __itt_region_end
792139 : 0x2dd5579072e264 : 2 : ittapi_config_apply_per_lib :  ITTAPI function instrumented: __itt_frame_begin_v3
792139 : 0x2dd5579072ea1c : 2 : ittapi_config_apply_per_lib :  ITTAPI function instrumented: __itt_frame_end_v3
792139 : 0x2dd5579072f20a : 2 : ittapi_config_apply_per_lib :  ITTAPI function instrumented: __itt_frame_submit_v3
792139 : 0x2dd5579072f8a8 : 2 : ittapi_config_apply_per_lib :  ITTAPI function NOT instrumented (not matched by --itt-config option): __itt_task_group

792139 : 0x2dd5579072ffa6 : 2 : ittapi_config_apply_per_lib :  ITTAPI function NOT instrumented (not matched by --itt-config option): __itt_task_begin

792139 : 0x2dd557907306c0 : 2 : ittapi_config_apply_per_lib :  ITTAPI function NOT instrumented (not matched by --itt-config option): __itt_task_begin_fn

792139 : 0x2dd55790732694 : 2 : ittapi_config_apply_per_lib :  ITTAPI function NOT instrumented (not matched by --itt-config option): __itt_task_end

792139 : 0x2dd55790732e07 : 2 : ittapi_config_apply_per_lib :  ITTAPI function NOT instrumented (not matched by --itt-config option): __itt_counter_inc_v3

792139 : 0x2dd55790733483 : 2 : ittapi_config_apply_per_lib :  ITTAPI function NOT instrumented (not matched by --itt-config option): __itt_counter_inc_delta_v3

792139 : 0x2dd55790733ae4 : 2 : ittapi_config_apply_per_lib :  ITTAPI function NOT instrumented (not matched by --itt-config option): __itt_counter_dec_v3

792139 : 0x2dd5579073416a : 2 : ittapi_config_apply_per_lib :  ITTAPI function NOT instrumented (not matched by --itt-config option): __itt_counter_dec_delta_v3

792139 : 0x2dd55790734a20 : 2 : ittapi_config_apply_per_lib :  ITTAPI function not implemented: __itt_marker
792139 : 0x2dd55790735228 : 2 : ittapi_config_apply_per_lib :  ITTAPI function instrumented: __itt_metadata_add
792139 : 0x2dd55790735a72 : 2 : ittapi_config_apply_per_lib :  ITTAPI function not implemented: __itt_metadata_str_add
792139 : 0x2dd557907362c3 : 2 : ittapi_config_apply_per_lib :  ITTAPI function not implemented: __itt_relation_add_to_current
792139 : 0x2dd55790736ac2 : 2 : ittapi_config_apply_per_lib :  ITTAPI function not implemented: __itt_relation_add
792139 : 0x2dd55790738ec7 : 2 : ittapi_config_apply_per_lib :  ITTAPI function instrumented: __itt_event_create
792139 : 0x2dd557907395b4 : 2 : ittapi_config_apply_per_lib :  ITTAPI function NOT instrumented (not matched by --itt-config option): __itt_event_start

792139 : 0x2dd55790739c61 : 2 : ittapi_config_apply_per_lib :  ITTAPI function NOT instrumented (not matched by --itt-config option): __itt_event_end

792139 : 0x2dd5579073a2a3 : 2 : ittapi_config_apply_per_lib :  ITTAPI function NOT instrumented (not matched by --itt-config option): __itt_sync_set_name

792139 : 0x2dd5579073a933 : 2 : ittapi_config_apply_per_lib :  ITTAPI function NOT instrumented (not matched by --itt-config option): __itt_notify_sync_name

792139 : 0x2dd5579073afe2 : 2 : ittapi_config_apply_per_lib :  ITTAPI function NOT instrumented (not matched by --itt-config option): __itt_notify_sync_prepare

792139 : 0x2dd5579073b62a : 2 : ittapi_config_apply_per_lib :  ITTAPI function NOT instrumented (not matched by --itt-config option): __itt_notify_sync_cancel

792139 : 0x2dd5579073bce8 : 2 : ittapi_config_apply_per_lib :  ITTAPI function NOT instrumented (not matched by --itt-config option): __itt_notify_sync_acquired

792139 : 0x2dd5579073c36c : 2 : ittapi_config_apply_per_lib :  ITTAPI function NOT instrumented (not matched by --itt-config option): __itt_notify_sync_releasing

792139 : 0x2dd5579073cc08 : 2 : ittapi_config_apply_per_lib :  ITTAPI function not implemented: __itt_memory_read
792139 : 0x2dd5579073fdbe : 2 : ittapi_config_apply_per_lib :  ITTAPI function not implemented: __itt_memory_write
792139 : 0x2dd55790740785 : 2 : ittapi_config_apply_per_lib :  ITTAPI function not implemented: __itt_memory_update
792139 : 0x2dd55790740f9d : 2 : ittapi_config_apply_per_lib :  ITTAPI function not implemented: __itt_state_get
792139 : 0x2dd55790741744 : 2 : ittapi_config_apply_per_lib :  ITTAPI function not implemented: __itt_state_set
792139 : 0x2dd55790741f2a : 2 : ittapi_config_apply_per_lib :  ITTAPI function not implemented: __itt_obj_mode_set
792139 : 0x2dd5579074271a : 2 : ittapi_config_apply_per_lib :  ITTAPI function not implemented: __itt_thr_mode_set
792139 : 0x2dd55790742f7a : 2 : ittapi_config_apply_per_lib :  ITTAPI function instrumented: __itt_frame_create
792139 : 0x2dd55790743698 : 2 : ittapi_config_apply_per_lib :  ITTAPI function instrumented: __itt_pt_region_create
792139 : 0x2dd55790743ee6 : 2 : ittapi_config_apply_per_lib :  ITTAPI function instrumented: __itt_frame_begin
792139 : 0x2dd55790744755 : 2 : ittapi_config_apply_per_lib :  ITTAPI function instrumented: __itt_frame_end
792139 : 0x2dd55790746a72 : 2 : ittapi_config_apply_per_lib :  ITTAPI function NOT instrumented (not matched by --itt-config option): __itt_counter_destroy

792139 : 0x2dd557907471c4 : 2 : ittapi_config_apply_per_lib :  ITTAPI function NOT instrumented (not matched by --itt-config option): __itt_counter_inc

792139 : 0x2dd55790747827 : 2 : ittapi_config_apply_per_lib :  ITTAPI function NOT instrumented (not matched by --itt-config option): __itt_counter_inc_delta

792139 : 0x2dd55790747ee1 : 2 : ittapi_config_apply_per_lib :  ITTAPI function NOT instrumented (not matched by --itt-config option): __itt_counter_dec

792139 : 0x2dd55790748568 : 2 : ittapi_config_apply_per_lib :  ITTAPI function NOT instrumented (not matched by --itt-config option): __itt_counter_dec_delta

792139 : 0x2dd55790748ba4 : 2 : ittapi_config_apply_per_lib :  ITTAPI function NOT instrumented (not matched by --itt-config option): __itt_counter_set_value

792139 : 0x2dd55790749243 : 2 : ittapi_config_apply_per_lib :  ITTAPI function NOT instrumented (not matched by --itt-config option): __itt_counter_set_value_ex

792139 : 0x2dd55790749ada : 2 : ittapi_config_apply_per_lib :  ITTAPI function not implemented: __itt_mark_create
792139 : 0x2dd5579074a502 : 2 : ittapi_config_apply_per_lib :  ITTAPI function not implemented: __itt_mark
792139 : 0x2dd5579074adaa : 2 : ittapi_config_apply_per_lib :  ITTAPI function not implemented: __itt_mark_off
792139 : 0x2dd5579074d0c3 : 2 : ittapi_config_apply_per_lib :  ITTAPI function not implemented: __itt_mark_global
792139 : 0x2dd5579074d937 : 2 : ittapi_config_apply_per_lib :  ITTAPI function not implemented: __itt_mark_global_off
792139 : 0x2dd5579074e0d7 : 2 : ittapi_config_apply_per_lib :  ITTAPI function NOT instrumented (not matched by --itt-config option): __itt_stack_caller_create

792139 : 0x2dd5579074e75e : 2 : ittapi_config_apply_per_lib :  ITTAPI function NOT instrumented (not matched by --itt-config option): __itt_stack_caller_destroy

792139 : 0x2dd5579074ee71 : 2 : ittapi_config_apply_per_lib :  ITTAPI function NOT instrumented (not matched by --itt-config option): __itt_stack_callee_enter

792139 : 0x2dd5579074f4f6 : 2 : ittapi_config_apply_per_lib :  ITTAPI function NOT instrumented (not matched by --itt-config option): __itt_stack_callee_leave

792139 : 0x2dd5579074fc82 : 2 : ittapi_config_apply_per_lib :  ITTAPI function not implemented: __itt_clock_domain_create
792139 : 0x2dd55790750594 : 2 : ittapi_config_apply_per_lib :  ITTAPI function not implemented: __itt_clock_domain_reset
792139 : 0x2dd55790750e68 : 2 : ittapi_config_apply_per_lib :  ITTAPI function not implemented: __itt_id_create_ex
792139 : 0x2dd55790751603 : 2 : ittapi_config_apply_per_lib :  ITTAPI function not implemented: __itt_id_destroy_ex
792139 : 0x2dd55790754600 : 2 : ittapi_config_apply_per_lib :  ITTAPI function NOT instrumented (not matched by --itt-config option): __itt_task_begin_ex

792139 : 0x2dd55790754d70 : 2 : ittapi_config_apply_per_lib :  ITTAPI function NOT instrumented (not matched by --itt-config option): __itt_task_begin_fn_ex

792139 : 0x2dd557907553dc : 2 : ittapi_config_apply_per_lib :  ITTAPI function NOT instrumented (not matched by --itt-config option): __itt_task_end_ex

792139 : 0x2dd55790755a0d : 2 : ittapi_config_apply_per_lib :  ITTAPI function NOT instrumented (not matched by --itt-config option): __itt_task_begin_overlapped

792139 : 0x2dd5579075604f : 2 : ittapi_config_apply_per_lib :  ITTAPI function NOT instrumented (not matched by --itt-config option): __itt_task_begin_overlapped_ex

792139 : 0x2dd557907566af : 2 : ittapi_config_apply_per_lib :  ITTAPI function NOT instrumented (not matched by --itt-config option): __itt_task_end_overlapped

792139 : 0x2dd55790756ca6 : 2 : ittapi_config_apply_per_lib :  ITTAPI function NOT instrumented (not matched by --itt-config option): __itt_task_end_overlapped_ex

792139 : 0x2dd55790757599 : 2 : ittapi_config_apply_per_lib :  ITTAPI function not implemented: __itt_marker_ex
792139 : 0x2dd55790757def : 2 : ittapi_config_apply_per_lib :  ITTAPI function not implemented: __itt_metadata_add_with_scope
792139 : 0x2dd557907585b3 : 2 : ittapi_config_apply_per_lib :  ITTAPI function not implemented: __itt_metadata_str_add_with_scope
792139 : 0x2dd5579075aa14 : 2 : ittapi_config_apply_per_lib :  ITTAPI function not implemented: __itt_relation_add_to_current_ex
792139 : 0x2dd5579075b3a2 : 2 : ittapi_config_apply_per_lib :  ITTAPI function not implemented: __itt_relation_add_ex
792139 : 0x2dd5579075bb9c : 2 : ittapi_config_apply_per_lib :  ITTAPI function not implemented: __itt_track_group_create
792139 : 0x2dd5579075c2db : 2 : ittapi_config_apply_per_lib :  ITTAPI function not implemented: __itt_track_create
792139 : 0x2dd5579075cae9 : 2 : ittapi_config_apply_per_lib :  ITTAPI function not implemented: __itt_set_track
792139 : 0x2dd5579075d269 : 2 : ittapi_config_apply_per_lib :  ITTAPI function instrumented: __itt_api_version
792139 : 0x2dd5579075da93 : 2 : ittapi_config_apply_per_lib :  ITTAPI function not implemented: __itt_av_save
792139 : 0x2dd5579075e1e8 : 2 : ittapi_config_apply_per_lib :  ITTAPI function instrumented: __itt_module_load
792139 : 0x2dd5579075e9ee : 2 : ittapi_config_apply_per_lib :  ITTAPI function not implemented: __itt_module_unload