
785957 : 0x2dd4a7f483a601 : 1 : spill_jit_data :  Jit agent is not initialized
785957 : 0x2dd4a7f4f71f93 : 2 : ittapi_config_mask_get :  --itt-config mask to be applied: 1
785957 : 0x2dd4a7f4f7660b : 2 : ittapi_config_apply_per_lib :  ITTAPI function instrumented: __itt_domain_create
785957 : 0x2dd4a7f4f7726a : 2 : ittapi_config_apply_per_lib :  ITTAPI function instrumented: __itt_module_load_with_sections
785957 : 0x2dd4a7f4f78252 : 2 : ittapi_config_apply_per_lib :  ITTAPI function not implemented: __itt_module_unload_with_sections
785957 : 0x2dd4a7f4f78d70 : 2 : ittapi_config_apply_per_lib :  ITTAPI function instrumented: __itt_string_handle_create
785957 : 0x2dd4a7f4f79649 : 2 : ittapi_config_apply_per_lib :  ITTAPI function instrumented: __itt_counter_create
785957 : 0x2dd4a7f4f79e7e : 2 : ittapi_config_apply_per_lib :  ITTAPI function instrumented: __itt_counter_create_typed
785957 : 0x2dd4a7f4f7a6e2 : 2 : ittapi_config_apply_per_lib :  ITTAPI function instrumented: __itt_pause
785957 : 0x2dd4a7f4f7b07d : 2 : ittapi_config_apply_per_lib :  ITTAPI function instrumented: __itt_resume
785957 : 0x2dd4a7f4f909b7 : 2 : ittapi_config_apply_per_lib :  ITTAPI function instrumented: __itt_thread_set_name
785957 : 0x2dd4a7f4f91604 : 2 : ittapi_config_apply_per_lib :  ITTAPI function instrumented: __itt_thread_ignore
785957 : 0x2dd4a7f4f91f77 : 2 : ittapi_config_apply_per_lib :  ITTAPI function instrumented: __itt_thr_name_set
785957 : 0x2dd4a7f4f928cf : 2 : ittapi_config_apply_per_lib :  ITTAPI function instrumented: __itt_thr_ignore
785957 : 0x2dd4a7f4f93538 : 2 : ittapi_config_apply_per_lib :  ITTAPI function not implemented: __itt_enable_attach
785957 : 0x2dd4a7f4f93f83 : 2 : ittapi_config_apply_per_lib :  ITTAPI function instrumented: __itt_detach
785957 : 0x2dd4a7f4f94727 : 2 : ittapi_config_apply_per_lib :  ITTAPI function NOT instrumented (not matched by --itt-config option): __itt_sync_create

785957 : 0x2dd4a7f4f94f1c : 2 : ittapi_config_apply_per_lib :  ITTAPI function NOT instrumented (not matched by --itt-config option): __itt_sync_rename

785957 : 0x2dd4a7f4f9564e : 2 : ittapi_config_apply_per_lib :  ITTAPI function NOT instrumented (not matched by --itt-config option): __itt_sync_destroy

785957 : 0x2dd4a7f4f95d7f : 2 : ittapi_config_apply_per_lib :  ITTAPI function NOT instrumented (not matched by --itt-config option): __itt_sync_prepare

785957 : 0x2dd4a7f4f98984 : 2 : ittapi_config_apply_per_lib :  ITTAPI function NOT instrumented (not matched by --itt-config option): __itt_sync_cancel

785957 : 0x2dd4a7f4f991c5 : 2 : ittapi_config_apply_per_lib :  ITTAPI function NOT instrumented (not matched by --itt-config option): __itt_sync_acquired

785957 : 0x2dd4a7f4f998c9 : 2 : ittapi_config_apply_per_lib :  ITTAPI function NOT instrumented (not matched by --itt-config option): __itt_sync_releasing

785957 : 0x2dd4a7f4f9a39a : 2 : ittapi_config_apply_per_lib :  ITTAPI function not implemented: __itt_suppress_push
785957 : 0x2dd4a7f4f9ae47 : 2 : ittapi_config_apply_per_lib :  ITTAPI function not implemented: __itt_suppress_pop
785957 : 0x2dd4a7f4f9b7fc : 2 : ittapi_config_apply_per_lib :  ITTAPI function not implemented: __itt_suppress_mark_range
785957 : 0x2dd4a7f4f9c1e5 : 2 : ittapi_config_apply_per_lib :  ITTAPI function not implemented: __itt_suppress_clear_range
785957 : 0x2dd4a7f4f9f2e2 : 2 : ittapi_config_apply_per_lib :  ITTAPI function NOT instrumented (not matched by --itt-config option): __itt_sync_prepare

785957 : 0x2dd4a7f4f9fa2b : 2 : ittapi_config_apply_per_lib :  ITTAPI function NOT instrumented (not matched by --itt-config option): __itt_sync_cancel

785957 : 0x2dd4a7f4fa010b : 2 : ittapi_config_apply_per_lib :  ITTAPI function NOT instrumented (not matched by --itt-config option): __itt_sync_acquired

785957 : 0x2dd4a7f4fa492a : 2 : ittapi_config_apply_per_lib :  ITTAPI function NOT instrumented (not matched by --itt-config option): __itt_sync_releasing

785957 : 0x2dd4a7f4fa50ae : 2 : ittapi_config_apply_per_lib :  ITTAPI function NOT instrumented (not matched by --itt-config option): __itt_model_site_begin

785957 : 0x2dd4a7f4fa5744 : 2 : ittapi_config_apply_per_lib :  ITTAPI function NOT instrumented (not matched by --itt-config option): __itt_model_site_end

785957 : 0x2dd4a7f4fa5f81 : 2 : ittapi_config_apply_per_lib :  ITTAPI function NOT instrumented (not matched by --itt-config option): __itt_model_task_begin

785957 : 0x2dd4a7f4fa665a : 2 : ittapi_config_apply_per_lib :  ITTAPI function NOT instrumented (not matched by --itt-config option): __itt_model_task_end

785957 : 0x2dd4a7f4fa6cdd : 2 : ittapi_config_apply_per_lib :  ITTAPI function NOT instrumented (not matched by --itt-config option): __itt_model_lock_acquire

785957 : 0x2dd4a7f4fa73c6 : 2 : ittapi_config_apply_per_lib :  ITTAPI function NOT instrumented (not matched by --itt-config option): __itt_model_lock_release

785957 : 0x2dd4a7f4fa7a52 : 2 : ittapi_config_apply_per_lib :  ITTAPI function NOT instrumented (not matched by --itt-config option): __itt_model_record_allocation

785957 : 0x2dd4a7f4fa80f0 : 2 : ittapi_config_apply_per_lib :  ITTAPI function NOT instrumented (not matched by --itt-config option): __itt_model_record_deallocation

785957 : 0x2dd4a7f4fa878a : 2 : ittapi_config_apply_per_lib :  ITTAPI function NOT instrumented (not matched by --itt-config option): __itt_model_induction_uses

785957 : 0x2dd4a7f4fac054 : 2 : ittapi_config_apply_per_lib :  ITTAPI function NOT instrumented (not matched by --itt-config option): __itt_model_reduction_uses

785957 : 0x2dd4a7f4fac8f9 : 2 : ittapi_config_apply_per_lib :  ITTAPI function NOT instrumented (not matched by --itt-config option): __itt_model_observe_uses

785957 : 0x2dd4a7f4fad020 : 2 : ittapi_config_apply_per_lib :  ITTAPI function NOT instrumented (not matched by --itt-config option): __itt_model_clear_uses

785957 : 0x2dd4a7f4fad69f : 2 : ittapi_config_apply_per_lib :  ITTAPI function NOT instrumented (not matched by --itt-config option): __itt_model_site_beginA

785957 : 0x2dd4a7f4fadd8e : 2 : ittapi_config_apply_per_lib :  ITTAPI function NOT instrumented (not matched by --itt-config option): __itt_model_site_beginAL

785957 : 0x2dd4a7f4fae434 : 2 : ittapi_config_apply_per_lib :  ITTAPI function NOT instrumented (not matched by --itt-config option): __itt_model_task_beginA

785957 : 0x2dd4a7f4faea7f : 2 : ittapi_config_apply_per_lib :  ITTAPI function NOT instrumented (not matched by --itt-config option): __itt_model_task_beginAL

785957 : 0x2dd4a7f4faf13c : 2 : ittapi_config_apply_per_lib :  ITTAPI function NOT instrumented (not matched by --itt-config option): __itt_model_iteration_taskA

785957 : 0x2dd4a7f4faf7c6 : 2 : ittapi_config_apply_per_lib :  ITTAPI function NOT instrumented (not matched by --itt-config option): __itt_model_iteration_taskAL

785957 : 0x2dd4a7f4fafe7b : 2 : ittapi_config_apply_per_lib :  ITTAPI function NOT instrumented (not matched by --itt-config option): __itt_model_site_end_2

785957 : 0x2dd4a7f4fb1f91 : 2 : ittapi_config_apply_per_lib :  ITTAPI function NOT instrumented (not matched by --itt-config option): __itt_model_task_end_2

785957 : 0x2dd4a7f4fb2628 : 2 : ittapi_config_apply_per_lib :  ITTAPI function NOT instrumented (not matched by --itt-config option): __itt_model_lock_acquire_2

785957 : 0x2dd4a7f4fb2cd0 : 2 : ittapi_config_apply_per_lib :  ITTAPI function NOT instrumented (not matched by --itt-config option): __itt_model_lock_release_2

785957 : 0x2dd4a7f4fb337c : 2 : ittapi_config_apply_per_lib :  ITTAPI function NOT instrumented (not matched by --itt-config option): __itt_model_aggregate_task

785957 : 0x2dd4a7f4fb39db : 2 : ittapi_config_apply_per_lib :  ITTAPI function NOT instrumented (not matched by --itt-config option): __itt_model_disable_push

785957 : 0x2dd4a7f4fb40a2 : 2 : ittapi_config_apply_per_lib :  ITTAPI function NOT instrumented (not matched by --itt-config option): __itt_model_disable_pop

785957 : 0x2dd4a7f4fb4970 : 2 : ittapi_config_apply_per_lib :  ITTAPI function instrumented: __itt_heap_function_create
785957 : 0x2dd4a7f4fb51f4 : 2 : ittapi_config_apply_per_lib :  ITTAPI function instrumented: __itt_heap_allocate_begin
785957 : 0x2dd4a7f4fb59eb : 2 : ittapi_config_apply_per_lib :  ITTAPI function instrumented: __itt_heap_allocate_end
785957 : 0x2dd4a7f4fb6118 : 2 : ittapi_config_apply_per_lib :  ITTAPI function instrumented: __itt_heap_free_begin
785957 : 0x2dd4a7f4fb9d0b : 2 : ittapi_config_apply_per_lib :  ITTAPI function instrumented: __itt_heap_free_end
785957 : 0x2dd4a7f4fba655 : 2 : ittapi_config_apply_per_lib :  ITTAPI function instrumented: __itt_heap_reallocate_begin
785957 : 0x2dd4a7f4fbad6a : 2 : ittapi_config_apply_per_lib :  ITTAPI function instrumented: __itt_heap_reallocate_end
785957 : 0x2dd4a7f4fbb674 : 2 : ittapi_config_apply_per_lib :  ITTAPI function not implemented: __itt_heap_internal_access_begin
785957 : 0x2dd4a7f4fbbf46 : 2 : ittapi_config_apply_per_lib :  ITTAPI function not implemented: __itt_heap_internal_access_end
785957 : 0x2dd4a7f4fbc767 : 2 : ittapi_config_apply_per_lib :  ITTAPI function not implemented: __itt_heap_record_memory_growth_begin
785957 : 0x2dd4a7f4fbd0c6 : 2 : ittapi_config_apply_per_lib :  ITTAPI function not implemented: __itt_heap_record_memory_growth_end
785957 : 0x2dd4a7f4fbd941 : 2 : ittapi_config_apply_per_lib :  ITTAPI function not implemented: __itt_heap_reset_detection
785957 : 0x2dd4a7f4fbe202 : 2 : ittapi_config_apply_per_lib :  ITTAPI function not implemented: __itt_heap_record
785957 : 0x2dd4a7f4fbeb29 : 2 : ittapi_config_apply_per_lib :  ITTAPI function not implemented: __itt_id_create
785957 : 0x2dd4a7f4fc11e4 : 2 : ittapi_config_apply_per_lib :  ITTAPI function not implemented: __itt_id_destroy
785957 : 0x2dd4a7f4fc19ec : 2 : ittapi_config_apply_per_lib :  ITTAPI function instrumented: __itt_get_timestamp
785957 : 0x2dd4a7f4fc2272 : 2 : ittapi_config_apply_per_lib :  ITTAPI function not implemented: __itt_region_begin
785957 : 0x2dd4a7f4fc2aea : 2 : ittapi_config_apply_per_lib :  ITTAPI function not implemented: __itt_region_end
785957 : 0x2dd4a7f4fc338c : 2 : ittapi_config_apply_per_lib :  ITTAPI function instrumented: __itt_frame_begin_v3
785957 : 0x2dd4a7f4fc3b46 : 2 : ittapi_config_apply_per_lib :  ITTAPI function instrumented: __itt_frame_end_v3
785957 : 0x2dd4a7f4fc4356 : 2 : ittapi_config_apply_per_lib :  ITTAPI function instrumented: __itt_frame_submit_v3
785957 : 0x2dd4a7f4fc49d9 : 2 : ittapi_config_apply_per_lib :  ITTAPI function NOT instrumented (not matched by --itt-config option): __itt_task_group

785957 : 0x2dd4a7f4fc50de : 2 : ittapi_config_apply_per_lib :  ITTAPI function NOT instrumented (not matched by --itt-config option): __itt_task_begin

785957 : 0x2dd4a7f4fc570e : 2 : ittapi_config_apply_per_lib :  ITTAPI function NOT instrumented (not matched by --itt-config option): __itt_task_begin_fn

785957 : 0x2dd4a7f4fc7637 : 2 : ittapi_config_apply_per_lib :  ITTAPI function NOT instrumented (not matched by --itt-config option): __itt_task_end

785957 : 0x2dd4a7f4fc7db4 : 2 : ittapi_config_apply_per_lib :  ITTAPI function NOT instrumented (not matched by --itt-config option): __itt_counter_inc_v3

785957 : 0x2dd4a7f4fc845a : 2 : ittapi_config_apply_per_lib :  ITTAPI function NOT instrumented (not matched by --itt-config option): __itt_counter_inc_delta_v3

785957 : 0x2dd4a7f4fc8a99 : 2 : ittapi_config_apply_per_lib :  ITTAPI function NOT instrumented (not matched by --itt-config option): __itt_counter_dec_v3

785957 : 0x2dd4a7f4fc911b : 2 : ittapi_config_apply_per_lib :  ITTAPI function NOT instrumented (not matched by --itt-config option): __itt_counter_dec_delta_v3

785957 : 0x2dd4a7f4fc99c7 : 2 : ittapi_config_apply_per_lib :  ITTAPI function not implemented: __itt_marker
785957 : 0x2dd4a7f4fca1c2 : 2 : ittapi_config_apply_per_lib :  ITTAPI function instrumented: __itt_metadata_add
785957 : 0x2dd4a7f4fca9fb : 2 : ittapi_config_apply_per_lib :  ITTAPI function not implemented: __itt_metadata_str_add
785957 : 0x2dd4a7f4fcb321 : 2 : ittapi_config_apply_per_lib :  ITTAPI function not implemented: __itt_relation_add_to_current
785957 : 0x2dd4a7f4fcbb88 : 2 : ittapi_config_apply_per_lib :  ITTAPI function not implemented: __itt_relation_add
785957 : 0x2dd4a7f4fcdaeb : 2 : ittapi_config_apply_per_lib :  ITTAPI function instrumented: __itt_event_create
785957 : 0x2dd4a7f4fce1a6 : 2 : ittapi_config_apply_per_lib :  ITTAPI function NOT instrumented (not matched by --itt-config option): __itt_event_start

785957 : 0x2dd4a7f4fce83c : 2 : ittapi_config_apply_per_lib :  ITTAPI function NOT instrumented (not matched by --itt-config option): __itt_event_end

785957 : 0x2dd4a7f4fceea3 : 2 : ittapi_config_apply_per_lib :  ITTAPI function NOT instrumented (not matched by --itt-config option): __itt_sync_set_name

785957 : 0x2dd4a7f4fcf511 : 2 : ittapi_config_apply_per_lib :  ITTAPI function NOT instrumented (not matched by --itt-config option): __itt_notify_sync_name

785957 : 0x2dd4a7f4fcfbb8 : 2 : ittapi_config_apply_per_lib :  ITTAPI function NOT instrumented (not matched by --itt-config option): __itt_notify_sync_prepare

785957 : 0x2dd4a7f4fd01fb : 2 : ittapi_config_apply_per_lib :  ITTAPI function NOT instrumented (not matched by --itt-config option): __itt_notify_sync_cancel

785957 : 0x2dd4a7f4fd08bb : 2 : ittapi_config_apply_per_lib :  ITTAPI function NOT instrumented (not matched by --itt-config option): __itt_notify_sync_acquired

785957 : 0x2dd4a7f4fd0f47 : 2 : ittapi_config_apply_per_lib :  ITTAPI function NOT instrumented (not matched by --itt-config option): __itt_notify_sync_releasing

785957 : 0x2dd4a7f4fd1790 : 2 : ittapi_config_apply_per_lib :  ITTAPI function not implemented: __itt_memory_read
785957 : 0x2dd4a7f4fd4788 : 2 : ittapi_config_apply_per_lib :  ITTAPI function not implemented: __itt_memory_write
785957 : 0x2dd4a7f4fd5118 : 2 : ittapi_config_apply_per_lib :  ITTAPI function not implemented: __itt_memory_update
785957 : 0x2dd4a7f4fd596d : 2 : ittapi_config_apply_per_lib :  ITTAPI function not implemented: __itt_state_get
785957 : 0x2dd4a7f4fd60ff : 2 : ittapi_config_apply_per_lib :  ITTAPI function not implemented: __itt_state_set
785957 : 0x2dd4a7f4fd68e8 : 2 : ittapi_config_apply_per_lib :  ITTAPI function not implemented: __itt_obj_mode_set
785957 : 0x2dd4a7f4fd70cb : 2 : ittapi_config_apply_per_lib :  ITTAPI function not implemented: __itt_thr_mode_set
785957 : 0x2dd4a7f4fd7840 : 2 : ittapi_config_apply_per_lib :  ITTAPI function instrumented: __itt_frame_create
785957 : 0x2dd4a7f4fd7f62 : 2 : ittapi_config_apply_per_lib :  ITTAPI function instrumented: __itt_pt_region_create
785957 : 0x2dd4a7f4fd8774 : 2 : ittapi_config_apply_per_lib :  ITTAPI function instrumented: __itt_frame_begin
785957 : 0x2dd4a7f4fd9013 : 2 : ittapi_config_apply_per_lib :  ITTAPI function instrumented: __itt_frame_end
785957 : 0x2dd4a7f4fdafe6 : 2 : ittapi_config_apply_per_lib :  ITTAPI function NOT instrumented (not matched by --itt-config option): __itt_counter_destroy

785957 : 0x2dd4a7f4fdb71d : 2 : ittapi_config_apply_per_lib :  ITTAPI function NOT instrumented (not matched by --itt-config option): __itt_counter_inc

785957 : 0x2dd4a7f4fdbd83 : 2 : ittapi_config_apply_per_lib :  ITTAPI function NOT instrumented (not matched by --itt-config option): __itt_counter_inc_delta

785957 : 0x2dd4a7f4fdc44c : 2 : ittapi_config_apply_per_lib :  ITTAPI function NOT instrumented (not matched by --itt-config option): __itt_counter_dec

785957 : 0x2dd4a7f4fdcaf6 : 2 : ittapi_config_apply_per_lib :  ITTAPI function NOT instrumented (not matched by --itt-config option): __itt_counter_dec_delta

785957 : 0x2dd4a7f4fdd134 : 2 : ittapi_config_apply_per_lib :  ITTAPI function NOT instrumented (not matched by --itt-config option): __itt_counter_set_value

785957 : 0x2dd4a7f4fdd7a5 : 2 : ittapi_config_apply_per_lib :  ITTAPI function NOT instrumented (not matched by --itt-config option): __itt_counter_set_value_ex

785957 : 0x2dd4a7f4fde010 : 2 : ittapi_config_apply_per_lib :  ITTAPI function not implemented: __itt_mark_create
785957 : 0x2dd4a7f4fdea28 : 2 : ittapi_config_apply_per_lib :  ITTAPI function not implemented: __itt_mark
785957 : 0x2dd4a7f4fdf410 : 2 : ittapi_config_apply_per_lib :  ITTAPI function not implemented: __itt_mark_off
785957 : 0x2dd4a7f4fe14d1 : 2 : ittapi_config_apply_per_lib :  ITTAPI function not implemented: __itt_mark_global
785957 : 0x2dd4a7f4fe1d76 : 2 : ittapi_config_apply_per_lib :  ITTAPI function not implemented: __itt_mark_global_off
785957 : 0x2dd4a7f4fe2518 : 2 : ittapi_config_apply_per_lib :  ITTAPI function NOT instrumented (not matched by --itt-config option): __itt_stack_caller_create

785957 : 0x2dd4a7f4fe2b82 : 2 : ittapi_config_apply_per_lib :  ITTAPI function NOT instrumented (not matched by --itt-config option): __itt_stack_caller_destroy

785957 : 0x2dd4a7f4fe3263 : 2 : ittapi_config_apply_per_lib :  ITTAPI function NOT instrumented (not matched by --itt-config option): __itt_stack_callee_enter

785957 : 0x2dd4a7f4fe38de : 2 : ittapi_config_apply_per_lib :  ITTAPI function NOT instrumented (not matched by --itt-config option): __itt_stack_callee_leave

785957 : 0x2dd4a7f4fe405f : 2 : ittapi_config_apply_per_lib :  ITTAPI function not implemented: __itt_clock_domain_create
785957 : 0x2dd4a7f4fe492d : 2 : ittapi_config_apply_per_lib :  ITTAPI function not implemented: __itt_clock_domain_reset
785957 : 0x2dd4a7f4fe512c : 2 : ittapi_config_apply_per_lib :  ITTAPI function not implemented: __itt_id_create_ex
785957 : 0x2dd4a7f4fe58d9 : 2 : ittapi_config_apply_per_lib :  ITTAPI function not implemented: __itt_id_destroy_ex
785957 : 0x2dd4a7f4fe84d6 : 2 : ittapi_config_apply_per_lib :  ITTAPI function NOT instrumented (not matched by --itt-config option): __itt_task_begin_ex

785957 : 0x2dd4a7f4fe8c03 : 2 : ittapi_config_apply_per_lib :  ITTAPI function NOT instrumented (not matched by --itt-config option): __itt_task_begin_fn_ex

785957 : 0x2dd4a7f4fe928a : 2 : ittapi_config_apply_per_lib :  ITTAPI function NOT instrumented (not matched by --itt-config option): __itt_task_end_ex

785957 : 0x2dd4a7f4fe98b1 : 2 : ittapi_config_apply_per_lib :  ITTAPI function NOT instrumented (not matched by --itt-config option): __itt_task_begin_overlapped

785957 : 0x2dd4a7f4fe9ef0 : 2 : ittapi_config_apply_per_lib :  ITTAPI function NOT instrumented (not matched by --itt-config option): __itt_task_begin_overlapped_ex

785957 : 0x2dd4a7f4fea548 : 2 : ittapi_config_apply_per_lib :  ITTAPI function NOT instrumented (not matched by --itt-config option): __itt_task_end_overlapped

785957 : 0x2dd4a7f4feab3c : 2 : ittapi_config_apply_per_lib :  ITTAPI function NOT instrumented (not matched by --itt-config option): __itt_task_end_overlapped_ex

785957 : 0x2dd4a7f4feb463 : 2 : ittapi_config_apply_per_lib :  ITTAPI function not implemented: __itt_marker_ex
785957 : 0x2dd4a7f4febcac : 2 : ittapi_config_apply_per_lib :  ITTAPI function not implemented: __itt_metadata_add_with_scope
785957 : 0x2dd4a7f4fec47f : 2 : ittapi_config_apply_per_lib :  ITTAPI function not implemented: __itt_metadata_str_add_with_scope
785957 : 0x2dd4a7f4fee5ad : 2 : ittapi_config_apply_per_lib :  ITTAPI function not implemented: __itt_relation_add_to_current_ex
785957 : 0x2dd4a7f4feeedd : 2 : ittapi_config_apply_per_lib :  ITTAPI function not implemented: __itt_relation_add_ex
785957 : 0x2dd4a7f4fef7af : 2 : ittapi_config_apply_per_lib :  ITTAPI function not implemented: __itt_track_group_create
785957 : 0x2dd4a7f4feff01 : 2 : ittapi_config_apply_per_lib :  ITTAPI function not implemented: __itt_track_create
785957 : 0x2dd4a7f4ff06f6 : 2 : ittapi_config_apply_per_lib :  ITTAPI function not implemented: __itt_set_track
785957 : 0x2dd4a7f4ff0eae : 2 : ittapi_config_apply_per_lib :  ITTAPI function instrumented: __itt_api_version
785957 : 0x2dd4a7f4ff16c4 : 2 : ittapi_config_apply_per_lib :  ITTAPI function not implemented: __itt_av_save
785957 : 0x2dd4a7f4ff1e11 : 2 : ittapi_config_apply_per_lib :  ITTAPI function instrumented: __itt_module_load
785957 : 0x2dd4a7f4ff2655 : 2 : ittapi_config_apply_per_lib :  ITTAPI function not implemented: __itt_module_unload