
793240 : 0x2dd57299e7e1b8 : 1 : spill_jit_data :  Jit agent is not initialized
793240 : 0x2dd5729a3b3b0e : 2 : ittapi_config_mask_get :  --itt-config mask to be applied: 1
793240 : 0x2dd5729a3b553f : 2 : ittapi_config_apply_per_lib :  ITTAPI function instrumented: __itt_domain_create
793240 : 0x2dd5729a3b6153 : 2 : ittapi_config_apply_per_lib :  ITTAPI function instrumented: __itt_module_load_with_sections
793240 : 0x2dd5729a3b6ff2 : 2 : ittapi_config_apply_per_lib :  ITTAPI function not implemented: __itt_module_unload_with_sections
793240 : 0x2dd5729a3b7b0f : 2 : ittapi_config_apply_per_lib :  ITTAPI function instrumented: __itt_string_handle_create
793240 : 0x2dd5729a3b8345 : 2 : ittapi_config_apply_per_lib :  ITTAPI function instrumented: __itt_counter_create
793240 : 0x2dd5729a3b8abc : 2 : ittapi_config_apply_per_lib :  ITTAPI function instrumented: __itt_counter_create_typed
793240 : 0x2dd5729a3b920c : 2 : ittapi_config_apply_per_lib :  ITTAPI function instrumented: __itt_pause
793240 : 0x2dd5729a3b9ab7 : 2 : ittapi_config_apply_per_lib :  ITTAPI function instrumented: __itt_resume
793240 : 0x2dd5729a3c9611 : 2 : ittapi_config_apply_per_lib :  ITTAPI function instrumented: __itt_thread_set_name
793240 : 0x2dd5729a3ca1ef : 2 : ittapi_config_apply_per_lib :  ITTAPI function instrumented: __itt_thread_ignore
793240 : 0x2dd5729a3caa53 : 2 : ittapi_config_apply_per_lib :  ITTAPI function instrumented: __itt_thr_name_set
793240 : 0x2dd5729a3cb26d : 2 : ittapi_config_apply_per_lib :  ITTAPI function instrumented: __itt_thr_ignore
793240 : 0x2dd5729a3cbd68 : 2 : ittapi_config_apply_per_lib :  ITTAPI function not implemented: __itt_enable_attach
793240 : 0x2dd5729a3cc758 : 2 : ittapi_config_apply_per_lib :  ITTAPI function instrumented: __itt_detach
793240 : 0x2dd5729a3ccf64 : 2 : ittapi_config_apply_per_lib :  ITTAPI function NOT instrumented (not matched by --itt-config option): __itt_sync_create

793240 : 0x2dd5729a3cd646 : 2 : ittapi_config_apply_per_lib :  ITTAPI function NOT instrumented (not matched by --itt-config option): __itt_sync_rename

793240 : 0x2dd5729a3cdcc3 : 2 : ittapi_config_apply_per_lib :  ITTAPI function NOT instrumented (not matched by --itt-config option): __itt_sync_destroy

793240 : 0x2dd5729a3ce30d : 2 : ittapi_config_apply_per_lib :  ITTAPI function NOT instrumented (not matched by --itt-config option): __itt_sync_prepare

793240 : 0x2dd5729a3d1029 : 2 : ittapi_config_apply_per_lib :  ITTAPI function NOT instrumented (not matched by --itt-config option): __itt_sync_cancel

793240 : 0x2dd5729a3d1786 : 2 : ittapi_config_apply_per_lib :  ITTAPI function NOT instrumented (not matched by --itt-config option): __itt_sync_acquired

793240 : 0x2dd5729a3d1df3 : 2 : ittapi_config_apply_per_lib :  ITTAPI function NOT instrumented (not matched by --itt-config option): __itt_sync_releasing

793240 : 0x2dd5729a3d27c0 : 2 : ittapi_config_apply_per_lib :  ITTAPI function not implemented: __itt_suppress_push
793240 : 0x2dd5729a3d32d0 : 2 : ittapi_config_apply_per_lib :  ITTAPI function not implemented: __itt_suppress_pop
793240 : 0x2dd5729a3d3c07 : 2 : ittapi_config_apply_per_lib :  ITTAPI function not implemented: __itt_suppress_mark_range
793240 : 0x2dd5729a3d44c0 : 2 : ittapi_config_apply_per_lib :  ITTAPI function not implemented: __itt_suppress_clear_range
793240 : 0x2dd5729a3d4b19 : 2 : ittapi_config_apply_per_lib :  ITTAPI function NOT instrumented (not matched by --itt-config option): __itt_sync_prepare

793240 : 0x2dd5729a3d516d : 2 : ittapi_config_apply_per_lib :  ITTAPI function NOT instrumented (not matched by --itt-config option): __itt_sync_cancel

793240 : 0x2dd5729a3d585a : 2 : ittapi_config_apply_per_lib :  ITTAPI function NOT instrumented (not matched by --itt-config option): __itt_sync_acquired

793240 : 0x2dd5729a3d7c3a : 2 : ittapi_config_apply_per_lib :  ITTAPI function NOT instrumented (not matched by --itt-config option): __itt_sync_releasing

793240 : 0x2dd5729a3d83c2 : 2 : ittapi_config_apply_per_lib :  ITTAPI function NOT instrumented (not matched by --itt-config option): __itt_model_site_begin

793240 : 0x2dd5729a3d8a49 : 2 : ittapi_config_apply_per_lib :  ITTAPI function NOT instrumented (not matched by --itt-config option): __itt_model_site_end

793240 : 0x2dd5729a3d91b7 : 2 : ittapi_config_apply_per_lib :  ITTAPI function NOT instrumented (not matched by --itt-config option): __itt_model_task_begin

793240 : 0x2dd5729a3d9849 : 2 : ittapi_config_apply_per_lib :  ITTAPI function NOT instrumented (not matched by --itt-config option): __itt_model_task_end

793240 : 0x2dd5729a3d9ec3 : 2 : ittapi_config_apply_per_lib :  ITTAPI function NOT instrumented (not matched by --itt-config option): __itt_model_lock_acquire

793240 : 0x2dd5729a3da594 : 2 : ittapi_config_apply_per_lib :  ITTAPI function NOT instrumented (not matched by --itt-config option): __itt_model_lock_release

793240 : 0x2dd5729a3dac34 : 2 : ittapi_config_apply_per_lib :  ITTAPI function NOT instrumented (not matched by --itt-config option): __itt_model_record_allocation

793240 : 0x2dd5729a3db2b6 : 2 : ittapi_config_apply_per_lib :  ITTAPI function NOT instrumented (not matched by --itt-config option): __itt_model_record_deallocation

793240 : 0x2dd5729a3db96b : 2 : ittapi_config_apply_per_lib :  ITTAPI function NOT instrumented (not matched by --itt-config option): __itt_model_induction_uses

793240 : 0x2dd5729a3deb10 : 2 : ittapi_config_apply_per_lib :  ITTAPI function NOT instrumented (not matched by --itt-config option): __itt_model_reduction_uses

793240 : 0x2dd5729a3df3f5 : 2 : ittapi_config_apply_per_lib :  ITTAPI function NOT instrumented (not matched by --itt-config option): __itt_model_observe_uses

793240 : 0x2dd5729a3dfb45 : 2 : ittapi_config_apply_per_lib :  ITTAPI function NOT instrumented (not matched by --itt-config option): __itt_model_clear_uses

793240 : 0x2dd5729a3e01b0 : 2 : ittapi_config_apply_per_lib :  ITTAPI function NOT instrumented (not matched by --itt-config option): __itt_model_site_beginA

793240 : 0x2dd5729a3e0873 : 2 : ittapi_config_apply_per_lib :  ITTAPI function NOT instrumented (not matched by --itt-config option): __itt_model_site_beginAL

793240 : 0x2dd5729a3e0f0b : 2 : ittapi_config_apply_per_lib :  ITTAPI function NOT instrumented (not matched by --itt-config option): __itt_model_task_beginA

793240 : 0x2dd5729a3e1549 : 2 : ittapi_config_apply_per_lib :  ITTAPI function NOT instrumented (not matched by --itt-config option): __itt_model_task_beginAL

793240 : 0x2dd5729a3e1c08 : 2 : ittapi_config_apply_per_lib :  ITTAPI function NOT instrumented (not matched by --itt-config option): __itt_model_iteration_taskA

793240 : 0x2dd5729a3e2283 : 2 : ittapi_config_apply_per_lib :  ITTAPI function NOT instrumented (not matched by --itt-config option): __itt_model_iteration_taskAL

793240 : 0x2dd5729a3e2945 : 2 : ittapi_config_apply_per_lib :  ITTAPI function NOT instrumented (not matched by --itt-config option): __itt_model_site_end_2

793240 : 0x2dd5729a3e48e1 : 2 : ittapi_config_apply_per_lib :  ITTAPI function NOT instrumented (not matched by --itt-config option): __itt_model_task_end_2

793240 : 0x2dd5729a3e4fca : 2 : ittapi_config_apply_per_lib :  ITTAPI function NOT instrumented (not matched by --itt-config option): __itt_model_lock_acquire_2

793240 : 0x2dd5729a3e56ab : 2 : ittapi_config_apply_per_lib :  ITTAPI function NOT instrumented (not matched by --itt-config option): __itt_model_lock_release_2

793240 : 0x2dd5729a3e5d8a : 2 : ittapi_config_apply_per_lib :  ITTAPI function NOT instrumented (not matched by --itt-config option): __itt_model_aggregate_task

793240 : 0x2dd5729a3e63c8 : 2 : ittapi_config_apply_per_lib :  ITTAPI function NOT instrumented (not matched by --itt-config option): __itt_model_disable_push

793240 : 0x2dd5729a3e6a76 : 2 : ittapi_config_apply_per_lib :  ITTAPI function NOT instrumented (not matched by --itt-config option): __itt_model_disable_pop

793240 : 0x2dd5729a3e72e9 : 2 : ittapi_config_apply_per_lib :  ITTAPI function instrumented: __itt_heap_function_create
793240 : 0x2dd5729a3e7b44 : 2 : ittapi_config_apply_per_lib :  ITTAPI function instrumented: __itt_heap_allocate_begin
793240 : 0x2dd5729a3e8318 : 2 : ittapi_config_apply_per_lib :  ITTAPI function instrumented: __itt_heap_allocate_end
793240 : 0x2dd5729a3e8ad1 : 2 : ittapi_config_apply_per_lib :  ITTAPI function instrumented: __itt_heap_free_begin
793240 : 0x2dd5729a3ec4b7 : 2 : ittapi_config_apply_per_lib :  ITTAPI function instrumented: __itt_heap_free_end
793240 : 0x2dd5729a3ece1e : 2 : ittapi_config_apply_per_lib :  ITTAPI function instrumented: __itt_heap_reallocate_begin
793240 : 0x2dd5729a3ed577 : 2 : ittapi_config_apply_per_lib :  ITTAPI function instrumented: __itt_heap_reallocate_end
793240 : 0x2dd5729a3edee2 : 2 : ittapi_config_apply_per_lib :  ITTAPI function not implemented: __itt_heap_internal_access_begin
793240 : 0x2dd5729a3ee8b9 : 2 : ittapi_config_apply_per_lib :  ITTAPI function not implemented: __itt_heap_internal_access_end
793240 : 0x2dd5729a3ef105 : 2 : ittapi_config_apply_per_lib :  ITTAPI function not implemented: __itt_heap_record_memory_growth_begin
793240 : 0x2dd5729a3ef9c6 : 2 : ittapi_config_apply_per_lib :  ITTAPI function not implemented: __itt_heap_record_memory_growth_end
793240 : 0x2dd5729a3f01d7 : 2 : ittapi_config_apply_per_lib :  ITTAPI function not implemented: __itt_heap_reset_detection
793240 : 0x2dd5729a3f0b32 : 2 : ittapi_config_apply_per_lib :  ITTAPI function not implemented: __itt_heap_record
793240 : 0x2dd5729a3f148e : 2 : ittapi_config_apply_per_lib :  ITTAPI function not implemented: __itt_id_create
793240 : 0x2dd5729a3f37ec : 2 : ittapi_config_apply_per_lib :  ITTAPI function not implemented: __itt_id_destroy
793240 : 0x2dd5729a3f40c4 : 2 : ittapi_config_apply_per_lib :  ITTAPI function instrumented: __itt_get_timestamp
793240 : 0x2dd5729a3f48d5 : 2 : ittapi_config_apply_per_lib :  ITTAPI function not implemented: __itt_region_begin
793240 : 0x2dd5729a3f518c : 2 : ittapi_config_apply_per_lib :  ITTAPI function not implemented: __itt_region_end
793240 : 0x2dd5729a3f5a58 : 2 : ittapi_config_apply_per_lib :  ITTAPI function instrumented: __itt_frame_begin_v3
793240 : 0x2dd5729a3f6215 : 2 : ittapi_config_apply_per_lib :  ITTAPI function instrumented: __itt_frame_end_v3
793240 : 0x2dd5729a3f69fb : 2 : ittapi_config_apply_per_lib :  ITTAPI function instrumented: __itt_frame_submit_v3
793240 : 0x2dd5729a3f707a : 2 : ittapi_config_apply_per_lib :  ITTAPI function NOT instrumented (not matched by --itt-config option): __itt_task_group

793240 : 0x2dd5729a3f7783 : 2 : ittapi_config_apply_per_lib :  ITTAPI function NOT instrumented (not matched by --itt-config option): __itt_task_begin

793240 : 0x2dd5729a3f7ddc : 2 : ittapi_config_apply_per_lib :  ITTAPI function NOT instrumented (not matched by --itt-config option): __itt_task_begin_fn

793240 : 0x2dd5729a3f9c7d : 2 : ittapi_config_apply_per_lib :  ITTAPI function NOT instrumented (not matched by --itt-config option): __itt_task_end

793240 : 0x2dd5729a3fa437 : 2 : ittapi_config_apply_per_lib :  ITTAPI function NOT instrumented (not matched by --itt-config option): __itt_counter_inc_v3

793240 : 0x2dd5729a3faaca : 2 : ittapi_config_apply_per_lib :  ITTAPI function NOT instrumented (not matched by --itt-config option): __itt_counter_inc_delta_v3

793240 : 0x2dd5729a3fb120 : 2 : ittapi_config_apply_per_lib :  ITTAPI function NOT instrumented (not matched by --itt-config option): __itt_counter_dec_v3

793240 : 0x2dd5729a3fd0f0 : 2 : ittapi_config_apply_per_lib :  ITTAPI function NOT instrumented (not matched by --itt-config option): __itt_counter_dec_delta_v3

793240 : 0x2dd5729a3fd9a0 : 2 : ittapi_config_apply_per_lib :  ITTAPI function not implemented: __itt_marker
793240 : 0x2dd5729a3fe1bf : 2 : ittapi_config_apply_per_lib :  ITTAPI function instrumented: __itt_metadata_add
793240 : 0x2dd5729a3fea16 : 2 : ittapi_config_apply_per_lib :  ITTAPI function not implemented: __itt_metadata_str_add
793240 : 0x2dd5729a3ff221 : 2 : ittapi_config_apply_per_lib :  ITTAPI function not implemented: __itt_relation_add_to_current
793240 : 0x2dd5729a3ffa6e : 2 : ittapi_config_apply_per_lib :  ITTAPI function not implemented: __itt_relation_add
793240 : 0x2dd5729a401ad9 : 2 : ittapi_config_apply_per_lib :  ITTAPI function instrumented: __itt_event_create
793240 : 0x2dd5729a4021ea : 2 : ittapi_config_apply_per_lib :  ITTAPI function NOT instrumented (not matched by --itt-config option): __itt_event_start

793240 : 0x2dd5729a40282e : 2 : ittapi_config_apply_per_lib :  ITTAPI function NOT instrumented (not matched by --itt-config option): __itt_event_end

793240 : 0x2dd5729a402e8d : 2 : ittapi_config_apply_per_lib :  ITTAPI function NOT instrumented (not matched by --itt-config option): __itt_sync_set_name

793240 : 0x2dd5729a403513 : 2 : ittapi_config_apply_per_lib :  ITTAPI function NOT instrumented (not matched by --itt-config option): __itt_notify_sync_name

793240 : 0x2dd5729a403b40 : 2 : ittapi_config_apply_per_lib :  ITTAPI function NOT instrumented (not matched by --itt-config option): __itt_notify_sync_prepare

793240 : 0x2dd5729a404173 : 2 : ittapi_config_apply_per_lib :  ITTAPI function NOT instrumented (not matched by --itt-config option): __itt_notify_sync_cancel

793240 : 0x2dd5729a4047be : 2 : ittapi_config_apply_per_lib :  ITTAPI function NOT instrumented (not matched by --itt-config option): __itt_notify_sync_acquired

793240 : 0x2dd5729a404e48 : 2 : ittapi_config_apply_per_lib :  ITTAPI function NOT instrumented (not matched by --itt-config option): __itt_notify_sync_releasing

793240 : 0x2dd5729a405651 : 2 : ittapi_config_apply_per_lib :  ITTAPI function not implemented: __itt_memory_read
793240 : 0x2dd5729a40852b : 2 : ittapi_config_apply_per_lib :  ITTAPI function not implemented: __itt_memory_write
793240 : 0x2dd5729a408e8c : 2 : ittapi_config_apply_per_lib :  ITTAPI function not implemented: __itt_memory_update
793240 : 0x2dd5729a4096d4 : 2 : ittapi_config_apply_per_lib :  ITTAPI function not implemented: __itt_state_get
793240 : 0x2dd5729a409e72 : 2 : ittapi_config_apply_per_lib :  ITTAPI function not implemented: __itt_state_set
793240 : 0x2dd5729a40a60d : 2 : ittapi_config_apply_per_lib :  ITTAPI function not implemented: __itt_obj_mode_set
793240 : 0x2dd5729a40ae03 : 2 : ittapi_config_apply_per_lib :  ITTAPI function not implemented: __itt_thr_mode_set
793240 : 0x2dd5729a40b525 : 2 : ittapi_config_apply_per_lib :  ITTAPI function instrumented: __itt_frame_create
793240 : 0x2dd5729a40bc21 : 2 : ittapi_config_apply_per_lib :  ITTAPI function instrumented: __itt_pt_region_create
793240 : 0x2dd5729a40c374 : 2 : ittapi_config_apply_per_lib :  ITTAPI function instrumented: __itt_frame_begin
793240 : 0x2dd5729a40cbef : 2 : ittapi_config_apply_per_lib :  ITTAPI function instrumented: __itt_frame_end
793240 : 0x2dd5729a40ec63 : 2 : ittapi_config_apply_per_lib :  ITTAPI function NOT instrumented (not matched by --itt-config option): __itt_counter_destroy

793240 : 0x2dd5729a40f38f : 2 : ittapi_config_apply_per_lib :  ITTAPI function NOT instrumented (not matched by --itt-config option): __itt_counter_inc

793240 : 0x2dd5729a40f9ea : 2 : ittapi_config_apply_per_lib :  ITTAPI function NOT instrumented (not matched by --itt-config option): __itt_counter_inc_delta

793240 : 0x2dd5729a410096 : 2 : ittapi_config_apply_per_lib :  ITTAPI function NOT instrumented (not matched by --itt-config option): __itt_counter_dec

793240 : 0x2dd5729a410712 : 2 : ittapi_config_apply_per_lib :  ITTAPI function NOT instrumented (not matched by --itt-config option): __itt_counter_dec_delta

793240 : 0x2dd5729a410d46 : 2 : ittapi_config_apply_per_lib :  ITTAPI function NOT instrumented (not matched by --itt-config option): __itt_counter_set_value

793240 : 0x2dd5729a4113b9 : 2 : ittapi_config_apply_per_lib :  ITTAPI function NOT instrumented (not matched by --itt-config option): __itt_counter_set_value_ex

793240 : 0x2dd5729a411bd5 : 2 : ittapi_config_apply_per_lib :  ITTAPI function not implemented: __itt_mark_create
793240 : 0x2dd5729a412698 : 2 : ittapi_config_apply_per_lib :  ITTAPI function not implemented: __itt_mark
793240 : 0x2dd5729a412f6d : 2 : ittapi_config_apply_per_lib :  ITTAPI function not implemented: __itt_mark_off
793240 : 0x2dd5729a4150bb : 2 : ittapi_config_apply_per_lib :  ITTAPI function not implemented: __itt_mark_global
793240 : 0x2dd5729a415955 : 2 : ittapi_config_apply_per_lib :  ITTAPI function not implemented: __itt_mark_global_off
793240 : 0x2dd5729a4160d1 : 2 : ittapi_config_apply_per_lib :  ITTAPI function NOT instrumented (not matched by --itt-config option): __itt_stack_caller_create

793240 : 0x2dd5729a416747 : 2 : ittapi_config_apply_per_lib :  ITTAPI function NOT instrumented (not matched by --itt-config option): __itt_stack_caller_destroy

793240 : 0x2dd5729a416e28 : 2 : ittapi_config_apply_per_lib :  ITTAPI function NOT instrumented (not matched by --itt-config option): __itt_stack_callee_enter

793240 : 0x2dd5729a4174bd : 2 : ittapi_config_apply_per_lib :  ITTAPI function NOT instrumented (not matched by --itt-config option): __itt_stack_callee_leave

793240 : 0x2dd5729a417c5d : 2 : ittapi_config_apply_per_lib :  ITTAPI function not implemented: __itt_clock_domain_create
793240 : 0x2dd5729a4184ab : 2 : ittapi_config_apply_per_lib :  ITTAPI function not implemented: __itt_clock_domain_reset
793240 : 0x2dd5729a418cc9 : 2 : ittapi_config_apply_per_lib :  ITTAPI function not implemented: __itt_id_create_ex
793240 : 0x2dd5729a419497 : 2 : ittapi_config_apply_per_lib :  ITTAPI function not implemented: __itt_id_destroy_ex
793240 : 0x2dd5729a41c1ba : 2 : ittapi_config_apply_per_lib :  ITTAPI function NOT instrumented (not matched by --itt-config option): __itt_task_begin_ex

793240 : 0x2dd5729a41c960 : 2 : ittapi_config_apply_per_lib :  ITTAPI function NOT instrumented (not matched by --itt-config option): __itt_task_begin_fn_ex

793240 : 0x2dd5729a41cf8f : 2 : ittapi_config_apply_per_lib :  ITTAPI function NOT instrumented (not matched by --itt-config option): __itt_task_end_ex

793240 : 0x2dd5729a41d5db : 2 : ittapi_config_apply_per_lib :  ITTAPI function NOT instrumented (not matched by --itt-config option): __itt_task_begin_overlapped

793240 : 0x2dd5729a41dced : 2 : ittapi_config_apply_per_lib :  ITTAPI function NOT instrumented (not matched by --itt-config option): __itt_task_begin_overlapped_ex

793240 : 0x2dd5729a41e2ef : 2 : ittapi_config_apply_per_lib :  ITTAPI function NOT instrumented (not matched by --itt-config option): __itt_task_end_overlapped

793240 : 0x2dd5729a41ea3b : 2 : ittapi_config_apply_per_lib :  ITTAPI function NOT instrumented (not matched by --itt-config option): __itt_task_end_overlapped_ex

793240 : 0x2dd5729a41f352 : 2 : ittapi_config_apply_per_lib :  ITTAPI function not implemented: __itt_marker_ex
793240 : 0x2dd5729a41ff4c : 2 : ittapi_config_apply_per_lib :  ITTAPI function not implemented: __itt_metadata_add_with_scope
793240 : 0x2dd5729a4207a5 : 2 : ittapi_config_apply_per_lib :  ITTAPI function not implemented: __itt_metadata_str_add_with_scope
793240 : 0x2dd5729a422eac : 2 : ittapi_config_apply_per_lib :  ITTAPI function not implemented: __itt_relation_add_to_current_ex
793240 : 0x2dd5729a423884 : 2 : ittapi_config_apply_per_lib :  ITTAPI function not implemented: __itt_relation_add_ex
793240 : 0x2dd5729a424110 : 2 : ittapi_config_apply_per_lib :  ITTAPI function not implemented: __itt_track_group_create
793240 : 0x2dd5729a424887 : 2 : ittapi_config_apply_per_lib :  ITTAPI function not implemented: __itt_track_create
793240 : 0x2dd5729a4250ac : 2 : ittapi_config_apply_per_lib :  ITTAPI function not implemented: __itt_set_track
793240 : 0x2dd5729a4258a3 : 2 : ittapi_config_apply_per_lib :  ITTAPI function instrumented: __itt_api_version
793240 : 0x2dd5729a4260a5 : 2 : ittapi_config_apply_per_lib :  ITTAPI function not implemented: __itt_av_save
793240 : 0x2dd5729a4268b6 : 2 : ittapi_config_apply_per_lib :  ITTAPI function instrumented: __itt_module_load
793240 : 0x2dd5729a4270fb : 2 : ittapi_config_apply_per_lib :  ITTAPI function not implemented: __itt_module_unload