
794030 : 0x2dd5856dad5046 : 1 : spill_jit_data :  Jit agent is not initialized
794030 : 0x2dd5856dcd0c6a : 2 : ittapi_config_mask_get :  --itt-config mask to be applied: 1
794030 : 0x2dd5856dcda438 : 2 : ittapi_config_apply_per_lib :  ITTAPI function instrumented: __itt_domain_create
794030 : 0x2dd5856dcdb021 : 2 : ittapi_config_apply_per_lib :  ITTAPI function instrumented: __itt_module_load_with_sections
794030 : 0x2dd5856dcdbf85 : 2 : ittapi_config_apply_per_lib :  ITTAPI function not implemented: __itt_module_unload_with_sections
794030 : 0x2dd5856dcdca8e : 2 : ittapi_config_apply_per_lib :  ITTAPI function instrumented: __itt_string_handle_create
794030 : 0x2dd5856dcdd2b6 : 2 : ittapi_config_apply_per_lib :  ITTAPI function instrumented: __itt_counter_create
794030 : 0x2dd5856dcddab4 : 2 : ittapi_config_apply_per_lib :  ITTAPI function instrumented: __itt_counter_create_typed
794030 : 0x2dd5856dcde2dd : 2 : ittapi_config_apply_per_lib :  ITTAPI function instrumented: __itt_pause
794030 : 0x2dd5856dcdebdd : 2 : ittapi_config_apply_per_lib :  ITTAPI function instrumented: __itt_resume
794030 : 0x2dd5856dcec9ef : 2 : ittapi_config_apply_per_lib :  ITTAPI function instrumented: __itt_thread_set_name
794030 : 0x2dd5856dced622 : 2 : ittapi_config_apply_per_lib :  ITTAPI function instrumented: __itt_thread_ignore
794030 : 0x2dd5856dcedf44 : 2 : ittapi_config_apply_per_lib :  ITTAPI function instrumented: __itt_thr_name_set
794030 : 0x2dd5856dcee8c8 : 2 : ittapi_config_apply_per_lib :  ITTAPI function instrumented: __itt_thr_ignore
794030 : 0x2dd5856dcef465 : 2 : ittapi_config_apply_per_lib :  ITTAPI function not implemented: __itt_enable_attach
794030 : 0x2dd5856dcefe6c : 2 : ittapi_config_apply_per_lib :  ITTAPI function instrumented: __itt_detach
794030 : 0x2dd5856dcf061e : 2 : ittapi_config_apply_per_lib :  ITTAPI function NOT instrumented (not matched by --itt-config option): __itt_sync_create

794030 : 0x2dd5856dcf0ee3 : 2 : ittapi_config_apply_per_lib :  ITTAPI function NOT instrumented (not matched by --itt-config option): __itt_sync_rename

794030 : 0x2dd5856dcf1649 : 2 : ittapi_config_apply_per_lib :  ITTAPI function NOT instrumented (not matched by --itt-config option): __itt_sync_destroy

794030 : 0x2dd5856dcf1da1 : 2 : ittapi_config_apply_per_lib :  ITTAPI function NOT instrumented (not matched by --itt-config option): __itt_sync_prepare

794030 : 0x2dd5856dcf7ae2 : 2 : ittapi_config_apply_per_lib :  ITTAPI function NOT instrumented (not matched by --itt-config option): __itt_sync_cancel

794030 : 0x2dd5856dcf838e : 2 : ittapi_config_apply_per_lib :  ITTAPI function NOT instrumented (not matched by --itt-config option): __itt_sync_acquired

794030 : 0x2dd5856dcf8aec : 2 : ittapi_config_apply_per_lib :  ITTAPI function NOT instrumented (not matched by --itt-config option): __itt_sync_releasing

794030 : 0x2dd5856dcfbe81 : 2 : ittapi_config_apply_per_lib :  ITTAPI function not implemented: __itt_suppress_push
794030 : 0x2dd5856dcfc93a : 2 : ittapi_config_apply_per_lib :  ITTAPI function not implemented: __itt_suppress_pop
794030 : 0x2dd5856dcfd2e1 : 2 : ittapi_config_apply_per_lib :  ITTAPI function not implemented: __itt_suppress_mark_range
794030 : 0x2dd5856dcfdc10 : 2 : ittapi_config_apply_per_lib :  ITTAPI function not implemented: __itt_suppress_clear_range
794030 : 0x2dd5856dcfe357 : 2 : ittapi_config_apply_per_lib :  ITTAPI function NOT instrumented (not matched by --itt-config option): __itt_sync_prepare

794030 : 0x2dd5856dcfeb02 : 2 : ittapi_config_apply_per_lib :  ITTAPI function NOT instrumented (not matched by --itt-config option): __itt_sync_cancel

794030 : 0x2dd5856dcff1f4 : 2 : ittapi_config_apply_per_lib :  ITTAPI function NOT instrumented (not matched by --itt-config option): __itt_sync_acquired

794030 : 0x2dd5856dd01996 : 2 : ittapi_config_apply_per_lib :  ITTAPI function NOT instrumented (not matched by --itt-config option): __itt_sync_releasing

794030 : 0x2dd5856dd021f3 : 2 : ittapi_config_apply_per_lib :  ITTAPI function NOT instrumented (not matched by --itt-config option): __itt_model_site_begin

794030 : 0x2dd5856dd02970 : 2 : ittapi_config_apply_per_lib :  ITTAPI function NOT instrumented (not matched by --itt-config option): __itt_model_site_end

794030 : 0x2dd5856dd031c7 : 2 : ittapi_config_apply_per_lib :  ITTAPI function NOT instrumented (not matched by --itt-config option): __itt_model_task_begin

794030 : 0x2dd5856dd0392e : 2 : ittapi_config_apply_per_lib :  ITTAPI function NOT instrumented (not matched by --itt-config option): __itt_model_task_end

794030 : 0x2dd5856dd0405e : 2 : ittapi_config_apply_per_lib :  ITTAPI function NOT instrumented (not matched by --itt-config option): __itt_model_lock_acquire

794030 : 0x2dd5856dd0480b : 2 : ittapi_config_apply_per_lib :  ITTAPI function NOT instrumented (not matched by --itt-config option): __itt_model_lock_release

794030 : 0x2dd5856dd04f3e : 2 : ittapi_config_apply_per_lib :  ITTAPI function NOT instrumented (not matched by --itt-config option): __itt_model_record_allocation

794030 : 0x2dd5856dd05695 : 2 : ittapi_config_apply_per_lib :  ITTAPI function NOT instrumented (not matched by --itt-config option): __itt_model_record_deallocation

794030 : 0x2dd5856dd05e20 : 2 : ittapi_config_apply_per_lib :  ITTAPI function NOT instrumented (not matched by --itt-config option): __itt_model_induction_uses

794030 : 0x2dd5856dd09c6d : 2 : ittapi_config_apply_per_lib :  ITTAPI function NOT instrumented (not matched by --itt-config option): __itt_model_reduction_uses

794030 : 0x2dd5856dd0a615 : 2 : ittapi_config_apply_per_lib :  ITTAPI function NOT instrumented (not matched by --itt-config option): __itt_model_observe_uses

794030 : 0x2dd5856dd0ae16 : 2 : ittapi_config_apply_per_lib :  ITTAPI function NOT instrumented (not matched by --itt-config option): __itt_model_clear_uses

794030 : 0x2dd5856dd0b55e : 2 : ittapi_config_apply_per_lib :  ITTAPI function NOT instrumented (not matched by --itt-config option): __itt_model_site_beginA

794030 : 0x2dd5856dd0bcc3 : 2 : ittapi_config_apply_per_lib :  ITTAPI function NOT instrumented (not matched by --itt-config option): __itt_model_site_beginAL

794030 : 0x2dd5856dd0c40d : 2 : ittapi_config_apply_per_lib :  ITTAPI function NOT instrumented (not matched by --itt-config option): __itt_model_task_beginA

794030 : 0x2dd5856dd0cb07 : 2 : ittapi_config_apply_per_lib :  ITTAPI function NOT instrumented (not matched by --itt-config option): __itt_model_task_beginAL

794030 : 0x2dd5856dd0d27d : 2 : ittapi_config_apply_per_lib :  ITTAPI function NOT instrumented (not matched by --itt-config option): __itt_model_iteration_taskA

794030 : 0x2dd5856dd0d9b2 : 2 : ittapi_config_apply_per_lib :  ITTAPI function NOT instrumented (not matched by --itt-config option): __itt_model_iteration_taskAL

794030 : 0x2dd5856dd0e111 : 2 : ittapi_config_apply_per_lib :  ITTAPI function NOT instrumented (not matched by --itt-config option): __itt_model_site_end_2

794030 : 0x2dd5856dd10802 : 2 : ittapi_config_apply_per_lib :  ITTAPI function NOT instrumented (not matched by --itt-config option): __itt_model_task_end_2

794030 : 0x2dd5856dd10f7e : 2 : ittapi_config_apply_per_lib :  ITTAPI function NOT instrumented (not matched by --itt-config option): __itt_model_lock_acquire_2

794030 : 0x2dd5856dd11707 : 2 : ittapi_config_apply_per_lib :  ITTAPI function NOT instrumented (not matched by --itt-config option): __itt_model_lock_release_2

794030 : 0x2dd5856dd11ea1 : 2 : ittapi_config_apply_per_lib :  ITTAPI function NOT instrumented (not matched by --itt-config option): __itt_model_aggregate_task

794030 : 0x2dd5856dd125e3 : 2 : ittapi_config_apply_per_lib :  ITTAPI function NOT instrumented (not matched by --itt-config option): __itt_model_disable_push

794030 : 0x2dd5856dd12d67 : 2 : ittapi_config_apply_per_lib :  ITTAPI function NOT instrumented (not matched by --itt-config option): __itt_model_disable_pop

794030 : 0x2dd5856dd13648 : 2 : ittapi_config_apply_per_lib :  ITTAPI function instrumented: __itt_heap_function_create
794030 : 0x2dd5856dd13fa8 : 2 : ittapi_config_apply_per_lib :  ITTAPI function instrumented: __itt_heap_allocate_begin
794030 : 0x2dd5856dd14823 : 2 : ittapi_config_apply_per_lib :  ITTAPI function instrumented: __itt_heap_allocate_end
794030 : 0x2dd5856dd15055 : 2 : ittapi_config_apply_per_lib :  ITTAPI function instrumented: __itt_heap_free_begin
794030 : 0x2dd5856dd18b19 : 2 : ittapi_config_apply_per_lib :  ITTAPI function instrumented: __itt_heap_free_end
794030 : 0x2dd5856dd1958c : 2 : ittapi_config_apply_per_lib :  ITTAPI function instrumented: __itt_heap_reallocate_begin
794030 : 0x2dd5856dd19dcc : 2 : ittapi_config_apply_per_lib :  ITTAPI function instrumented: __itt_heap_reallocate_end
794030 : 0x2dd5856dd1a7d8 : 2 : ittapi_config_apply_per_lib :  ITTAPI function not implemented: __itt_heap_internal_access_begin
794030 : 0x2dd5856dd1b186 : 2 : ittapi_config_apply_per_lib :  ITTAPI function not implemented: __itt_heap_internal_access_end
794030 : 0x2dd5856dd1e3a5 : 2 : ittapi_config_apply_per_lib :  ITTAPI function not implemented: __itt_heap_record_memory_growth_begin
794030 : 0x2dd5856dd1ec58 : 2 : ittapi_config_apply_per_lib :  ITTAPI function not implemented: __itt_heap_record_memory_growth_end
794030 : 0x2dd5856dd1f518 : 2 : ittapi_config_apply_per_lib :  ITTAPI function not implemented: __itt_heap_reset_detection
794030 : 0x2dd5856dd1fe7f : 2 : ittapi_config_apply_per_lib :  ITTAPI function not implemented: __itt_heap_record
794030 : 0x2dd5856dd207ec : 2 : ittapi_config_apply_per_lib :  ITTAPI function not implemented: __itt_id_create
794030 : 0x2dd5856dd22fc8 : 2 : ittapi_config_apply_per_lib :  ITTAPI function not implemented: __itt_id_destroy
794030 : 0x2dd5856dd23859 : 2 : ittapi_config_apply_per_lib :  ITTAPI function instrumented: __itt_get_timestamp
794030 : 0x2dd5856dd24123 : 2 : ittapi_config_apply_per_lib :  ITTAPI function not implemented: __itt_region_begin
794030 : 0x2dd5856dd24a0a : 2 : ittapi_config_apply_per_lib :  ITTAPI function not implemented: __itt_region_end
794030 : 0x2dd5856dd252db : 2 : ittapi_config_apply_per_lib :  ITTAPI function instrumented: __itt_frame_begin_v3
794030 : 0x2dd5856dd25b09 : 2 : ittapi_config_apply_per_lib :  ITTAPI function instrumented: __itt_frame_end_v3
794030 : 0x2dd5856dd2634c : 2 : ittapi_config_apply_per_lib :  ITTAPI function instrumented: __itt_frame_submit_v3
794030 : 0x2dd5856dd26a16 : 2 : ittapi_config_apply_per_lib :  ITTAPI function NOT instrumented (not matched by --itt-config option): __itt_task_group

794030 : 0x2dd5856dd27186 : 2 : ittapi_config_apply_per_lib :  ITTAPI function NOT instrumented (not matched by --itt-config option): __itt_task_begin

794030 : 0x2dd5856dd2785a : 2 : ittapi_config_apply_per_lib :  ITTAPI function NOT instrumented (not matched by --itt-config option): __itt_task_begin_fn

794030 : 0x2dd5856dd297d0 : 2 : ittapi_config_apply_per_lib :  ITTAPI function NOT instrumented (not matched by --itt-config option): __itt_task_end

794030 : 0x2dd5856dd29fd5 : 2 : ittapi_config_apply_per_lib :  ITTAPI function NOT instrumented (not matched by --itt-config option): __itt_counter_inc_v3

794030 : 0x2dd5856dd2a6e6 : 2 : ittapi_config_apply_per_lib :  ITTAPI function NOT instrumented (not matched by --itt-config option): __itt_counter_inc_delta_v3

794030 : 0x2dd5856dd2ad9f : 2 : ittapi_config_apply_per_lib :  ITTAPI function NOT instrumented (not matched by --itt-config option): __itt_counter_dec_v3

794030 : 0x2dd5856dd2b4a4 : 2 : ittapi_config_apply_per_lib :  ITTAPI function NOT instrumented (not matched by --itt-config option): __itt_counter_dec_delta_v3

794030 : 0x2dd5856dd2bdfd : 2 : ittapi_config_apply_per_lib :  ITTAPI function not implemented: __itt_marker
794030 : 0x2dd5856dd2c666 : 2 : ittapi_config_apply_per_lib :  ITTAPI function instrumented: __itt_metadata_add
794030 : 0x2dd5856dd2cf50 : 2 : ittapi_config_apply_per_lib :  ITTAPI function not implemented: __itt_metadata_str_add
794030 : 0x2dd5856dd2d810 : 2 : ittapi_config_apply_per_lib :  ITTAPI function not implemented: __itt_relation_add_to_current
794030 : 0x2dd5856dd2e0c5 : 2 : ittapi_config_apply_per_lib :  ITTAPI function not implemented: __itt_relation_add
794030 : 0x2dd5856dd301cb : 2 : ittapi_config_apply_per_lib :  ITTAPI function instrumented: __itt_event_create
794030 : 0x2dd5856dd308db : 2 : ittapi_config_apply_per_lib :  ITTAPI function NOT instrumented (not matched by --itt-config option): __itt_event_start

794030 : 0x2dd5856dd30fc8 : 2 : ittapi_config_apply_per_lib :  ITTAPI function NOT instrumented (not matched by --itt-config option): __itt_event_end

794030 : 0x2dd5856dd316c3 : 2 : ittapi_config_apply_per_lib :  ITTAPI function NOT instrumented (not matched by --itt-config option): __itt_sync_set_name

794030 : 0x2dd5856dd31dc7 : 2 : ittapi_config_apply_per_lib :  ITTAPI function NOT instrumented (not matched by --itt-config option): __itt_notify_sync_name

794030 : 0x2dd5856dd32485 : 2 : ittapi_config_apply_per_lib :  ITTAPI function NOT instrumented (not matched by --itt-config option): __itt_notify_sync_prepare

794030 : 0x2dd5856dd32b1e : 2 : ittapi_config_apply_per_lib :  ITTAPI function NOT instrumented (not matched by --itt-config option): __itt_notify_sync_cancel

794030 : 0x2dd5856dd33202 : 2 : ittapi_config_apply_per_lib :  ITTAPI function NOT instrumented (not matched by --itt-config option): __itt_notify_sync_acquired

794030 : 0x2dd5856dd338f9 : 2 : ittapi_config_apply_per_lib :  ITTAPI function NOT instrumented (not matched by --itt-config option): __itt_notify_sync_releasing

794030 : 0x2dd5856dd341bd : 2 : ittapi_config_apply_per_lib :  ITTAPI function not implemented: __itt_memory_read
794030 : 0x2dd5856dd3723a : 2 : ittapi_config_apply_per_lib :  ITTAPI function not implemented: __itt_memory_write
794030 : 0x2dd5856dd37c03 : 2 : ittapi_config_apply_per_lib :  ITTAPI function not implemented: __itt_memory_update
794030 : 0x2dd5856dd384d1 : 2 : ittapi_config_apply_per_lib :  ITTAPI function not implemented: __itt_state_get
794030 : 0x2dd5856dd38d1e : 2 : ittapi_config_apply_per_lib :  ITTAPI function not implemented: __itt_state_set
794030 : 0x2dd5856dd39566 : 2 : ittapi_config_apply_per_lib :  ITTAPI function not implemented: __itt_obj_mode_set
794030 : 0x2dd5856dd39def : 2 : ittapi_config_apply_per_lib :  ITTAPI function not implemented: __itt_thr_mode_set
794030 : 0x2dd5856dd3a58d : 2 : ittapi_config_apply_per_lib :  ITTAPI function instrumented: __itt_frame_create
794030 : 0x2dd5856dd3ad91 : 2 : ittapi_config_apply_per_lib :  ITTAPI function instrumented: __itt_pt_region_create
794030 : 0x2dd5856dd3b5a7 : 2 : ittapi_config_apply_per_lib :  ITTAPI function instrumented: __itt_frame_begin
794030 : 0x2dd5856dd3be70 : 2 : ittapi_config_apply_per_lib :  ITTAPI function instrumented: __itt_frame_end
794030 : 0x2dd5856dd3dfbe : 2 : ittapi_config_apply_per_lib :  ITTAPI function NOT instrumented (not matched by --itt-config option): __itt_counter_destroy

794030 : 0x2dd5856dd3e718 : 2 : ittapi_config_apply_per_lib :  ITTAPI function NOT instrumented (not matched by --itt-config option): __itt_counter_inc

794030 : 0x2dd5856dd3edf8 : 2 : ittapi_config_apply_per_lib :  ITTAPI function NOT instrumented (not matched by --itt-config option): __itt_counter_inc_delta

794030 : 0x2dd5856dd3f4c1 : 2 : ittapi_config_apply_per_lib :  ITTAPI function NOT instrumented (not matched by --itt-config option): __itt_counter_dec

794030 : 0x2dd5856dd3fbd9 : 2 : ittapi_config_apply_per_lib :  ITTAPI function NOT instrumented (not matched by --itt-config option): __itt_counter_dec_delta

794030 : 0x2dd5856dd40282 : 2 : ittapi_config_apply_per_lib :  ITTAPI function NOT instrumented (not matched by --itt-config option): __itt_counter_set_value

794030 : 0x2dd5856dd43933 : 2 : ittapi_config_apply_per_lib :  ITTAPI function NOT instrumented (not matched by --itt-config option): __itt_counter_set_value_ex

794030 : 0x2dd5856dd4419a : 2 : ittapi_config_apply_per_lib :  ITTAPI function not implemented: __itt_mark_create
794030 : 0x2dd5856dd44b9d : 2 : ittapi_config_apply_per_lib :  ITTAPI function not implemented: __itt_mark
794030 : 0x2dd5856dd45424 : 2 : ittapi_config_apply_per_lib :  ITTAPI function not implemented: __itt_mark_off
794030 : 0x2dd5856dd475ac : 2 : ittapi_config_apply_per_lib :  ITTAPI function not implemented: __itt_mark_global
794030 : 0x2dd5856dd47df0 : 2 : ittapi_config_apply_per_lib :  ITTAPI function not implemented: __itt_mark_global_off
794030 : 0x2dd5856dd4857a : 2 : ittapi_config_apply_per_lib :  ITTAPI function NOT instrumented (not matched by --itt-config option): __itt_stack_caller_create

794030 : 0x2dd5856dd48c21 : 2 : ittapi_config_apply_per_lib :  ITTAPI function NOT instrumented (not matched by --itt-config option): __itt_stack_caller_destroy

794030 : 0x2dd5856dd4930f : 2 : ittapi_config_apply_per_lib :  ITTAPI function NOT instrumented (not matched by --itt-config option): __itt_stack_callee_enter

794030 : 0x2dd5856dd49974 : 2 : ittapi_config_apply_per_lib :  ITTAPI function NOT instrumented (not matched by --itt-config option): __itt_stack_callee_leave

794030 : 0x2dd5856dd4a109 : 2 : ittapi_config_apply_per_lib :  ITTAPI function not implemented: __itt_clock_domain_create
794030 : 0x2dd5856dd4a95a : 2 : ittapi_config_apply_per_lib :  ITTAPI function not implemented: __itt_clock_domain_reset
794030 : 0x2dd5856dd4b133 : 2 : ittapi_config_apply_per_lib :  ITTAPI function not implemented: __itt_id_create_ex
794030 : 0x2dd5856dd4b908 : 2 : ittapi_config_apply_per_lib :  ITTAPI function not implemented: __itt_id_destroy_ex
794030 : 0x2dd5856dd4e468 : 2 : ittapi_config_apply_per_lib :  ITTAPI function NOT instrumented (not matched by --itt-config option): __itt_task_begin_ex

794030 : 0x2dd5856dd4eb72 : 2 : ittapi_config_apply_per_lib :  ITTAPI function NOT instrumented (not matched by --itt-config option): __itt_task_begin_fn_ex

794030 : 0x2dd5856dd4f21a : 2 : ittapi_config_apply_per_lib :  ITTAPI function NOT instrumented (not matched by --itt-config option): __itt_task_end_ex

794030 : 0x2dd5856dd4f852 : 2 : ittapi_config_apply_per_lib :  ITTAPI function NOT instrumented (not matched by --itt-config option): __itt_task_begin_overlapped

794030 : 0x2dd5856dd4feb1 : 2 : ittapi_config_apply_per_lib :  ITTAPI function NOT instrumented (not matched by --itt-config option): __itt_task_begin_overlapped_ex

794030 : 0x2dd5856dd50535 : 2 : ittapi_config_apply_per_lib :  ITTAPI function NOT instrumented (not matched by --itt-config option): __itt_task_end_overlapped

794030 : 0x2dd5856dd50b3e : 2 : ittapi_config_apply_per_lib :  ITTAPI function NOT instrumented (not matched by --itt-config option): __itt_task_end_overlapped_ex

794030 : 0x2dd5856dd5140a : 2 : ittapi_config_apply_per_lib :  ITTAPI function not implemented: __itt_marker_ex
794030 : 0x2dd5856dd51c67 : 2 : ittapi_config_apply_per_lib :  ITTAPI function not implemented: __itt_metadata_add_with_scope
794030 : 0x2dd5856dd52463 : 2 : ittapi_config_apply_per_lib :  ITTAPI function not implemented: __itt_metadata_str_add_with_scope
794030 : 0x2dd5856dd545fe : 2 : ittapi_config_apply_per_lib :  ITTAPI function not implemented: __itt_relation_add_to_current_ex
794030 : 0x2dd5856dd54f7f : 2 : ittapi_config_apply_per_lib :  ITTAPI function not implemented: __itt_relation_add_ex
794030 : 0x2dd5856dd5574e : 2 : ittapi_config_apply_per_lib :  ITTAPI function not implemented: __itt_track_group_create
794030 : 0x2dd5856dd55e82 : 2 : ittapi_config_apply_per_lib :  ITTAPI function not implemented: __itt_track_create
794030 : 0x2dd5856dd566c6 : 2 : ittapi_config_apply_per_lib :  ITTAPI function not implemented: __itt_set_track
794030 : 0x2dd5856dd56e7f : 2 : ittapi_config_apply_per_lib :  ITTAPI function instrumented: __itt_api_version
794030 : 0x2dd5856dd5769f : 2 : ittapi_config_apply_per_lib :  ITTAPI function not implemented: __itt_av_save
794030 : 0x2dd5856dd57e55 : 2 : ittapi_config_apply_per_lib :  ITTAPI function instrumented: __itt_module_load
794030 : 0x2dd5856dd5869d : 2 : ittapi_config_apply_per_lib :  ITTAPI function not implemented: __itt_module_unload