
787836 : 0x2dd4de64940dd5 : 1 : spill_jit_data :  Jit agent is not initialized
787836 : 0x2dd4de64b36ffe : 2 : ittapi_config_mask_get :  --itt-config mask to be applied: 1
787836 : 0x2dd4de64b3843e : 2 : ittapi_config_apply_per_lib :  ITTAPI function instrumented: __itt_domain_create
787836 : 0x2dd4de64b38e3d : 2 : ittapi_config_apply_per_lib :  ITTAPI function instrumented: __itt_module_load_with_sections
787836 : 0x2dd4de64b39baa : 2 : ittapi_config_apply_per_lib :  ITTAPI function not implemented: __itt_module_unload_with_sections
787836 : 0x2dd4de64b3a4e3 : 2 : ittapi_config_apply_per_lib :  ITTAPI function instrumented: __itt_string_handle_create
787836 : 0x2dd4de64b3ac2b : 2 : ittapi_config_apply_per_lib :  ITTAPI function instrumented: __itt_counter_create
787836 : 0x2dd4de64b3b356 : 2 : ittapi_config_apply_per_lib :  ITTAPI function instrumented: __itt_counter_create_typed
787836 : 0x2dd4de64b3bad8 : 2 : ittapi_config_apply_per_lib :  ITTAPI function instrumented: __itt_pause
787836 : 0x2dd4de64b3c2e2 : 2 : ittapi_config_apply_per_lib :  ITTAPI function instrumented: __itt_resume
787836 : 0x2dd4de64b47d77 : 2 : ittapi_config_apply_per_lib :  ITTAPI function instrumented: __itt_thread_set_name
787836 : 0x2dd4de64b4889c : 2 : ittapi_config_apply_per_lib :  ITTAPI function instrumented: __itt_thread_ignore
787836 : 0x2dd4de64b490b6 : 2 : ittapi_config_apply_per_lib :  ITTAPI function instrumented: __itt_thr_name_set
787836 : 0x2dd4de64b4995e : 2 : ittapi_config_apply_per_lib :  ITTAPI function instrumented: __itt_thr_ignore
787836 : 0x2dd4de64b4a3ba : 2 : ittapi_config_apply_per_lib :  ITTAPI function not implemented: __itt_enable_attach
787836 : 0x2dd4de64b4acac : 2 : ittapi_config_apply_per_lib :  ITTAPI function instrumented: __itt_detach
787836 : 0x2dd4de64b4b35c : 2 : ittapi_config_apply_per_lib :  ITTAPI function NOT instrumented (not matched by --itt-config option): __itt_sync_create

787836 : 0x2dd4de64b4ba98 : 2 : ittapi_config_apply_per_lib :  ITTAPI function NOT instrumented (not matched by --itt-config option): __itt_sync_rename

787836 : 0x2dd4de64b4c11b : 2 : ittapi_config_apply_per_lib :  ITTAPI function NOT instrumented (not matched by --itt-config option): __itt_sync_destroy

787836 : 0x2dd4de64b4c7a2 : 2 : ittapi_config_apply_per_lib :  ITTAPI function NOT instrumented (not matched by --itt-config option): __itt_sync_prepare

787836 : 0x2dd4de64b4ef62 : 2 : ittapi_config_apply_per_lib :  ITTAPI function NOT instrumented (not matched by --itt-config option): __itt_sync_cancel

787836 : 0x2dd4de64b4f690 : 2 : ittapi_config_apply_per_lib :  ITTAPI function NOT instrumented (not matched by --itt-config option): __itt_sync_acquired

787836 : 0x2dd4de64b4fcf9 : 2 : ittapi_config_apply_per_lib :  ITTAPI function NOT instrumented (not matched by --itt-config option): __itt_sync_releasing

787836 : 0x2dd4de64b506cc : 2 : ittapi_config_apply_per_lib :  ITTAPI function not implemented: __itt_suppress_push
787836 : 0x2dd4de64b510b5 : 2 : ittapi_config_apply_per_lib :  ITTAPI function not implemented: __itt_suppress_pop
787836 : 0x2dd4de64b51928 : 2 : ittapi_config_apply_per_lib :  ITTAPI function not implemented: __itt_suppress_mark_range
787836 : 0x2dd4de64b521ed : 2 : ittapi_config_apply_per_lib :  ITTAPI function not implemented: __itt_suppress_clear_range
787836 : 0x2dd4de64b52847 : 2 : ittapi_config_apply_per_lib :  ITTAPI function NOT instrumented (not matched by --itt-config option): __itt_sync_prepare

787836 : 0x2dd4de64b52efa : 2 : ittapi_config_apply_per_lib :  ITTAPI function NOT instrumented (not matched by --itt-config option): __itt_sync_cancel

787836 : 0x2dd4de64b5354e : 2 : ittapi_config_apply_per_lib :  ITTAPI function NOT instrumented (not matched by --itt-config option): __itt_sync_acquired

787836 : 0x2dd4de64b55424 : 2 : ittapi_config_apply_per_lib :  ITTAPI function NOT instrumented (not matched by --itt-config option): __itt_sync_releasing

787836 : 0x2dd4de64b55b20 : 2 : ittapi_config_apply_per_lib :  ITTAPI function NOT instrumented (not matched by --itt-config option): __itt_model_site_begin

787836 : 0x2dd4de64b561c3 : 2 : ittapi_config_apply_per_lib :  ITTAPI function NOT instrumented (not matched by --itt-config option): __itt_model_site_end

787836 : 0x2dd4de64b56926 : 2 : ittapi_config_apply_per_lib :  ITTAPI function NOT instrumented (not matched by --itt-config option): __itt_model_task_begin

787836 : 0x2dd4de64b56fec : 2 : ittapi_config_apply_per_lib :  ITTAPI function NOT instrumented (not matched by --itt-config option): __itt_model_task_end

787836 : 0x2dd4de64b5764d : 2 : ittapi_config_apply_per_lib :  ITTAPI function NOT instrumented (not matched by --itt-config option): __itt_model_lock_acquire

787836 : 0x2dd4de64b57d1f : 2 : ittapi_config_apply_per_lib :  ITTAPI function NOT instrumented (not matched by --itt-config option): __itt_model_lock_release

787836 : 0x2dd4de64b583a1 : 2 : ittapi_config_apply_per_lib :  ITTAPI function NOT instrumented (not matched by --itt-config option): __itt_model_record_allocation

787836 : 0x2dd4de64b58a31 : 2 : ittapi_config_apply_per_lib :  ITTAPI function NOT instrumented (not matched by --itt-config option): __itt_model_record_deallocation

787836 : 0x2dd4de64b590f0 : 2 : ittapi_config_apply_per_lib :  ITTAPI function NOT instrumented (not matched by --itt-config option): __itt_model_induction_uses

787836 : 0x2dd4de64b5c3b2 : 2 : ittapi_config_apply_per_lib :  ITTAPI function NOT instrumented (not matched by --itt-config option): __itt_model_reduction_uses

787836 : 0x2dd4de64b5cc02 : 2 : ittapi_config_apply_per_lib :  ITTAPI function NOT instrumented (not matched by --itt-config option): __itt_model_observe_uses

787836 : 0x2dd4de64b5d2a5 : 2 : ittapi_config_apply_per_lib :  ITTAPI function NOT instrumented (not matched by --itt-config option): __itt_model_clear_uses

787836 : 0x2dd4de64b5d932 : 2 : ittapi_config_apply_per_lib :  ITTAPI function NOT instrumented (not matched by --itt-config option): __itt_model_site_beginA

787836 : 0x2dd4de64b5dff5 : 2 : ittapi_config_apply_per_lib :  ITTAPI function NOT instrumented (not matched by --itt-config option): __itt_model_site_beginAL

787836 : 0x2dd4de64b5e68d : 2 : ittapi_config_apply_per_lib :  ITTAPI function NOT instrumented (not matched by --itt-config option): __itt_model_task_beginA

787836 : 0x2dd4de64b5ecf9 : 2 : ittapi_config_apply_per_lib :  ITTAPI function NOT instrumented (not matched by --itt-config option): __itt_model_task_beginAL

787836 : 0x2dd4de64b5f3b3 : 2 : ittapi_config_apply_per_lib :  ITTAPI function NOT instrumented (not matched by --itt-config option): __itt_model_iteration_taskA

787836 : 0x2dd4de64b5fa32 : 2 : ittapi_config_apply_per_lib :  ITTAPI function NOT instrumented (not matched by --itt-config option): __itt_model_iteration_taskAL

787836 : 0x2dd4de64b600fe : 2 : ittapi_config_apply_per_lib :  ITTAPI function NOT instrumented (not matched by --itt-config option): __itt_model_site_end_2

787836 : 0x2dd4de64b6209b : 2 : ittapi_config_apply_per_lib :  ITTAPI function NOT instrumented (not matched by --itt-config option): __itt_model_task_end_2

787836 : 0x2dd4de64b6271e : 2 : ittapi_config_apply_per_lib :  ITTAPI function NOT instrumented (not matched by --itt-config option): __itt_model_lock_acquire_2

787836 : 0x2dd4de64b62e53 : 2 : ittapi_config_apply_per_lib :  ITTAPI function NOT instrumented (not matched by --itt-config option): __itt_model_lock_release_2

787836 : 0x2dd4de64b6353b : 2 : ittapi_config_apply_per_lib :  ITTAPI function NOT instrumented (not matched by --itt-config option): __itt_model_aggregate_task

787836 : 0x2dd4de64b63b9c : 2 : ittapi_config_apply_per_lib :  ITTAPI function NOT instrumented (not matched by --itt-config option): __itt_model_disable_push

787836 : 0x2dd4de64b64259 : 2 : ittapi_config_apply_per_lib :  ITTAPI function NOT instrumented (not matched by --itt-config option): __itt_model_disable_pop

787836 : 0x2dd4de64b64a86 : 2 : ittapi_config_apply_per_lib :  ITTAPI function instrumented: __itt_heap_function_create
787836 : 0x2dd4de64b6537c : 2 : ittapi_config_apply_per_lib :  ITTAPI function instrumented: __itt_heap_allocate_begin
787836 : 0x2dd4de64b65b4f : 2 : ittapi_config_apply_per_lib :  ITTAPI function instrumented: __itt_heap_allocate_end
787836 : 0x2dd4de64b66322 : 2 : ittapi_config_apply_per_lib :  ITTAPI function instrumented: __itt_heap_free_begin
787836 : 0x2dd4de64b699ba : 2 : ittapi_config_apply_per_lib :  ITTAPI function instrumented: __itt_heap_free_end
787836 : 0x2dd4de64b6a2a7 : 2 : ittapi_config_apply_per_lib :  ITTAPI function instrumented: __itt_heap_reallocate_begin
787836 : 0x2dd4de64b6a9d2 : 2 : ittapi_config_apply_per_lib :  ITTAPI function instrumented: __itt_heap_reallocate_end
787836 : 0x2dd4de64b6b2ff : 2 : ittapi_config_apply_per_lib :  ITTAPI function not implemented: __itt_heap_internal_access_begin
787836 : 0x2dd4de64b6bbc0 : 2 : ittapi_config_apply_per_lib :  ITTAPI function not implemented: __itt_heap_internal_access_end
787836 : 0x2dd4de64b6c3c6 : 2 : ittapi_config_apply_per_lib :  ITTAPI function not implemented: __itt_heap_record_memory_growth_begin
787836 : 0x2dd4de64b6cbe5 : 2 : ittapi_config_apply_per_lib :  ITTAPI function not implemented: __itt_heap_record_memory_growth_end
787836 : 0x2dd4de64b6d412 : 2 : ittapi_config_apply_per_lib :  ITTAPI function not implemented: __itt_heap_reset_detection
787836 : 0x2dd4de64b6dcac : 2 : ittapi_config_apply_per_lib :  ITTAPI function not implemented: __itt_heap_record
787836 : 0x2dd4de64b6e54c : 2 : ittapi_config_apply_per_lib :  ITTAPI function not implemented: __itt_id_create
787836 : 0x2dd4de64b70916 : 2 : ittapi_config_apply_per_lib :  ITTAPI function not implemented: __itt_id_destroy
787836 : 0x2dd4de64b71146 : 2 : ittapi_config_apply_per_lib :  ITTAPI function instrumented: __itt_get_timestamp
787836 : 0x2dd4de64b71997 : 2 : ittapi_config_apply_per_lib :  ITTAPI function not implemented: __itt_region_begin
787836 : 0x2dd4de64b721da : 2 : ittapi_config_apply_per_lib :  ITTAPI function not implemented: __itt_region_end
787836 : 0x2dd4de64b72a2e : 2 : ittapi_config_apply_per_lib :  ITTAPI function instrumented: __itt_frame_begin_v3
787836 : 0x2dd4de64b731e9 : 2 : ittapi_config_apply_per_lib :  ITTAPI function instrumented: __itt_frame_end_v3
787836 : 0x2dd4de64b739e5 : 2 : ittapi_config_apply_per_lib :  ITTAPI function instrumented: __itt_frame_submit_v3
787836 : 0x2dd4de64b74056 : 2 : ittapi_config_apply_per_lib :  ITTAPI function NOT instrumented (not matched by --itt-config option): __itt_task_group

787836 : 0x2dd4de64b74748 : 2 : ittapi_config_apply_per_lib :  ITTAPI function NOT instrumented (not matched by --itt-config option): __itt_task_begin

787836 : 0x2dd4de64b74d93 : 2 : ittapi_config_apply_per_lib :  ITTAPI function NOT instrumented (not matched by --itt-config option): __itt_task_begin_fn

787836 : 0x2dd4de64b76cbb : 2 : ittapi_config_apply_per_lib :  ITTAPI function NOT instrumented (not matched by --itt-config option): __itt_task_end

787836 : 0x2dd4de64b77416 : 2 : ittapi_config_apply_per_lib :  ITTAPI function NOT instrumented (not matched by --itt-config option): __itt_counter_inc_v3

787836 : 0x2dd4de64b77ad3 : 2 : ittapi_config_apply_per_lib :  ITTAPI function NOT instrumented (not matched by --itt-config option): __itt_counter_inc_delta_v3

787836 : 0x2dd4de64b7811e : 2 : ittapi_config_apply_per_lib :  ITTAPI function NOT instrumented (not matched by --itt-config option): __itt_counter_dec_v3

787836 : 0x2dd4de64b787ae : 2 : ittapi_config_apply_per_lib :  ITTAPI function NOT instrumented (not matched by --itt-config option): __itt_counter_dec_delta_v3

787836 : 0x2dd4de64b79141 : 2 : ittapi_config_apply_per_lib :  ITTAPI function not implemented: __itt_marker
787836 : 0x2dd4de64b7991d : 2 : ittapi_config_apply_per_lib :  ITTAPI function instrumented: __itt_metadata_add
787836 : 0x2dd4de64b7a132 : 2 : ittapi_config_apply_per_lib :  ITTAPI function not implemented: __itt_metadata_str_add
787836 : 0x2dd4de64b7a94e : 2 : ittapi_config_apply_per_lib :  ITTAPI function not implemented: __itt_relation_add_to_current
787836 : 0x2dd4de64b7b145 : 2 : ittapi_config_apply_per_lib :  ITTAPI function not implemented: __itt_relation_add
787836 : 0x2dd4de64b7d31a : 2 : ittapi_config_apply_per_lib :  ITTAPI function instrumented: __itt_event_create
787836 : 0x2dd4de64b7d9da : 2 : ittapi_config_apply_per_lib :  ITTAPI function NOT instrumented (not matched by --itt-config option): __itt_event_start

787836 : 0x2dd4de64b7e074 : 2 : ittapi_config_apply_per_lib :  ITTAPI function NOT instrumented (not matched by --itt-config option): __itt_event_end

787836 : 0x2dd4de64b7e6da : 2 : ittapi_config_apply_per_lib :  ITTAPI function NOT instrumented (not matched by --itt-config option): __itt_sync_set_name

787836 : 0x2dd4de64b7ed5e : 2 : ittapi_config_apply_per_lib :  ITTAPI function NOT instrumented (not matched by --itt-config option): __itt_notify_sync_name

787836 : 0x2dd4de64b7f3e0 : 2 : ittapi_config_apply_per_lib :  ITTAPI function NOT instrumented (not matched by --itt-config option): __itt_notify_sync_prepare

787836 : 0x2dd4de64b7fa11 : 2 : ittapi_config_apply_per_lib :  ITTAPI function NOT instrumented (not matched by --itt-config option): __itt_notify_sync_cancel

787836 : 0x2dd4de64b800e2 : 2 : ittapi_config_apply_per_lib :  ITTAPI function NOT instrumented (not matched by --itt-config option): __itt_notify_sync_acquired

787836 : 0x2dd4de64b8074e : 2 : ittapi_config_apply_per_lib :  ITTAPI function NOT instrumented (not matched by --itt-config option): __itt_notify_sync_releasing

787836 : 0x2dd4de64b80fa2 : 2 : ittapi_config_apply_per_lib :  ITTAPI function not implemented: __itt_memory_read
787836 : 0x2dd4de64b83d61 : 2 : ittapi_config_apply_per_lib :  ITTAPI function not implemented: __itt_memory_write
787836 : 0x2dd4de64b84738 : 2 : ittapi_config_apply_per_lib :  ITTAPI function not implemented: __itt_memory_update
787836 : 0x2dd4de64b84f66 : 2 : ittapi_config_apply_per_lib :  ITTAPI function not implemented: __itt_state_get
787836 : 0x2dd4de64b85713 : 2 : ittapi_config_apply_per_lib :  ITTAPI function not implemented: __itt_state_set
787836 : 0x2dd4de64b85ef3 : 2 : ittapi_config_apply_per_lib :  ITTAPI function not implemented: __itt_obj_mode_set
787836 : 0x2dd4de64b866c9 : 2 : ittapi_config_apply_per_lib :  ITTAPI function not implemented: __itt_thr_mode_set
787836 : 0x2dd4de64b86e55 : 2 : ittapi_config_apply_per_lib :  ITTAPI function instrumented: __itt_frame_create
787836 : 0x2dd4de64b87565 : 2 : ittapi_config_apply_per_lib :  ITTAPI function instrumented: __itt_pt_region_create
787836 : 0x2dd4de64b87d56 : 2 : ittapi_config_apply_per_lib :  ITTAPI function instrumented: __itt_frame_begin
787836 : 0x2dd4de64b88596 : 2 : ittapi_config_apply_per_lib :  ITTAPI function instrumented: __itt_frame_end
787836 : 0x2dd4de64b8a4d7 : 2 : ittapi_config_apply_per_lib :  ITTAPI function NOT instrumented (not matched by --itt-config option): __itt_counter_destroy

787836 : 0x2dd4de64b8ac18 : 2 : ittapi_config_apply_per_lib :  ITTAPI function NOT instrumented (not matched by --itt-config option): __itt_counter_inc

787836 : 0x2dd4de64b8b29b : 2 : ittapi_config_apply_per_lib :  ITTAPI function NOT instrumented (not matched by --itt-config option): __itt_counter_inc_delta

787836 : 0x2dd4de64b8b961 : 2 : ittapi_config_apply_per_lib :  ITTAPI function NOT instrumented (not matched by --itt-config option): __itt_counter_dec

787836 : 0x2dd4de64b8bfde : 2 : ittapi_config_apply_per_lib :  ITTAPI function NOT instrumented (not matched by --itt-config option): __itt_counter_dec_delta

787836 : 0x2dd4de64b8c614 : 2 : ittapi_config_apply_per_lib :  ITTAPI function NOT instrumented (not matched by --itt-config option): __itt_counter_set_value

787836 : 0x2dd4de64b8cd72 : 2 : ittapi_config_apply_per_lib :  ITTAPI function NOT instrumented (not matched by --itt-config option): __itt_counter_set_value_ex

787836 : 0x2dd4de64b8d5ec : 2 : ittapi_config_apply_per_lib :  ITTAPI function not implemented: __itt_mark_create
787836 : 0x2dd4de64b8dfc5 : 2 : ittapi_config_apply_per_lib :  ITTAPI function not implemented: __itt_mark
787836 : 0x2dd4de64b8e807 : 2 : ittapi_config_apply_per_lib :  ITTAPI function not implemented: __itt_mark_off
787836 : 0x2dd4de64b90864 : 2 : ittapi_config_apply_per_lib :  ITTAPI function not implemented: __itt_mark_global
787836 : 0x2dd4de64b91061 : 2 : ittapi_config_apply_per_lib :  ITTAPI function not implemented: __itt_mark_global_off
787836 : 0x2dd4de64b917db : 2 : ittapi_config_apply_per_lib :  ITTAPI function NOT instrumented (not matched by --itt-config option): __itt_stack_caller_create

787836 : 0x2dd4de64b91e48 : 2 : ittapi_config_apply_per_lib :  ITTAPI function NOT instrumented (not matched by --itt-config option): __itt_stack_caller_destroy

787836 : 0x2dd4de64b92542 : 2 : ittapi_config_apply_per_lib :  ITTAPI function NOT instrumented (not matched by --itt-config option): __itt_stack_callee_enter

787836 : 0x2dd4de64b92be1 : 2 : ittapi_config_apply_per_lib :  ITTAPI function NOT instrumented (not matched by --itt-config option): __itt_stack_callee_leave

787836 : 0x2dd4de64b9337b : 2 : ittapi_config_apply_per_lib :  ITTAPI function not implemented: __itt_clock_domain_create
787836 : 0x2dd4de64b93c6c : 2 : ittapi_config_apply_per_lib :  ITTAPI function not implemented: __itt_clock_domain_reset
787836 : 0x2dd4de64b9447c : 2 : ittapi_config_apply_per_lib :  ITTAPI function not implemented: __itt_id_create_ex
787836 : 0x2dd4de64b94c24 : 2 : ittapi_config_apply_per_lib :  ITTAPI function not implemented: __itt_id_destroy_ex
787836 : 0x2dd4de64b9761c : 2 : ittapi_config_apply_per_lib :  ITTAPI function NOT instrumented (not matched by --itt-config option): __itt_task_begin_ex

787836 : 0x2dd4de64b97d1d : 2 : ittapi_config_apply_per_lib :  ITTAPI function NOT instrumented (not matched by --itt-config option): __itt_task_begin_fn_ex

787836 : 0x2dd4de64b98392 : 2 : ittapi_config_apply_per_lib :  ITTAPI function NOT instrumented (not matched by --itt-config option): __itt_task_end_ex

787836 : 0x2dd4de64b989c9 : 2 : ittapi_config_apply_per_lib :  ITTAPI function NOT instrumented (not matched by --itt-config option): __itt_task_begin_overlapped

787836 : 0x2dd4de64b9901c : 2 : ittapi_config_apply_per_lib :  ITTAPI function NOT instrumented (not matched by --itt-config option): __itt_task_begin_overlapped_ex

787836 : 0x2dd4de64b99693 : 2 : ittapi_config_apply_per_lib :  ITTAPI function NOT instrumented (not matched by --itt-config option): __itt_task_end_overlapped

787836 : 0x2dd4de64b99c8c : 2 : ittapi_config_apply_per_lib :  ITTAPI function NOT instrumented (not matched by --itt-config option): __itt_task_end_overlapped_ex

787836 : 0x2dd4de64b9a555 : 2 : ittapi_config_apply_per_lib :  ITTAPI function not implemented: __itt_marker_ex
787836 : 0x2dd4de64b9ad8f : 2 : ittapi_config_apply_per_lib :  ITTAPI function not implemented: __itt_metadata_add_with_scope
787836 : 0x2dd4de64b9b5c8 : 2 : ittapi_config_apply_per_lib :  ITTAPI function not implemented: __itt_metadata_str_add_with_scope
787836 : 0x2dd4de64b9d72a : 2 : ittapi_config_apply_per_lib :  ITTAPI function not implemented: __itt_relation_add_to_current_ex
787836 : 0x2dd4de64b9e060 : 2 : ittapi_config_apply_per_lib :  ITTAPI function not implemented: __itt_relation_add_ex
787836 : 0x2dd4de64b9e837 : 2 : ittapi_config_apply_per_lib :  ITTAPI function not implemented: __itt_track_group_create
787836 : 0x2dd4de64b9ef7c : 2 : ittapi_config_apply_per_lib :  ITTAPI function not implemented: __itt_track_create
787836 : 0x2dd4de64b9f778 : 2 : ittapi_config_apply_per_lib :  ITTAPI function not implemented: __itt_set_track
787836 : 0x2dd4de64b9fecd : 2 : ittapi_config_apply_per_lib :  ITTAPI function instrumented: __itt_api_version
787836 : 0x2dd4de64ba06d7 : 2 : ittapi_config_apply_per_lib :  ITTAPI function not implemented: __itt_av_save
787836 : 0x2dd4de64ba0e07 : 2 : ittapi_config_apply_per_lib :  ITTAPI function instrumented: __itt_module_load
787836 : 0x2dd4de64ba1616 : 2 : ittapi_config_apply_per_lib :  ITTAPI function not implemented: __itt_module_unload