
788741 : 0x2dd4fafedc9243 : 1 : spill_jit_data :  Jit agent is not initialized
788741 : 0x2dd4fafefc795a : 2 : ittapi_config_mask_get :  --itt-config mask to be applied: 1
788741 : 0x2dd4fafefc8de0 : 2 : ittapi_config_apply_per_lib :  ITTAPI function instrumented: __itt_domain_create
788741 : 0x2dd4fafefc98c4 : 2 : ittapi_config_apply_per_lib :  ITTAPI function instrumented: __itt_module_load_with_sections
788741 : 0x2dd4fafefca734 : 2 : ittapi_config_apply_per_lib :  ITTAPI function not implemented: __itt_module_unload_with_sections
788741 : 0x2dd4fafefcb089 : 2 : ittapi_config_apply_per_lib :  ITTAPI function instrumented: __itt_string_handle_create
788741 : 0x2dd4fafefcb7e7 : 2 : ittapi_config_apply_per_lib :  ITTAPI function instrumented: __itt_counter_create
788741 : 0x2dd4fafefcbf15 : 2 : ittapi_config_apply_per_lib :  ITTAPI function instrumented: __itt_counter_create_typed
788741 : 0x2dd4fafefcc67a : 2 : ittapi_config_apply_per_lib :  ITTAPI function instrumented: __itt_pause
788741 : 0x2dd4fafefcce86 : 2 : ittapi_config_apply_per_lib :  ITTAPI function instrumented: __itt_resume
788741 : 0x2dd4fafefd87c7 : 2 : ittapi_config_apply_per_lib :  ITTAPI function instrumented: __itt_thread_set_name
788741 : 0x2dd4fafefd92a4 : 2 : ittapi_config_apply_per_lib :  ITTAPI function instrumented: __itt_thread_ignore
788741 : 0x2dd4fafefd9b2e : 2 : ittapi_config_apply_per_lib :  ITTAPI function instrumented: __itt_thr_name_set
788741 : 0x2dd4fafefda400 : 2 : ittapi_config_apply_per_lib :  ITTAPI function instrumented: __itt_thr_ignore
788741 : 0x2dd4fafefdae99 : 2 : ittapi_config_apply_per_lib :  ITTAPI function not implemented: __itt_enable_attach
788741 : 0x2dd4fafefdb7a9 : 2 : ittapi_config_apply_per_lib :  ITTAPI function instrumented: __itt_detach
788741 : 0x2dd4fafefdbe72 : 2 : ittapi_config_apply_per_lib :  ITTAPI function NOT instrumented (not matched by --itt-config option): __itt_sync_create

788741 : 0x2dd4fafefdc645 : 2 : ittapi_config_apply_per_lib :  ITTAPI function NOT instrumented (not matched by --itt-config option): __itt_sync_rename

788741 : 0x2dd4fafefdccc4 : 2 : ittapi_config_apply_per_lib :  ITTAPI function NOT instrumented (not matched by --itt-config option): __itt_sync_destroy

788741 : 0x2dd4fafefdd31c : 2 : ittapi_config_apply_per_lib :  ITTAPI function NOT instrumented (not matched by --itt-config option): __itt_sync_prepare

788741 : 0x2dd4fafefdfa25 : 2 : ittapi_config_apply_per_lib :  ITTAPI function NOT instrumented (not matched by --itt-config option): __itt_sync_cancel

788741 : 0x2dd4fafefe010e : 2 : ittapi_config_apply_per_lib :  ITTAPI function NOT instrumented (not matched by --itt-config option): __itt_sync_acquired

788741 : 0x2dd4fafefe077a : 2 : ittapi_config_apply_per_lib :  ITTAPI function NOT instrumented (not matched by --itt-config option): __itt_sync_releasing

788741 : 0x2dd4fafefe1076 : 2 : ittapi_config_apply_per_lib :  ITTAPI function not implemented: __itt_suppress_push
788741 : 0x2dd4fafefe19e1 : 2 : ittapi_config_apply_per_lib :  ITTAPI function not implemented: __itt_suppress_pop
788741 : 0x2dd4fafefe2282 : 2 : ittapi_config_apply_per_lib :  ITTAPI function not implemented: __itt_suppress_mark_range
788741 : 0x2dd4fafefe2b2c : 2 : ittapi_config_apply_per_lib :  ITTAPI function not implemented: __itt_suppress_clear_range
788741 : 0x2dd4fafefe316b : 2 : ittapi_config_apply_per_lib :  ITTAPI function NOT instrumented (not matched by --itt-config option): __itt_sync_prepare

788741 : 0x2dd4fafefe382e : 2 : ittapi_config_apply_per_lib :  ITTAPI function NOT instrumented (not matched by --itt-config option): __itt_sync_cancel

788741 : 0x2dd4fafefe3e7a : 2 : ittapi_config_apply_per_lib :  ITTAPI function NOT instrumented (not matched by --itt-config option): __itt_sync_acquired

788741 : 0x2dd4fafefe5d34 : 2 : ittapi_config_apply_per_lib :  ITTAPI function NOT instrumented (not matched by --itt-config option): __itt_sync_releasing

788741 : 0x2dd4fafefe648e : 2 : ittapi_config_apply_per_lib :  ITTAPI function NOT instrumented (not matched by --itt-config option): __itt_model_site_begin

788741 : 0x2dd4fafefe6b18 : 2 : ittapi_config_apply_per_lib :  ITTAPI function NOT instrumented (not matched by --itt-config option): __itt_model_site_end

788741 : 0x2dd4fafefe72af : 2 : ittapi_config_apply_per_lib :  ITTAPI function NOT instrumented (not matched by --itt-config option): __itt_model_task_begin

788741 : 0x2dd4fafefe795c : 2 : ittapi_config_apply_per_lib :  ITTAPI function NOT instrumented (not matched by --itt-config option): __itt_model_task_end

788741 : 0x2dd4fafefe7fdc : 2 : ittapi_config_apply_per_lib :  ITTAPI function NOT instrumented (not matched by --itt-config option): __itt_model_lock_acquire

788741 : 0x2dd4fafefe86bb : 2 : ittapi_config_apply_per_lib :  ITTAPI function NOT instrumented (not matched by --itt-config option): __itt_model_lock_release

788741 : 0x2dd4fafefe8d5e : 2 : ittapi_config_apply_per_lib :  ITTAPI function NOT instrumented (not matched by --itt-config option): __itt_model_record_allocation

788741 : 0x2dd4fafefe93f0 : 2 : ittapi_config_apply_per_lib :  ITTAPI function NOT instrumented (not matched by --itt-config option): __itt_model_record_deallocation

788741 : 0x2dd4fafefe9ade : 2 : ittapi_config_apply_per_lib :  ITTAPI function NOT instrumented (not matched by --itt-config option): __itt_model_induction_uses

788741 : 0x2dd4fafefecef0 : 2 : ittapi_config_apply_per_lib :  ITTAPI function NOT instrumented (not matched by --itt-config option): __itt_model_reduction_uses

788741 : 0x2dd4fafefed75f : 2 : ittapi_config_apply_per_lib :  ITTAPI function NOT instrumented (not matched by --itt-config option): __itt_model_observe_uses

788741 : 0x2dd4fafefede58 : 2 : ittapi_config_apply_per_lib :  ITTAPI function NOT instrumented (not matched by --itt-config option): __itt_model_clear_uses

788741 : 0x2dd4fafefee4d7 : 2 : ittapi_config_apply_per_lib :  ITTAPI function NOT instrumented (not matched by --itt-config option): __itt_model_site_beginA

788741 : 0x2dd4fafefeeb9f : 2 : ittapi_config_apply_per_lib :  ITTAPI function NOT instrumented (not matched by --itt-config option): __itt_model_site_beginAL

788741 : 0x2dd4fafefef246 : 2 : ittapi_config_apply_per_lib :  ITTAPI function NOT instrumented (not matched by --itt-config option): __itt_model_task_beginA

788741 : 0x2dd4fafefef89c : 2 : ittapi_config_apply_per_lib :  ITTAPI function NOT instrumented (not matched by --itt-config option): __itt_model_task_beginAL

788741 : 0x2dd4fafefeff4d : 2 : ittapi_config_apply_per_lib :  ITTAPI function NOT instrumented (not matched by --itt-config option): __itt_model_iteration_taskA

788741 : 0x2dd4fafeff05b5 : 2 : ittapi_config_apply_per_lib :  ITTAPI function NOT instrumented (not matched by --itt-config option): __itt_model_iteration_taskAL

788741 : 0x2dd4fafeff0c6c : 2 : ittapi_config_apply_per_lib :  ITTAPI function NOT instrumented (not matched by --itt-config option): __itt_model_site_end_2

788741 : 0x2dd4fafeff86d9 : 2 : ittapi_config_apply_per_lib :  ITTAPI function NOT instrumented (not matched by --itt-config option): __itt_model_task_end_2

788741 : 0x2dd4fafeff8fdf : 2 : ittapi_config_apply_per_lib :  ITTAPI function NOT instrumented (not matched by --itt-config option): __itt_model_lock_acquire_2

788741 : 0x2dd4fafeff9719 : 2 : ittapi_config_apply_per_lib :  ITTAPI function NOT instrumented (not matched by --itt-config option): __itt_model_lock_release_2

788741 : 0x2dd4fafeff9e62 : 2 : ittapi_config_apply_per_lib :  ITTAPI function NOT instrumented (not matched by --itt-config option): __itt_model_aggregate_task

788741 : 0x2dd4fafeffa515 : 2 : ittapi_config_apply_per_lib :  ITTAPI function NOT instrumented (not matched by --itt-config option): __itt_model_disable_push

788741 : 0x2dd4fafeffac47 : 2 : ittapi_config_apply_per_lib :  ITTAPI function NOT instrumented (not matched by --itt-config option): __itt_model_disable_pop

788741 : 0x2dd4fafeffb5e1 : 2 : ittapi_config_apply_per_lib :  ITTAPI function instrumented: __itt_heap_function_create
788741 : 0x2dd4fafeffbead : 2 : ittapi_config_apply_per_lib :  ITTAPI function instrumented: __itt_heap_allocate_begin
788741 : 0x2dd4fafeffc6e2 : 2 : ittapi_config_apply_per_lib :  ITTAPI function instrumented: __itt_heap_allocate_end
788741 : 0x2dd4fafeffced7 : 2 : ittapi_config_apply_per_lib :  ITTAPI function instrumented: __itt_heap_free_begin
788741 : 0x2dd4faff000eb1 : 2 : ittapi_config_apply_per_lib :  ITTAPI function instrumented: __itt_heap_free_end
788741 : 0x2dd4faff00188d : 2 : ittapi_config_apply_per_lib :  ITTAPI function instrumented: __itt_heap_reallocate_begin
788741 : 0x2dd4faff002005 : 2 : ittapi_config_apply_per_lib :  ITTAPI function instrumented: __itt_heap_reallocate_end
788741 : 0x2dd4faff002a83 : 2 : ittapi_config_apply_per_lib :  ITTAPI function not implemented: __itt_heap_internal_access_begin
788741 : 0x2dd4faff0033ed : 2 : ittapi_config_apply_per_lib :  ITTAPI function not implemented: __itt_heap_internal_access_end
788741 : 0x2dd4faff003c66 : 2 : ittapi_config_apply_per_lib :  ITTAPI function not implemented: __itt_heap_record_memory_growth_begin
788741 : 0x2dd4faff004528 : 2 : ittapi_config_apply_per_lib :  ITTAPI function not implemented: __itt_heap_record_memory_growth_end
788741 : 0x2dd4faff004de7 : 2 : ittapi_config_apply_per_lib :  ITTAPI function not implemented: __itt_heap_reset_detection
788741 : 0x2dd4faff005708 : 2 : ittapi_config_apply_per_lib :  ITTAPI function not implemented: __itt_heap_record
788741 : 0x2dd4faff006035 : 2 : ittapi_config_apply_per_lib :  ITTAPI function not implemented: __itt_id_create
788741 : 0x2dd4faff008606 : 2 : ittapi_config_apply_per_lib :  ITTAPI function not implemented: __itt_id_destroy
788741 : 0x2dd4faff008eea : 2 : ittapi_config_apply_per_lib :  ITTAPI function instrumented: __itt_get_timestamp
788741 : 0x2dd4faff0097b7 : 2 : ittapi_config_apply_per_lib :  ITTAPI function not implemented: __itt_region_begin
788741 : 0x2dd4faff00a095 : 2 : ittapi_config_apply_per_lib :  ITTAPI function not implemented: __itt_region_end
788741 : 0x2dd4faff00a971 : 2 : ittapi_config_apply_per_lib :  ITTAPI function instrumented: __itt_frame_begin_v3
788741 : 0x2dd4faff00b1c0 : 2 : ittapi_config_apply_per_lib :  ITTAPI function instrumented: __itt_frame_end_v3
788741 : 0x2dd4faff00b9a2 : 2 : ittapi_config_apply_per_lib :  ITTAPI function instrumented: __itt_frame_submit_v3
788741 : 0x2dd4faff00c071 : 2 : ittapi_config_apply_per_lib :  ITTAPI function NOT instrumented (not matched by --itt-config option): __itt_task_group

788741 : 0x2dd4faff00c804 : 2 : ittapi_config_apply_per_lib :  ITTAPI function NOT instrumented (not matched by --itt-config option): __itt_task_begin

788741 : 0x2dd4faff00cec5 : 2 : ittapi_config_apply_per_lib :  ITTAPI function NOT instrumented (not matched by --itt-config option): __itt_task_begin_fn

788741 : 0x2dd4faff00ef92 : 2 : ittapi_config_apply_per_lib :  ITTAPI function NOT instrumented (not matched by --itt-config option): __itt_task_end

788741 : 0x2dd4faff00f76e : 2 : ittapi_config_apply_per_lib :  ITTAPI function NOT instrumented (not matched by --itt-config option): __itt_counter_inc_v3

788741 : 0x2dd4faff00fe89 : 2 : ittapi_config_apply_per_lib :  ITTAPI function NOT instrumented (not matched by --itt-config option): __itt_counter_inc_delta_v3

788741 : 0x2dd4faff010548 : 2 : ittapi_config_apply_per_lib :  ITTAPI function NOT instrumented (not matched by --itt-config option): __itt_counter_dec_v3

788741 : 0x2dd4faff010c3b : 2 : ittapi_config_apply_per_lib :  ITTAPI function NOT instrumented (not matched by --itt-config option): __itt_counter_dec_delta_v3

788741 : 0x2dd4faff01157f : 2 : ittapi_config_apply_per_lib :  ITTAPI function not implemented: __itt_marker
788741 : 0x2dd4faff011d98 : 2 : ittapi_config_apply_per_lib :  ITTAPI function instrumented: __itt_metadata_add
788741 : 0x2dd4faff012662 : 2 : ittapi_config_apply_per_lib :  ITTAPI function not implemented: __itt_metadata_str_add
788741 : 0x2dd4faff012f1e : 2 : ittapi_config_apply_per_lib :  ITTAPI function not implemented: __itt_relation_add_to_current
788741 : 0x2dd4faff0137af : 2 : ittapi_config_apply_per_lib :  ITTAPI function not implemented: __itt_relation_add
788741 : 0x2dd4faff01589b : 2 : ittapi_config_apply_per_lib :  ITTAPI function instrumented: __itt_event_create
788741 : 0x2dd4faff015fb0 : 2 : ittapi_config_apply_per_lib :  ITTAPI function NOT instrumented (not matched by --itt-config option): __itt_event_start

788741 : 0x2dd4faff016727 : 2 : ittapi_config_apply_per_lib :  ITTAPI function NOT instrumented (not matched by --itt-config option): __itt_event_end

788741 : 0x2dd4faff016df2 : 2 : ittapi_config_apply_per_lib :  ITTAPI function NOT instrumented (not matched by --itt-config option): __itt_sync_set_name

788741 : 0x2dd4faff017504 : 2 : ittapi_config_apply_per_lib :  ITTAPI function NOT instrumented (not matched by --itt-config option): __itt_notify_sync_name

788741 : 0x2dd4faff017c02 : 2 : ittapi_config_apply_per_lib :  ITTAPI function NOT instrumented (not matched by --itt-config option): __itt_notify_sync_prepare

788741 : 0x2dd4faff0182a8 : 2 : ittapi_config_apply_per_lib :  ITTAPI function NOT instrumented (not matched by --itt-config option): __itt_notify_sync_cancel

788741 : 0x2dd4faff0189d7 : 2 : ittapi_config_apply_per_lib :  ITTAPI function NOT instrumented (not matched by --itt-config option): __itt_notify_sync_acquired

788741 : 0x2dd4faff0190d0 : 2 : ittapi_config_apply_per_lib :  ITTAPI function NOT instrumented (not matched by --itt-config option): __itt_notify_sync_releasing

788741 : 0x2dd4faff019995 : 2 : ittapi_config_apply_per_lib :  ITTAPI function not implemented: __itt_memory_read
788741 : 0x2dd4faff01c8d3 : 2 : ittapi_config_apply_per_lib :  ITTAPI function not implemented: __itt_memory_write
788741 : 0x2dd4faff01d321 : 2 : ittapi_config_apply_per_lib :  ITTAPI function not implemented: __itt_memory_update
788741 : 0x2dd4faff01dc02 : 2 : ittapi_config_apply_per_lib :  ITTAPI function not implemented: __itt_state_get
788741 : 0x2dd4faff01e3e9 : 2 : ittapi_config_apply_per_lib :  ITTAPI function not implemented: __itt_state_set
788741 : 0x2dd4faff01ec34 : 2 : ittapi_config_apply_per_lib :  ITTAPI function not implemented: __itt_obj_mode_set
788741 : 0x2dd4faff01f4cd : 2 : ittapi_config_apply_per_lib :  ITTAPI function not implemented: __itt_thr_mode_set
788741 : 0x2dd4faff01fccf : 2 : ittapi_config_apply_per_lib :  ITTAPI function instrumented: __itt_frame_create
788741 : 0x2dd4faff02049f : 2 : ittapi_config_apply_per_lib :  ITTAPI function instrumented: __itt_pt_region_create
788741 : 0x2dd4faff020c87 : 2 : ittapi_config_apply_per_lib :  ITTAPI function instrumented: __itt_frame_begin
788741 : 0x2dd4faff021557 : 2 : ittapi_config_apply_per_lib :  ITTAPI function instrumented: __itt_frame_end
788741 : 0x2dd4faff023719 : 2 : ittapi_config_apply_per_lib :  ITTAPI function NOT instrumented (not matched by --itt-config option): __itt_counter_destroy

788741 : 0x2dd4faff023ecb : 2 : ittapi_config_apply_per_lib :  ITTAPI function NOT instrumented (not matched by --itt-config option): __itt_counter_inc

788741 : 0x2dd4faff0245aa : 2 : ittapi_config_apply_per_lib :  ITTAPI function NOT instrumented (not matched by --itt-config option): __itt_counter_inc_delta

788741 : 0x2dd4faff024ccc : 2 : ittapi_config_apply_per_lib :  ITTAPI function NOT instrumented (not matched by --itt-config option): __itt_counter_dec

788741 : 0x2dd4faff0253ca : 2 : ittapi_config_apply_per_lib :  ITTAPI function NOT instrumented (not matched by --itt-config option): __itt_counter_dec_delta

788741 : 0x2dd4faff025a5d : 2 : ittapi_config_apply_per_lib :  ITTAPI function NOT instrumented (not matched by --itt-config option): __itt_counter_set_value

788741 : 0x2dd4faff026158 : 2 : ittapi_config_apply_per_lib :  ITTAPI function NOT instrumented (not matched by --itt-config option): __itt_counter_set_value_ex

788741 : 0x2dd4faff0269c7 : 2 : ittapi_config_apply_per_lib :  ITTAPI function not implemented: __itt_mark_create
788741 : 0x2dd4faff027452 : 2 : ittapi_config_apply_per_lib :  ITTAPI function not implemented: __itt_mark
788741 : 0x2dd4faff027d89 : 2 : ittapi_config_apply_per_lib :  ITTAPI function not implemented: __itt_mark_off
788741 : 0x2dd4faff029ffa : 2 : ittapi_config_apply_per_lib :  ITTAPI function not implemented: __itt_mark_global
788741 : 0x2dd4faff02a89e : 2 : ittapi_config_apply_per_lib :  ITTAPI function not implemented: __itt_mark_global_off
788741 : 0x2dd4faff02b029 : 2 : ittapi_config_apply_per_lib :  ITTAPI function NOT instrumented (not matched by --itt-config option): __itt_stack_caller_create

788741 : 0x2dd4faff02b712 : 2 : ittapi_config_apply_per_lib :  ITTAPI function NOT instrumented (not matched by --itt-config option): __itt_stack_caller_destroy

788741 : 0x2dd4faff02be82 : 2 : ittapi_config_apply_per_lib :  ITTAPI function NOT instrumented (not matched by --itt-config option): __itt_stack_callee_enter

788741 : 0x2dd4faff02c569 : 2 : ittapi_config_apply_per_lib :  ITTAPI function NOT instrumented (not matched by --itt-config option): __itt_stack_callee_leave

788741 : 0x2dd4faff02cd6f : 2 : ittapi_config_apply_per_lib :  ITTAPI function not implemented: __itt_clock_domain_create
788741 : 0x2dd4faff02d665 : 2 : ittapi_config_apply_per_lib :  ITTAPI function not implemented: __itt_clock_domain_reset
788741 : 0x2dd4faff02df2e : 2 : ittapi_config_apply_per_lib :  ITTAPI function not implemented: __itt_id_create_ex
788741 : 0x2dd4faff02e76f : 2 : ittapi_config_apply_per_lib :  ITTAPI function not implemented: __itt_id_destroy_ex
788741 : 0x2dd4faff03145b : 2 : ittapi_config_apply_per_lib :  ITTAPI function NOT instrumented (not matched by --itt-config option): __itt_task_begin_ex

788741 : 0x2dd4faff031bfa : 2 : ittapi_config_apply_per_lib :  ITTAPI function NOT instrumented (not matched by --itt-config option): __itt_task_begin_fn_ex

788741 : 0x2dd4faff0322ff : 2 : ittapi_config_apply_per_lib :  ITTAPI function NOT instrumented (not matched by --itt-config option): __itt_task_end_ex

788741 : 0x2dd4faff03299a : 2 : ittapi_config_apply_per_lib :  ITTAPI function NOT instrumented (not matched by --itt-config option): __itt_task_begin_overlapped

788741 : 0x2dd4faff03304a : 2 : ittapi_config_apply_per_lib :  ITTAPI function NOT instrumented (not matched by --itt-config option): __itt_task_begin_overlapped_ex

788741 : 0x2dd4faff033720 : 2 : ittapi_config_apply_per_lib :  ITTAPI function NOT instrumented (not matched by --itt-config option): __itt_task_end_overlapped

788741 : 0x2dd4faff033da6 : 2 : ittapi_config_apply_per_lib :  ITTAPI function NOT instrumented (not matched by --itt-config option): __itt_task_end_overlapped_ex

788741 : 0x2dd4faff0346de : 2 : ittapi_config_apply_per_lib :  ITTAPI function not implemented: __itt_marker_ex
788741 : 0x2dd4faff034fc5 : 2 : ittapi_config_apply_per_lib :  ITTAPI function not implemented: __itt_metadata_add_with_scope
788741 : 0x2dd4faff0358a8 : 2 : ittapi_config_apply_per_lib :  ITTAPI function not implemented: __itt_metadata_str_add_with_scope
788741 : 0x2dd4faff037bc0 : 2 : ittapi_config_apply_per_lib :  ITTAPI function not implemented: __itt_relation_add_to_current_ex
788741 : 0x2dd4faff038546 : 2 : ittapi_config_apply_per_lib :  ITTAPI function not implemented: __itt_relation_add_ex
788741 : 0x2dd4faff038da2 : 2 : ittapi_config_apply_per_lib :  ITTAPI function not implemented: __itt_track_group_create
788741 : 0x2dd4faff039562 : 2 : ittapi_config_apply_per_lib :  ITTAPI function not implemented: __itt_track_create
788741 : 0x2dd4faff039df5 : 2 : ittapi_config_apply_per_lib :  ITTAPI function not implemented: __itt_set_track
788741 : 0x2dd4faff03a5ed : 2 : ittapi_config_apply_per_lib :  ITTAPI function instrumented: __itt_api_version
788741 : 0x2dd4faff03ae8e : 2 : ittapi_config_apply_per_lib :  ITTAPI function not implemented: __itt_av_save
788741 : 0x2dd4faff03b6d8 : 2 : ittapi_config_apply_per_lib :  ITTAPI function instrumented: __itt_module_load
788741 : 0x2dd4faff03bf76 : 2 : ittapi_config_apply_per_lib :  ITTAPI function not implemented: __itt_module_unload