
783687 : 0x2dd47359c84be6 : 1 : spill_jit_data :  Jit agent is not initialized
783687 : 0x2dd4735a394d41 : 2 : ittapi_config_mask_get :  --itt-config mask to be applied: 1
783687 : 0x2dd4735a396b4d : 2 : ittapi_config_apply_per_lib :  ITTAPI function instrumented: __itt_domain_create
783687 : 0x2dd4735a3975a3 : 2 : ittapi_config_apply_per_lib :  ITTAPI function instrumented: __itt_module_load_with_sections
783687 : 0x2dd4735a398477 : 2 : ittapi_config_apply_per_lib :  ITTAPI function not implemented: __itt_module_unload_with_sections
783687 : 0x2dd4735a398f48 : 2 : ittapi_config_apply_per_lib :  ITTAPI function instrumented: __itt_string_handle_create
783687 : 0x2dd4735a3996e9 : 2 : ittapi_config_apply_per_lib :  ITTAPI function instrumented: __itt_counter_create
783687 : 0x2dd4735a399f0b : 2 : ittapi_config_apply_per_lib :  ITTAPI function instrumented: __itt_counter_create_typed
783687 : 0x2dd4735a39a6d0 : 2 : ittapi_config_apply_per_lib :  ITTAPI function instrumented: __itt_pause
783687 : 0x2dd4735a39af58 : 2 : ittapi_config_apply_per_lib :  ITTAPI function instrumented: __itt_resume
783687 : 0x2dd4735a3af923 : 2 : ittapi_config_apply_per_lib :  ITTAPI function instrumented: __itt_thread_set_name
783687 : 0x2dd4735a3b0501 : 2 : ittapi_config_apply_per_lib :  ITTAPI function instrumented: __itt_thread_ignore
783687 : 0x2dd4735a3b0d98 : 2 : ittapi_config_apply_per_lib :  ITTAPI function instrumented: __itt_thr_name_set
783687 : 0x2dd4735a3b1632 : 2 : ittapi_config_apply_per_lib :  ITTAPI function instrumented: __itt_thr_ignore
783687 : 0x2dd4735a3b20ef : 2 : ittapi_config_apply_per_lib :  ITTAPI function not implemented: __itt_enable_attach
783687 : 0x2dd4735a3b29ca : 2 : ittapi_config_apply_per_lib :  ITTAPI function instrumented: __itt_detach
783687 : 0x2dd4735a3b3096 : 2 : ittapi_config_apply_per_lib :  ITTAPI function NOT instrumented (not matched by --itt-config option): __itt_sync_create

783687 : 0x2dd4735a3b387c : 2 : ittapi_config_apply_per_lib :  ITTAPI function NOT instrumented (not matched by --itt-config option): __itt_sync_rename

783687 : 0x2dd4735a3b3ee9 : 2 : ittapi_config_apply_per_lib :  ITTAPI function NOT instrumented (not matched by --itt-config option): __itt_sync_destroy

783687 : 0x2dd4735a3b4573 : 2 : ittapi_config_apply_per_lib :  ITTAPI function NOT instrumented (not matched by --itt-config option): __itt_sync_prepare

783687 : 0x2dd4735a3b72c8 : 2 : ittapi_config_apply_per_lib :  ITTAPI function NOT instrumented (not matched by --itt-config option): __itt_sync_cancel

783687 : 0x2dd4735a3b7a31 : 2 : ittapi_config_apply_per_lib :  ITTAPI function NOT instrumented (not matched by --itt-config option): __itt_sync_acquired

783687 : 0x2dd4735a3b8133 : 2 : ittapi_config_apply_per_lib :  ITTAPI function NOT instrumented (not matched by --itt-config option): __itt_sync_releasing

783687 : 0x2dd4735a3b8b01 : 2 : ittapi_config_apply_per_lib :  ITTAPI function not implemented: __itt_suppress_push
783687 : 0x2dd4735a3b94d2 : 2 : ittapi_config_apply_per_lib :  ITTAPI function not implemented: __itt_suppress_pop
783687 : 0x2dd4735a3b9d65 : 2 : ittapi_config_apply_per_lib :  ITTAPI function not implemented: __itt_suppress_mark_range
783687 : 0x2dd4735a3ba6ca : 2 : ittapi_config_apply_per_lib :  ITTAPI function not implemented: __itt_suppress_clear_range
783687 : 0x2dd4735a3bad38 : 2 : ittapi_config_apply_per_lib :  ITTAPI function NOT instrumented (not matched by --itt-config option): __itt_sync_prepare

783687 : 0x2dd4735a3bb3cc : 2 : ittapi_config_apply_per_lib :  ITTAPI function NOT instrumented (not matched by --itt-config option): __itt_sync_cancel

783687 : 0x2dd4735a3bba14 : 2 : ittapi_config_apply_per_lib :  ITTAPI function NOT instrumented (not matched by --itt-config option): __itt_sync_acquired

783687 : 0x2dd4735a3bda72 : 2 : ittapi_config_apply_per_lib :  ITTAPI function NOT instrumented (not matched by --itt-config option): __itt_sync_releasing

783687 : 0x2dd4735a3be1e0 : 2 : ittapi_config_apply_per_lib :  ITTAPI function NOT instrumented (not matched by --itt-config option): __itt_model_site_begin

783687 : 0x2dd4735a3be881 : 2 : ittapi_config_apply_per_lib :  ITTAPI function NOT instrumented (not matched by --itt-config option): __itt_model_site_end

783687 : 0x2dd4735a3befe6 : 2 : ittapi_config_apply_per_lib :  ITTAPI function NOT instrumented (not matched by --itt-config option): __itt_model_task_begin

783687 : 0x2dd4735a3bf6a2 : 2 : ittapi_config_apply_per_lib :  ITTAPI function NOT instrumented (not matched by --itt-config option): __itt_model_task_end

783687 : 0x2dd4735a3bfd38 : 2 : ittapi_config_apply_per_lib :  ITTAPI function NOT instrumented (not matched by --itt-config option): __itt_model_lock_acquire

783687 : 0x2dd4735a3c042d : 2 : ittapi_config_apply_per_lib :  ITTAPI function NOT instrumented (not matched by --itt-config option): __itt_model_lock_release

783687 : 0x2dd4735a3c0adf : 2 : ittapi_config_apply_per_lib :  ITTAPI function NOT instrumented (not matched by --itt-config option): __itt_model_record_allocation

783687 : 0x2dd4735a3c1163 : 2 : ittapi_config_apply_per_lib :  ITTAPI function NOT instrumented (not matched by --itt-config option): __itt_model_record_deallocation

783687 : 0x2dd4735a3c1816 : 2 : ittapi_config_apply_per_lib :  ITTAPI function NOT instrumented (not matched by --itt-config option): __itt_model_induction_uses

783687 : 0x2dd4735a3c4ea2 : 2 : ittapi_config_apply_per_lib :  ITTAPI function NOT instrumented (not matched by --itt-config option): __itt_model_reduction_uses

783687 : 0x2dd4735a3c578e : 2 : ittapi_config_apply_per_lib :  ITTAPI function NOT instrumented (not matched by --itt-config option): __itt_model_observe_uses

783687 : 0x2dd4735a3c5ea2 : 2 : ittapi_config_apply_per_lib :  ITTAPI function NOT instrumented (not matched by --itt-config option): __itt_model_clear_uses

783687 : 0x2dd4735a3c6517 : 2 : ittapi_config_apply_per_lib :  ITTAPI function NOT instrumented (not matched by --itt-config option): __itt_model_site_beginA

783687 : 0x2dd4735a3c6be7 : 2 : ittapi_config_apply_per_lib :  ITTAPI function NOT instrumented (not matched by --itt-config option): __itt_model_site_beginAL

783687 : 0x2dd4735a3c7269 : 2 : ittapi_config_apply_per_lib :  ITTAPI function NOT instrumented (not matched by --itt-config option): __itt_model_task_beginA

783687 : 0x2dd4735a3c78b3 : 2 : ittapi_config_apply_per_lib :  ITTAPI function NOT instrumented (not matched by --itt-config option): __itt_model_task_beginAL

783687 : 0x2dd4735a3c7f88 : 2 : ittapi_config_apply_per_lib :  ITTAPI function NOT instrumented (not matched by --itt-config option): __itt_model_iteration_taskA

783687 : 0x2dd4735a3c8643 : 2 : ittapi_config_apply_per_lib :  ITTAPI function NOT instrumented (not matched by --itt-config option): __itt_model_iteration_taskAL

783687 : 0x2dd4735a3c8ce4 : 2 : ittapi_config_apply_per_lib :  ITTAPI function NOT instrumented (not matched by --itt-config option): __itt_model_site_end_2

783687 : 0x2dd4735a3cac60 : 2 : ittapi_config_apply_per_lib :  ITTAPI function NOT instrumented (not matched by --itt-config option): __itt_model_task_end_2

783687 : 0x2dd4735a3cb312 : 2 : ittapi_config_apply_per_lib :  ITTAPI function NOT instrumented (not matched by --itt-config option): __itt_model_lock_acquire_2

783687 : 0x2dd4735a3cb9d2 : 2 : ittapi_config_apply_per_lib :  ITTAPI function NOT instrumented (not matched by --itt-config option): __itt_model_lock_release_2

783687 : 0x2dd4735a3cc0a2 : 2 : ittapi_config_apply_per_lib :  ITTAPI function NOT instrumented (not matched by --itt-config option): __itt_model_aggregate_task

783687 : 0x2dd4735a3cc6de : 2 : ittapi_config_apply_per_lib :  ITTAPI function NOT instrumented (not matched by --itt-config option): __itt_model_disable_push

783687 : 0x2dd4735a3ccd83 : 2 : ittapi_config_apply_per_lib :  ITTAPI function NOT instrumented (not matched by --itt-config option): __itt_model_disable_pop

783687 : 0x2dd4735a3cd630 : 2 : ittapi_config_apply_per_lib :  ITTAPI function instrumented: __itt_heap_function_create
783687 : 0x2dd4735a3cdedf : 2 : ittapi_config_apply_per_lib :  ITTAPI function instrumented: __itt_heap_allocate_begin
783687 : 0x2dd4735a3ce6b5 : 2 : ittapi_config_apply_per_lib :  ITTAPI function instrumented: __itt_heap_allocate_end
783687 : 0x2dd4735a3cee46 : 2 : ittapi_config_apply_per_lib :  ITTAPI function instrumented: __itt_heap_free_begin
783687 : 0x2dd4735a3d27fa : 2 : ittapi_config_apply_per_lib :  ITTAPI function instrumented: __itt_heap_free_end
783687 : 0x2dd4735a3d3125 : 2 : ittapi_config_apply_per_lib :  ITTAPI function instrumented: __itt_heap_reallocate_begin
783687 : 0x2dd4735a3d384c : 2 : ittapi_config_apply_per_lib :  ITTAPI function instrumented: __itt_heap_reallocate_end
783687 : 0x2dd4735a3d4315 : 2 : ittapi_config_apply_per_lib :  ITTAPI function not implemented: __itt_heap_internal_access_begin
783687 : 0x2dd4735a3d4c29 : 2 : ittapi_config_apply_per_lib :  ITTAPI function not implemented: __itt_heap_internal_access_end
783687 : 0x2dd4735a3d540c : 2 : ittapi_config_apply_per_lib :  ITTAPI function not implemented: __itt_heap_record_memory_growth_begin
783687 : 0x2dd4735a3d5c29 : 2 : ittapi_config_apply_per_lib :  ITTAPI function not implemented: __itt_heap_record_memory_growth_end
783687 : 0x2dd4735a3d644b : 2 : ittapi_config_apply_per_lib :  ITTAPI function not implemented: __itt_heap_reset_detection
783687 : 0x2dd4735a3d6d14 : 2 : ittapi_config_apply_per_lib :  ITTAPI function not implemented: __itt_heap_record
783687 : 0x2dd4735a3d7619 : 2 : ittapi_config_apply_per_lib :  ITTAPI function not implemented: __itt_id_create
783687 : 0x2dd4735a3d9cda : 2 : ittapi_config_apply_per_lib :  ITTAPI function not implemented: __itt_id_destroy
783687 : 0x2dd4735a3da593 : 2 : ittapi_config_apply_per_lib :  ITTAPI function instrumented: __itt_get_timestamp
783687 : 0x2dd4735a3dadf1 : 2 : ittapi_config_apply_per_lib :  ITTAPI function not implemented: __itt_region_begin
783687 : 0x2dd4735a3db668 : 2 : ittapi_config_apply_per_lib :  ITTAPI function not implemented: __itt_region_end
783687 : 0x2dd4735a3dbf20 : 2 : ittapi_config_apply_per_lib :  ITTAPI function instrumented: __itt_frame_begin_v3
783687 : 0x2dd4735a3dc6cd : 2 : ittapi_config_apply_per_lib :  ITTAPI function instrumented: __itt_frame_end_v3
783687 : 0x2dd4735a3dcea2 : 2 : ittapi_config_apply_per_lib :  ITTAPI function instrumented: __itt_frame_submit_v3
783687 : 0x2dd4735a3dd505 : 2 : ittapi_config_apply_per_lib :  ITTAPI function NOT instrumented (not matched by --itt-config option): __itt_task_group

783687 : 0x2dd4735a3ddc08 : 2 : ittapi_config_apply_per_lib :  ITTAPI function NOT instrumented (not matched by --itt-config option): __itt_task_begin

783687 : 0x2dd4735a3de252 : 2 : ittapi_config_apply_per_lib :  ITTAPI function NOT instrumented (not matched by --itt-config option): __itt_task_begin_fn

783687 : 0x2dd4735a3e0208 : 2 : ittapi_config_apply_per_lib :  ITTAPI function NOT instrumented (not matched by --itt-config option): __itt_task_end

783687 : 0x2dd4735a3e098b : 2 : ittapi_config_apply_per_lib :  ITTAPI function NOT instrumented (not matched by --itt-config option): __itt_counter_inc_v3

783687 : 0x2dd4735a3e1029 : 2 : ittapi_config_apply_per_lib :  ITTAPI function NOT instrumented (not matched by --itt-config option): __itt_counter_inc_delta_v3

783687 : 0x2dd4735a3e1682 : 2 : ittapi_config_apply_per_lib :  ITTAPI function NOT instrumented (not matched by --itt-config option): __itt_counter_dec_v3

783687 : 0x2dd4735a3e1d0f : 2 : ittapi_config_apply_per_lib :  ITTAPI function NOT instrumented (not matched by --itt-config option): __itt_counter_dec_delta_v3

783687 : 0x2dd4735a3e25f4 : 2 : ittapi_config_apply_per_lib :  ITTAPI function not implemented: __itt_marker
783687 : 0x2dd4735a3e2ddf : 2 : ittapi_config_apply_per_lib :  ITTAPI function instrumented: __itt_metadata_add
783687 : 0x2dd4735a3e3607 : 2 : ittapi_config_apply_per_lib :  ITTAPI function not implemented: __itt_metadata_str_add
783687 : 0x2dd4735a3e3e27 : 2 : ittapi_config_apply_per_lib :  ITTAPI function not implemented: __itt_relation_add_to_current
783687 : 0x2dd4735a3e4638 : 2 : ittapi_config_apply_per_lib :  ITTAPI function not implemented: __itt_relation_add
783687 : 0x2dd4735a3e6656 : 2 : ittapi_config_apply_per_lib :  ITTAPI function instrumented: __itt_event_create
783687 : 0x2dd4735a3e6d2a : 2 : ittapi_config_apply_per_lib :  ITTAPI function NOT instrumented (not matched by --itt-config option): __itt_event_start

783687 : 0x2dd4735a3e73d7 : 2 : ittapi_config_apply_per_lib :  ITTAPI function NOT instrumented (not matched by --itt-config option): __itt_event_end

783687 : 0x2dd4735a3e7a1d : 2 : ittapi_config_apply_per_lib :  ITTAPI function NOT instrumented (not matched by --itt-config option): __itt_sync_set_name

783687 : 0x2dd4735a3e808d : 2 : ittapi_config_apply_per_lib :  ITTAPI function NOT instrumented (not matched by --itt-config option): __itt_notify_sync_name

783687 : 0x2dd4735a3e872b : 2 : ittapi_config_apply_per_lib :  ITTAPI function NOT instrumented (not matched by --itt-config option): __itt_notify_sync_prepare

783687 : 0x2dd4735a3e8d98 : 2 : ittapi_config_apply_per_lib :  ITTAPI function NOT instrumented (not matched by --itt-config option): __itt_notify_sync_cancel

783687 : 0x2dd4735a3e9437 : 2 : ittapi_config_apply_per_lib :  ITTAPI function NOT instrumented (not matched by --itt-config option): __itt_notify_sync_acquired

783687 : 0x2dd4735a3e9aa1 : 2 : ittapi_config_apply_per_lib :  ITTAPI function NOT instrumented (not matched by --itt-config option): __itt_notify_sync_releasing

783687 : 0x2dd4735a3ea2d1 : 2 : ittapi_config_apply_per_lib :  ITTAPI function not implemented: __itt_memory_read
783687 : 0x2dd4735a3ed4cf : 2 : ittapi_config_apply_per_lib :  ITTAPI function not implemented: __itt_memory_write
783687 : 0x2dd4735a3ede2e : 2 : ittapi_config_apply_per_lib :  ITTAPI function not implemented: __itt_memory_update
783687 : 0x2dd4735a3ee660 : 2 : ittapi_config_apply_per_lib :  ITTAPI function not implemented: __itt_state_get
783687 : 0x2dd4735a3eee05 : 2 : ittapi_config_apply_per_lib :  ITTAPI function not implemented: __itt_state_set
783687 : 0x2dd4735a3ef5b3 : 2 : ittapi_config_apply_per_lib :  ITTAPI function not implemented: __itt_obj_mode_set
783687 : 0x2dd4735a3efd7d : 2 : ittapi_config_apply_per_lib :  ITTAPI function not implemented: __itt_thr_mode_set
783687 : 0x2dd4735a3f04cd : 2 : ittapi_config_apply_per_lib :  ITTAPI function instrumented: __itt_frame_create
783687 : 0x2dd4735a3f0c58 : 2 : ittapi_config_apply_per_lib :  ITTAPI function instrumented: __itt_pt_region_create
783687 : 0x2dd4735a3f13e1 : 2 : ittapi_config_apply_per_lib :  ITTAPI function instrumented: __itt_frame_begin
783687 : 0x2dd4735a3f1be3 : 2 : ittapi_config_apply_per_lib :  ITTAPI function instrumented: __itt_frame_end
783687 : 0x2dd4735a3f3ccd : 2 : ittapi_config_apply_per_lib :  ITTAPI function NOT instrumented (not matched by --itt-config option): __itt_counter_destroy

783687 : 0x2dd4735a3f43fa : 2 : ittapi_config_apply_per_lib :  ITTAPI function NOT instrumented (not matched by --itt-config option): __itt_counter_inc

783687 : 0x2dd4735a3f4a4a : 2 : ittapi_config_apply_per_lib :  ITTAPI function NOT instrumented (not matched by --itt-config option): __itt_counter_inc_delta

783687 : 0x2dd4735a3f5107 : 2 : ittapi_config_apply_per_lib :  ITTAPI function NOT instrumented (not matched by --itt-config option): __itt_counter_dec

783687 : 0x2dd4735a3f578d : 2 : ittapi_config_apply_per_lib :  ITTAPI function NOT instrumented (not matched by --itt-config option): __itt_counter_dec_delta

783687 : 0x2dd4735a3f5dc0 : 2 : ittapi_config_apply_per_lib :  ITTAPI function NOT instrumented (not matched by --itt-config option): __itt_counter_set_value

783687 : 0x2dd4735a3f64b6 : 2 : ittapi_config_apply_per_lib :  ITTAPI function NOT instrumented (not matched by --itt-config option): __itt_counter_set_value_ex

783687 : 0x2dd4735a3f6d33 : 2 : ittapi_config_apply_per_lib :  ITTAPI function not implemented: __itt_mark_create
783687 : 0x2dd4735a3f7700 : 2 : ittapi_config_apply_per_lib :  ITTAPI function not implemented: __itt_mark
783687 : 0x2dd4735a3f7ff9 : 2 : ittapi_config_apply_per_lib :  ITTAPI function not implemented: __itt_mark_off
783687 : 0x2dd4735a3fa0d2 : 2 : ittapi_config_apply_per_lib :  ITTAPI function not implemented: __itt_mark_global
783687 : 0x2dd4735a3fa960 : 2 : ittapi_config_apply_per_lib :  ITTAPI function not implemented: __itt_mark_global_off
783687 : 0x2dd4735a3fb0be : 2 : ittapi_config_apply_per_lib :  ITTAPI function NOT instrumented (not matched by --itt-config option): __itt_stack_caller_create

783687 : 0x2dd4735a3fb72b : 2 : ittapi_config_apply_per_lib :  ITTAPI function NOT instrumented (not matched by --itt-config option): __itt_stack_caller_destroy

783687 : 0x2dd4735a3fbe4a : 2 : ittapi_config_apply_per_lib :  ITTAPI function NOT instrumented (not matched by --itt-config option): __itt_stack_callee_enter

783687 : 0x2dd4735a3fc4af : 2 : ittapi_config_apply_per_lib :  ITTAPI function NOT instrumented (not matched by --itt-config option): __itt_stack_callee_leave

783687 : 0x2dd4735a3fcc26 : 2 : ittapi_config_apply_per_lib :  ITTAPI function not implemented: __itt_clock_domain_create
783687 : 0x2dd4735a3fd47d : 2 : ittapi_config_apply_per_lib :  ITTAPI function not implemented: __itt_clock_domain_reset
783687 : 0x2dd4735a3fdc7e : 2 : ittapi_config_apply_per_lib :  ITTAPI function not implemented: __itt_id_create_ex
783687 : 0x2dd4735a3fe40d : 2 : ittapi_config_apply_per_lib :  ITTAPI function not implemented: __itt_id_destroy_ex
783687 : 0x2dd4735a4011e7 : 2 : ittapi_config_apply_per_lib :  ITTAPI function NOT instrumented (not matched by --itt-config option): __itt_task_begin_ex

783687 : 0x2dd4735a40191d : 2 : ittapi_config_apply_per_lib :  ITTAPI function NOT instrumented (not matched by --itt-config option): __itt_task_begin_fn_ex

783687 : 0x2dd4735a401f68 : 2 : ittapi_config_apply_per_lib :  ITTAPI function NOT instrumented (not matched by --itt-config option): __itt_task_end_ex

783687 : 0x2dd4735a4025d3 : 2 : ittapi_config_apply_per_lib :  ITTAPI function NOT instrumented (not matched by --itt-config option): __itt_task_begin_overlapped

783687 : 0x2dd4735a402c34 : 2 : ittapi_config_apply_per_lib :  ITTAPI function NOT instrumented (not matched by --itt-config option): __itt_task_begin_overlapped_ex

783687 : 0x2dd4735a40322b : 2 : ittapi_config_apply_per_lib :  ITTAPI function NOT instrumented (not matched by --itt-config option): __itt_task_end_overlapped

783687 : 0x2dd4735a40381d : 2 : ittapi_config_apply_per_lib :  ITTAPI function NOT instrumented (not matched by --itt-config option): __itt_task_end_overlapped_ex

783687 : 0x2dd4735a404176 : 2 : ittapi_config_apply_per_lib :  ITTAPI function not implemented: __itt_marker_ex
783687 : 0x2dd4735a404a1a : 2 : ittapi_config_apply_per_lib :  ITTAPI function not implemented: __itt_metadata_add_with_scope
783687 : 0x2dd4735a405207 : 2 : ittapi_config_apply_per_lib :  ITTAPI function not implemented: __itt_metadata_str_add_with_scope
783687 : 0x2dd4735a40747f : 2 : ittapi_config_apply_per_lib :  ITTAPI function not implemented: __itt_relation_add_to_current_ex
783687 : 0x2dd4735a407d52 : 2 : ittapi_config_apply_per_lib :  ITTAPI function not implemented: __itt_relation_add_ex
783687 : 0x2dd4735a40850b : 2 : ittapi_config_apply_per_lib :  ITTAPI function not implemented: __itt_track_group_create
783687 : 0x2dd4735a408c45 : 2 : ittapi_config_apply_per_lib :  ITTAPI function not implemented: __itt_track_create
783687 : 0x2dd4735a409470 : 2 : ittapi_config_apply_per_lib :  ITTAPI function not implemented: __itt_set_track
783687 : 0x2dd4735a409c44 : 2 : ittapi_config_apply_per_lib :  ITTAPI function instrumented: __itt_api_version
783687 : 0x2dd4735a40a462 : 2 : ittapi_config_apply_per_lib :  ITTAPI function not implemented: __itt_av_save
783687 : 0x2dd4735a40ac13 : 2 : ittapi_config_apply_per_lib :  ITTAPI function instrumented: __itt_module_load
783687 : 0x2dd4735a40b449 : 2 : ittapi_config_apply_per_lib :  ITTAPI function not implemented: __itt_module_unload