
788337 : 0x2dd4e94bee0426 : 1 : spill_jit_data :  Jit agent is not initialized
788337 : 0x2dd4e94c0df954 : 2 : ittapi_config_mask_get :  --itt-config mask to be applied: 1
788337 : 0x2dd4e94c0e0ea9 : 2 : ittapi_config_apply_per_lib :  ITTAPI function instrumented: __itt_domain_create
788337 : 0x2dd4e94c0e1888 : 2 : ittapi_config_apply_per_lib :  ITTAPI function instrumented: __itt_module_load_with_sections
788337 : 0x2dd4e94c0e271b : 2 : ittapi_config_apply_per_lib :  ITTAPI function not implemented: __itt_module_unload_with_sections
788337 : 0x2dd4e94c0e7e10 : 2 : ittapi_config_apply_per_lib :  ITTAPI function instrumented: __itt_string_handle_create
788337 : 0x2dd4e94c0e87b4 : 2 : ittapi_config_apply_per_lib :  ITTAPI function instrumented: __itt_counter_create
788337 : 0x2dd4e94c0e8fc6 : 2 : ittapi_config_apply_per_lib :  ITTAPI function instrumented: __itt_counter_create_typed
788337 : 0x2dd4e94c0e97a0 : 2 : ittapi_config_apply_per_lib :  ITTAPI function instrumented: __itt_pause
788337 : 0x2dd4e94c0ea026 : 2 : ittapi_config_apply_per_lib :  ITTAPI function instrumented: __itt_resume
788337 : 0x2dd4e94c0f643c : 2 : ittapi_config_apply_per_lib :  ITTAPI function instrumented: __itt_thread_set_name
788337 : 0x2dd4e94c0f6fcb : 2 : ittapi_config_apply_per_lib :  ITTAPI function instrumented: __itt_thread_ignore
788337 : 0x2dd4e94c0f7848 : 2 : ittapi_config_apply_per_lib :  ITTAPI function instrumented: __itt_thr_name_set
788337 : 0x2dd4e94c0f816d : 2 : ittapi_config_apply_per_lib :  ITTAPI function instrumented: __itt_thr_ignore
788337 : 0x2dd4e94c0f8ca5 : 2 : ittapi_config_apply_per_lib :  ITTAPI function not implemented: __itt_enable_attach
788337 : 0x2dd4e94c0f9664 : 2 : ittapi_config_apply_per_lib :  ITTAPI function instrumented: __itt_detach
788337 : 0x2dd4e94c0f9dcc : 2 : ittapi_config_apply_per_lib :  ITTAPI function NOT instrumented (not matched by --itt-config option): __itt_sync_create

788337 : 0x2dd4e94c0fa6a1 : 2 : ittapi_config_apply_per_lib :  ITTAPI function NOT instrumented (not matched by --itt-config option): __itt_sync_rename

788337 : 0x2dd4e94c0fad8a : 2 : ittapi_config_apply_per_lib :  ITTAPI function NOT instrumented (not matched by --itt-config option): __itt_sync_destroy

788337 : 0x2dd4e94c0fb45b : 2 : ittapi_config_apply_per_lib :  ITTAPI function NOT instrumented (not matched by --itt-config option): __itt_sync_prepare

788337 : 0x2dd4e94c0fde18 : 2 : ittapi_config_apply_per_lib :  ITTAPI function NOT instrumented (not matched by --itt-config option): __itt_sync_cancel

788337 : 0x2dd4e94c0fe5ba : 2 : ittapi_config_apply_per_lib :  ITTAPI function NOT instrumented (not matched by --itt-config option): __itt_sync_acquired

788337 : 0x2dd4e94c0fec8f : 2 : ittapi_config_apply_per_lib :  ITTAPI function NOT instrumented (not matched by --itt-config option): __itt_sync_releasing

788337 : 0x2dd4e94c0ff698 : 2 : ittapi_config_apply_per_lib :  ITTAPI function not implemented: __itt_suppress_push
788337 : 0x2dd4e94c10018b : 2 : ittapi_config_apply_per_lib :  ITTAPI function not implemented: __itt_suppress_pop
788337 : 0x2dd4e94c100a60 : 2 : ittapi_config_apply_per_lib :  ITTAPI function not implemented: __itt_suppress_mark_range
788337 : 0x2dd4e94c101392 : 2 : ittapi_config_apply_per_lib :  ITTAPI function not implemented: __itt_suppress_clear_range
788337 : 0x2dd4e94c101a5c : 2 : ittapi_config_apply_per_lib :  ITTAPI function NOT instrumented (not matched by --itt-config option): __itt_sync_prepare

788337 : 0x2dd4e94c102152 : 2 : ittapi_config_apply_per_lib :  ITTAPI function NOT instrumented (not matched by --itt-config option): __itt_sync_cancel

788337 : 0x2dd4e94c102829 : 2 : ittapi_config_apply_per_lib :  ITTAPI function NOT instrumented (not matched by --itt-config option): __itt_sync_acquired

788337 : 0x2dd4e94c10485a : 2 : ittapi_config_apply_per_lib :  ITTAPI function NOT instrumented (not matched by --itt-config option): __itt_sync_releasing

788337 : 0x2dd4e94c104fc7 : 2 : ittapi_config_apply_per_lib :  ITTAPI function NOT instrumented (not matched by --itt-config option): __itt_model_site_begin

788337 : 0x2dd4e94c1056d2 : 2 : ittapi_config_apply_per_lib :  ITTAPI function NOT instrumented (not matched by --itt-config option): __itt_model_site_end

788337 : 0x2dd4e94c105ece : 2 : ittapi_config_apply_per_lib :  ITTAPI function NOT instrumented (not matched by --itt-config option): __itt_model_task_begin

788337 : 0x2dd4e94c1065d8 : 2 : ittapi_config_apply_per_lib :  ITTAPI function NOT instrumented (not matched by --itt-config option): __itt_model_task_end

788337 : 0x2dd4e94c106cc1 : 2 : ittapi_config_apply_per_lib :  ITTAPI function NOT instrumented (not matched by --itt-config option): __itt_model_lock_acquire

788337 : 0x2dd4e94c107417 : 2 : ittapi_config_apply_per_lib :  ITTAPI function NOT instrumented (not matched by --itt-config option): __itt_model_lock_release

788337 : 0x2dd4e94c107af8 : 2 : ittapi_config_apply_per_lib :  ITTAPI function NOT instrumented (not matched by --itt-config option): __itt_model_record_allocation

788337 : 0x2dd4e94c108228 : 2 : ittapi_config_apply_per_lib :  ITTAPI function NOT instrumented (not matched by --itt-config option): __itt_model_record_deallocation

788337 : 0x2dd4e94c1089ad : 2 : ittapi_config_apply_per_lib :  ITTAPI function NOT instrumented (not matched by --itt-config option): __itt_model_induction_uses

788337 : 0x2dd4e94c10c9f8 : 2 : ittapi_config_apply_per_lib :  ITTAPI function NOT instrumented (not matched by --itt-config option): __itt_model_reduction_uses

788337 : 0x2dd4e94c10d334 : 2 : ittapi_config_apply_per_lib :  ITTAPI function NOT instrumented (not matched by --itt-config option): __itt_model_observe_uses

788337 : 0x2dd4e94c10dab9 : 2 : ittapi_config_apply_per_lib :  ITTAPI function NOT instrumented (not matched by --itt-config option): __itt_model_clear_uses

788337 : 0x2dd4e94c10e183 : 2 : ittapi_config_apply_per_lib :  ITTAPI function NOT instrumented (not matched by --itt-config option): __itt_model_site_beginA

788337 : 0x2dd4e94c10e8c1 : 2 : ittapi_config_apply_per_lib :  ITTAPI function NOT instrumented (not matched by --itt-config option): __itt_model_site_beginAL

788337 : 0x2dd4e94c10efc1 : 2 : ittapi_config_apply_per_lib :  ITTAPI function NOT instrumented (not matched by --itt-config option): __itt_model_task_beginA

788337 : 0x2dd4e94c10f688 : 2 : ittapi_config_apply_per_lib :  ITTAPI function NOT instrumented (not matched by --itt-config option): __itt_model_task_beginAL

788337 : 0x2dd4e94c10fdba : 2 : ittapi_config_apply_per_lib :  ITTAPI function NOT instrumented (not matched by --itt-config option): __itt_model_iteration_taskA

788337 : 0x2dd4e94c1104dc : 2 : ittapi_config_apply_per_lib :  ITTAPI function NOT instrumented (not matched by --itt-config option): __itt_model_iteration_taskAL

788337 : 0x2dd4e94c110bf5 : 2 : ittapi_config_apply_per_lib :  ITTAPI function NOT instrumented (not matched by --itt-config option): __itt_model_site_end_2

788337 : 0x2dd4e94c112fa5 : 2 : ittapi_config_apply_per_lib :  ITTAPI function NOT instrumented (not matched by --itt-config option): __itt_model_task_end_2

788337 : 0x2dd4e94c1136c4 : 2 : ittapi_config_apply_per_lib :  ITTAPI function NOT instrumented (not matched by --itt-config option): __itt_model_lock_acquire_2

788337 : 0x2dd4e94c113e51 : 2 : ittapi_config_apply_per_lib :  ITTAPI function NOT instrumented (not matched by --itt-config option): __itt_model_lock_release_2

788337 : 0x2dd4e94c114575 : 2 : ittapi_config_apply_per_lib :  ITTAPI function NOT instrumented (not matched by --itt-config option): __itt_model_aggregate_task

788337 : 0x2dd4e94c114cf0 : 2 : ittapi_config_apply_per_lib :  ITTAPI function NOT instrumented (not matched by --itt-config option): __itt_model_disable_push

788337 : 0x2dd4e94c115423 : 2 : ittapi_config_apply_per_lib :  ITTAPI function NOT instrumented (not matched by --itt-config option): __itt_model_disable_pop

788337 : 0x2dd4e94c115c89 : 2 : ittapi_config_apply_per_lib :  ITTAPI function instrumented: __itt_heap_function_create
788337 : 0x2dd4e94c11657a : 2 : ittapi_config_apply_per_lib :  ITTAPI function instrumented: __itt_heap_allocate_begin
788337 : 0x2dd4e94c116df4 : 2 : ittapi_config_apply_per_lib :  ITTAPI function instrumented: __itt_heap_allocate_end
788337 : 0x2dd4e94c1175c0 : 2 : ittapi_config_apply_per_lib :  ITTAPI function instrumented: __itt_heap_free_begin
788337 : 0x2dd4e94c11a7cf : 2 : ittapi_config_apply_per_lib :  ITTAPI function instrumented: __itt_heap_free_end
788337 : 0x2dd4e94c11b16a : 2 : ittapi_config_apply_per_lib :  ITTAPI function instrumented: __itt_heap_reallocate_begin
788337 : 0x2dd4e94c11b8e6 : 2 : ittapi_config_apply_per_lib :  ITTAPI function instrumented: __itt_heap_reallocate_end
788337 : 0x2dd4e94c11c291 : 2 : ittapi_config_apply_per_lib :  ITTAPI function not implemented: __itt_heap_internal_access_begin
788337 : 0x2dd4e94c11cb75 : 2 : ittapi_config_apply_per_lib :  ITTAPI function not implemented: __itt_heap_internal_access_end
788337 : 0x2dd4e94c11d400 : 2 : ittapi_config_apply_per_lib :  ITTAPI function not implemented: __itt_heap_record_memory_growth_begin
788337 : 0x2dd4e94c11dcb8 : 2 : ittapi_config_apply_per_lib :  ITTAPI function not implemented: __itt_heap_record_memory_growth_end
788337 : 0x2dd4e94c11e57c : 2 : ittapi_config_apply_per_lib :  ITTAPI function not implemented: __itt_heap_reset_detection
788337 : 0x2dd4e94c11ef74 : 2 : ittapi_config_apply_per_lib :  ITTAPI function not implemented: __itt_heap_record
788337 : 0x2dd4e94c11f8e5 : 2 : ittapi_config_apply_per_lib :  ITTAPI function not implemented: __itt_id_create
788337 : 0x2dd4e94c121fce : 2 : ittapi_config_apply_per_lib :  ITTAPI function not implemented: __itt_id_destroy
788337 : 0x2dd4e94c12285f : 2 : ittapi_config_apply_per_lib :  ITTAPI function instrumented: __itt_get_timestamp
788337 : 0x2dd4e94c1231ac : 2 : ittapi_config_apply_per_lib :  ITTAPI function not implemented: __itt_region_begin
788337 : 0x2dd4e94c123a4f : 2 : ittapi_config_apply_per_lib :  ITTAPI function not implemented: __itt_region_end
788337 : 0x2dd4e94c124334 : 2 : ittapi_config_apply_per_lib :  ITTAPI function instrumented: __itt_frame_begin_v3
788337 : 0x2dd4e94c124bf0 : 2 : ittapi_config_apply_per_lib :  ITTAPI function instrumented: __itt_frame_end_v3
788337 : 0x2dd4e94c12545a : 2 : ittapi_config_apply_per_lib :  ITTAPI function instrumented: __itt_frame_submit_v3
788337 : 0x2dd4e94c125b50 : 2 : ittapi_config_apply_per_lib :  ITTAPI function NOT instrumented (not matched by --itt-config option): __itt_task_group

788337 : 0x2dd4e94c1262b9 : 2 : ittapi_config_apply_per_lib :  ITTAPI function NOT instrumented (not matched by --itt-config option): __itt_task_begin

788337 : 0x2dd4e94c12697f : 2 : ittapi_config_apply_per_lib :  ITTAPI function NOT instrumented (not matched by --itt-config option): __itt_task_begin_fn

788337 : 0x2dd4e94c128ad1 : 2 : ittapi_config_apply_per_lib :  ITTAPI function NOT instrumented (not matched by --itt-config option): __itt_task_end

788337 : 0x2dd4e94c12929c : 2 : ittapi_config_apply_per_lib :  ITTAPI function NOT instrumented (not matched by --itt-config option): __itt_counter_inc_v3

788337 : 0x2dd4e94c1299c4 : 2 : ittapi_config_apply_per_lib :  ITTAPI function NOT instrumented (not matched by --itt-config option): __itt_counter_inc_delta_v3

788337 : 0x2dd4e94c12a06d : 2 : ittapi_config_apply_per_lib :  ITTAPI function NOT instrumented (not matched by --itt-config option): __itt_counter_dec_v3

788337 : 0x2dd4e94c12cffc : 2 : ittapi_config_apply_per_lib :  ITTAPI function NOT instrumented (not matched by --itt-config option): __itt_counter_dec_delta_v3

788337 : 0x2dd4e94c12d971 : 2 : ittapi_config_apply_per_lib :  ITTAPI function not implemented: __itt_marker
788337 : 0x2dd4e94c12e182 : 2 : ittapi_config_apply_per_lib :  ITTAPI function instrumented: __itt_metadata_add
788337 : 0x2dd4e94c12e9be : 2 : ittapi_config_apply_per_lib :  ITTAPI function not implemented: __itt_metadata_str_add
788337 : 0x2dd4e94c12f202 : 2 : ittapi_config_apply_per_lib :  ITTAPI function not implemented: __itt_relation_add_to_current
788337 : 0x2dd4e94c12f9fc : 2 : ittapi_config_apply_per_lib :  ITTAPI function not implemented: __itt_relation_add
788337 : 0x2dd4e94c131904 : 2 : ittapi_config_apply_per_lib :  ITTAPI function instrumented: __itt_event_create
788337 : 0x2dd4e94c131fe5 : 2 : ittapi_config_apply_per_lib :  ITTAPI function NOT instrumented (not matched by --itt-config option): __itt_event_start

788337 : 0x2dd4e94c1326b3 : 2 : ittapi_config_apply_per_lib :  ITTAPI function NOT instrumented (not matched by --itt-config option): __itt_event_end

788337 : 0x2dd4e94c132d09 : 2 : ittapi_config_apply_per_lib :  ITTAPI function NOT instrumented (not matched by --itt-config option): __itt_sync_set_name

788337 : 0x2dd4e94c13337b : 2 : ittapi_config_apply_per_lib :  ITTAPI function NOT instrumented (not matched by --itt-config option): __itt_notify_sync_name

788337 : 0x2dd4e94c133a12 : 2 : ittapi_config_apply_per_lib :  ITTAPI function NOT instrumented (not matched by --itt-config option): __itt_notify_sync_prepare

788337 : 0x2dd4e94c134031 : 2 : ittapi_config_apply_per_lib :  ITTAPI function NOT instrumented (not matched by --itt-config option): __itt_notify_sync_cancel

788337 : 0x2dd4e94c1346ef : 2 : ittapi_config_apply_per_lib :  ITTAPI function NOT instrumented (not matched by --itt-config option): __itt_notify_sync_acquired

788337 : 0x2dd4e94c134d65 : 2 : ittapi_config_apply_per_lib :  ITTAPI function NOT instrumented (not matched by --itt-config option): __itt_notify_sync_releasing

788337 : 0x2dd4e94c1355bd : 2 : ittapi_config_apply_per_lib :  ITTAPI function not implemented: __itt_memory_read
788337 : 0x2dd4e94c138365 : 2 : ittapi_config_apply_per_lib :  ITTAPI function not implemented: __itt_memory_write
788337 : 0x2dd4e94c138cb7 : 2 : ittapi_config_apply_per_lib :  ITTAPI function not implemented: __itt_memory_update
788337 : 0x2dd4e94c1394cf : 2 : ittapi_config_apply_per_lib :  ITTAPI function not implemented: __itt_state_get
788337 : 0x2dd4e94c139c3c : 2 : ittapi_config_apply_per_lib :  ITTAPI function not implemented: __itt_state_set
788337 : 0x2dd4e94c13a437 : 2 : ittapi_config_apply_per_lib :  ITTAPI function not implemented: __itt_obj_mode_set
788337 : 0x2dd4e94c13ac32 : 2 : ittapi_config_apply_per_lib :  ITTAPI function not implemented: __itt_thr_mode_set
788337 : 0x2dd4e94c13b3ba : 2 : ittapi_config_apply_per_lib :  ITTAPI function instrumented: __itt_frame_create
788337 : 0x2dd4e94c13babd : 2 : ittapi_config_apply_per_lib :  ITTAPI function instrumented: __itt_pt_region_create
788337 : 0x2dd4e94c13c298 : 2 : ittapi_config_apply_per_lib :  ITTAPI function instrumented: __itt_frame_begin
788337 : 0x2dd4e94c13cb90 : 2 : ittapi_config_apply_per_lib :  ITTAPI function instrumented: __itt_frame_end
788337 : 0x2dd4e94c13ead6 : 2 : ittapi_config_apply_per_lib :  ITTAPI function NOT instrumented (not matched by --itt-config option): __itt_counter_destroy

788337 : 0x2dd4e94c13f222 : 2 : ittapi_config_apply_per_lib :  ITTAPI function NOT instrumented (not matched by --itt-config option): __itt_counter_inc

788337 : 0x2dd4e94c13f874 : 2 : ittapi_config_apply_per_lib :  ITTAPI function NOT instrumented (not matched by --itt-config option): __itt_counter_inc_delta

788337 : 0x2dd4e94c13ff53 : 2 : ittapi_config_apply_per_lib :  ITTAPI function NOT instrumented (not matched by --itt-config option): __itt_counter_dec

788337 : 0x2dd4e94c1405db : 2 : ittapi_config_apply_per_lib :  ITTAPI function NOT instrumented (not matched by --itt-config option): __itt_counter_dec_delta

788337 : 0x2dd4e94c140c10 : 2 : ittapi_config_apply_per_lib :  ITTAPI function NOT instrumented (not matched by --itt-config option): __itt_counter_set_value

788337 : 0x2dd4e94c1412d8 : 2 : ittapi_config_apply_per_lib :  ITTAPI function NOT instrumented (not matched by --itt-config option): __itt_counter_set_value_ex

788337 : 0x2dd4e94c141b25 : 2 : ittapi_config_apply_per_lib :  ITTAPI function not implemented: __itt_mark_create
788337 : 0x2dd4e94c14254d : 2 : ittapi_config_apply_per_lib :  ITTAPI function not implemented: __itt_mark
788337 : 0x2dd4e94c142dce : 2 : ittapi_config_apply_per_lib :  ITTAPI function not implemented: __itt_mark_off
788337 : 0x2dd4e94c144dad : 2 : ittapi_config_apply_per_lib :  ITTAPI function not implemented: __itt_mark_global
788337 : 0x2dd4e94c1455d1 : 2 : ittapi_config_apply_per_lib :  ITTAPI function not implemented: __itt_mark_global_off
788337 : 0x2dd4e94c145d37 : 2 : ittapi_config_apply_per_lib :  ITTAPI function NOT instrumented (not matched by --itt-config option): __itt_stack_caller_create

788337 : 0x2dd4e94c1463c6 : 2 : ittapi_config_apply_per_lib :  ITTAPI function NOT instrumented (not matched by --itt-config option): __itt_stack_caller_destroy

788337 : 0x2dd4e94c146ac8 : 2 : ittapi_config_apply_per_lib :  ITTAPI function NOT instrumented (not matched by --itt-config option): __itt_stack_callee_enter

788337 : 0x2dd4e94c14713e : 2 : ittapi_config_apply_per_lib :  ITTAPI function NOT instrumented (not matched by --itt-config option): __itt_stack_callee_leave

788337 : 0x2dd4e94c1478d3 : 2 : ittapi_config_apply_per_lib :  ITTAPI function not implemented: __itt_clock_domain_create
788337 : 0x2dd4e94c14810f : 2 : ittapi_config_apply_per_lib :  ITTAPI function not implemented: __itt_clock_domain_reset
788337 : 0x2dd4e94c148915 : 2 : ittapi_config_apply_per_lib :  ITTAPI function not implemented: __itt_id_create_ex
788337 : 0x2dd4e94c1490c2 : 2 : ittapi_config_apply_per_lib :  ITTAPI function not implemented: __itt_id_destroy_ex
788337 : 0x2dd4e94c14bad8 : 2 : ittapi_config_apply_per_lib :  ITTAPI function NOT instrumented (not matched by --itt-config option): __itt_task_begin_ex

788337 : 0x2dd4e94c14c217 : 2 : ittapi_config_apply_per_lib :  ITTAPI function NOT instrumented (not matched by --itt-config option): __itt_task_begin_fn_ex

788337 : 0x2dd4e94c14c89e : 2 : ittapi_config_apply_per_lib :  ITTAPI function NOT instrumented (not matched by --itt-config option): __itt_task_end_ex

788337 : 0x2dd4e94c14cece : 2 : ittapi_config_apply_per_lib :  ITTAPI function NOT instrumented (not matched by --itt-config option): __itt_task_begin_overlapped

788337 : 0x2dd4e94c14d52e : 2 : ittapi_config_apply_per_lib :  ITTAPI function NOT instrumented (not matched by --itt-config option): __itt_task_begin_overlapped_ex

788337 : 0x2dd4e94c14dbbe : 2 : ittapi_config_apply_per_lib :  ITTAPI function NOT instrumented (not matched by --itt-config option): __itt_task_end_overlapped

788337 : 0x2dd4e94c14e1c0 : 2 : ittapi_config_apply_per_lib :  ITTAPI function NOT instrumented (not matched by --itt-config option): __itt_task_end_overlapped_ex

788337 : 0x2dd4e94c14ea92 : 2 : ittapi_config_apply_per_lib :  ITTAPI function not implemented: __itt_marker_ex
788337 : 0x2dd4e94c14f30a : 2 : ittapi_config_apply_per_lib :  ITTAPI function not implemented: __itt_metadata_add_with_scope
788337 : 0x2dd4e94c14fb27 : 2 : ittapi_config_apply_per_lib :  ITTAPI function not implemented: __itt_metadata_str_add_with_scope
788337 : 0x2dd4e94c151c64 : 2 : ittapi_config_apply_per_lib :  ITTAPI function not implemented: __itt_relation_add_to_current_ex
788337 : 0x2dd4e94c1525b5 : 2 : ittapi_config_apply_per_lib :  ITTAPI function not implemented: __itt_relation_add_ex
788337 : 0x2dd4e94c152d92 : 2 : ittapi_config_apply_per_lib :  ITTAPI function not implemented: __itt_track_group_create
788337 : 0x2dd4e94c1534bc : 2 : ittapi_config_apply_per_lib :  ITTAPI function not implemented: __itt_track_create
788337 : 0x2dd4e94c153cac : 2 : ittapi_config_apply_per_lib :  ITTAPI function not implemented: __itt_set_track
788337 : 0x2dd4e94c15441f : 2 : ittapi_config_apply_per_lib :  ITTAPI function instrumented: __itt_api_version
788337 : 0x2dd4e94c154c69 : 2 : ittapi_config_apply_per_lib :  ITTAPI function not implemented: __itt_av_save
788337 : 0x2dd4e94c155460 : 2 : ittapi_config_apply_per_lib :  ITTAPI function instrumented: __itt_module_load
788337 : 0x2dd4e94c155c79 : 2 : ittapi_config_apply_per_lib :  ITTAPI function not implemented: __itt_module_unload