
795519 : 0x2dd5ac44727159 : 1 : spill_jit_data :  Jit agent is not initialized
795519 : 0x2dd5ac44922fd8 : 2 : ittapi_config_mask_get :  --itt-config mask to be applied: 1
795519 : 0x2dd5ac449244dd : 2 : ittapi_config_apply_per_lib :  ITTAPI function instrumented: __itt_domain_create
795519 : 0x2dd5ac44924f0b : 2 : ittapi_config_apply_per_lib :  ITTAPI function instrumented: __itt_module_load_with_sections
795519 : 0x2dd5ac44925c3f : 2 : ittapi_config_apply_per_lib :  ITTAPI function not implemented: __itt_module_unload_with_sections
795519 : 0x2dd5ac449265ca : 2 : ittapi_config_apply_per_lib :  ITTAPI function instrumented: __itt_string_handle_create
795519 : 0x2dd5ac44926d69 : 2 : ittapi_config_apply_per_lib :  ITTAPI function instrumented: __itt_counter_create
795519 : 0x2dd5ac44927495 : 2 : ittapi_config_apply_per_lib :  ITTAPI function instrumented: __itt_counter_create_typed
795519 : 0x2dd5ac44927c07 : 2 : ittapi_config_apply_per_lib :  ITTAPI function instrumented: __itt_pause
795519 : 0x2dd5ac4492843f : 2 : ittapi_config_apply_per_lib :  ITTAPI function instrumented: __itt_resume
795519 : 0x2dd5ac449344d9 : 2 : ittapi_config_apply_per_lib :  ITTAPI function instrumented: __itt_thread_set_name
795519 : 0x2dd5ac44935024 : 2 : ittapi_config_apply_per_lib :  ITTAPI function instrumented: __itt_thread_ignore
795519 : 0x2dd5ac44935840 : 2 : ittapi_config_apply_per_lib :  ITTAPI function instrumented: __itt_thr_name_set
795519 : 0x2dd5ac449360c9 : 2 : ittapi_config_apply_per_lib :  ITTAPI function instrumented: __itt_thr_ignore
795519 : 0x2dd5ac44936b47 : 2 : ittapi_config_apply_per_lib :  ITTAPI function not implemented: __itt_enable_attach
795519 : 0x2dd5ac4493754d : 2 : ittapi_config_apply_per_lib :  ITTAPI function instrumented: __itt_detach
795519 : 0x2dd5ac44937c52 : 2 : ittapi_config_apply_per_lib :  ITTAPI function NOT instrumented (not matched by --itt-config option): __itt_sync_create

795519 : 0x2dd5ac44938467 : 2 : ittapi_config_apply_per_lib :  ITTAPI function NOT instrumented (not matched by --itt-config option): __itt_sync_rename

795519 : 0x2dd5ac44938aed : 2 : ittapi_config_apply_per_lib :  ITTAPI function NOT instrumented (not matched by --itt-config option): __itt_sync_destroy

795519 : 0x2dd5ac449391a7 : 2 : ittapi_config_apply_per_lib :  ITTAPI function NOT instrumented (not matched by --itt-config option): __itt_sync_prepare

795519 : 0x2dd5ac4493b9b6 : 2 : ittapi_config_apply_per_lib :  ITTAPI function NOT instrumented (not matched by --itt-config option): __itt_sync_cancel

795519 : 0x2dd5ac4493c0db : 2 : ittapi_config_apply_per_lib :  ITTAPI function NOT instrumented (not matched by --itt-config option): __itt_sync_acquired

795519 : 0x2dd5ac4493c790 : 2 : ittapi_config_apply_per_lib :  ITTAPI function NOT instrumented (not matched by --itt-config option): __itt_sync_releasing

795519 : 0x2dd5ac4493d14e : 2 : ittapi_config_apply_per_lib :  ITTAPI function not implemented: __itt_suppress_push
795519 : 0x2dd5ac4493dad8 : 2 : ittapi_config_apply_per_lib :  ITTAPI function not implemented: __itt_suppress_pop
795519 : 0x2dd5ac4493e39c : 2 : ittapi_config_apply_per_lib :  ITTAPI function not implemented: __itt_suppress_mark_range
795519 : 0x2dd5ac4493ec73 : 2 : ittapi_config_apply_per_lib :  ITTAPI function not implemented: __itt_suppress_clear_range
795519 : 0x2dd5ac4493f2d9 : 2 : ittapi_config_apply_per_lib :  ITTAPI function NOT instrumented (not matched by --itt-config option): __itt_sync_prepare

795519 : 0x2dd5ac4493f982 : 2 : ittapi_config_apply_per_lib :  ITTAPI function NOT instrumented (not matched by --itt-config option): __itt_sync_cancel

795519 : 0x2dd5ac4493ffc6 : 2 : ittapi_config_apply_per_lib :  ITTAPI function NOT instrumented (not matched by --itt-config option): __itt_sync_acquired

795519 : 0x2dd5ac44941e5f : 2 : ittapi_config_apply_per_lib :  ITTAPI function NOT instrumented (not matched by --itt-config option): __itt_sync_releasing

795519 : 0x2dd5ac449425c2 : 2 : ittapi_config_apply_per_lib :  ITTAPI function NOT instrumented (not matched by --itt-config option): __itt_model_site_begin

795519 : 0x2dd5ac44942c59 : 2 : ittapi_config_apply_per_lib :  ITTAPI function NOT instrumented (not matched by --itt-config option): __itt_model_site_end

795519 : 0x2dd5ac449433b3 : 2 : ittapi_config_apply_per_lib :  ITTAPI function NOT instrumented (not matched by --itt-config option): __itt_model_task_begin

795519 : 0x2dd5ac44943a46 : 2 : ittapi_config_apply_per_lib :  ITTAPI function NOT instrumented (not matched by --itt-config option): __itt_model_task_end

795519 : 0x2dd5ac449440b8 : 2 : ittapi_config_apply_per_lib :  ITTAPI function NOT instrumented (not matched by --itt-config option): __itt_model_lock_acquire

795519 : 0x2dd5ac4494478f : 2 : ittapi_config_apply_per_lib :  ITTAPI function NOT instrumented (not matched by --itt-config option): __itt_model_lock_release

795519 : 0x2dd5ac44944e27 : 2 : ittapi_config_apply_per_lib :  ITTAPI function NOT instrumented (not matched by --itt-config option): __itt_model_record_allocation

795519 : 0x2dd5ac449454bb : 2 : ittapi_config_apply_per_lib :  ITTAPI function NOT instrumented (not matched by --itt-config option): __itt_model_record_deallocation

795519 : 0x2dd5ac44945b81 : 2 : ittapi_config_apply_per_lib :  ITTAPI function NOT instrumented (not matched by --itt-config option): __itt_model_induction_uses

795519 : 0x2dd5ac44948e27 : 2 : ittapi_config_apply_per_lib :  ITTAPI function NOT instrumented (not matched by --itt-config option): __itt_model_reduction_uses

795519 : 0x2dd5ac449496df : 2 : ittapi_config_apply_per_lib :  ITTAPI function NOT instrumented (not matched by --itt-config option): __itt_model_observe_uses

795519 : 0x2dd5ac44949e02 : 2 : ittapi_config_apply_per_lib :  ITTAPI function NOT instrumented (not matched by --itt-config option): __itt_model_clear_uses

795519 : 0x2dd5ac4494a46b : 2 : ittapi_config_apply_per_lib :  ITTAPI function NOT instrumented (not matched by --itt-config option): __itt_model_site_beginA

795519 : 0x2dd5ac4494ab3b : 2 : ittapi_config_apply_per_lib :  ITTAPI function NOT instrumented (not matched by --itt-config option): __itt_model_site_beginAL

795519 : 0x2dd5ac4494b1d4 : 2 : ittapi_config_apply_per_lib :  ITTAPI function NOT instrumented (not matched by --itt-config option): __itt_model_task_beginA

795519 : 0x2dd5ac4494b832 : 2 : ittapi_config_apply_per_lib :  ITTAPI function NOT instrumented (not matched by --itt-config option): __itt_model_task_beginAL

795519 : 0x2dd5ac4494beff : 2 : ittapi_config_apply_per_lib :  ITTAPI function NOT instrumented (not matched by --itt-config option): __itt_model_iteration_taskA

795519 : 0x2dd5ac4494c567 : 2 : ittapi_config_apply_per_lib :  ITTAPI function NOT instrumented (not matched by --itt-config option): __itt_model_iteration_taskAL

795519 : 0x2dd5ac4494cc2a : 2 : ittapi_config_apply_per_lib :  ITTAPI function NOT instrumented (not matched by --itt-config option): __itt_model_site_end_2

795519 : 0x2dd5ac4494eb3a : 2 : ittapi_config_apply_per_lib :  ITTAPI function NOT instrumented (not matched by --itt-config option): __itt_model_task_end_2

795519 : 0x2dd5ac4494f1b2 : 2 : ittapi_config_apply_per_lib :  ITTAPI function NOT instrumented (not matched by --itt-config option): __itt_model_lock_acquire_2

795519 : 0x2dd5ac4494f87c : 2 : ittapi_config_apply_per_lib :  ITTAPI function NOT instrumented (not matched by --itt-config option): __itt_model_lock_release_2

795519 : 0x2dd5ac4494ff7e : 2 : ittapi_config_apply_per_lib :  ITTAPI function NOT instrumented (not matched by --itt-config option): __itt_model_aggregate_task

795519 : 0x2dd5ac449505b4 : 2 : ittapi_config_apply_per_lib :  ITTAPI function NOT instrumented (not matched by --itt-config option): __itt_model_disable_push

795519 : 0x2dd5ac44950c78 : 2 : ittapi_config_apply_per_lib :  ITTAPI function NOT instrumented (not matched by --itt-config option): __itt_model_disable_pop

795519 : 0x2dd5ac44951487 : 2 : ittapi_config_apply_per_lib :  ITTAPI function instrumented: __itt_heap_function_create
795519 : 0x2dd5ac44951d64 : 2 : ittapi_config_apply_per_lib :  ITTAPI function instrumented: __itt_heap_allocate_begin
795519 : 0x2dd5ac44952516 : 2 : ittapi_config_apply_per_lib :  ITTAPI function instrumented: __itt_heap_allocate_end
795519 : 0x2dd5ac44952c7a : 2 : ittapi_config_apply_per_lib :  ITTAPI function instrumented: __itt_heap_free_begin
795519 : 0x2dd5ac44956235 : 2 : ittapi_config_apply_per_lib :  ITTAPI function instrumented: __itt_heap_free_end
795519 : 0x2dd5ac44956c20 : 2 : ittapi_config_apply_per_lib :  ITTAPI function instrumented: __itt_heap_reallocate_begin
795519 : 0x2dd5ac44957337 : 2 : ittapi_config_apply_per_lib :  ITTAPI function instrumented: __itt_heap_reallocate_end
795519 : 0x2dd5ac44957c8c : 2 : ittapi_config_apply_per_lib :  ITTAPI function not implemented: __itt_heap_internal_access_begin
795519 : 0x2dd5ac44958554 : 2 : ittapi_config_apply_per_lib :  ITTAPI function not implemented: __itt_heap_internal_access_end
795519 : 0x2dd5ac44958d49 : 2 : ittapi_config_apply_per_lib :  ITTAPI function not implemented: __itt_heap_record_memory_growth_begin
795519 : 0x2dd5ac4495955d : 2 : ittapi_config_apply_per_lib :  ITTAPI function not implemented: __itt_heap_record_memory_growth_end
795519 : 0x2dd5ac44959d83 : 2 : ittapi_config_apply_per_lib :  ITTAPI function not implemented: __itt_heap_reset_detection
795519 : 0x2dd5ac4495a638 : 2 : ittapi_config_apply_per_lib :  ITTAPI function not implemented: __itt_heap_record
795519 : 0x2dd5ac4495aedc : 2 : ittapi_config_apply_per_lib :  ITTAPI function not implemented: __itt_id_create
795519 : 0x2dd5ac4495d3f5 : 2 : ittapi_config_apply_per_lib :  ITTAPI function not implemented: __itt_id_destroy
795519 : 0x2dd5ac4495dc20 : 2 : ittapi_config_apply_per_lib :  ITTAPI function instrumented: __itt_get_timestamp
795519 : 0x2dd5ac4495e42b : 2 : ittapi_config_apply_per_lib :  ITTAPI function not implemented: __itt_region_begin
795519 : 0x2dd5ac4495ec68 : 2 : ittapi_config_apply_per_lib :  ITTAPI function not implemented: __itt_region_end
795519 : 0x2dd5ac4495f4d0 : 2 : ittapi_config_apply_per_lib :  ITTAPI function instrumented: __itt_frame_begin_v3
795519 : 0x2dd5ac4495fccc : 2 : ittapi_config_apply_per_lib :  ITTAPI function instrumented: __itt_frame_end_v3
795519 : 0x2dd5ac44960473 : 2 : ittapi_config_apply_per_lib :  ITTAPI function instrumented: __itt_frame_submit_v3
795519 : 0x2dd5ac44960af5 : 2 : ittapi_config_apply_per_lib :  ITTAPI function NOT instrumented (not matched by --itt-config option): __itt_task_group

795519 : 0x2dd5ac449611f4 : 2 : ittapi_config_apply_per_lib :  ITTAPI function NOT instrumented (not matched by --itt-config option): __itt_task_begin

795519 : 0x2dd5ac4496184d : 2 : ittapi_config_apply_per_lib :  ITTAPI function NOT instrumented (not matched by --itt-config option): __itt_task_begin_fn

795519 : 0x2dd5ac44963801 : 2 : ittapi_config_apply_per_lib :  ITTAPI function NOT instrumented (not matched by --itt-config option): __itt_task_end

795519 : 0x2dd5ac44963f77 : 2 : ittapi_config_apply_per_lib :  ITTAPI function NOT instrumented (not matched by --itt-config option): __itt_counter_inc_v3

795519 : 0x2dd5ac44964615 : 2 : ittapi_config_apply_per_lib :  ITTAPI function NOT instrumented (not matched by --itt-config option): __itt_counter_inc_delta_v3

795519 : 0x2dd5ac44964c6a : 2 : ittapi_config_apply_per_lib :  ITTAPI function NOT instrumented (not matched by --itt-config option): __itt_counter_dec_v3

795519 : 0x2dd5ac449652f9 : 2 : ittapi_config_apply_per_lib :  ITTAPI function NOT instrumented (not matched by --itt-config option): __itt_counter_dec_delta_v3

795519 : 0x2dd5ac44965bc0 : 2 : ittapi_config_apply_per_lib :  ITTAPI function not implemented: __itt_marker
795519 : 0x2dd5ac449663f9 : 2 : ittapi_config_apply_per_lib :  ITTAPI function instrumented: __itt_metadata_add
795519 : 0x2dd5ac44966c3c : 2 : ittapi_config_apply_per_lib :  ITTAPI function not implemented: __itt_metadata_str_add
795519 : 0x2dd5ac44967454 : 2 : ittapi_config_apply_per_lib :  ITTAPI function not implemented: __itt_relation_add_to_current
795519 : 0x2dd5ac44967c65 : 2 : ittapi_config_apply_per_lib :  ITTAPI function not implemented: __itt_relation_add
795519 : 0x2dd5ac44969d76 : 2 : ittapi_config_apply_per_lib :  ITTAPI function instrumented: __itt_event_create
795519 : 0x2dd5ac4496a446 : 2 : ittapi_config_apply_per_lib :  ITTAPI function NOT instrumented (not matched by --itt-config option): __itt_event_start

795519 : 0x2dd5ac4496aae8 : 2 : ittapi_config_apply_per_lib :  ITTAPI function NOT instrumented (not matched by --itt-config option): __itt_event_end

795519 : 0x2dd5ac4496b158 : 2 : ittapi_config_apply_per_lib :  ITTAPI function NOT instrumented (not matched by --itt-config option): __itt_sync_set_name

795519 : 0x2dd5ac4496b7c9 : 2 : ittapi_config_apply_per_lib :  ITTAPI function NOT instrumented (not matched by --itt-config option): __itt_notify_sync_name

795519 : 0x2dd5ac4496be75 : 2 : ittapi_config_apply_per_lib :  ITTAPI function NOT instrumented (not matched by --itt-config option): __itt_notify_sync_prepare

795519 : 0x2dd5ac4496c4b7 : 2 : ittapi_config_apply_per_lib :  ITTAPI function NOT instrumented (not matched by --itt-config option): __itt_notify_sync_cancel

795519 : 0x2dd5ac4496cbed : 2 : ittapi_config_apply_per_lib :  ITTAPI function NOT instrumented (not matched by --itt-config option): __itt_notify_sync_acquired

795519 : 0x2dd5ac4496d289 : 2 : ittapi_config_apply_per_lib :  ITTAPI function NOT instrumented (not matched by --itt-config option): __itt_notify_sync_releasing

795519 : 0x2dd5ac4496daf9 : 2 : ittapi_config_apply_per_lib :  ITTAPI function not implemented: __itt_memory_read
795519 : 0x2dd5ac44970921 : 2 : ittapi_config_apply_per_lib :  ITTAPI function not implemented: __itt_memory_write
795519 : 0x2dd5ac449712a3 : 2 : ittapi_config_apply_per_lib :  ITTAPI function not implemented: __itt_memory_update
795519 : 0x2dd5ac44971acf : 2 : ittapi_config_apply_per_lib :  ITTAPI function not implemented: __itt_state_get
795519 : 0x2dd5ac44972266 : 2 : ittapi_config_apply_per_lib :  ITTAPI function not implemented: __itt_state_set
795519 : 0x2dd5ac44972a78 : 2 : ittapi_config_apply_per_lib :  ITTAPI function not implemented: __itt_obj_mode_set
795519 : 0x2dd5ac44973253 : 2 : ittapi_config_apply_per_lib :  ITTAPI function not implemented: __itt_thr_mode_set
795519 : 0x2dd5ac449739f4 : 2 : ittapi_config_apply_per_lib :  ITTAPI function instrumented: __itt_frame_create
795519 : 0x2dd5ac4497412d : 2 : ittapi_config_apply_per_lib :  ITTAPI function instrumented: __itt_pt_region_create
795519 : 0x2dd5ac44974916 : 2 : ittapi_config_apply_per_lib :  ITTAPI function instrumented: __itt_frame_begin
795519 : 0x2dd5ac4497511f : 2 : ittapi_config_apply_per_lib :  ITTAPI function instrumented: __itt_frame_end
795519 : 0x2dd5ac44977058 : 2 : ittapi_config_apply_per_lib :  ITTAPI function NOT instrumented (not matched by --itt-config option): __itt_counter_destroy

795519 : 0x2dd5ac44977792 : 2 : ittapi_config_apply_per_lib :  ITTAPI function NOT instrumented (not matched by --itt-config option): __itt_counter_inc

795519 : 0x2dd5ac44977e02 : 2 : ittapi_config_apply_per_lib :  ITTAPI function NOT instrumented (not matched by --itt-config option): __itt_counter_inc_delta

795519 : 0x2dd5ac449784b3 : 2 : ittapi_config_apply_per_lib :  ITTAPI function NOT instrumented (not matched by --itt-config option): __itt_counter_dec

795519 : 0x2dd5ac44978b45 : 2 : ittapi_config_apply_per_lib :  ITTAPI function NOT instrumented (not matched by --itt-config option): __itt_counter_dec_delta

795519 : 0x2dd5ac44979173 : 2 : ittapi_config_apply_per_lib :  ITTAPI function NOT instrumented (not matched by --itt-config option): __itt_counter_set_value

795519 : 0x2dd5ac4497980d : 2 : ittapi_config_apply_per_lib :  ITTAPI function NOT instrumented (not matched by --itt-config option): __itt_counter_set_value_ex

795519 : 0x2dd5ac4497a07a : 2 : ittapi_config_apply_per_lib :  ITTAPI function not implemented: __itt_mark_create
795519 : 0x2dd5ac4497aa23 : 2 : ittapi_config_apply_per_lib :  ITTAPI function not implemented: __itt_mark
795519 : 0x2dd5ac4497b33e : 2 : ittapi_config_apply_per_lib :  ITTAPI function not implemented: __itt_mark_off
795519 : 0x2dd5ac4497d397 : 2 : ittapi_config_apply_per_lib :  ITTAPI function not implemented: __itt_mark_global
795519 : 0x2dd5ac4497dbd8 : 2 : ittapi_config_apply_per_lib :  ITTAPI function not implemented: __itt_mark_global_off
795519 : 0x2dd5ac4497e2e1 : 2 : ittapi_config_apply_per_lib :  ITTAPI function NOT instrumented (not matched by --itt-config option): __itt_stack_caller_create

795519 : 0x2dd5ac4497e95f : 2 : ittapi_config_apply_per_lib :  ITTAPI function NOT instrumented (not matched by --itt-config option): __itt_stack_caller_destroy

795519 : 0x2dd5ac4497f061 : 2 : ittapi_config_apply_per_lib :  ITTAPI function NOT instrumented (not matched by --itt-config option): __itt_stack_callee_enter

795519 : 0x2dd5ac4497f6e4 : 2 : ittapi_config_apply_per_lib :  ITTAPI function NOT instrumented (not matched by --itt-config option): __itt_stack_callee_leave

795519 : 0x2dd5ac4497fe8c : 2 : ittapi_config_apply_per_lib :  ITTAPI function not implemented: __itt_clock_domain_create
795519 : 0x2dd5ac449806e7 : 2 : ittapi_config_apply_per_lib :  ITTAPI function not implemented: __itt_clock_domain_reset
795519 : 0x2dd5ac44980f2e : 2 : ittapi_config_apply_per_lib :  ITTAPI function not implemented: __itt_id_create_ex
795519 : 0x2dd5ac449816ec : 2 : ittapi_config_apply_per_lib :  ITTAPI function not implemented: __itt_id_destroy_ex
795519 : 0x2dd5ac44984440 : 2 : ittapi_config_apply_per_lib :  ITTAPI function NOT instrumented (not matched by --itt-config option): __itt_task_begin_ex

795519 : 0x2dd5ac44984b61 : 2 : ittapi_config_apply_per_lib :  ITTAPI function NOT instrumented (not matched by --itt-config option): __itt_task_begin_fn_ex

795519 : 0x2dd5ac449851cc : 2 : ittapi_config_apply_per_lib :  ITTAPI function NOT instrumented (not matched by --itt-config option): __itt_task_end_ex

795519 : 0x2dd5ac449857ea : 2 : ittapi_config_apply_per_lib :  ITTAPI function NOT instrumented (not matched by --itt-config option): __itt_task_begin_overlapped

795519 : 0x2dd5ac44985e3f : 2 : ittapi_config_apply_per_lib :  ITTAPI function NOT instrumented (not matched by --itt-config option): __itt_task_begin_overlapped_ex

795519 : 0x2dd5ac4498650c : 2 : ittapi_config_apply_per_lib :  ITTAPI function NOT instrumented (not matched by --itt-config option): __itt_task_end_overlapped

795519 : 0x2dd5ac44986b0a : 2 : ittapi_config_apply_per_lib :  ITTAPI function NOT instrumented (not matched by --itt-config option): __itt_task_end_overlapped_ex

795519 : 0x2dd5ac44987406 : 2 : ittapi_config_apply_per_lib :  ITTAPI function not implemented: __itt_marker_ex
795519 : 0x2dd5ac44987c52 : 2 : ittapi_config_apply_per_lib :  ITTAPI function not implemented: __itt_metadata_add_with_scope
795519 : 0x2dd5ac449884ca : 2 : ittapi_config_apply_per_lib :  ITTAPI function not implemented: __itt_metadata_str_add_with_scope
795519 : 0x2dd5ac4498a651 : 2 : ittapi_config_apply_per_lib :  ITTAPI function not implemented: __itt_relation_add_to_current_ex
795519 : 0x2dd5ac4498afb8 : 2 : ittapi_config_apply_per_lib :  ITTAPI function not implemented: __itt_relation_add_ex
795519 : 0x2dd5ac4498b7a5 : 2 : ittapi_config_apply_per_lib :  ITTAPI function not implemented: __itt_track_group_create
795519 : 0x2dd5ac4498beda : 2 : ittapi_config_apply_per_lib :  ITTAPI function not implemented: __itt_track_create
795519 : 0x2dd5ac4498c6eb : 2 : ittapi_config_apply_per_lib :  ITTAPI function not implemented: __itt_set_track
795519 : 0x2dd5ac4498ce5b : 2 : ittapi_config_apply_per_lib :  ITTAPI function instrumented: __itt_api_version
795519 : 0x2dd5ac4498d67e : 2 : ittapi_config_apply_per_lib :  ITTAPI function not implemented: __itt_av_save
795519 : 0x2dd5ac4498ddef : 2 : ittapi_config_apply_per_lib :  ITTAPI function instrumented: __itt_module_load
795519 : 0x2dd5ac4498e61c : 2 : ittapi_config_apply_per_lib :  ITTAPI function not implemented: __itt_module_unload