
792529 : 0x2dd56031baa5f8 : 1 : spill_jit_data :  Jit agent is not initialized
792529 : 0x2dd56031da4e8e : 2 : ittapi_config_mask_get :  --itt-config mask to be applied: 1
792529 : 0x2dd56031da62f1 : 2 : ittapi_config_apply_per_lib :  ITTAPI function instrumented: __itt_domain_create
792529 : 0x2dd56031da6d3e : 2 : ittapi_config_apply_per_lib :  ITTAPI function instrumented: __itt_module_load_with_sections
792529 : 0x2dd56031da7bc4 : 2 : ittapi_config_apply_per_lib :  ITTAPI function not implemented: __itt_module_unload_with_sections
792529 : 0x2dd56031da850f : 2 : ittapi_config_apply_per_lib :  ITTAPI function instrumented: __itt_string_handle_create
792529 : 0x2dd56031da8c70 : 2 : ittapi_config_apply_per_lib :  ITTAPI function instrumented: __itt_counter_create
792529 : 0x2dd56031da93b0 : 2 : ittapi_config_apply_per_lib :  ITTAPI function instrumented: __itt_counter_create_typed
792529 : 0x2dd56031da9b2b : 2 : ittapi_config_apply_per_lib :  ITTAPI function instrumented: __itt_pause
792529 : 0x2dd56031daa374 : 2 : ittapi_config_apply_per_lib :  ITTAPI function instrumented: __itt_resume
792529 : 0x2dd56031db5ed2 : 2 : ittapi_config_apply_per_lib :  ITTAPI function instrumented: __itt_thread_set_name
792529 : 0x2dd56031db69d5 : 2 : ittapi_config_apply_per_lib :  ITTAPI function instrumented: __itt_thread_ignore
792529 : 0x2dd56031db7232 : 2 : ittapi_config_apply_per_lib :  ITTAPI function instrumented: __itt_thr_name_set
792529 : 0x2dd56031db7aac : 2 : ittapi_config_apply_per_lib :  ITTAPI function instrumented: __itt_thr_ignore
792529 : 0x2dd56031db8569 : 2 : ittapi_config_apply_per_lib :  ITTAPI function not implemented: __itt_enable_attach
792529 : 0x2dd56031db8e9f : 2 : ittapi_config_apply_per_lib :  ITTAPI function instrumented: __itt_detach
792529 : 0x2dd56031db955d : 2 : ittapi_config_apply_per_lib :  ITTAPI function NOT instrumented (not matched by --itt-config option): __itt_sync_create

792529 : 0x2dd56031db9d60 : 2 : ittapi_config_apply_per_lib :  ITTAPI function NOT instrumented (not matched by --itt-config option): __itt_sync_rename

792529 : 0x2dd56031dba3cc : 2 : ittapi_config_apply_per_lib :  ITTAPI function NOT instrumented (not matched by --itt-config option): __itt_sync_destroy

792529 : 0x2dd56031dbaa53 : 2 : ittapi_config_apply_per_lib :  ITTAPI function NOT instrumented (not matched by --itt-config option): __itt_sync_prepare

792529 : 0x2dd56031dbd1d9 : 2 : ittapi_config_apply_per_lib :  ITTAPI function NOT instrumented (not matched by --itt-config option): __itt_sync_cancel

792529 : 0x2dd56031dbd91c : 2 : ittapi_config_apply_per_lib :  ITTAPI function NOT instrumented (not matched by --itt-config option): __itt_sync_acquired

792529 : 0x2dd56031dbdfb8 : 2 : ittapi_config_apply_per_lib :  ITTAPI function NOT instrumented (not matched by --itt-config option): __itt_sync_releasing

792529 : 0x2dd56031dbe940 : 2 : ittapi_config_apply_per_lib :  ITTAPI function not implemented: __itt_suppress_push
792529 : 0x2dd56031dbf307 : 2 : ittapi_config_apply_per_lib :  ITTAPI function not implemented: __itt_suppress_pop
792529 : 0x2dd56031dbfb83 : 2 : ittapi_config_apply_per_lib :  ITTAPI function not implemented: __itt_suppress_mark_range
792529 : 0x2dd56031dc040b : 2 : ittapi_config_apply_per_lib :  ITTAPI function not implemented: __itt_suppress_clear_range
792529 : 0x2dd56031dc0a76 : 2 : ittapi_config_apply_per_lib :  ITTAPI function NOT instrumented (not matched by --itt-config option): __itt_sync_prepare

792529 : 0x2dd56031dc1132 : 2 : ittapi_config_apply_per_lib :  ITTAPI function NOT instrumented (not matched by --itt-config option): __itt_sync_cancel

792529 : 0x2dd56031dc1789 : 2 : ittapi_config_apply_per_lib :  ITTAPI function NOT instrumented (not matched by --itt-config option): __itt_sync_acquired

792529 : 0x2dd56031dc37a9 : 2 : ittapi_config_apply_per_lib :  ITTAPI function NOT instrumented (not matched by --itt-config option): __itt_sync_releasing

792529 : 0x2dd56031dc3ead : 2 : ittapi_config_apply_per_lib :  ITTAPI function NOT instrumented (not matched by --itt-config option): __itt_model_site_begin

792529 : 0x2dd56031dc456c : 2 : ittapi_config_apply_per_lib :  ITTAPI function NOT instrumented (not matched by --itt-config option): __itt_model_site_end

792529 : 0x2dd56031dc4d06 : 2 : ittapi_config_apply_per_lib :  ITTAPI function NOT instrumented (not matched by --itt-config option): __itt_model_task_begin

792529 : 0x2dd56031dc53cb : 2 : ittapi_config_apply_per_lib :  ITTAPI function NOT instrumented (not matched by --itt-config option): __itt_model_task_end

792529 : 0x2dd56031dc5a35 : 2 : ittapi_config_apply_per_lib :  ITTAPI function NOT instrumented (not matched by --itt-config option): __itt_model_lock_acquire

792529 : 0x2dd56031dc610b : 2 : ittapi_config_apply_per_lib :  ITTAPI function NOT instrumented (not matched by --itt-config option): __itt_model_lock_release

792529 : 0x2dd56031dc67b4 : 2 : ittapi_config_apply_per_lib :  ITTAPI function NOT instrumented (not matched by --itt-config option): __itt_model_record_allocation

792529 : 0x2dd56031dc6e24 : 2 : ittapi_config_apply_per_lib :  ITTAPI function NOT instrumented (not matched by --itt-config option): __itt_model_record_deallocation

792529 : 0x2dd56031dc74d8 : 2 : ittapi_config_apply_per_lib :  ITTAPI function NOT instrumented (not matched by --itt-config option): __itt_model_induction_uses

792529 : 0x2dd56031dcb085 : 2 : ittapi_config_apply_per_lib :  ITTAPI function NOT instrumented (not matched by --itt-config option): __itt_model_reduction_uses

792529 : 0x2dd56031dcb99f : 2 : ittapi_config_apply_per_lib :  ITTAPI function NOT instrumented (not matched by --itt-config option): __itt_model_observe_uses

792529 : 0x2dd56031dcc08f : 2 : ittapi_config_apply_per_lib :  ITTAPI function NOT instrumented (not matched by --itt-config option): __itt_model_clear_uses

792529 : 0x2dd56031dcc71f : 2 : ittapi_config_apply_per_lib :  ITTAPI function NOT instrumented (not matched by --itt-config option): __itt_model_site_beginA

792529 : 0x2dd56031dccde8 : 2 : ittapi_config_apply_per_lib :  ITTAPI function NOT instrumented (not matched by --itt-config option): __itt_model_site_beginAL

792529 : 0x2dd56031dcd469 : 2 : ittapi_config_apply_per_lib :  ITTAPI function NOT instrumented (not matched by --itt-config option): __itt_model_task_beginA

792529 : 0x2dd56031dcdab2 : 2 : ittapi_config_apply_per_lib :  ITTAPI function NOT instrumented (not matched by --itt-config option): __itt_model_task_beginAL

792529 : 0x2dd56031dce15d : 2 : ittapi_config_apply_per_lib :  ITTAPI function NOT instrumented (not matched by --itt-config option): __itt_model_iteration_taskA

792529 : 0x2dd56031dce7dd : 2 : ittapi_config_apply_per_lib :  ITTAPI function NOT instrumented (not matched by --itt-config option): __itt_model_iteration_taskAL

792529 : 0x2dd56031dceea6 : 2 : ittapi_config_apply_per_lib :  ITTAPI function NOT instrumented (not matched by --itt-config option): __itt_model_site_end_2

792529 : 0x2dd56031dd0e99 : 2 : ittapi_config_apply_per_lib :  ITTAPI function NOT instrumented (not matched by --itt-config option): __itt_model_task_end_2

792529 : 0x2dd56031dd1529 : 2 : ittapi_config_apply_per_lib :  ITTAPI function NOT instrumented (not matched by --itt-config option): __itt_model_lock_acquire_2

792529 : 0x2dd56031dd1c0f : 2 : ittapi_config_apply_per_lib :  ITTAPI function NOT instrumented (not matched by --itt-config option): __itt_model_lock_release_2

792529 : 0x2dd56031dd22d4 : 2 : ittapi_config_apply_per_lib :  ITTAPI function NOT instrumented (not matched by --itt-config option): __itt_model_aggregate_task

792529 : 0x2dd56031dd291d : 2 : ittapi_config_apply_per_lib :  ITTAPI function NOT instrumented (not matched by --itt-config option): __itt_model_disable_push

792529 : 0x2dd56031dd2fd1 : 2 : ittapi_config_apply_per_lib :  ITTAPI function NOT instrumented (not matched by --itt-config option): __itt_model_disable_pop

792529 : 0x2dd56031dd37c1 : 2 : ittapi_config_apply_per_lib :  ITTAPI function instrumented: __itt_heap_function_create
792529 : 0x2dd56031dd403a : 2 : ittapi_config_apply_per_lib :  ITTAPI function instrumented: __itt_heap_allocate_begin
792529 : 0x2dd56031dd4825 : 2 : ittapi_config_apply_per_lib :  ITTAPI function instrumented: __itt_heap_allocate_end
792529 : 0x2dd56031dd4fbc : 2 : ittapi_config_apply_per_lib :  ITTAPI function instrumented: __itt_heap_free_begin
792529 : 0x2dd56031dd7e95 : 2 : ittapi_config_apply_per_lib :  ITTAPI function instrumented: __itt_heap_free_end
792529 : 0x2dd56031dd87a2 : 2 : ittapi_config_apply_per_lib :  ITTAPI function instrumented: __itt_heap_reallocate_begin
792529 : 0x2dd56031dd8efd : 2 : ittapi_config_apply_per_lib :  ITTAPI function instrumented: __itt_heap_reallocate_end
792529 : 0x2dd56031dd97c9 : 2 : ittapi_config_apply_per_lib :  ITTAPI function not implemented: __itt_heap_internal_access_begin
792529 : 0x2dd56031dda08b : 2 : ittapi_config_apply_per_lib :  ITTAPI function not implemented: __itt_heap_internal_access_end
792529 : 0x2dd56031dda8d8 : 2 : ittapi_config_apply_per_lib :  ITTAPI function not implemented: __itt_heap_record_memory_growth_begin
792529 : 0x2dd56031ddb11a : 2 : ittapi_config_apply_per_lib :  ITTAPI function not implemented: __itt_heap_record_memory_growth_end
792529 : 0x2dd56031ddb97a : 2 : ittapi_config_apply_per_lib :  ITTAPI function not implemented: __itt_heap_reset_detection
792529 : 0x2dd56031ddc263 : 2 : ittapi_config_apply_per_lib :  ITTAPI function not implemented: __itt_heap_record
792529 : 0x2dd56031ddcb2d : 2 : ittapi_config_apply_per_lib :  ITTAPI function not implemented: __itt_id_create
792529 : 0x2dd56031ddeda2 : 2 : ittapi_config_apply_per_lib :  ITTAPI function not implemented: __itt_id_destroy
792529 : 0x2dd56031ddf5d5 : 2 : ittapi_config_apply_per_lib :  ITTAPI function instrumented: __itt_get_timestamp
792529 : 0x2dd56031ddfe12 : 2 : ittapi_config_apply_per_lib :  ITTAPI function not implemented: __itt_region_begin
792529 : 0x2dd56031de0644 : 2 : ittapi_config_apply_per_lib :  ITTAPI function not implemented: __itt_region_end
792529 : 0x2dd56031de0e9b : 2 : ittapi_config_apply_per_lib :  ITTAPI function instrumented: __itt_frame_begin_v3
792529 : 0x2dd56031de161b : 2 : ittapi_config_apply_per_lib :  ITTAPI function instrumented: __itt_frame_end_v3
792529 : 0x2dd56031de1e18 : 2 : ittapi_config_apply_per_lib :  ITTAPI function instrumented: __itt_frame_submit_v3
792529 : 0x2dd56031de2488 : 2 : ittapi_config_apply_per_lib :  ITTAPI function NOT instrumented (not matched by --itt-config option): __itt_task_group

792529 : 0x2dd56031de2b79 : 2 : ittapi_config_apply_per_lib :  ITTAPI function NOT instrumented (not matched by --itt-config option): __itt_task_begin

792529 : 0x2dd56031de31c4 : 2 : ittapi_config_apply_per_lib :  ITTAPI function NOT instrumented (not matched by --itt-config option): __itt_task_begin_fn

792529 : 0x2dd56031de51be : 2 : ittapi_config_apply_per_lib :  ITTAPI function NOT instrumented (not matched by --itt-config option): __itt_task_end

792529 : 0x2dd56031de592d : 2 : ittapi_config_apply_per_lib :  ITTAPI function NOT instrumented (not matched by --itt-config option): __itt_counter_inc_v3

792529 : 0x2dd56031de5fd3 : 2 : ittapi_config_apply_per_lib :  ITTAPI function NOT instrumented (not matched by --itt-config option): __itt_counter_inc_delta_v3

792529 : 0x2dd56031de6621 : 2 : ittapi_config_apply_per_lib :  ITTAPI function NOT instrumented (not matched by --itt-config option): __itt_counter_dec_v3

792529 : 0x2dd56031de6ca3 : 2 : ittapi_config_apply_per_lib :  ITTAPI function NOT instrumented (not matched by --itt-config option): __itt_counter_dec_delta_v3

792529 : 0x2dd56031de755a : 2 : ittapi_config_apply_per_lib :  ITTAPI function not implemented: __itt_marker
792529 : 0x2dd56031de7d04 : 2 : ittapi_config_apply_per_lib :  ITTAPI function instrumented: __itt_metadata_add
792529 : 0x2dd56031de855e : 2 : ittapi_config_apply_per_lib :  ITTAPI function not implemented: __itt_metadata_str_add
792529 : 0x2dd56031de8da6 : 2 : ittapi_config_apply_per_lib :  ITTAPI function not implemented: __itt_relation_add_to_current
792529 : 0x2dd56031de958a : 2 : ittapi_config_apply_per_lib :  ITTAPI function not implemented: __itt_relation_add
792529 : 0x2dd56031deb42c : 2 : ittapi_config_apply_per_lib :  ITTAPI function instrumented: __itt_event_create
792529 : 0x2dd56031debad6 : 2 : ittapi_config_apply_per_lib :  ITTAPI function NOT instrumented (not matched by --itt-config option): __itt_event_start

792529 : 0x2dd56031dec17b : 2 : ittapi_config_apply_per_lib :  ITTAPI function NOT instrumented (not matched by --itt-config option): __itt_event_end

792529 : 0x2dd56031dec7ea : 2 : ittapi_config_apply_per_lib :  ITTAPI function NOT instrumented (not matched by --itt-config option): __itt_sync_set_name

792529 : 0x2dd56031dece51 : 2 : ittapi_config_apply_per_lib :  ITTAPI function NOT instrumented (not matched by --itt-config option): __itt_notify_sync_name

792529 : 0x2dd56031ded506 : 2 : ittapi_config_apply_per_lib :  ITTAPI function NOT instrumented (not matched by --itt-config option): __itt_notify_sync_prepare

792529 : 0x2dd56031dedb3e : 2 : ittapi_config_apply_per_lib :  ITTAPI function NOT instrumented (not matched by --itt-config option): __itt_notify_sync_cancel

792529 : 0x2dd56031dee215 : 2 : ittapi_config_apply_per_lib :  ITTAPI function NOT instrumented (not matched by --itt-config option): __itt_notify_sync_acquired

792529 : 0x2dd56031dee899 : 2 : ittapi_config_apply_per_lib :  ITTAPI function NOT instrumented (not matched by --itt-config option): __itt_notify_sync_releasing

792529 : 0x2dd56031def091 : 2 : ittapi_config_apply_per_lib :  ITTAPI function not implemented: __itt_memory_read
792529 : 0x2dd56031df1f1d : 2 : ittapi_config_apply_per_lib :  ITTAPI function not implemented: __itt_memory_write
792529 : 0x2dd56031df28e3 : 2 : ittapi_config_apply_per_lib :  ITTAPI function not implemented: __itt_memory_update
792529 : 0x2dd56031df311c : 2 : ittapi_config_apply_per_lib :  ITTAPI function not implemented: __itt_state_get
792529 : 0x2dd56031df38c2 : 2 : ittapi_config_apply_per_lib :  ITTAPI function not implemented: __itt_state_set
792529 : 0x2dd56031df4047 : 2 : ittapi_config_apply_per_lib :  ITTAPI function not implemented: __itt_obj_mode_set
792529 : 0x2dd56031df4814 : 2 : ittapi_config_apply_per_lib :  ITTAPI function not implemented: __itt_thr_mode_set
792529 : 0x2dd56031df4faa : 2 : ittapi_config_apply_per_lib :  ITTAPI function instrumented: __itt_frame_create
792529 : 0x2dd56031df56bf : 2 : ittapi_config_apply_per_lib :  ITTAPI function instrumented: __itt_pt_region_create
792529 : 0x2dd56031df5e8c : 2 : ittapi_config_apply_per_lib :  ITTAPI function instrumented: __itt_frame_begin
792529 : 0x2dd56031df66e8 : 2 : ittapi_config_apply_per_lib :  ITTAPI function instrumented: __itt_frame_end
792529 : 0x2dd56031df85f5 : 2 : ittapi_config_apply_per_lib :  ITTAPI function NOT instrumented (not matched by --itt-config option): __itt_counter_destroy

792529 : 0x2dd56031df8d25 : 2 : ittapi_config_apply_per_lib :  ITTAPI function NOT instrumented (not matched by --itt-config option): __itt_counter_inc

792529 : 0x2dd56031df9377 : 2 : ittapi_config_apply_per_lib :  ITTAPI function NOT instrumented (not matched by --itt-config option): __itt_counter_inc_delta

792529 : 0x2dd56031df9a26 : 2 : ittapi_config_apply_per_lib :  ITTAPI function NOT instrumented (not matched by --itt-config option): __itt_counter_dec

792529 : 0x2dd56031dfa0c4 : 2 : ittapi_config_apply_per_lib :  ITTAPI function NOT instrumented (not matched by --itt-config option): __itt_counter_dec_delta

792529 : 0x2dd56031dfa703 : 2 : ittapi_config_apply_per_lib :  ITTAPI function NOT instrumented (not matched by --itt-config option): __itt_counter_set_value

792529 : 0x2dd56031dfad9b : 2 : ittapi_config_apply_per_lib :  ITTAPI function NOT instrumented (not matched by --itt-config option): __itt_counter_set_value_ex

792529 : 0x2dd56031dfb5c1 : 2 : ittapi_config_apply_per_lib :  ITTAPI function not implemented: __itt_mark_create
792529 : 0x2dd56031dfbf89 : 2 : ittapi_config_apply_per_lib :  ITTAPI function not implemented: __itt_mark
792529 : 0x2dd56031dfc81a : 2 : ittapi_config_apply_per_lib :  ITTAPI function not implemented: __itt_mark_off
792529 : 0x2dd56031dfe7ae : 2 : ittapi_config_apply_per_lib :  ITTAPI function not implemented: __itt_mark_global
792529 : 0x2dd56031dfefd6 : 2 : ittapi_config_apply_per_lib :  ITTAPI function not implemented: __itt_mark_global_off
792529 : 0x2dd56031dff748 : 2 : ittapi_config_apply_per_lib :  ITTAPI function NOT instrumented (not matched by --itt-config option): __itt_stack_caller_create

792529 : 0x2dd56031dffdb1 : 2 : ittapi_config_apply_per_lib :  ITTAPI function NOT instrumented (not matched by --itt-config option): __itt_stack_caller_destroy

792529 : 0x2dd56031e004ad : 2 : ittapi_config_apply_per_lib :  ITTAPI function NOT instrumented (not matched by --itt-config option): __itt_stack_callee_enter

792529 : 0x2dd56031e00b1e : 2 : ittapi_config_apply_per_lib :  ITTAPI function NOT instrumented (not matched by --itt-config option): __itt_stack_callee_leave

792529 : 0x2dd56031e012a4 : 2 : ittapi_config_apply_per_lib :  ITTAPI function not implemented: __itt_clock_domain_create
792529 : 0x2dd56031e01b21 : 2 : ittapi_config_apply_per_lib :  ITTAPI function not implemented: __itt_clock_domain_reset
792529 : 0x2dd56031e022f9 : 2 : ittapi_config_apply_per_lib :  ITTAPI function not implemented: __itt_id_create_ex
792529 : 0x2dd56031e02abe : 2 : ittapi_config_apply_per_lib :  ITTAPI function not implemented: __itt_id_destroy_ex
792529 : 0x2dd56031e05515 : 2 : ittapi_config_apply_per_lib :  ITTAPI function NOT instrumented (not matched by --itt-config option): __itt_task_begin_ex

792529 : 0x2dd56031e05c27 : 2 : ittapi_config_apply_per_lib :  ITTAPI function NOT instrumented (not matched by --itt-config option): __itt_task_begin_fn_ex

792529 : 0x2dd56031e06251 : 2 : ittapi_config_apply_per_lib :  ITTAPI function NOT instrumented (not matched by --itt-config option): __itt_task_end_ex

792529 : 0x2dd56031e0687f : 2 : ittapi_config_apply_per_lib :  ITTAPI function NOT instrumented (not matched by --itt-config option): __itt_task_begin_overlapped

792529 : 0x2dd56031e06edf : 2 : ittapi_config_apply_per_lib :  ITTAPI function NOT instrumented (not matched by --itt-config option): __itt_task_begin_overlapped_ex

792529 : 0x2dd56031e074e7 : 2 : ittapi_config_apply_per_lib :  ITTAPI function NOT instrumented (not matched by --itt-config option): __itt_task_end_overlapped

792529 : 0x2dd56031e07af7 : 2 : ittapi_config_apply_per_lib :  ITTAPI function NOT instrumented (not matched by --itt-config option): __itt_task_end_overlapped_ex

792529 : 0x2dd56031e08314 : 2 : ittapi_config_apply_per_lib :  ITTAPI function not implemented: __itt_marker_ex
792529 : 0x2dd56031e08b62 : 2 : ittapi_config_apply_per_lib :  ITTAPI function not implemented: __itt_metadata_add_with_scope
792529 : 0x2dd56031e093bf : 2 : ittapi_config_apply_per_lib :  ITTAPI function not implemented: __itt_metadata_str_add_with_scope
792529 : 0x2dd56031e0b45e : 2 : ittapi_config_apply_per_lib :  ITTAPI function not implemented: __itt_relation_add_to_current_ex
792529 : 0x2dd56031e0bdb3 : 2 : ittapi_config_apply_per_lib :  ITTAPI function not implemented: __itt_relation_add_ex
792529 : 0x2dd56031e0c571 : 2 : ittapi_config_apply_per_lib :  ITTAPI function not implemented: __itt_track_group_create
792529 : 0x2dd56031e0ccb4 : 2 : ittapi_config_apply_per_lib :  ITTAPI function not implemented: __itt_track_create
792529 : 0x2dd56031e0d4dc : 2 : ittapi_config_apply_per_lib :  ITTAPI function not implemented: __itt_set_track
792529 : 0x2dd56031e0dc48 : 2 : ittapi_config_apply_per_lib :  ITTAPI function instrumented: __itt_api_version
792529 : 0x2dd56031e0e4e6 : 2 : ittapi_config_apply_per_lib :  ITTAPI function not implemented: __itt_av_save
792529 : 0x2dd56031e0ecaa : 2 : ittapi_config_apply_per_lib :  ITTAPI function instrumented: __itt_module_load
792529 : 0x2dd56031e0f4cf : 2 : ittapi_config_apply_per_lib :  ITTAPI function not implemented: __itt_module_unload