
794827 : 0x2dd5993924a346 : 1 : spill_jit_data :  Jit agent is not initialized
794827 : 0x2dd5993946812e : 2 : ittapi_config_mask_get :  --itt-config mask to be applied: 1
794827 : 0x2dd59939469dbd : 2 : ittapi_config_apply_per_lib :  ITTAPI function instrumented: __itt_domain_create
794827 : 0x2dd5993946ab72 : 2 : ittapi_config_apply_per_lib :  ITTAPI function instrumented: __itt_module_load_with_sections
794827 : 0x2dd5993946c00c : 2 : ittapi_config_apply_per_lib :  ITTAPI function not implemented: __itt_module_unload_with_sections
794827 : 0x2dd5993946ccac : 2 : ittapi_config_apply_per_lib :  ITTAPI function instrumented: __itt_string_handle_create
794827 : 0x2dd5993946d63d : 2 : ittapi_config_apply_per_lib :  ITTAPI function instrumented: __itt_counter_create
794827 : 0x2dd5993946dee7 : 2 : ittapi_config_apply_per_lib :  ITTAPI function instrumented: __itt_counter_create_typed
794827 : 0x2dd5993946e738 : 2 : ittapi_config_apply_per_lib :  ITTAPI function instrumented: __itt_pause
794827 : 0x2dd5993946f322 : 2 : ittapi_config_apply_per_lib :  ITTAPI function instrumented: __itt_resume
794827 : 0x2dd599394801a4 : 2 : ittapi_config_apply_per_lib :  ITTAPI function instrumented: __itt_thread_set_name
794827 : 0x2dd59939480f99 : 2 : ittapi_config_apply_per_lib :  ITTAPI function instrumented: __itt_thread_ignore
794827 : 0x2dd59939481941 : 2 : ittapi_config_apply_per_lib :  ITTAPI function instrumented: __itt_thr_name_set
794827 : 0x2dd59939482302 : 2 : ittapi_config_apply_per_lib :  ITTAPI function instrumented: __itt_thr_ignore
794827 : 0x2dd59939482f7e : 2 : ittapi_config_apply_per_lib :  ITTAPI function not implemented: __itt_enable_attach
794827 : 0x2dd5993948394a : 2 : ittapi_config_apply_per_lib :  ITTAPI function instrumented: __itt_detach
794827 : 0x2dd599394840fb : 2 : ittapi_config_apply_per_lib :  ITTAPI function NOT instrumented (not matched by --itt-config option): __itt_sync_create

794827 : 0x2dd59939484908 : 2 : ittapi_config_apply_per_lib :  ITTAPI function NOT instrumented (not matched by --itt-config option): __itt_sync_rename

794827 : 0x2dd599394850bf : 2 : ittapi_config_apply_per_lib :  ITTAPI function NOT instrumented (not matched by --itt-config option): __itt_sync_destroy

794827 : 0x2dd5993948588e : 2 : ittapi_config_apply_per_lib :  ITTAPI function NOT instrumented (not matched by --itt-config option): __itt_sync_prepare

794827 : 0x2dd5993948876c : 2 : ittapi_config_apply_per_lib :  ITTAPI function NOT instrumented (not matched by --itt-config option): __itt_sync_cancel

794827 : 0x2dd59939488faa : 2 : ittapi_config_apply_per_lib :  ITTAPI function NOT instrumented (not matched by --itt-config option): __itt_sync_acquired

794827 : 0x2dd599394896cf : 2 : ittapi_config_apply_per_lib :  ITTAPI function NOT instrumented (not matched by --itt-config option): __itt_sync_releasing

794827 : 0x2dd5993948a263 : 2 : ittapi_config_apply_per_lib :  ITTAPI function not implemented: __itt_suppress_push
794827 : 0x2dd5993948ad9f : 2 : ittapi_config_apply_per_lib :  ITTAPI function not implemented: __itt_suppress_pop
794827 : 0x2dd5993948b73b : 2 : ittapi_config_apply_per_lib :  ITTAPI function not implemented: __itt_suppress_mark_range
794827 : 0x2dd5993948c17b : 2 : ittapi_config_apply_per_lib :  ITTAPI function not implemented: __itt_suppress_clear_range
794827 : 0x2dd5993948c8a4 : 2 : ittapi_config_apply_per_lib :  ITTAPI function NOT instrumented (not matched by --itt-config option): __itt_sync_prepare

794827 : 0x2dd5993948d021 : 2 : ittapi_config_apply_per_lib :  ITTAPI function NOT instrumented (not matched by --itt-config option): __itt_sync_cancel

794827 : 0x2dd5993948d725 : 2 : ittapi_config_apply_per_lib :  ITTAPI function NOT instrumented (not matched by --itt-config option): __itt_sync_acquired

794827 : 0x2dd5993948fabe : 2 : ittapi_config_apply_per_lib :  ITTAPI function NOT instrumented (not matched by --itt-config option): __itt_sync_releasing

794827 : 0x2dd599394902ab : 2 : ittapi_config_apply_per_lib :  ITTAPI function NOT instrumented (not matched by --itt-config option): __itt_model_site_begin

794827 : 0x2dd59939490a30 : 2 : ittapi_config_apply_per_lib :  ITTAPI function NOT instrumented (not matched by --itt-config option): __itt_model_site_end

794827 : 0x2dd59939491261 : 2 : ittapi_config_apply_per_lib :  ITTAPI function NOT instrumented (not matched by --itt-config option): __itt_model_task_begin

794827 : 0x2dd599394919c4 : 2 : ittapi_config_apply_per_lib :  ITTAPI function NOT instrumented (not matched by --itt-config option): __itt_model_task_end

794827 : 0x2dd599394920f2 : 2 : ittapi_config_apply_per_lib :  ITTAPI function NOT instrumented (not matched by --itt-config option): __itt_model_lock_acquire

794827 : 0x2dd59939492893 : 2 : ittapi_config_apply_per_lib :  ITTAPI function NOT instrumented (not matched by --itt-config option): __itt_model_lock_release

794827 : 0x2dd59939492ffb : 2 : ittapi_config_apply_per_lib :  ITTAPI function NOT instrumented (not matched by --itt-config option): __itt_model_record_allocation

794827 : 0x2dd5993949374f : 2 : ittapi_config_apply_per_lib :  ITTAPI function NOT instrumented (not matched by --itt-config option): __itt_model_record_deallocation

794827 : 0x2dd59939493ec0 : 2 : ittapi_config_apply_per_lib :  ITTAPI function NOT instrumented (not matched by --itt-config option): __itt_model_induction_uses

794827 : 0x2dd59939497e25 : 2 : ittapi_config_apply_per_lib :  ITTAPI function NOT instrumented (not matched by --itt-config option): __itt_model_reduction_uses

794827 : 0x2dd599394987ca : 2 : ittapi_config_apply_per_lib :  ITTAPI function NOT instrumented (not matched by --itt-config option): __itt_model_observe_uses

794827 : 0x2dd59939499065 : 2 : ittapi_config_apply_per_lib :  ITTAPI function NOT instrumented (not matched by --itt-config option): __itt_model_clear_uses

794827 : 0x2dd59939499e86 : 2 : ittapi_config_apply_per_lib :  ITTAPI function NOT instrumented (not matched by --itt-config option): __itt_model_site_beginA

794827 : 0x2dd5993949a637 : 2 : ittapi_config_apply_per_lib :  ITTAPI function NOT instrumented (not matched by --itt-config option): __itt_model_site_beginAL

794827 : 0x2dd5993949ad91 : 2 : ittapi_config_apply_per_lib :  ITTAPI function NOT instrumented (not matched by --itt-config option): __itt_model_task_beginA

794827 : 0x2dd5993949b4aa : 2 : ittapi_config_apply_per_lib :  ITTAPI function NOT instrumented (not matched by --itt-config option): __itt_model_task_beginAL

794827 : 0x2dd5993949bc36 : 2 : ittapi_config_apply_per_lib :  ITTAPI function NOT instrumented (not matched by --itt-config option): __itt_model_iteration_taskA

794827 : 0x2dd5993949c393 : 2 : ittapi_config_apply_per_lib :  ITTAPI function NOT instrumented (not matched by --itt-config option): __itt_model_iteration_taskAL

794827 : 0x2dd5993949caf9 : 2 : ittapi_config_apply_per_lib :  ITTAPI function NOT instrumented (not matched by --itt-config option): __itt_model_site_end_2

794827 : 0x2dd5993949ee89 : 2 : ittapi_config_apply_per_lib :  ITTAPI function NOT instrumented (not matched by --itt-config option): __itt_model_task_end_2

794827 : 0x2dd5993949f5f7 : 2 : ittapi_config_apply_per_lib :  ITTAPI function NOT instrumented (not matched by --itt-config option): __itt_model_lock_acquire_2

794827 : 0x2dd5993949fd82 : 2 : ittapi_config_apply_per_lib :  ITTAPI function NOT instrumented (not matched by --itt-config option): __itt_model_lock_release_2

794827 : 0x2dd599394a0507 : 2 : ittapi_config_apply_per_lib :  ITTAPI function NOT instrumented (not matched by --itt-config option): __itt_model_aggregate_task

794827 : 0x2dd599394a0c2c : 2 : ittapi_config_apply_per_lib :  ITTAPI function NOT instrumented (not matched by --itt-config option): __itt_model_disable_push

794827 : 0x2dd599394a13bb : 2 : ittapi_config_apply_per_lib :  ITTAPI function NOT instrumented (not matched by --itt-config option): __itt_model_disable_pop

794827 : 0x2dd599394a1ca0 : 2 : ittapi_config_apply_per_lib :  ITTAPI function instrumented: __itt_heap_function_create
794827 : 0x2dd599394a260c : 2 : ittapi_config_apply_per_lib :  ITTAPI function instrumented: __itt_heap_allocate_begin
794827 : 0x2dd599394a2ea3 : 2 : ittapi_config_apply_per_lib :  ITTAPI function instrumented: __itt_heap_allocate_end
794827 : 0x2dd599394a378f : 2 : ittapi_config_apply_per_lib :  ITTAPI function instrumented: __itt_heap_free_begin
794827 : 0x2dd599394a69f4 : 2 : ittapi_config_apply_per_lib :  ITTAPI function instrumented: __itt_heap_free_end
794827 : 0x2dd599394a73b7 : 2 : ittapi_config_apply_per_lib :  ITTAPI function instrumented: __itt_heap_reallocate_begin
794827 : 0x2dd599394a7bc2 : 2 : ittapi_config_apply_per_lib :  ITTAPI function instrumented: __itt_heap_reallocate_end
794827 : 0x2dd599394a85ad : 2 : ittapi_config_apply_per_lib :  ITTAPI function not implemented: __itt_heap_internal_access_begin
794827 : 0x2dd599394a8fda : 2 : ittapi_config_apply_per_lib :  ITTAPI function not implemented: __itt_heap_internal_access_end
794827 : 0x2dd599394a98d6 : 2 : ittapi_config_apply_per_lib :  ITTAPI function not implemented: __itt_heap_record_memory_growth_begin
794827 : 0x2dd599394aa2a3 : 2 : ittapi_config_apply_per_lib :  ITTAPI function not implemented: __itt_heap_record_memory_growth_end
794827 : 0x2dd599394aabc7 : 2 : ittapi_config_apply_per_lib :  ITTAPI function not implemented: __itt_heap_reset_detection
794827 : 0x2dd599394ab5f4 : 2 : ittapi_config_apply_per_lib :  ITTAPI function not implemented: __itt_heap_record
794827 : 0x2dd599394ac027 : 2 : ittapi_config_apply_per_lib :  ITTAPI function not implemented: __itt_id_create
794827 : 0x2dd599394ae5df : 2 : ittapi_config_apply_per_lib :  ITTAPI function not implemented: __itt_id_destroy
794827 : 0x2dd599394aeeee : 2 : ittapi_config_apply_per_lib :  ITTAPI function instrumented: __itt_get_timestamp
794827 : 0x2dd599394af819 : 2 : ittapi_config_apply_per_lib :  ITTAPI function not implemented: __itt_region_begin
794827 : 0x2dd599394b01ab : 2 : ittapi_config_apply_per_lib :  ITTAPI function not implemented: __itt_region_end
794827 : 0x2dd599394b11c5 : 2 : ittapi_config_apply_per_lib :  ITTAPI function instrumented: __itt_frame_begin_v3
794827 : 0x2dd599394b1a73 : 2 : ittapi_config_apply_per_lib :  ITTAPI function instrumented: __itt_frame_end_v3
794827 : 0x2dd599394b22cd : 2 : ittapi_config_apply_per_lib :  ITTAPI function instrumented: __itt_frame_submit_v3
794827 : 0x2dd599394b2a1c : 2 : ittapi_config_apply_per_lib :  ITTAPI function NOT instrumented (not matched by --itt-config option): __itt_task_group

794827 : 0x2dd599394b3208 : 2 : ittapi_config_apply_per_lib :  ITTAPI function NOT instrumented (not matched by --itt-config option): __itt_task_begin

794827 : 0x2dd599394b3927 : 2 : ittapi_config_apply_per_lib :  ITTAPI function NOT instrumented (not matched by --itt-config option): __itt_task_begin_fn

794827 : 0x2dd599394b5a56 : 2 : ittapi_config_apply_per_lib :  ITTAPI function NOT instrumented (not matched by --itt-config option): __itt_task_end

794827 : 0x2dd599394b6281 : 2 : ittapi_config_apply_per_lib :  ITTAPI function NOT instrumented (not matched by --itt-config option): __itt_counter_inc_v3

794827 : 0x2dd599394b69e2 : 2 : ittapi_config_apply_per_lib :  ITTAPI function NOT instrumented (not matched by --itt-config option): __itt_counter_inc_delta_v3

794827 : 0x2dd599394b70eb : 2 : ittapi_config_apply_per_lib :  ITTAPI function NOT instrumented (not matched by --itt-config option): __itt_counter_dec_v3

794827 : 0x2dd599394b7822 : 2 : ittapi_config_apply_per_lib :  ITTAPI function NOT instrumented (not matched by --itt-config option): __itt_counter_dec_delta_v3

794827 : 0x2dd599394b81db : 2 : ittapi_config_apply_per_lib :  ITTAPI function not implemented: __itt_marker
794827 : 0x2dd599394b8a9a : 2 : ittapi_config_apply_per_lib :  ITTAPI function instrumented: __itt_metadata_add
794827 : 0x2dd599394b9444 : 2 : ittapi_config_apply_per_lib :  ITTAPI function not implemented: __itt_metadata_str_add
794827 : 0x2dd599394bcd22 : 2 : ittapi_config_apply_per_lib :  ITTAPI function not implemented: __itt_relation_add_to_current
794827 : 0x2dd599394bd57f : 2 : ittapi_config_apply_per_lib :  ITTAPI function not implemented: __itt_relation_add
794827 : 0x2dd599394bf588 : 2 : ittapi_config_apply_per_lib :  ITTAPI function instrumented: __itt_event_create
794827 : 0x2dd599394bfc7d : 2 : ittapi_config_apply_per_lib :  ITTAPI function NOT instrumented (not matched by --itt-config option): __itt_event_start

794827 : 0x2dd599394c0353 : 2 : ittapi_config_apply_per_lib :  ITTAPI function NOT instrumented (not matched by --itt-config option): __itt_event_end

794827 : 0x2dd599394c0a04 : 2 : ittapi_config_apply_per_lib :  ITTAPI function NOT instrumented (not matched by --itt-config option): __itt_sync_set_name

794827 : 0x2dd599394c10db : 2 : ittapi_config_apply_per_lib :  ITTAPI function NOT instrumented (not matched by --itt-config option): __itt_notify_sync_name

794827 : 0x2dd599394c17b5 : 2 : ittapi_config_apply_per_lib :  ITTAPI function NOT instrumented (not matched by --itt-config option): __itt_notify_sync_prepare

794827 : 0x2dd599394c1e41 : 2 : ittapi_config_apply_per_lib :  ITTAPI function NOT instrumented (not matched by --itt-config option): __itt_notify_sync_cancel

794827 : 0x2dd599394c2541 : 2 : ittapi_config_apply_per_lib :  ITTAPI function NOT instrumented (not matched by --itt-config option): __itt_notify_sync_acquired

794827 : 0x2dd599394c2c3e : 2 : ittapi_config_apply_per_lib :  ITTAPI function NOT instrumented (not matched by --itt-config option): __itt_notify_sync_releasing

794827 : 0x2dd599394c34f1 : 2 : ittapi_config_apply_per_lib :  ITTAPI function not implemented: __itt_memory_read
794827 : 0x2dd599394c6800 : 2 : ittapi_config_apply_per_lib :  ITTAPI function not implemented: __itt_memory_write
794827 : 0x2dd599394c721c : 2 : ittapi_config_apply_per_lib :  ITTAPI function not implemented: __itt_memory_update
794827 : 0x2dd599394c7b13 : 2 : ittapi_config_apply_per_lib :  ITTAPI function not implemented: __itt_state_get
794827 : 0x2dd599394c82ec : 2 : ittapi_config_apply_per_lib :  ITTAPI function not implemented: __itt_state_set
794827 : 0x2dd599394c8be5 : 2 : ittapi_config_apply_per_lib :  ITTAPI function not implemented: __itt_obj_mode_set
794827 : 0x2dd599394c9435 : 2 : ittapi_config_apply_per_lib :  ITTAPI function not implemented: __itt_thr_mode_set
794827 : 0x2dd599394c9c5d : 2 : ittapi_config_apply_per_lib :  ITTAPI function instrumented: __itt_frame_create
794827 : 0x2dd599394ca4f7 : 2 : ittapi_config_apply_per_lib :  ITTAPI function instrumented: __itt_pt_region_create
794827 : 0x2dd599394cada3 : 2 : ittapi_config_apply_per_lib :  ITTAPI function instrumented: __itt_frame_begin
794827 : 0x2dd599394cb6c6 : 2 : ittapi_config_apply_per_lib :  ITTAPI function instrumented: __itt_frame_end
794827 : 0x2dd599394cd717 : 2 : ittapi_config_apply_per_lib :  ITTAPI function NOT instrumented (not matched by --itt-config option): __itt_counter_destroy

794827 : 0x2dd599394cde8d : 2 : ittapi_config_apply_per_lib :  ITTAPI function NOT instrumented (not matched by --itt-config option): __itt_counter_inc

794827 : 0x2dd599394ce52d : 2 : ittapi_config_apply_per_lib :  ITTAPI function NOT instrumented (not matched by --itt-config option): __itt_counter_inc_delta

794827 : 0x2dd599394cec30 : 2 : ittapi_config_apply_per_lib :  ITTAPI function NOT instrumented (not matched by --itt-config option): __itt_counter_dec

794827 : 0x2dd599394cf302 : 2 : ittapi_config_apply_per_lib :  ITTAPI function NOT instrumented (not matched by --itt-config option): __itt_counter_dec_delta

794827 : 0x2dd599394cf97a : 2 : ittapi_config_apply_per_lib :  ITTAPI function NOT instrumented (not matched by --itt-config option): __itt_counter_set_value

794827 : 0x2dd599394d130a : 2 : ittapi_config_apply_per_lib :  ITTAPI function NOT instrumented (not matched by --itt-config option): __itt_counter_set_value_ex

794827 : 0x2dd599394d1c14 : 2 : ittapi_config_apply_per_lib :  ITTAPI function not implemented: __itt_mark_create
794827 : 0x2dd599394d27cd : 2 : ittapi_config_apply_per_lib :  ITTAPI function not implemented: __itt_mark
794827 : 0x2dd599394d314f : 2 : ittapi_config_apply_per_lib :  ITTAPI function not implemented: __itt_mark_off
794827 : 0x2dd599394d54c3 : 2 : ittapi_config_apply_per_lib :  ITTAPI function not implemented: __itt_mark_global
794827 : 0x2dd599394d5e41 : 2 : ittapi_config_apply_per_lib :  ITTAPI function not implemented: __itt_mark_global_off
794827 : 0x2dd599394d67b7 : 2 : ittapi_config_apply_per_lib :  ITTAPI function NOT instrumented (not matched by --itt-config option): __itt_stack_caller_create

794827 : 0x2dd599394d6efb : 2 : ittapi_config_apply_per_lib :  ITTAPI function NOT instrumented (not matched by --itt-config option): __itt_stack_caller_destroy

794827 : 0x2dd599394d7641 : 2 : ittapi_config_apply_per_lib :  ITTAPI function NOT instrumented (not matched by --itt-config option): __itt_stack_callee_enter

794827 : 0x2dd599394d7d3b : 2 : ittapi_config_apply_per_lib :  ITTAPI function NOT instrumented (not matched by --itt-config option): __itt_stack_callee_leave

794827 : 0x2dd599394d8598 : 2 : ittapi_config_apply_per_lib :  ITTAPI function not implemented: __itt_clock_domain_create
794827 : 0x2dd599394d8fc1 : 2 : ittapi_config_apply_per_lib :  ITTAPI function not implemented: __itt_clock_domain_reset
794827 : 0x2dd599394d986f : 2 : ittapi_config_apply_per_lib :  ITTAPI function not implemented: __itt_id_create_ex
794827 : 0x2dd599394da053 : 2 : ittapi_config_apply_per_lib :  ITTAPI function not implemented: __itt_id_destroy_ex
794827 : 0x2dd599394dcde0 : 2 : ittapi_config_apply_per_lib :  ITTAPI function NOT instrumented (not matched by --itt-config option): __itt_task_begin_ex

794827 : 0x2dd599394dd538 : 2 : ittapi_config_apply_per_lib :  ITTAPI function NOT instrumented (not matched by --itt-config option): __itt_task_begin_fn_ex

794827 : 0x2dd599394ddc1f : 2 : ittapi_config_apply_per_lib :  ITTAPI function NOT instrumented (not matched by --itt-config option): __itt_task_end_ex

794827 : 0x2dd599394de2c3 : 2 : ittapi_config_apply_per_lib :  ITTAPI function NOT instrumented (not matched by --itt-config option): __itt_task_begin_overlapped

794827 : 0x2dd599394de951 : 2 : ittapi_config_apply_per_lib :  ITTAPI function NOT instrumented (not matched by --itt-config option): __itt_task_begin_overlapped_ex

794827 : 0x2dd599394df017 : 2 : ittapi_config_apply_per_lib :  ITTAPI function NOT instrumented (not matched by --itt-config option): __itt_task_end_overlapped

794827 : 0x2dd599394df65e : 2 : ittapi_config_apply_per_lib :  ITTAPI function NOT instrumented (not matched by --itt-config option): __itt_task_end_overlapped_ex

794827 : 0x2dd599394dff62 : 2 : ittapi_config_apply_per_lib :  ITTAPI function not implemented: __itt_marker_ex
794827 : 0x2dd599394e085f : 2 : ittapi_config_apply_per_lib :  ITTAPI function not implemented: __itt_metadata_add_with_scope
794827 : 0x2dd599394e10f6 : 2 : ittapi_config_apply_per_lib :  ITTAPI function not implemented: __itt_metadata_str_add_with_scope
794827 : 0x2dd599394e32f2 : 2 : ittapi_config_apply_per_lib :  ITTAPI function not implemented: __itt_relation_add_to_current_ex
794827 : 0x2dd599394e3c98 : 2 : ittapi_config_apply_per_lib :  ITTAPI function not implemented: __itt_relation_add_ex
794827 : 0x2dd599394e4686 : 2 : ittapi_config_apply_per_lib :  ITTAPI function not implemented: __itt_track_group_create
794827 : 0x2dd599394e4e5c : 2 : ittapi_config_apply_per_lib :  ITTAPI function not implemented: __itt_track_create
794827 : 0x2dd599394e56c2 : 2 : ittapi_config_apply_per_lib :  ITTAPI function not implemented: __itt_set_track
794827 : 0x2dd599394e5fad : 2 : ittapi_config_apply_per_lib :  ITTAPI function instrumented: __itt_api_version
794827 : 0x2dd599394e683e : 2 : ittapi_config_apply_per_lib :  ITTAPI function not implemented: __itt_av_save
794827 : 0x2dd599394e71f5 : 2 : ittapi_config_apply_per_lib :  ITTAPI function instrumented: __itt_module_load
794827 : 0x2dd599394e7b2d : 2 : ittapi_config_apply_per_lib :  ITTAPI function not implemented: __itt_module_unload