
784482 : 0x2dd4854f937a66 : 1 : spill_jit_data :  Jit agent is not initialized
784482 : 0x2dd48550084202 : 2 : ittapi_config_mask_get :  --itt-config mask to be applied: 1
784482 : 0x2dd48550086111 : 2 : ittapi_config_apply_per_lib :  ITTAPI function instrumented: __itt_domain_create
784482 : 0x2dd48550086c0a : 2 : ittapi_config_apply_per_lib :  ITTAPI function instrumented: __itt_module_load_with_sections
784482 : 0x2dd48550087bca : 2 : ittapi_config_apply_per_lib :  ITTAPI function not implemented: __itt_module_unload_with_sections
784482 : 0x2dd485500886be : 2 : ittapi_config_apply_per_lib :  ITTAPI function instrumented: __itt_string_handle_create
784482 : 0x2dd48550088fd7 : 2 : ittapi_config_apply_per_lib :  ITTAPI function instrumented: __itt_counter_create
784482 : 0x2dd485500898a0 : 2 : ittapi_config_apply_per_lib :  ITTAPI function instrumented: __itt_counter_create_typed
784482 : 0x2dd4855008a083 : 2 : ittapi_config_apply_per_lib :  ITTAPI function instrumented: __itt_pause
784482 : 0x2dd4855008a92b : 2 : ittapi_config_apply_per_lib :  ITTAPI function instrumented: __itt_resume
784482 : 0x2dd4855009ef56 : 2 : ittapi_config_apply_per_lib :  ITTAPI function instrumented: __itt_thread_set_name
784482 : 0x2dd4855009fb99 : 2 : ittapi_config_apply_per_lib :  ITTAPI function instrumented: __itt_thread_ignore
784482 : 0x2dd485500a047b : 2 : ittapi_config_apply_per_lib :  ITTAPI function instrumented: __itt_thr_name_set
784482 : 0x2dd485500a0d88 : 2 : ittapi_config_apply_per_lib :  ITTAPI function instrumented: __itt_thr_ignore
784482 : 0x2dd485500a1864 : 2 : ittapi_config_apply_per_lib :  ITTAPI function not implemented: __itt_enable_attach
784482 : 0x2dd485500a221e : 2 : ittapi_config_apply_per_lib :  ITTAPI function instrumented: __itt_detach
784482 : 0x2dd485500a290a : 2 : ittapi_config_apply_per_lib :  ITTAPI function NOT instrumented (not matched by --itt-config option): __itt_sync_create

784482 : 0x2dd485500a309e : 2 : ittapi_config_apply_per_lib :  ITTAPI function NOT instrumented (not matched by --itt-config option): __itt_sync_rename

784482 : 0x2dd485500a378b : 2 : ittapi_config_apply_per_lib :  ITTAPI function NOT instrumented (not matched by --itt-config option): __itt_sync_destroy

784482 : 0x2dd485500a3e31 : 2 : ittapi_config_apply_per_lib :  ITTAPI function NOT instrumented (not matched by --itt-config option): __itt_sync_prepare

784482 : 0x2dd485500a666c : 2 : ittapi_config_apply_per_lib :  ITTAPI function NOT instrumented (not matched by --itt-config option): __itt_sync_cancel

784482 : 0x2dd485500a6dc5 : 2 : ittapi_config_apply_per_lib :  ITTAPI function NOT instrumented (not matched by --itt-config option): __itt_sync_acquired

784482 : 0x2dd485500a749e : 2 : ittapi_config_apply_per_lib :  ITTAPI function NOT instrumented (not matched by --itt-config option): __itt_sync_releasing

784482 : 0x2dd485500a7e5a : 2 : ittapi_config_apply_per_lib :  ITTAPI function not implemented: __itt_suppress_push
784482 : 0x2dd485500a8969 : 2 : ittapi_config_apply_per_lib :  ITTAPI function not implemented: __itt_suppress_pop
784482 : 0x2dd485500a92c0 : 2 : ittapi_config_apply_per_lib :  ITTAPI function not implemented: __itt_suppress_mark_range
784482 : 0x2dd485500a9bef : 2 : ittapi_config_apply_per_lib :  ITTAPI function not implemented: __itt_suppress_clear_range
784482 : 0x2dd485500aa299 : 2 : ittapi_config_apply_per_lib :  ITTAPI function NOT instrumented (not matched by --itt-config option): __itt_sync_prepare

784482 : 0x2dd485500aa983 : 2 : ittapi_config_apply_per_lib :  ITTAPI function NOT instrumented (not matched by --itt-config option): __itt_sync_cancel

784482 : 0x2dd485500ab002 : 2 : ittapi_config_apply_per_lib :  ITTAPI function NOT instrumented (not matched by --itt-config option): __itt_sync_acquired

784482 : 0x2dd485500acf76 : 2 : ittapi_config_apply_per_lib :  ITTAPI function NOT instrumented (not matched by --itt-config option): __itt_sync_releasing

784482 : 0x2dd485500ad6f7 : 2 : ittapi_config_apply_per_lib :  ITTAPI function NOT instrumented (not matched by --itt-config option): __itt_model_site_begin

784482 : 0x2dd485500addda : 2 : ittapi_config_apply_per_lib :  ITTAPI function NOT instrumented (not matched by --itt-config option): __itt_model_site_end

784482 : 0x2dd485500ae57a : 2 : ittapi_config_apply_per_lib :  ITTAPI function NOT instrumented (not matched by --itt-config option): __itt_model_task_begin

784482 : 0x2dd485500aec38 : 2 : ittapi_config_apply_per_lib :  ITTAPI function NOT instrumented (not matched by --itt-config option): __itt_model_task_end

784482 : 0x2dd485500af2c6 : 2 : ittapi_config_apply_per_lib :  ITTAPI function NOT instrumented (not matched by --itt-config option): __itt_model_lock_acquire

784482 : 0x2dd485500af9df : 2 : ittapi_config_apply_per_lib :  ITTAPI function NOT instrumented (not matched by --itt-config option): __itt_model_lock_release

784482 : 0x2dd485500b008f : 2 : ittapi_config_apply_per_lib :  ITTAPI function NOT instrumented (not matched by --itt-config option): __itt_model_record_allocation

784482 : 0x2dd485500b0759 : 2 : ittapi_config_apply_per_lib :  ITTAPI function NOT instrumented (not matched by --itt-config option): __itt_model_record_deallocation

784482 : 0x2dd485500b0e2a : 2 : ittapi_config_apply_per_lib :  ITTAPI function NOT instrumented (not matched by --itt-config option): __itt_model_induction_uses

784482 : 0x2dd485500b4634 : 2 : ittapi_config_apply_per_lib :  ITTAPI function NOT instrumented (not matched by --itt-config option): __itt_model_reduction_uses

784482 : 0x2dd485500b4e3e : 2 : ittapi_config_apply_per_lib :  ITTAPI function NOT instrumented (not matched by --itt-config option): __itt_model_observe_uses

784482 : 0x2dd485500b550d : 2 : ittapi_config_apply_per_lib :  ITTAPI function NOT instrumented (not matched by --itt-config option): __itt_model_clear_uses

784482 : 0x2dd485500b5ba8 : 2 : ittapi_config_apply_per_lib :  ITTAPI function NOT instrumented (not matched by --itt-config option): __itt_model_site_beginA

784482 : 0x2dd485500b6288 : 2 : ittapi_config_apply_per_lib :  ITTAPI function NOT instrumented (not matched by --itt-config option): __itt_model_site_beginAL

784482 : 0x2dd485500b6932 : 2 : ittapi_config_apply_per_lib :  ITTAPI function NOT instrumented (not matched by --itt-config option): __itt_model_task_beginA

784482 : 0x2dd485500b6faf : 2 : ittapi_config_apply_per_lib :  ITTAPI function NOT instrumented (not matched by --itt-config option): __itt_model_task_beginAL

784482 : 0x2dd485500b7687 : 2 : ittapi_config_apply_per_lib :  ITTAPI function NOT instrumented (not matched by --itt-config option): __itt_model_iteration_taskA

784482 : 0x2dd485500b7d40 : 2 : ittapi_config_apply_per_lib :  ITTAPI function NOT instrumented (not matched by --itt-config option): __itt_model_iteration_taskAL

784482 : 0x2dd485500b8422 : 2 : ittapi_config_apply_per_lib :  ITTAPI function NOT instrumented (not matched by --itt-config option): __itt_model_site_end_2

784482 : 0x2dd485500ba560 : 2 : ittapi_config_apply_per_lib :  ITTAPI function NOT instrumented (not matched by --itt-config option): __itt_model_task_end_2

784482 : 0x2dd485500bac35 : 2 : ittapi_config_apply_per_lib :  ITTAPI function NOT instrumented (not matched by --itt-config option): __itt_model_lock_acquire_2

784482 : 0x2dd485500bb335 : 2 : ittapi_config_apply_per_lib :  ITTAPI function NOT instrumented (not matched by --itt-config option): __itt_model_lock_release_2

784482 : 0x2dd485500bba07 : 2 : ittapi_config_apply_per_lib :  ITTAPI function NOT instrumented (not matched by --itt-config option): __itt_model_aggregate_task

784482 : 0x2dd485500bc0a9 : 2 : ittapi_config_apply_per_lib :  ITTAPI function NOT instrumented (not matched by --itt-config option): __itt_model_disable_push

784482 : 0x2dd485500bc7b3 : 2 : ittapi_config_apply_per_lib :  ITTAPI function NOT instrumented (not matched by --itt-config option): __itt_model_disable_pop

784482 : 0x2dd485500bd08d : 2 : ittapi_config_apply_per_lib :  ITTAPI function instrumented: __itt_heap_function_create
784482 : 0x2dd485500bd966 : 2 : ittapi_config_apply_per_lib :  ITTAPI function instrumented: __itt_heap_allocate_begin
784482 : 0x2dd485500be14d : 2 : ittapi_config_apply_per_lib :  ITTAPI function instrumented: __itt_heap_allocate_end
784482 : 0x2dd485500be891 : 2 : ittapi_config_apply_per_lib :  ITTAPI function instrumented: __itt_heap_free_begin
784482 : 0x2dd485500c22d8 : 2 : ittapi_config_apply_per_lib :  ITTAPI function instrumented: __itt_heap_free_end
784482 : 0x2dd485500c2bd9 : 2 : ittapi_config_apply_per_lib :  ITTAPI function instrumented: __itt_heap_reallocate_begin
784482 : 0x2dd485500c3367 : 2 : ittapi_config_apply_per_lib :  ITTAPI function instrumented: __itt_heap_reallocate_end
784482 : 0x2dd485500c3d26 : 2 : ittapi_config_apply_per_lib :  ITTAPI function not implemented: __itt_heap_internal_access_begin
784482 : 0x2dd485500c4662 : 2 : ittapi_config_apply_per_lib :  ITTAPI function not implemented: __itt_heap_internal_access_end
784482 : 0x2dd485500c4eb1 : 2 : ittapi_config_apply_per_lib :  ITTAPI function not implemented: __itt_heap_record_memory_growth_begin
784482 : 0x2dd485500c5787 : 2 : ittapi_config_apply_per_lib :  ITTAPI function not implemented: __itt_heap_record_memory_growth_end
784482 : 0x2dd485500c6061 : 2 : ittapi_config_apply_per_lib :  ITTAPI function not implemented: __itt_heap_reset_detection
784482 : 0x2dd485500c695e : 2 : ittapi_config_apply_per_lib :  ITTAPI function not implemented: __itt_heap_record
784482 : 0x2dd485500c7247 : 2 : ittapi_config_apply_per_lib :  ITTAPI function not implemented: __itt_id_create
784482 : 0x2dd485500c96ed : 2 : ittapi_config_apply_per_lib :  ITTAPI function not implemented: __itt_id_destroy
784482 : 0x2dd485500c9f71 : 2 : ittapi_config_apply_per_lib :  ITTAPI function instrumented: __itt_get_timestamp
784482 : 0x2dd485500ca83f : 2 : ittapi_config_apply_per_lib :  ITTAPI function not implemented: __itt_region_begin
784482 : 0x2dd485500cb0d5 : 2 : ittapi_config_apply_per_lib :  ITTAPI function not implemented: __itt_region_end
784482 : 0x2dd485500cb9b2 : 2 : ittapi_config_apply_per_lib :  ITTAPI function instrumented: __itt_frame_begin_v3
784482 : 0x2dd485500cc193 : 2 : ittapi_config_apply_per_lib :  ITTAPI function instrumented: __itt_frame_end_v3
784482 : 0x2dd485500cc9c1 : 2 : ittapi_config_apply_per_lib :  ITTAPI function instrumented: __itt_frame_submit_v3
784482 : 0x2dd485500cd093 : 2 : ittapi_config_apply_per_lib :  ITTAPI function NOT instrumented (not matched by --itt-config option): __itt_task_group

784482 : 0x2dd485500cd7dd : 2 : ittapi_config_apply_per_lib :  ITTAPI function NOT instrumented (not matched by --itt-config option): __itt_task_begin

784482 : 0x2dd485500cde77 : 2 : ittapi_config_apply_per_lib :  ITTAPI function NOT instrumented (not matched by --itt-config option): __itt_task_begin_fn

784482 : 0x2dd485500cff04 : 2 : ittapi_config_apply_per_lib :  ITTAPI function NOT instrumented (not matched by --itt-config option): __itt_task_end

784482 : 0x2dd485500d0686 : 2 : ittapi_config_apply_per_lib :  ITTAPI function NOT instrumented (not matched by --itt-config option): __itt_counter_inc_v3

784482 : 0x2dd485500d0d57 : 2 : ittapi_config_apply_per_lib :  ITTAPI function NOT instrumented (not matched by --itt-config option): __itt_counter_inc_delta_v3

784482 : 0x2dd485500d13ab : 2 : ittapi_config_apply_per_lib :  ITTAPI function NOT instrumented (not matched by --itt-config option): __itt_counter_dec_v3

784482 : 0x2dd485500d1a61 : 2 : ittapi_config_apply_per_lib :  ITTAPI function NOT instrumented (not matched by --itt-config option): __itt_counter_dec_delta_v3

784482 : 0x2dd485500d232d : 2 : ittapi_config_apply_per_lib :  ITTAPI function not implemented: __itt_marker
784482 : 0x2dd485500d2b60 : 2 : ittapi_config_apply_per_lib :  ITTAPI function instrumented: __itt_metadata_add
784482 : 0x2dd485500d33a7 : 2 : ittapi_config_apply_per_lib :  ITTAPI function not implemented: __itt_metadata_str_add
784482 : 0x2dd485500d3c0a : 2 : ittapi_config_apply_per_lib :  ITTAPI function not implemented: __itt_relation_add_to_current
784482 : 0x2dd485500d4444 : 2 : ittapi_config_apply_per_lib :  ITTAPI function not implemented: __itt_relation_add
784482 : 0x2dd485500d6661 : 2 : ittapi_config_apply_per_lib :  ITTAPI function instrumented: __itt_event_create
784482 : 0x2dd485500d6d67 : 2 : ittapi_config_apply_per_lib :  ITTAPI function NOT instrumented (not matched by --itt-config option): __itt_event_start

784482 : 0x2dd485500d7452 : 2 : ittapi_config_apply_per_lib :  ITTAPI function NOT instrumented (not matched by --itt-config option): __itt_event_end

784482 : 0x2dd485500d7ad4 : 2 : ittapi_config_apply_per_lib :  ITTAPI function NOT instrumented (not matched by --itt-config option): __itt_sync_set_name

784482 : 0x2dd485500d818e : 2 : ittapi_config_apply_per_lib :  ITTAPI function NOT instrumented (not matched by --itt-config option): __itt_notify_sync_name

784482 : 0x2dd485500d8867 : 2 : ittapi_config_apply_per_lib :  ITTAPI function NOT instrumented (not matched by --itt-config option): __itt_notify_sync_prepare

784482 : 0x2dd485500d8eb4 : 2 : ittapi_config_apply_per_lib :  ITTAPI function NOT instrumented (not matched by --itt-config option): __itt_notify_sync_cancel

784482 : 0x2dd485500d95ab : 2 : ittapi_config_apply_per_lib :  ITTAPI function NOT instrumented (not matched by --itt-config option): __itt_notify_sync_acquired

784482 : 0x2dd485500d9c58 : 2 : ittapi_config_apply_per_lib :  ITTAPI function NOT instrumented (not matched by --itt-config option): __itt_notify_sync_releasing

784482 : 0x2dd485500da4e6 : 2 : ittapi_config_apply_per_lib :  ITTAPI function not implemented: __itt_memory_read
784482 : 0x2dd485500dd632 : 2 : ittapi_config_apply_per_lib :  ITTAPI function not implemented: __itt_memory_write
784482 : 0x2dd485500de01e : 2 : ittapi_config_apply_per_lib :  ITTAPI function not implemented: __itt_memory_update
784482 : 0x2dd485500de898 : 2 : ittapi_config_apply_per_lib :  ITTAPI function not implemented: __itt_state_get
784482 : 0x2dd485500df069 : 2 : ittapi_config_apply_per_lib :  ITTAPI function not implemented: __itt_state_set
784482 : 0x2dd485500df877 : 2 : ittapi_config_apply_per_lib :  ITTAPI function not implemented: __itt_obj_mode_set
784482 : 0x2dd485500e0093 : 2 : ittapi_config_apply_per_lib :  ITTAPI function not implemented: __itt_thr_mode_set
784482 : 0x2dd485500e0850 : 2 : ittapi_config_apply_per_lib :  ITTAPI function instrumented: __itt_frame_create
784482 : 0x2dd485500e0fbe : 2 : ittapi_config_apply_per_lib :  ITTAPI function instrumented: __itt_pt_region_create
784482 : 0x2dd485500e17dc : 2 : ittapi_config_apply_per_lib :  ITTAPI function instrumented: __itt_frame_begin
784482 : 0x2dd485500e20dc : 2 : ittapi_config_apply_per_lib :  ITTAPI function instrumented: __itt_frame_end
784482 : 0x2dd485500e4161 : 2 : ittapi_config_apply_per_lib :  ITTAPI function NOT instrumented (not matched by --itt-config option): __itt_counter_destroy

784482 : 0x2dd485500e48f9 : 2 : ittapi_config_apply_per_lib :  ITTAPI function NOT instrumented (not matched by --itt-config option): __itt_counter_inc

784482 : 0x2dd485500e4fae : 2 : ittapi_config_apply_per_lib :  ITTAPI function NOT instrumented (not matched by --itt-config option): __itt_counter_inc_delta

784482 : 0x2dd485500e5757 : 2 : ittapi_config_apply_per_lib :  ITTAPI function NOT instrumented (not matched by --itt-config option): __itt_counter_dec

784482 : 0x2dd485500e5e19 : 2 : ittapi_config_apply_per_lib :  ITTAPI function NOT instrumented (not matched by --itt-config option): __itt_counter_dec_delta

784482 : 0x2dd485500e647f : 2 : ittapi_config_apply_per_lib :  ITTAPI function NOT instrumented (not matched by --itt-config option): __itt_counter_set_value

784482 : 0x2dd485500e6b3d : 2 : ittapi_config_apply_per_lib :  ITTAPI function NOT instrumented (not matched by --itt-config option): __itt_counter_set_value_ex

784482 : 0x2dd485500e73fe : 2 : ittapi_config_apply_per_lib :  ITTAPI function not implemented: __itt_mark_create
784482 : 0x2dd485500e7e49 : 2 : ittapi_config_apply_per_lib :  ITTAPI function not implemented: __itt_mark
784482 : 0x2dd485500e879c : 2 : ittapi_config_apply_per_lib :  ITTAPI function not implemented: __itt_mark_off
784482 : 0x2dd485500ea878 : 2 : ittapi_config_apply_per_lib :  ITTAPI function not implemented: __itt_mark_global
784482 : 0x2dd485500eb105 : 2 : ittapi_config_apply_per_lib :  ITTAPI function not implemented: __itt_mark_global_off
784482 : 0x2dd485500eb891 : 2 : ittapi_config_apply_per_lib :  ITTAPI function NOT instrumented (not matched by --itt-config option): __itt_stack_caller_create

784482 : 0x2dd485500ebf36 : 2 : ittapi_config_apply_per_lib :  ITTAPI function NOT instrumented (not matched by --itt-config option): __itt_stack_caller_destroy

784482 : 0x2dd485500ec675 : 2 : ittapi_config_apply_per_lib :  ITTAPI function NOT instrumented (not matched by --itt-config option): __itt_stack_callee_enter

784482 : 0x2dd485500ecd0d : 2 : ittapi_config_apply_per_lib :  ITTAPI function NOT instrumented (not matched by --itt-config option): __itt_stack_callee_leave

784482 : 0x2dd485500ed4bb : 2 : ittapi_config_apply_per_lib :  ITTAPI function not implemented: __itt_clock_domain_create
784482 : 0x2dd485500edd9c : 2 : ittapi_config_apply_per_lib :  ITTAPI function not implemented: __itt_clock_domain_reset
784482 : 0x2dd485500ee5cb : 2 : ittapi_config_apply_per_lib :  ITTAPI function not implemented: __itt_id_create_ex
784482 : 0x2dd485500eeda1 : 2 : ittapi_config_apply_per_lib :  ITTAPI function not implemented: __itt_id_destroy_ex
784482 : 0x2dd485500f1b79 : 2 : ittapi_config_apply_per_lib :  ITTAPI function NOT instrumented (not matched by --itt-config option): __itt_task_begin_ex

784482 : 0x2dd485500f22db : 2 : ittapi_config_apply_per_lib :  ITTAPI function NOT instrumented (not matched by --itt-config option): __itt_task_begin_fn_ex

784482 : 0x2dd485500f2998 : 2 : ittapi_config_apply_per_lib :  ITTAPI function NOT instrumented (not matched by --itt-config option): __itt_task_end_ex

784482 : 0x2dd485500f3017 : 2 : ittapi_config_apply_per_lib :  ITTAPI function NOT instrumented (not matched by --itt-config option): __itt_task_begin_overlapped

784482 : 0x2dd485500f368c : 2 : ittapi_config_apply_per_lib :  ITTAPI function NOT instrumented (not matched by --itt-config option): __itt_task_begin_overlapped_ex

784482 : 0x2dd485500f3d1f : 2 : ittapi_config_apply_per_lib :  ITTAPI function NOT instrumented (not matched by --itt-config option): __itt_task_end_overlapped

784482 : 0x2dd485500f4329 : 2 : ittapi_config_apply_per_lib :  ITTAPI function NOT instrumented (not matched by --itt-config option): __itt_task_end_overlapped_ex

784482 : 0x2dd485500f4bdf : 2 : ittapi_config_apply_per_lib :  ITTAPI function not implemented: __itt_marker_ex
784482 : 0x2dd485500f54e2 : 2 : ittapi_config_apply_per_lib :  ITTAPI function not implemented: __itt_metadata_add_with_scope
784482 : 0x2dd485500f5cf7 : 2 : ittapi_config_apply_per_lib :  ITTAPI function not implemented: __itt_metadata_str_add_with_scope
784482 : 0x2dd485500f7eeb : 2 : ittapi_config_apply_per_lib :  ITTAPI function not implemented: __itt_relation_add_to_current_ex
784482 : 0x2dd485500f884b : 2 : ittapi_config_apply_per_lib :  ITTAPI function not implemented: __itt_relation_add_ex
784482 : 0x2dd485500f9131 : 2 : ittapi_config_apply_per_lib :  ITTAPI function not implemented: __itt_track_group_create
784482 : 0x2dd485500f988e : 2 : ittapi_config_apply_per_lib :  ITTAPI function not implemented: __itt_track_create
784482 : 0x2dd485500fa0dc : 2 : ittapi_config_apply_per_lib :  ITTAPI function not implemented: __itt_set_track
784482 : 0x2dd485500fa8ce : 2 : ittapi_config_apply_per_lib :  ITTAPI function instrumented: __itt_api_version
784482 : 0x2dd485500fb118 : 2 : ittapi_config_apply_per_lib :  ITTAPI function not implemented: __itt_av_save
784482 : 0x2dd485500fb8e5 : 2 : ittapi_config_apply_per_lib :  ITTAPI function instrumented: __itt_module_load
784482 : 0x2dd485500fc13c : 2 : ittapi_config_apply_per_lib :  ITTAPI function not implemented: __itt_module_unload