
792847 : 0x2dd5691b04bf88 : 1 : spill_jit_data :  Jit agent is not initialized
792847 : 0x2dd5691b24a74a : 2 : ittapi_config_mask_get :  --itt-config mask to be applied: 1
792847 : 0x2dd5691b24bbd3 : 2 : ittapi_config_apply_per_lib :  ITTAPI function instrumented: __itt_domain_create
792847 : 0x2dd5691b24c5ea : 2 : ittapi_config_apply_per_lib :  ITTAPI function instrumented: __itt_module_load_with_sections
792847 : 0x2dd5691b24d4af : 2 : ittapi_config_apply_per_lib :  ITTAPI function not implemented: __itt_module_unload_with_sections
792847 : 0x2dd5691b24de59 : 2 : ittapi_config_apply_per_lib :  ITTAPI function instrumented: __itt_string_handle_create
792847 : 0x2dd5691b24e5b3 : 2 : ittapi_config_apply_per_lib :  ITTAPI function instrumented: __itt_counter_create
792847 : 0x2dd5691b24ece6 : 2 : ittapi_config_apply_per_lib :  ITTAPI function instrumented: __itt_counter_create_typed
792847 : 0x2dd5691b24f470 : 2 : ittapi_config_apply_per_lib :  ITTAPI function instrumented: __itt_pause
792847 : 0x2dd5691b24fc74 : 2 : ittapi_config_apply_per_lib :  ITTAPI function instrumented: __itt_resume
792847 : 0x2dd5691b25b569 : 2 : ittapi_config_apply_per_lib :  ITTAPI function instrumented: __itt_thread_set_name
792847 : 0x2dd5691b25bfc0 : 2 : ittapi_config_apply_per_lib :  ITTAPI function instrumented: __itt_thread_ignore
792847 : 0x2dd5691b25c7ee : 2 : ittapi_config_apply_per_lib :  ITTAPI function instrumented: __itt_thr_name_set
792847 : 0x2dd5691b25d05c : 2 : ittapi_config_apply_per_lib :  ITTAPI function instrumented: __itt_thr_ignore
792847 : 0x2dd5691b25db22 : 2 : ittapi_config_apply_per_lib :  ITTAPI function not implemented: __itt_enable_attach
792847 : 0x2dd5691b25e3e5 : 2 : ittapi_config_apply_per_lib :  ITTAPI function instrumented: __itt_detach
792847 : 0x2dd5691b25eabc : 2 : ittapi_config_apply_per_lib :  ITTAPI function NOT instrumented (not matched by --itt-config option): __itt_sync_create

792847 : 0x2dd5691b25f31d : 2 : ittapi_config_apply_per_lib :  ITTAPI function NOT instrumented (not matched by --itt-config option): __itt_sync_rename

792847 : 0x2dd5691b25f998 : 2 : ittapi_config_apply_per_lib :  ITTAPI function NOT instrumented (not matched by --itt-config option): __itt_sync_destroy

792847 : 0x2dd5691b26001b : 2 : ittapi_config_apply_per_lib :  ITTAPI function NOT instrumented (not matched by --itt-config option): __itt_sync_prepare

792847 : 0x2dd5691b2627f5 : 2 : ittapi_config_apply_per_lib :  ITTAPI function NOT instrumented (not matched by --itt-config option): __itt_sync_cancel

792847 : 0x2dd5691b262f4f : 2 : ittapi_config_apply_per_lib :  ITTAPI function NOT instrumented (not matched by --itt-config option): __itt_sync_acquired

792847 : 0x2dd5691b2635d9 : 2 : ittapi_config_apply_per_lib :  ITTAPI function NOT instrumented (not matched by --itt-config option): __itt_sync_releasing

792847 : 0x2dd5691b263fc9 : 2 : ittapi_config_apply_per_lib :  ITTAPI function not implemented: __itt_suppress_push
792847 : 0x2dd5691b2649af : 2 : ittapi_config_apply_per_lib :  ITTAPI function not implemented: __itt_suppress_pop
792847 : 0x2dd5691b265240 : 2 : ittapi_config_apply_per_lib :  ITTAPI function not implemented: __itt_suppress_mark_range
792847 : 0x2dd5691b265acd : 2 : ittapi_config_apply_per_lib :  ITTAPI function not implemented: __itt_suppress_clear_range
792847 : 0x2dd5691b266123 : 2 : ittapi_config_apply_per_lib :  ITTAPI function NOT instrumented (not matched by --itt-config option): __itt_sync_prepare

792847 : 0x2dd5691b2667e7 : 2 : ittapi_config_apply_per_lib :  ITTAPI function NOT instrumented (not matched by --itt-config option): __itt_sync_cancel

792847 : 0x2dd5691b266e2e : 2 : ittapi_config_apply_per_lib :  ITTAPI function NOT instrumented (not matched by --itt-config option): __itt_sync_acquired

792847 : 0x2dd5691b268c7d : 2 : ittapi_config_apply_per_lib :  ITTAPI function NOT instrumented (not matched by --itt-config option): __itt_sync_releasing

792847 : 0x2dd5691b26939b : 2 : ittapi_config_apply_per_lib :  ITTAPI function NOT instrumented (not matched by --itt-config option): __itt_model_site_begin

792847 : 0x2dd5691b269a61 : 2 : ittapi_config_apply_per_lib :  ITTAPI function NOT instrumented (not matched by --itt-config option): __itt_model_site_end

792847 : 0x2dd5691b26a1d4 : 2 : ittapi_config_apply_per_lib :  ITTAPI function NOT instrumented (not matched by --itt-config option): __itt_model_task_begin

792847 : 0x2dd5691b26a88b : 2 : ittapi_config_apply_per_lib :  ITTAPI function NOT instrumented (not matched by --itt-config option): __itt_model_task_end

792847 : 0x2dd5691b26af08 : 2 : ittapi_config_apply_per_lib :  ITTAPI function NOT instrumented (not matched by --itt-config option): __itt_model_lock_acquire

792847 : 0x2dd5691b26b609 : 2 : ittapi_config_apply_per_lib :  ITTAPI function NOT instrumented (not matched by --itt-config option): __itt_model_lock_release

792847 : 0x2dd5691b26bc89 : 2 : ittapi_config_apply_per_lib :  ITTAPI function NOT instrumented (not matched by --itt-config option): __itt_model_record_allocation

792847 : 0x2dd5691b26c338 : 2 : ittapi_config_apply_per_lib :  ITTAPI function NOT instrumented (not matched by --itt-config option): __itt_model_record_deallocation

792847 : 0x2dd5691b26ca36 : 2 : ittapi_config_apply_per_lib :  ITTAPI function NOT instrumented (not matched by --itt-config option): __itt_model_induction_uses

792847 : 0x2dd5691b26ff56 : 2 : ittapi_config_apply_per_lib :  ITTAPI function NOT instrumented (not matched by --itt-config option): __itt_model_reduction_uses

792847 : 0x2dd5691b270818 : 2 : ittapi_config_apply_per_lib :  ITTAPI function NOT instrumented (not matched by --itt-config option): __itt_model_observe_uses

792847 : 0x2dd5691b270ef5 : 2 : ittapi_config_apply_per_lib :  ITTAPI function NOT instrumented (not matched by --itt-config option): __itt_model_clear_uses

792847 : 0x2dd5691b271569 : 2 : ittapi_config_apply_per_lib :  ITTAPI function NOT instrumented (not matched by --itt-config option): __itt_model_site_beginA

792847 : 0x2dd5691b271c32 : 2 : ittapi_config_apply_per_lib :  ITTAPI function NOT instrumented (not matched by --itt-config option): __itt_model_site_beginAL

792847 : 0x2dd5691b2722c7 : 2 : ittapi_config_apply_per_lib :  ITTAPI function NOT instrumented (not matched by --itt-config option): __itt_model_task_beginA

792847 : 0x2dd5691b272924 : 2 : ittapi_config_apply_per_lib :  ITTAPI function NOT instrumented (not matched by --itt-config option): __itt_model_task_beginAL

792847 : 0x2dd5691b272fcc : 2 : ittapi_config_apply_per_lib :  ITTAPI function NOT instrumented (not matched by --itt-config option): __itt_model_iteration_taskA

792847 : 0x2dd5691b27363f : 2 : ittapi_config_apply_per_lib :  ITTAPI function NOT instrumented (not matched by --itt-config option): __itt_model_iteration_taskAL

792847 : 0x2dd5691b273cfb : 2 : ittapi_config_apply_per_lib :  ITTAPI function NOT instrumented (not matched by --itt-config option): __itt_model_site_end_2

792847 : 0x2dd5691b275e6f : 2 : ittapi_config_apply_per_lib :  ITTAPI function NOT instrumented (not matched by --itt-config option): __itt_model_task_end_2

792847 : 0x2dd5691b276532 : 2 : ittapi_config_apply_per_lib :  ITTAPI function NOT instrumented (not matched by --itt-config option): __itt_model_lock_acquire_2

792847 : 0x2dd5691b276c02 : 2 : ittapi_config_apply_per_lib :  ITTAPI function NOT instrumented (not matched by --itt-config option): __itt_model_lock_release_2

792847 : 0x2dd5691b2772c9 : 2 : ittapi_config_apply_per_lib :  ITTAPI function NOT instrumented (not matched by --itt-config option): __itt_model_aggregate_task

792847 : 0x2dd5691b27792d : 2 : ittapi_config_apply_per_lib :  ITTAPI function NOT instrumented (not matched by --itt-config option): __itt_model_disable_push

792847 : 0x2dd5691b277ff1 : 2 : ittapi_config_apply_per_lib :  ITTAPI function NOT instrumented (not matched by --itt-config option): __itt_model_disable_pop

792847 : 0x2dd5691b27880d : 2 : ittapi_config_apply_per_lib :  ITTAPI function instrumented: __itt_heap_function_create
792847 : 0x2dd5691b279016 : 2 : ittapi_config_apply_per_lib :  ITTAPI function instrumented: __itt_heap_allocate_begin
792847 : 0x2dd5691b2797ff : 2 : ittapi_config_apply_per_lib :  ITTAPI function instrumented: __itt_heap_allocate_end
792847 : 0x2dd5691b279f5e : 2 : ittapi_config_apply_per_lib :  ITTAPI function instrumented: __itt_heap_free_begin
792847 : 0x2dd5691b27d62f : 2 : ittapi_config_apply_per_lib :  ITTAPI function instrumented: __itt_heap_free_end
792847 : 0x2dd5691b27df13 : 2 : ittapi_config_apply_per_lib :  ITTAPI function instrumented: __itt_heap_reallocate_begin
792847 : 0x2dd5691b27e642 : 2 : ittapi_config_apply_per_lib :  ITTAPI function instrumented: __itt_heap_reallocate_end
792847 : 0x2dd5691b27ef2e : 2 : ittapi_config_apply_per_lib :  ITTAPI function not implemented: __itt_heap_internal_access_begin
792847 : 0x2dd5691b27f7c8 : 2 : ittapi_config_apply_per_lib :  ITTAPI function not implemented: __itt_heap_internal_access_end
792847 : 0x2dd5691b27ff92 : 2 : ittapi_config_apply_per_lib :  ITTAPI function not implemented: __itt_heap_record_memory_growth_begin
792847 : 0x2dd5691b2807c7 : 2 : ittapi_config_apply_per_lib :  ITTAPI function not implemented: __itt_heap_record_memory_growth_end
792847 : 0x2dd5691b28100d : 2 : ittapi_config_apply_per_lib :  ITTAPI function not implemented: __itt_heap_reset_detection
792847 : 0x2dd5691b281925 : 2 : ittapi_config_apply_per_lib :  ITTAPI function not implemented: __itt_heap_record
792847 : 0x2dd5691b2821dc : 2 : ittapi_config_apply_per_lib :  ITTAPI function not implemented: __itt_id_create
792847 : 0x2dd5691b2845b5 : 2 : ittapi_config_apply_per_lib :  ITTAPI function not implemented: __itt_id_destroy
792847 : 0x2dd5691b284dda : 2 : ittapi_config_apply_per_lib :  ITTAPI function instrumented: __itt_get_timestamp
792847 : 0x2dd5691b2855eb : 2 : ittapi_config_apply_per_lib :  ITTAPI function not implemented: __itt_region_begin
792847 : 0x2dd5691b285e26 : 2 : ittapi_config_apply_per_lib :  ITTAPI function not implemented: __itt_region_end
792847 : 0x2dd5691b286672 : 2 : ittapi_config_apply_per_lib :  ITTAPI function instrumented: __itt_frame_begin_v3
792847 : 0x2dd5691b286e19 : 2 : ittapi_config_apply_per_lib :  ITTAPI function instrumented: __itt_frame_end_v3
792847 : 0x2dd5691b2875dd : 2 : ittapi_config_apply_per_lib :  ITTAPI function instrumented: __itt_frame_submit_v3
792847 : 0x2dd5691b287c50 : 2 : ittapi_config_apply_per_lib :  ITTAPI function NOT instrumented (not matched by --itt-config option): __itt_task_group

792847 : 0x2dd5691b288341 : 2 : ittapi_config_apply_per_lib :  ITTAPI function NOT instrumented (not matched by --itt-config option): __itt_task_begin

792847 : 0x2dd5691b288999 : 2 : ittapi_config_apply_per_lib :  ITTAPI function NOT instrumented (not matched by --itt-config option): __itt_task_begin_fn

792847 : 0x2dd5691b28a8b4 : 2 : ittapi_config_apply_per_lib :  ITTAPI function NOT instrumented (not matched by --itt-config option): __itt_task_end

792847 : 0x2dd5691b28b03a : 2 : ittapi_config_apply_per_lib :  ITTAPI function NOT instrumented (not matched by --itt-config option): __itt_counter_inc_v3

792847 : 0x2dd5691b28b6d5 : 2 : ittapi_config_apply_per_lib :  ITTAPI function NOT instrumented (not matched by --itt-config option): __itt_counter_inc_delta_v3

792847 : 0x2dd5691b28bd19 : 2 : ittapi_config_apply_per_lib :  ITTAPI function NOT instrumented (not matched by --itt-config option): __itt_counter_dec_v3

792847 : 0x2dd5691b28c3a9 : 2 : ittapi_config_apply_per_lib :  ITTAPI function NOT instrumented (not matched by --itt-config option): __itt_counter_dec_delta_v3

792847 : 0x2dd5691b28cc39 : 2 : ittapi_config_apply_per_lib :  ITTAPI function not implemented: __itt_marker
792847 : 0x2dd5691b28d3e3 : 2 : ittapi_config_apply_per_lib :  ITTAPI function instrumented: __itt_metadata_add
792847 : 0x2dd5691b28dc22 : 2 : ittapi_config_apply_per_lib :  ITTAPI function not implemented: __itt_metadata_str_add
792847 : 0x2dd5691b28e43f : 2 : ittapi_config_apply_per_lib :  ITTAPI function not implemented: __itt_relation_add_to_current
792847 : 0x2dd5691b28ec74 : 2 : ittapi_config_apply_per_lib :  ITTAPI function not implemented: __itt_relation_add
792847 : 0x2dd5691b290b91 : 2 : ittapi_config_apply_per_lib :  ITTAPI function instrumented: __itt_event_create
792847 : 0x2dd5691b291271 : 2 : ittapi_config_apply_per_lib :  ITTAPI function NOT instrumented (not matched by --itt-config option): __itt_event_start

792847 : 0x2dd5691b2918bd : 2 : ittapi_config_apply_per_lib :  ITTAPI function NOT instrumented (not matched by --itt-config option): __itt_event_end

792847 : 0x2dd5691b291f01 : 2 : ittapi_config_apply_per_lib :  ITTAPI function NOT instrumented (not matched by --itt-config option): __itt_sync_set_name

792847 : 0x2dd5691b29258a : 2 : ittapi_config_apply_per_lib :  ITTAPI function NOT instrumented (not matched by --itt-config option): __itt_notify_sync_name

792847 : 0x2dd5691b292bde : 2 : ittapi_config_apply_per_lib :  ITTAPI function NOT instrumented (not matched by --itt-config option): __itt_notify_sync_prepare

792847 : 0x2dd5691b29321a : 2 : ittapi_config_apply_per_lib :  ITTAPI function NOT instrumented (not matched by --itt-config option): __itt_notify_sync_cancel

792847 : 0x2dd5691b2938a3 : 2 : ittapi_config_apply_per_lib :  ITTAPI function NOT instrumented (not matched by --itt-config option): __itt_notify_sync_acquired

792847 : 0x2dd5691b293f2e : 2 : ittapi_config_apply_per_lib :  ITTAPI function NOT instrumented (not matched by --itt-config option): __itt_notify_sync_releasing

792847 : 0x2dd5691b29475d : 2 : ittapi_config_apply_per_lib :  ITTAPI function not implemented: __itt_memory_read
792847 : 0x2dd5691b29760e : 2 : ittapi_config_apply_per_lib :  ITTAPI function not implemented: __itt_memory_write
792847 : 0x2dd5691b29800d : 2 : ittapi_config_apply_per_lib :  ITTAPI function not implemented: __itt_memory_update
792847 : 0x2dd5691b29884b : 2 : ittapi_config_apply_per_lib :  ITTAPI function not implemented: __itt_state_get
792847 : 0x2dd5691b299013 : 2 : ittapi_config_apply_per_lib :  ITTAPI function not implemented: __itt_state_set
792847 : 0x2dd5691b2997f2 : 2 : ittapi_config_apply_per_lib :  ITTAPI function not implemented: __itt_obj_mode_set
792847 : 0x2dd5691b299fb3 : 2 : ittapi_config_apply_per_lib :  ITTAPI function not implemented: __itt_thr_mode_set
792847 : 0x2dd5691b29a72c : 2 : ittapi_config_apply_per_lib :  ITTAPI function instrumented: __itt_frame_create
792847 : 0x2dd5691b29ae3e : 2 : ittapi_config_apply_per_lib :  ITTAPI function instrumented: __itt_pt_region_create
792847 : 0x2dd5691b29b637 : 2 : ittapi_config_apply_per_lib :  ITTAPI function instrumented: __itt_frame_begin
792847 : 0x2dd5691b29be75 : 2 : ittapi_config_apply_per_lib :  ITTAPI function instrumented: __itt_frame_end
792847 : 0x2dd5691b29ddca : 2 : ittapi_config_apply_per_lib :  ITTAPI function NOT instrumented (not matched by --itt-config option): __itt_counter_destroy

792847 : 0x2dd5691b29e525 : 2 : ittapi_config_apply_per_lib :  ITTAPI function NOT instrumented (not matched by --itt-config option): __itt_counter_inc

792847 : 0x2dd5691b29eb89 : 2 : ittapi_config_apply_per_lib :  ITTAPI function NOT instrumented (not matched by --itt-config option): __itt_counter_inc_delta

792847 : 0x2dd5691b29f2b7 : 2 : ittapi_config_apply_per_lib :  ITTAPI function NOT instrumented (not matched by --itt-config option): __itt_counter_dec

792847 : 0x2dd5691b29f952 : 2 : ittapi_config_apply_per_lib :  ITTAPI function NOT instrumented (not matched by --itt-config option): __itt_counter_dec_delta

792847 : 0x2dd5691b29ff90 : 2 : ittapi_config_apply_per_lib :  ITTAPI function NOT instrumented (not matched by --itt-config option): __itt_counter_set_value

792847 : 0x2dd5691b2a0680 : 2 : ittapi_config_apply_per_lib :  ITTAPI function NOT instrumented (not matched by --itt-config option): __itt_counter_set_value_ex

792847 : 0x2dd5691b2a0ea3 : 2 : ittapi_config_apply_per_lib :  ITTAPI function not implemented: __itt_mark_create
792847 : 0x2dd5691b2a1872 : 2 : ittapi_config_apply_per_lib :  ITTAPI function not implemented: __itt_mark
792847 : 0x2dd5691b2a20ee : 2 : ittapi_config_apply_per_lib :  ITTAPI function not implemented: __itt_mark_off
792847 : 0x2dd5691b2a4122 : 2 : ittapi_config_apply_per_lib :  ITTAPI function not implemented: __itt_mark_global
792847 : 0x2dd5691b2a4932 : 2 : ittapi_config_apply_per_lib :  ITTAPI function not implemented: __itt_mark_global_off
792847 : 0x2dd5691b2a50a5 : 2 : ittapi_config_apply_per_lib :  ITTAPI function NOT instrumented (not matched by --itt-config option): __itt_stack_caller_create

792847 : 0x2dd5691b2a572d : 2 : ittapi_config_apply_per_lib :  ITTAPI function NOT instrumented (not matched by --itt-config option): __itt_stack_caller_destroy

792847 : 0x2dd5691b2a5e4c : 2 : ittapi_config_apply_per_lib :  ITTAPI function NOT instrumented (not matched by --itt-config option): __itt_stack_callee_enter

792847 : 0x2dd5691b2a64c5 : 2 : ittapi_config_apply_per_lib :  ITTAPI function NOT instrumented (not matched by --itt-config option): __itt_stack_callee_leave

792847 : 0x2dd5691b2a6ce6 : 2 : ittapi_config_apply_per_lib :  ITTAPI function not implemented: __itt_clock_domain_create
792847 : 0x2dd5691b2a7592 : 2 : ittapi_config_apply_per_lib :  ITTAPI function not implemented: __itt_clock_domain_reset
792847 : 0x2dd5691b2a7d7b : 2 : ittapi_config_apply_per_lib :  ITTAPI function not implemented: __itt_id_create_ex
792847 : 0x2dd5691b2a850e : 2 : ittapi_config_apply_per_lib :  ITTAPI function not implemented: __itt_id_destroy_ex
792847 : 0x2dd5691b2ab09b : 2 : ittapi_config_apply_per_lib :  ITTAPI function NOT instrumented (not matched by --itt-config option): __itt_task_begin_ex

792847 : 0x2dd5691b2ab7f0 : 2 : ittapi_config_apply_per_lib :  ITTAPI function NOT instrumented (not matched by --itt-config option): __itt_task_begin_fn_ex

792847 : 0x2dd5691b2abe9b : 2 : ittapi_config_apply_per_lib :  ITTAPI function NOT instrumented (not matched by --itt-config option): __itt_task_end_ex

792847 : 0x2dd5691b2ac4d4 : 2 : ittapi_config_apply_per_lib :  ITTAPI function NOT instrumented (not matched by --itt-config option): __itt_task_begin_overlapped

792847 : 0x2dd5691b2acb32 : 2 : ittapi_config_apply_per_lib :  ITTAPI function NOT instrumented (not matched by --itt-config option): __itt_task_begin_overlapped_ex

792847 : 0x2dd5691b2ad1c9 : 2 : ittapi_config_apply_per_lib :  ITTAPI function NOT instrumented (not matched by --itt-config option): __itt_task_end_overlapped

792847 : 0x2dd5691b2ad7c7 : 2 : ittapi_config_apply_per_lib :  ITTAPI function NOT instrumented (not matched by --itt-config option): __itt_task_end_overlapped_ex

792847 : 0x2dd5691b2ae037 : 2 : ittapi_config_apply_per_lib :  ITTAPI function not implemented: __itt_marker_ex
792847 : 0x2dd5691b2ae8ec : 2 : ittapi_config_apply_per_lib :  ITTAPI function not implemented: __itt_metadata_add_with_scope
792847 : 0x2dd5691b2af148 : 2 : ittapi_config_apply_per_lib :  ITTAPI function not implemented: __itt_metadata_str_add_with_scope
792847 : 0x2dd5691b2b12d3 : 2 : ittapi_config_apply_per_lib :  ITTAPI function not implemented: __itt_relation_add_to_current_ex
792847 : 0x2dd5691b2b1c03 : 2 : ittapi_config_apply_per_lib :  ITTAPI function not implemented: __itt_relation_add_ex
792847 : 0x2dd5691b2b2395 : 2 : ittapi_config_apply_per_lib :  ITTAPI function not implemented: __itt_track_group_create
792847 : 0x2dd5691b2b2ae3 : 2 : ittapi_config_apply_per_lib :  ITTAPI function not implemented: __itt_track_create
792847 : 0x2dd5691b2b32d1 : 2 : ittapi_config_apply_per_lib :  ITTAPI function not implemented: __itt_set_track
792847 : 0x2dd5691b2b3a33 : 2 : ittapi_config_apply_per_lib :  ITTAPI function instrumented: __itt_api_version
792847 : 0x2dd5691b2b424a : 2 : ittapi_config_apply_per_lib :  ITTAPI function not implemented: __itt_av_save
792847 : 0x2dd5691b2b4a3e : 2 : ittapi_config_apply_per_lib :  ITTAPI function instrumented: __itt_module_load
792847 : 0x2dd5691b2b526a : 2 : ittapi_config_apply_per_lib :  ITTAPI function not implemented: __itt_module_unload