
786647 : 0x2dd4ba03663061 : 1 : spill_jit_data :  Jit agent is not initialized
786647 : 0x2dd4ba0385a694 : 2 : ittapi_config_mask_get :  --itt-config mask to be applied: 1
786647 : 0x2dd4ba0385bbcb : 2 : ittapi_config_apply_per_lib :  ITTAPI function instrumented: __itt_domain_create
786647 : 0x2dd4ba0385c606 : 2 : ittapi_config_apply_per_lib :  ITTAPI function instrumented: __itt_module_load_with_sections
786647 : 0x2dd4ba0385d40e : 2 : ittapi_config_apply_per_lib :  ITTAPI function not implemented: __itt_module_unload_with_sections
786647 : 0x2dd4ba0385dce5 : 2 : ittapi_config_apply_per_lib :  ITTAPI function instrumented: __itt_string_handle_create
786647 : 0x2dd4ba0385e410 : 2 : ittapi_config_apply_per_lib :  ITTAPI function instrumented: __itt_counter_create
786647 : 0x2dd4ba0385eb4d : 2 : ittapi_config_apply_per_lib :  ITTAPI function instrumented: __itt_counter_create_typed
786647 : 0x2dd4ba0385f2ce : 2 : ittapi_config_apply_per_lib :  ITTAPI function instrumented: __itt_pause
786647 : 0x2dd4ba0385fa8b : 2 : ittapi_config_apply_per_lib :  ITTAPI function instrumented: __itt_resume
786647 : 0x2dd4ba0386b535 : 2 : ittapi_config_apply_per_lib :  ITTAPI function instrumented: __itt_thread_set_name
786647 : 0x2dd4ba0386bfd6 : 2 : ittapi_config_apply_per_lib :  ITTAPI function instrumented: __itt_thread_ignore
786647 : 0x2dd4ba0386c784 : 2 : ittapi_config_apply_per_lib :  ITTAPI function instrumented: __itt_thr_name_set
786647 : 0x2dd4ba0386d06c : 2 : ittapi_config_apply_per_lib :  ITTAPI function instrumented: __itt_thr_ignore
786647 : 0x2dd4ba0386daef : 2 : ittapi_config_apply_per_lib :  ITTAPI function not implemented: __itt_enable_attach
786647 : 0x2dd4ba0386e361 : 2 : ittapi_config_apply_per_lib :  ITTAPI function instrumented: __itt_detach
786647 : 0x2dd4ba0386ea3a : 2 : ittapi_config_apply_per_lib :  ITTAPI function NOT instrumented (not matched by --itt-config option): __itt_sync_create

786647 : 0x2dd4ba0386f12f : 2 : ittapi_config_apply_per_lib :  ITTAPI function NOT instrumented (not matched by --itt-config option): __itt_sync_rename

786647 : 0x2dd4ba0386f7b7 : 2 : ittapi_config_apply_per_lib :  ITTAPI function NOT instrumented (not matched by --itt-config option): __itt_sync_destroy

786647 : 0x2dd4ba0386fe43 : 2 : ittapi_config_apply_per_lib :  ITTAPI function NOT instrumented (not matched by --itt-config option): __itt_sync_prepare

786647 : 0x2dd4ba038724a6 : 2 : ittapi_config_apply_per_lib :  ITTAPI function NOT instrumented (not matched by --itt-config option): __itt_sync_cancel

786647 : 0x2dd4ba03872bd0 : 2 : ittapi_config_apply_per_lib :  ITTAPI function NOT instrumented (not matched by --itt-config option): __itt_sync_acquired

786647 : 0x2dd4ba0387321b : 2 : ittapi_config_apply_per_lib :  ITTAPI function NOT instrumented (not matched by --itt-config option): __itt_sync_releasing

786647 : 0x2dd4ba03873b63 : 2 : ittapi_config_apply_per_lib :  ITTAPI function not implemented: __itt_suppress_push
786647 : 0x2dd4ba03874465 : 2 : ittapi_config_apply_per_lib :  ITTAPI function not implemented: __itt_suppress_pop
786647 : 0x2dd4ba03874cef : 2 : ittapi_config_apply_per_lib :  ITTAPI function not implemented: __itt_suppress_mark_range
786647 : 0x2dd4ba0387555e : 2 : ittapi_config_apply_per_lib :  ITTAPI function not implemented: __itt_suppress_clear_range
786647 : 0x2dd4ba03875bb5 : 2 : ittapi_config_apply_per_lib :  ITTAPI function NOT instrumented (not matched by --itt-config option): __itt_sync_prepare

786647 : 0x2dd4ba038761f1 : 2 : ittapi_config_apply_per_lib :  ITTAPI function NOT instrumented (not matched by --itt-config option): __itt_sync_cancel

786647 : 0x2dd4ba03876825 : 2 : ittapi_config_apply_per_lib :  ITTAPI function NOT instrumented (not matched by --itt-config option): __itt_sync_acquired

786647 : 0x2dd4ba03878688 : 2 : ittapi_config_apply_per_lib :  ITTAPI function NOT instrumented (not matched by --itt-config option): __itt_sync_releasing

786647 : 0x2dd4ba03878d9c : 2 : ittapi_config_apply_per_lib :  ITTAPI function NOT instrumented (not matched by --itt-config option): __itt_model_site_begin

786647 : 0x2dd4ba03879460 : 2 : ittapi_config_apply_per_lib :  ITTAPI function NOT instrumented (not matched by --itt-config option): __itt_model_site_end

786647 : 0x2dd4ba03879bc1 : 2 : ittapi_config_apply_per_lib :  ITTAPI function NOT instrumented (not matched by --itt-config option): __itt_model_task_begin

786647 : 0x2dd4ba0387a26d : 2 : ittapi_config_apply_per_lib :  ITTAPI function NOT instrumented (not matched by --itt-config option): __itt_model_task_end

786647 : 0x2dd4ba0387a8eb : 2 : ittapi_config_apply_per_lib :  ITTAPI function NOT instrumented (not matched by --itt-config option): __itt_model_lock_acquire

786647 : 0x2dd4ba0387afbf : 2 : ittapi_config_apply_per_lib :  ITTAPI function NOT instrumented (not matched by --itt-config option): __itt_model_lock_release

786647 : 0x2dd4ba0387b64c : 2 : ittapi_config_apply_per_lib :  ITTAPI function NOT instrumented (not matched by --itt-config option): __itt_model_record_allocation

786647 : 0x2dd4ba0387bccc : 2 : ittapi_config_apply_per_lib :  ITTAPI function NOT instrumented (not matched by --itt-config option): __itt_model_record_deallocation

786647 : 0x2dd4ba0387c39e : 2 : ittapi_config_apply_per_lib :  ITTAPI function NOT instrumented (not matched by --itt-config option): __itt_model_induction_uses

786647 : 0x2dd4ba0387f80e : 2 : ittapi_config_apply_per_lib :  ITTAPI function NOT instrumented (not matched by --itt-config option): __itt_model_reduction_uses

786647 : 0x2dd4ba03880093 : 2 : ittapi_config_apply_per_lib :  ITTAPI function NOT instrumented (not matched by --itt-config option): __itt_model_observe_uses

786647 : 0x2dd4ba03880795 : 2 : ittapi_config_apply_per_lib :  ITTAPI function NOT instrumented (not matched by --itt-config option): __itt_model_clear_uses

786647 : 0x2dd4ba03880e09 : 2 : ittapi_config_apply_per_lib :  ITTAPI function NOT instrumented (not matched by --itt-config option): __itt_model_site_beginA

786647 : 0x2dd4ba038814c8 : 2 : ittapi_config_apply_per_lib :  ITTAPI function NOT instrumented (not matched by --itt-config option): __itt_model_site_beginAL

786647 : 0x2dd4ba03881b4c : 2 : ittapi_config_apply_per_lib :  ITTAPI function NOT instrumented (not matched by --itt-config option): __itt_model_task_beginA

786647 : 0x2dd4ba0388219d : 2 : ittapi_config_apply_per_lib :  ITTAPI function NOT instrumented (not matched by --itt-config option): __itt_model_task_beginAL

786647 : 0x2dd4ba0388288e : 2 : ittapi_config_apply_per_lib :  ITTAPI function NOT instrumented (not matched by --itt-config option): __itt_model_iteration_taskA

786647 : 0x2dd4ba03882ef6 : 2 : ittapi_config_apply_per_lib :  ITTAPI function NOT instrumented (not matched by --itt-config option): __itt_model_iteration_taskAL

786647 : 0x2dd4ba038835a6 : 2 : ittapi_config_apply_per_lib :  ITTAPI function NOT instrumented (not matched by --itt-config option): __itt_model_site_end_2

786647 : 0x2dd4ba03885563 : 2 : ittapi_config_apply_per_lib :  ITTAPI function NOT instrumented (not matched by --itt-config option): __itt_model_task_end_2

786647 : 0x2dd4ba03885be2 : 2 : ittapi_config_apply_per_lib :  ITTAPI function NOT instrumented (not matched by --itt-config option): __itt_model_lock_acquire_2

786647 : 0x2dd4ba038862b4 : 2 : ittapi_config_apply_per_lib :  ITTAPI function NOT instrumented (not matched by --itt-config option): __itt_model_lock_release_2

786647 : 0x2dd4ba03886965 : 2 : ittapi_config_apply_per_lib :  ITTAPI function NOT instrumented (not matched by --itt-config option): __itt_model_aggregate_task

786647 : 0x2dd4ba03886fc0 : 2 : ittapi_config_apply_per_lib :  ITTAPI function NOT instrumented (not matched by --itt-config option): __itt_model_disable_push

786647 : 0x2dd4ba03887686 : 2 : ittapi_config_apply_per_lib :  ITTAPI function NOT instrumented (not matched by --itt-config option): __itt_model_disable_pop

786647 : 0x2dd4ba03887e44 : 2 : ittapi_config_apply_per_lib :  ITTAPI function instrumented: __itt_heap_function_create
786647 : 0x2dd4ba038886a3 : 2 : ittapi_config_apply_per_lib :  ITTAPI function instrumented: __itt_heap_allocate_begin
786647 : 0x2dd4ba03888e41 : 2 : ittapi_config_apply_per_lib :  ITTAPI function instrumented: __itt_heap_allocate_end
786647 : 0x2dd4ba0388960b : 2 : ittapi_config_apply_per_lib :  ITTAPI function instrumented: __itt_heap_free_begin
786647 : 0x2dd4ba0388c9bd : 2 : ittapi_config_apply_per_lib :  ITTAPI function instrumented: __itt_heap_free_end
786647 : 0x2dd4ba0388d26d : 2 : ittapi_config_apply_per_lib :  ITTAPI function instrumented: __itt_heap_reallocate_begin
786647 : 0x2dd4ba0388d987 : 2 : ittapi_config_apply_per_lib :  ITTAPI function instrumented: __itt_heap_reallocate_end
786647 : 0x2dd4ba0388e29e : 2 : ittapi_config_apply_per_lib :  ITTAPI function not implemented: __itt_heap_internal_access_begin
786647 : 0x2dd4ba0388eb32 : 2 : ittapi_config_apply_per_lib :  ITTAPI function not implemented: __itt_heap_internal_access_end
786647 : 0x2dd4ba0388f358 : 2 : ittapi_config_apply_per_lib :  ITTAPI function not implemented: __itt_heap_record_memory_growth_begin
786647 : 0x2dd4ba0388fb91 : 2 : ittapi_config_apply_per_lib :  ITTAPI function not implemented: __itt_heap_record_memory_growth_end
786647 : 0x2dd4ba038903cc : 2 : ittapi_config_apply_per_lib :  ITTAPI function not implemented: __itt_heap_reset_detection
786647 : 0x2dd4ba03890d3d : 2 : ittapi_config_apply_per_lib :  ITTAPI function not implemented: __itt_heap_record
786647 : 0x2dd4ba038915c4 : 2 : ittapi_config_apply_per_lib :  ITTAPI function not implemented: __itt_id_create
786647 : 0x2dd4ba03893916 : 2 : ittapi_config_apply_per_lib :  ITTAPI function not implemented: __itt_id_destroy
786647 : 0x2dd4ba0389412d : 2 : ittapi_config_apply_per_lib :  ITTAPI function instrumented: __itt_get_timestamp
786647 : 0x2dd4ba0389494f : 2 : ittapi_config_apply_per_lib :  ITTAPI function not implemented: __itt_region_begin
786647 : 0x2dd4ba038951a3 : 2 : ittapi_config_apply_per_lib :  ITTAPI function not implemented: __itt_region_end
786647 : 0x2dd4ba038959c8 : 2 : ittapi_config_apply_per_lib :  ITTAPI function instrumented: __itt_frame_begin_v3
786647 : 0x2dd4ba03896174 : 2 : ittapi_config_apply_per_lib :  ITTAPI function instrumented: __itt_frame_end_v3
786647 : 0x2dd4ba03896946 : 2 : ittapi_config_apply_per_lib :  ITTAPI function instrumented: __itt_frame_submit_v3
786647 : 0x2dd4ba03896fca : 2 : ittapi_config_apply_per_lib :  ITTAPI function NOT instrumented (not matched by --itt-config option): __itt_task_group

786647 : 0x2dd4ba038976d3 : 2 : ittapi_config_apply_per_lib :  ITTAPI function NOT instrumented (not matched by --itt-config option): __itt_task_begin

786647 : 0x2dd4ba03897d15 : 2 : ittapi_config_apply_per_lib :  ITTAPI function NOT instrumented (not matched by --itt-config option): __itt_task_begin_fn

786647 : 0x2dd4ba03899c4d : 2 : ittapi_config_apply_per_lib :  ITTAPI function NOT instrumented (not matched by --itt-config option): __itt_task_end

786647 : 0x2dd4ba0389a34e : 2 : ittapi_config_apply_per_lib :  ITTAPI function NOT instrumented (not matched by --itt-config option): __itt_counter_inc_v3

786647 : 0x2dd4ba0389aa47 : 2 : ittapi_config_apply_per_lib :  ITTAPI function NOT instrumented (not matched by --itt-config option): __itt_counter_inc_delta_v3

786647 : 0x2dd4ba0389b097 : 2 : ittapi_config_apply_per_lib :  ITTAPI function NOT instrumented (not matched by --itt-config option): __itt_counter_dec_v3

786647 : 0x2dd4ba0389b718 : 2 : ittapi_config_apply_per_lib :  ITTAPI function NOT instrumented (not matched by --itt-config option): __itt_counter_dec_delta_v3

786647 : 0x2dd4ba0389bf8a : 2 : ittapi_config_apply_per_lib :  ITTAPI function not implemented: __itt_marker
786647 : 0x2dd4ba0389c73a : 2 : ittapi_config_apply_per_lib :  ITTAPI function instrumented: __itt_metadata_add
786647 : 0x2dd4ba0389cf7a : 2 : ittapi_config_apply_per_lib :  ITTAPI function not implemented: __itt_metadata_str_add
786647 : 0x2dd4ba0389d7ab : 2 : ittapi_config_apply_per_lib :  ITTAPI function not implemented: __itt_relation_add_to_current
786647 : 0x2dd4ba0389dfbb : 2 : ittapi_config_apply_per_lib :  ITTAPI function not implemented: __itt_relation_add
786647 : 0x2dd4ba038a005c : 2 : ittapi_config_apply_per_lib :  ITTAPI function instrumented: __itt_event_create
786647 : 0x2dd4ba038a06f7 : 2 : ittapi_config_apply_per_lib :  ITTAPI function NOT instrumented (not matched by --itt-config option): __itt_event_start

786647 : 0x2dd4ba038a0d24 : 2 : ittapi_config_apply_per_lib :  ITTAPI function NOT instrumented (not matched by --itt-config option): __itt_event_end

786647 : 0x2dd4ba038a1386 : 2 : ittapi_config_apply_per_lib :  ITTAPI function NOT instrumented (not matched by --itt-config option): __itt_sync_set_name

786647 : 0x2dd4ba038a1a0c : 2 : ittapi_config_apply_per_lib :  ITTAPI function NOT instrumented (not matched by --itt-config option): __itt_notify_sync_name

786647 : 0x2dd4ba038a203a : 2 : ittapi_config_apply_per_lib :  ITTAPI function NOT instrumented (not matched by --itt-config option): __itt_notify_sync_prepare

786647 : 0x2dd4ba038a267f : 2 : ittapi_config_apply_per_lib :  ITTAPI function NOT instrumented (not matched by --itt-config option): __itt_notify_sync_cancel

786647 : 0x2dd4ba038a2cee : 2 : ittapi_config_apply_per_lib :  ITTAPI function NOT instrumented (not matched by --itt-config option): __itt_notify_sync_acquired

786647 : 0x2dd4ba038a336f : 2 : ittapi_config_apply_per_lib :  ITTAPI function NOT instrumented (not matched by --itt-config option): __itt_notify_sync_releasing

786647 : 0x2dd4ba038a3bf7 : 2 : ittapi_config_apply_per_lib :  ITTAPI function not implemented: __itt_memory_read
786647 : 0x2dd4ba038a6896 : 2 : ittapi_config_apply_per_lib :  ITTAPI function not implemented: __itt_memory_write
786647 : 0x2dd4ba038a72e0 : 2 : ittapi_config_apply_per_lib :  ITTAPI function not implemented: __itt_memory_update
786647 : 0x2dd4ba038a7b23 : 2 : ittapi_config_apply_per_lib :  ITTAPI function not implemented: __itt_state_get
786647 : 0x2dd4ba038a82a1 : 2 : ittapi_config_apply_per_lib :  ITTAPI function not implemented: __itt_state_set
786647 : 0x2dd4ba038a8a80 : 2 : ittapi_config_apply_per_lib :  ITTAPI function not implemented: __itt_obj_mode_set
786647 : 0x2dd4ba038a9242 : 2 : ittapi_config_apply_per_lib :  ITTAPI function not implemented: __itt_thr_mode_set
786647 : 0x2dd4ba038a99c3 : 2 : ittapi_config_apply_per_lib :  ITTAPI function instrumented: __itt_frame_create
786647 : 0x2dd4ba038aa09e : 2 : ittapi_config_apply_per_lib :  ITTAPI function instrumented: __itt_pt_region_create
786647 : 0x2dd4ba038aa851 : 2 : ittapi_config_apply_per_lib :  ITTAPI function instrumented: __itt_frame_begin
786647 : 0x2dd4ba038ab0bb : 2 : ittapi_config_apply_per_lib :  ITTAPI function instrumented: __itt_frame_end
786647 : 0x2dd4ba038acfaa : 2 : ittapi_config_apply_per_lib :  ITTAPI function NOT instrumented (not matched by --itt-config option): __itt_counter_destroy

786647 : 0x2dd4ba038ad6d3 : 2 : ittapi_config_apply_per_lib :  ITTAPI function NOT instrumented (not matched by --itt-config option): __itt_counter_inc

786647 : 0x2dd4ba038add27 : 2 : ittapi_config_apply_per_lib :  ITTAPI function NOT instrumented (not matched by --itt-config option): __itt_counter_inc_delta

786647 : 0x2dd4ba038ae403 : 2 : ittapi_config_apply_per_lib :  ITTAPI function NOT instrumented (not matched by --itt-config option): __itt_counter_dec

786647 : 0x2dd4ba038aea97 : 2 : ittapi_config_apply_per_lib :  ITTAPI function NOT instrumented (not matched by --itt-config option): __itt_counter_dec_delta

786647 : 0x2dd4ba038af0be : 2 : ittapi_config_apply_per_lib :  ITTAPI function NOT instrumented (not matched by --itt-config option): __itt_counter_set_value

786647 : 0x2dd4ba038af767 : 2 : ittapi_config_apply_per_lib :  ITTAPI function NOT instrumented (not matched by --itt-config option): __itt_counter_set_value_ex

786647 : 0x2dd4ba038aff4e : 2 : ittapi_config_apply_per_lib :  ITTAPI function not implemented: __itt_mark_create
786647 : 0x2dd4ba038b090c : 2 : ittapi_config_apply_per_lib :  ITTAPI function not implemented: __itt_mark
786647 : 0x2dd4ba038b1184 : 2 : ittapi_config_apply_per_lib :  ITTAPI function not implemented: __itt_mark_off
786647 : 0x2dd4ba038b3209 : 2 : ittapi_config_apply_per_lib :  ITTAPI function not implemented: __itt_mark_global
786647 : 0x2dd4ba038b3a44 : 2 : ittapi_config_apply_per_lib :  ITTAPI function not implemented: __itt_mark_global_off
786647 : 0x2dd4ba038b4153 : 2 : ittapi_config_apply_per_lib :  ITTAPI function NOT instrumented (not matched by --itt-config option): __itt_stack_caller_create

786647 : 0x2dd4ba038b47d2 : 2 : ittapi_config_apply_per_lib :  ITTAPI function NOT instrumented (not matched by --itt-config option): __itt_stack_caller_destroy

786647 : 0x2dd4ba038b4ebf : 2 : ittapi_config_apply_per_lib :  ITTAPI function NOT instrumented (not matched by --itt-config option): __itt_stack_callee_enter

786647 : 0x2dd4ba038b556a : 2 : ittapi_config_apply_per_lib :  ITTAPI function NOT instrumented (not matched by --itt-config option): __itt_stack_callee_leave

786647 : 0x2dd4ba038b5ce9 : 2 : ittapi_config_apply_per_lib :  ITTAPI function not implemented: __itt_clock_domain_create
786647 : 0x2dd4ba038b6543 : 2 : ittapi_config_apply_per_lib :  ITTAPI function not implemented: __itt_clock_domain_reset
786647 : 0x2dd4ba038b6d35 : 2 : ittapi_config_apply_per_lib :  ITTAPI function not implemented: __itt_id_create_ex
786647 : 0x2dd4ba038b74f7 : 2 : ittapi_config_apply_per_lib :  ITTAPI function not implemented: __itt_id_destroy_ex
786647 : 0x2dd4ba038b9e2d : 2 : ittapi_config_apply_per_lib :  ITTAPI function NOT instrumented (not matched by --itt-config option): __itt_task_begin_ex

786647 : 0x2dd4ba038ba578 : 2 : ittapi_config_apply_per_lib :  ITTAPI function NOT instrumented (not matched by --itt-config option): __itt_task_begin_fn_ex

786647 : 0x2dd4ba038babe8 : 2 : ittapi_config_apply_per_lib :  ITTAPI function NOT instrumented (not matched by --itt-config option): __itt_task_end_ex

786647 : 0x2dd4ba038bb227 : 2 : ittapi_config_apply_per_lib :  ITTAPI function NOT instrumented (not matched by --itt-config option): __itt_task_begin_overlapped

786647 : 0x2dd4ba038bb878 : 2 : ittapi_config_apply_per_lib :  ITTAPI function NOT instrumented (not matched by --itt-config option): __itt_task_begin_overlapped_ex

786647 : 0x2dd4ba038bbee5 : 2 : ittapi_config_apply_per_lib :  ITTAPI function NOT instrumented (not matched by --itt-config option): __itt_task_end_overlapped

786647 : 0x2dd4ba038bc4e3 : 2 : ittapi_config_apply_per_lib :  ITTAPI function NOT instrumented (not matched by --itt-config option): __itt_task_end_overlapped_ex

786647 : 0x2dd4ba038bcd02 : 2 : ittapi_config_apply_per_lib :  ITTAPI function not implemented: __itt_marker_ex
786647 : 0x2dd4ba038bd550 : 2 : ittapi_config_apply_per_lib :  ITTAPI function not implemented: __itt_metadata_add_with_scope
786647 : 0x2dd4ba038bdd2c : 2 : ittapi_config_apply_per_lib :  ITTAPI function not implemented: __itt_metadata_str_add_with_scope
786647 : 0x2dd4ba038bfe0b : 2 : ittapi_config_apply_per_lib :  ITTAPI function not implemented: __itt_relation_add_to_current_ex
786647 : 0x2dd4ba038c0792 : 2 : ittapi_config_apply_per_lib :  ITTAPI function not implemented: __itt_relation_add_ex
786647 : 0x2dd4ba038c0f3b : 2 : ittapi_config_apply_per_lib :  ITTAPI function not implemented: __itt_track_group_create
786647 : 0x2dd4ba038c1674 : 2 : ittapi_config_apply_per_lib :  ITTAPI function not implemented: __itt_track_create
786647 : 0x2dd4ba038c1e75 : 2 : ittapi_config_apply_per_lib :  ITTAPI function not implemented: __itt_set_track
786647 : 0x2dd4ba038c25b7 : 2 : ittapi_config_apply_per_lib :  ITTAPI function instrumented: __itt_api_version
786647 : 0x2dd4ba038c2dc8 : 2 : ittapi_config_apply_per_lib :  ITTAPI function not implemented: __itt_av_save
786647 : 0x2dd4ba038c3529 : 2 : ittapi_config_apply_per_lib :  ITTAPI function instrumented: __itt_module_load
786647 : 0x2dd4ba038c3d42 : 2 : ittapi_config_apply_per_lib :  ITTAPI function not implemented: __itt_module_unload